[19/06/23 15:11:41:583 UTC]  INFO loggers.Log4jUtil: Async Logger enabled: true
[19/06/23 15:11:41:593 UTC]  INFO listeners.ContextLifecycleListener: Installing the web socket
[19/06/23 15:11:42:672 UTC]  INFO business.CacheLocator: loading cache administrator: ChainableCacheAdministratorImpl
[19/06/23 15:11:43:370 UTC]  INFO db.DataSourceStrategyProvider: Datasource loaded using custom class com.dotmarketing.db.SystemEnvDataSourceStrategy
[19/06/23 15:11:43:403 UTC]  INFO cfg.Environment: Hibernate 2.1.8
[19/06/23 15:11:43:405 UTC]  INFO cfg.Environment: hibernate.properties not found
[19/06/23 15:11:43:406 UTC]  INFO cfg.Environment: using CGLIB reflection optimizer
[19/06/23 15:11:43:410 UTC]  INFO cfg.Environment: using JDK 1.4 java.sql.Timestamp handling
[19/06/23 15:11:43:414 UTC]  INFO cfg.Configuration: configuring from resource: /hibernate.cfg.xml
[19/06/23 15:11:43:414 UTC]  INFO cfg.Configuration: Configuration resource: /hibernate.cfg.xml
[19/06/23 15:11:43:520 UTC]  INFO cfg.Configuration: Configured SessionFactory: null
[19/06/23 15:11:43:520 UTC]  INFO cfg.Configuration: Mapping resource: META-INF/portal-hbm.xml
[19/06/23 15:11:43:639 UTC]  INFO cfg.Binder: Mapping class: com.liferay.portal.ejb.AddressHBM -> Address
[19/06/23 15:11:43:749 UTC]  INFO cfg.Binder: Mapping class: com.liferay.portal.ejb.CompanyHBM -> Company
[19/06/23 15:11:43:762 UTC]  INFO cfg.Binder: Mapping class: com.liferay.portal.ejb.ImageHBM -> Image
[19/06/23 15:11:43:764 UTC]  INFO cfg.Binder: Mapping class: com.liferay.portal.ejb.PasswordTrackerHBM -> PasswordTracker
[19/06/23 15:11:43:766 UTC]  INFO cfg.Binder: Mapping class: com.liferay.portal.ejb.UserHBM -> User_
[19/06/23 15:11:43:781 UTC]  INFO cfg.Binder: Mapping class: com.liferay.portal.ejb.UserTrackerHBM -> UserTracker
[19/06/23 15:11:43:784 UTC]  INFO cfg.Binder: Mapping class: com.liferay.portal.ejb.UserTrackerPathHBM -> UserTrackerPath
[19/06/23 15:11:43:785 UTC]  INFO cfg.Binder: Mapping class: com.liferay.portlet.admin.ejb.AdminConfigHBM -> AdminConfig
[19/06/23 15:11:43:786 UTC]  INFO cfg.Configuration: Mapping resource: com/dotmarketing/beans/DotCMSSeq.hbm.xml
[19/06/23 15:11:43:867 UTC]  INFO cfg.Binder: Mapping class: com.dotmarketing.beans.Inode -> inode
[19/06/23 15:11:43:897 UTC]  INFO cfg.Binder: Mapping joined-subclass: com.dotmarketing.portlets.containers.model.Container -> dot_containers
[19/06/23 15:11:43:908 UTC]  INFO cfg.Binder: Mapping joined-subclass: com.dotmarketing.portlets.links.model.Link -> links
[19/06/23 15:11:43:913 UTC]  INFO cfg.Binder: Mapping joined-subclass: com.dotmarketing.portlets.structure.model.Field -> field
[19/06/23 15:11:43:917 UTC]  INFO cfg.Binder: Mapping class: com.dotmarketing.portlets.workflows.model.WorkflowTask -> workflow_task
[19/06/23 15:11:43:919 UTC]  INFO cfg.Binder: Mapping class: com.dotmarketing.portlets.workflows.model.WorkflowComment -> workflow_comment
[19/06/23 15:11:43:922 UTC]  INFO cfg.Binder: Mapping class: com.dotmarketing.portlets.workflows.model.WorkflowHistory -> workflow_history
[19/06/23 15:11:43:927 UTC]  INFO cfg.Binder: Mapping class: com.dotmarketing.portlets.workflows.model.WorkFlowTaskFiles -> workflowtask_files
[19/06/23 15:11:43:931 UTC]  INFO cfg.Binder: Mapping class: com.dotmarketing.beans.Permission -> permission
[19/06/23 15:11:43:942 UTC]  INFO cfg.Binder: Mapping class: com.dotmarketing.beans.PermissionReference -> permission_reference
[19/06/23 15:11:43:944 UTC]  INFO cfg.Binder: Mapping class: com.dotmarketing.beans.Tree -> tree
[19/06/23 15:11:44:170 UTC]  INFO cfg.Binder: Mapping class: com.dotmarketing.beans.MultiTree -> multi_tree
[19/06/23 15:11:44:206 UTC]  INFO util.ReflectHelper: reflection optimizer disabled for: com.dotmarketing.beans.MultiTree, BulkBeanException: Index 1 out of bounds for length 0 (property setParent1)
[19/06/23 15:11:44:208 UTC]  INFO cfg.Binder: Mapping class: com.dotmarketing.beans.Clickstream -> clickstream
[19/06/23 15:11:44:223 UTC]  INFO cfg.Binder: Mapping class: com.dotmarketing.beans.ClickstreamRequest -> clickstream_request
[19/06/23 15:11:44:227 UTC]  INFO cfg.Binder: Mapping class: com.dotmarketing.beans.Clickstream404 -> clickstream_404
[19/06/23 15:11:44:228 UTC]  INFO cfg.Binder: Mapping class: com.dotmarketing.tag.model.Tag -> tag
[19/06/23 15:11:44:229 UTC]  INFO cfg.Binder: Mapping class: com.dotmarketing.tag.model.TagInode -> tag_inode
[19/06/23 15:11:44:255 UTC]  INFO cfg.Binder: Mapping class: com.dotmarketing.beans.ChallengeQuestion -> challenge_question
[19/06/23 15:11:44:256 UTC]  INFO cfg.Binder: Mapping class: com.dotmarketing.beans.UsersToDelete -> users_to_delete
[19/06/23 15:11:44:257 UTC]  INFO cfg.Binder: Mapping class: com.dotmarketing.plugin.model.Plugin -> plugin
[19/06/23 15:11:44:258 UTC]  INFO cfg.Binder: Mapping class: com.dotmarketing.business.Role -> cms_role
[19/06/23 15:11:44:260 UTC]  INFO cfg.Binder: Mapping class: com.dotmarketing.business.UsersRoles -> users_cms_roles
[19/06/23 15:11:44:261 UTC]  INFO cfg.Binder: Mapping class: com.dotmarketing.business.LayoutsRoles -> layouts_cms_roles
[19/06/23 15:11:44:262 UTC]  INFO cfg.Binder: Mapping class: com.dotmarketing.business.Layout -> cms_layout
[19/06/23 15:11:44:263 UTC]  INFO cfg.Binder: Mapping class: com.dotmarketing.business.PortletsLayouts -> cms_layouts_portlets
[19/06/23 15:11:44:264 UTC]  INFO cfg.Binder: Mapping class: com.dotmarketing.portlets.hostvariable.model.HostVariable -> host_variable
[19/06/23 15:11:44:266 UTC]  INFO cfg.Binder: Mapping class: com.dotmarketing.beans.FixAudit -> fixes_audit
[19/06/23 15:11:44:267 UTC]  INFO cfg.Binder: Mapping class: com.dotmarketing.beans.ContainerStructure -> container_structures
[19/06/23 15:11:44:269 UTC]  INFO cfg.Binder: Mapping class: com.dotmarketing.portlets.templates.model.TemplateVersionInfo -> template_version_info
[19/06/23 15:11:44:271 UTC]  INFO cfg.Binder: Mapping class: com.dotmarketing.portlets.containers.model.ContainerVersionInfo -> container_version_info
[19/06/23 15:11:44:272 UTC]  INFO cfg.Binder: Mapping class: com.dotmarketing.portlets.links.model.LinkVersionInfo -> link_version_info
[19/06/23 15:11:44:272 UTC]  INFO cfg.Configuration: Mapping resource: com/dotmarketing/beans/DotCMSSeq_NOSQLGEN.hbm.xml
[19/06/23 15:11:44:280 UTC]  INFO cfg.Binder: Mapping class: com.dotmarketing.plugin.model.PluginProperty -> plugin_property
[19/06/23 15:11:44:328 UTC]  INFO cfg.Configuration: processing one-to-many association mappings
[19/06/23 15:11:44:328 UTC]  INFO cfg.Binder: Mapping collection: com.dotmarketing.beans.Clickstream.clickstreamRequests -> clickstream_request
[19/06/23 15:11:44:328 UTC]  INFO cfg.Configuration: processing one-to-one association property references
[19/06/23 15:11:44:328 UTC]  INFO cfg.Configuration: processing foreign key constraints
[19/06/23 15:11:44:345 UTC]  INFO dialect.Dialect: Using dialect: com.dotcms.repackage.net.sf.hibernate.dialect.PostgreSQLDialect
[19/06/23 15:11:44:351 UTC]  INFO cfg.SettingsFactory: Use outer join fetching: true
[19/06/23 15:11:44:354 UTC]  WARN connection.UserSuppliedConnectionProvider: No connection properties specified - the user must supply JDBC connections
[19/06/23 15:11:44:359 UTC]  INFO transaction.TransactionManagerLookupFactory: No TransactionManagerLookup configured (in JTA environment, use of process level read-write cache is not recommended)
[19/06/23 15:11:44:362 UTC]  INFO cfg.SettingsFactory: Use scrollable result sets: true
[19/06/23 15:11:44:362 UTC]  INFO cfg.SettingsFactory: Use JDBC3 getGeneratedKeys(): false
[19/06/23 15:11:44:362 UTC]  INFO cfg.SettingsFactory: Optimize cache for minimal puts: false
[19/06/23 15:11:44:362 UTC]  INFO cfg.SettingsFactory: Query language substitutions: {}
[19/06/23 15:11:44:362 UTC]  INFO cfg.SettingsFactory: cache provider: com.dotmarketing.db.NoCacheProvider
[19/06/23 15:11:44:366 UTC]  INFO cfg.Configuration: instantiating and configuring caches
[19/06/23 15:11:44:379 UTC]  INFO impl.SessionFactoryImpl: building session factory
[19/06/23 15:11:44:497 UTC]  INFO util.ReflectHelper: reflection optimizer disabled for: com.dotmarketing.beans.MultiTree, BulkBeanException: Index 1 out of bounds for length 0 (property setTreeOrder)
[19/06/23 15:11:44:961 UTC]  INFO impl.SessionFactoryObjectFactory: Not binding factory to JNDI, no JNDI name configured
[19/06/23 15:11:45:196 UTC]  WARN license.LicenseManager: Cannot upsert License to db (every 120000 millis)
[19/06/23 15:11:45:198 UTC]  INFO servlets.InitServlet: 
[19/06/23 15:11:45:199 UTC]  INFO servlets.InitServlet:  * Copyright (c) 2023 dotCMS Inc. 
[19/06/23 15:11:45:199 UTC]  INFO servlets.InitServlet:  * This software, code and any modifications to the code are licensed under the terms of the dotCMS Enterprise License 
[19/06/23 15:11:45:201 UTC]  INFO servlets.InitServlet:  * which can be found here : https://www.github.com/dotCMS/core/LICENSE 
[19/06/23 15:11:45:201 UTC]  INFO servlets.InitServlet: 
[19/06/23 15:11:45:215 UTC]  INFO h22.H22Cache: Initing H22 cache db:0
[19/06/23 15:11:45:219 UTC]  INFO h22.H22Cache: Building new H22 Cache, db:0
[19/06/23 15:11:45:256 UTC]  INFO h22.H22HikariPool: H22 on disk cache:jdbc:h2:/data/local/dotsecure/h22cache/0/2023-06-19_15-11-45/cache;MVCC=TRUE;DB_CLOSE_ON_EXIT=FALSE
[19/06/23 15:11:45:574 UTC]  INFO h22.H22Cache: Initing H22 cache db:1
[19/06/23 15:11:45:577 UTC]  INFO h22.H22Cache: Building new H22 Cache, db:1
[19/06/23 15:11:45:578 UTC]  INFO h22.H22HikariPool: H22 on disk cache:jdbc:h2:/data/local/dotsecure/h22cache/1/2023-06-19_15-11-45/cache;MVCC=TRUE;DB_CLOSE_ON_EXIT=FALSE
[19/06/23 15:11:45:649 UTC]  INFO timedcache.TimedCacheProvider: ===== Initializing [Timed Cache Provider].
[19/06/23 15:11:45:657 UTC]  INFO timedcache.TimedCacheProvider: ***	 Cache Config Memory : esquerycache: 10000
[19/06/23 15:11:45:659 UTC]  INFO timedcache.TimedCacheProvider: ***	 Cache Config Memory : esquerycountcache: 10000
[19/06/23 15:11:45:660 UTC]  INFO timedcache.TimedCacheProvider: ***	 Cache Config Memory : graphqlquerycache: 5000
[19/06/23 15:11:45:661 UTC]  INFO timedcache.TimedCacheProvider: ***	 Cache Config Memory : default: 1000
[19/06/23 15:11:45:662 UTC]  INFO timedcache.TimedCacheProvider: ***	 Cache Config Memory : adminconfigpool: 100
[19/06/23 15:11:45:663 UTC]  INFO timedcache.TimedCacheProvider: ***	 Cache Config Memory : companypool: 10
[19/06/23 15:11:45:665 UTC]  INFO timedcache.TimedCacheProvider: ***	 Cache Config Memory : contentletcache: 5000
[19/06/23 15:11:45:666 UTC]  INFO timedcache.TimedCacheProvider: ***	 Cache Config Memory : categoryparentscache: 30000
[19/06/23 15:11:45:668 UTC]  INFO timedcache.TimedCacheProvider: ***	 Cache Config Memory : taginodecache: 50000
[19/06/23 15:11:45:668 UTC]  INFO timedcache.TimedCacheProvider: ***	 Cache Config Memory : taginodesbyinodecache: 50000
[19/06/23 15:11:45:669 UTC]  INFO timedcache.TimedCacheProvider: ***	 Cache Config Memory : tagcache: 50000
[19/06/23 15:11:45:670 UTC]  INFO timedcache.TimedCacheProvider: ***	 Cache Config Memory : csscache: 2500
[19/06/23 15:11:45:671 UTC]  INFO timedcache.TimedCacheProvider: ***	 Cache Config Memory : assetmetadatacache: 10000
[19/06/23 15:11:45:674 UTC]  INFO timedcache.TimedCacheProvider: ***	 Cache Config Memory : identifiercache: 50000
[19/06/23 15:11:45:677 UTC]  INFO timedcache.TimedCacheProvider: ***	 Cache Config Memory : identifier404cache: 30000
[19/06/23 15:11:45:677 UTC]  INFO timedcache.TimedCacheProvider: ***	 Cache Config Memory : indiciescache: 8
[19/06/23 15:11:45:679 UTC]  INFO timedcache.TimedCacheProvider: ***	 Cache Config Memory : logmappercache: 10
[19/06/23 15:11:45:680 UTC]  INFO timedcache.TimedCacheProvider: ***	 Cache Config Memory : navcache: 1000
[19/06/23 15:11:45:681 UTC]  INFO timedcache.TimedCacheProvider: ***	 Cache Config Memory : parentpermissionablecache: 10000
[19/06/23 15:11:45:683 UTC]  INFO timedcache.TimedCacheProvider: ***	 Cache Config Memory : permissioncache: 50000
[19/06/23 15:11:45:684 UTC]  INFO timedcache.TimedCacheProvider: ***	 Cache Config Memory : portletpool: 100
[19/06/23 15:11:45:684 UTC]  INFO timedcache.TimedCacheProvider: ***	 Cache Config Memory : publishingendpointcache: 100
[19/06/23 15:11:45:686 UTC]  INFO timedcache.TimedCacheProvider: ***	 Cache Config Memory : pushedassetscache: 5000
[19/06/23 15:11:45:686 UTC]  INFO timedcache.TimedCacheProvider: ***	 Cache Config Memory : templatecache: 500
[19/06/23 15:11:45:687 UTC]  INFO timedcache.TimedCacheProvider: ***	 Cache Config Memory : translatedquerycache: 5000
[19/06/23 15:11:45:690 UTC]  INFO timedcache.TimedCacheProvider: ***	 Cache Config Memory : versioncache: 50000
[19/06/23 15:11:45:691 UTC]  INFO timedcache.TimedCacheProvider: ***	 Cache Config Memory : versioninfocache: 50000
[19/06/23 15:11:45:692 UTC]  INFO timedcache.TimedCacheProvider: ***	 Cache Config Memory : workflowactioncache: 10000
[19/06/23 15:11:45:693 UTC]  INFO timedcache.TimedCacheProvider: ***	 Cache Config Memory : workflowtaskcache: 10000
[19/06/23 15:11:45:694 UTC]  INFO timedcache.TimedCacheProvider: ***	 Cache Config Memory : shortyidcache: 25000
[19/06/23 15:11:45:695 UTC]  INFO timedcache.TimedCacheProvider: ***	 Cache Config Memory : velocitycache: 5000
[19/06/23 15:11:45:695 UTC]  INFO timedcache.TimedCacheProvider: ***	 Cache Config Memory : vanityurldirectcache: 25000
[19/06/23 15:11:45:696 UTC]  INFO timedcache.TimedCacheProvider: ***	 Cache Config Memory : vanityurlsitecache: 5000
[19/06/23 15:11:46:390 UTC]  INFO servlet.VisitorFilter: VisitorLogger Filter Started
[19/06/23 15:11:46:718 UTC]  INFO util.SystemProperties: Loading file:/srv/dotserver/tomcat-9.0.60/webapps/ROOT/WEB-INF/classes/system.properties
[19/06/23 15:11:46:720 UTC]  INFO util.SystemProperties: Loading file:/srv/dotserver/tomcat-9.0.60/webapps/ROOT/WEB-INF/classes/system-ext.properties
[19/06/23 15:11:46:726 UTC]  INFO util.SystemProperties: Loading file:/srv/dotserver/tomcat-9.0.60/webapps/ROOT/WEB-INF/classes/system.properties
[19/06/23 15:11:46:726 UTC]  INFO util.SystemProperties: Loading file:/srv/dotserver/tomcat-9.0.60/webapps/ROOT/WEB-INF/classes/system-ext.properties
[19/06/23 15:11:47:593 UTC]  INFO util.PropsLoader: Loading file:/srv/dotserver/tomcat-9.0.60/webapps/ROOT/WEB-INF/classes/portal.properties
[19/06/23 15:11:47:596 UTC]  INFO util.PropsLoader: Loading file:/srv/dotserver/tomcat-9.0.60/webapps/ROOT/WEB-INF/classes/portal-ext.properties
[19/06/23 15:11:51:647 UTC]  INFO tiles.TilesPlugin: Tiles definition factory loaded for module ''.
[19/06/23 15:11:51:664 UTC]  INFO validator.ValidatorPlugIn: Loading validation rules file from '/WEB-INF/validator-rules.xml'
[19/06/23 15:11:51:665 UTC]  INFO validator.ValidatorPlugIn: Loading validation rules file from '/WEB-INF/validation.xml'
[19/06/23 15:11:52:013 UTC]  INFO util.RestHighLevelClientProvider: disabling String.intern() in Jackson
[19/06/23 15:11:52:017 UTC]  WARN util.DotRestHighLevelClientProvider: Elastic RestHighLevelClient will be initialized without certificates
[19/06/23 15:11:52:023 UTC]  INFO util.DotRestHighLevelClientProvider: Initializing Elastic RestHighLevelClient using Basic authentication
[19/06/23 15:11:52:035 UTC]  INFO util.DotRestHighLevelClientProvider: Initializing Elastic RestHighLevelClient using endpoints [
[19/06/23 15:11:52:037 UTC]  INFO util.DotRestHighLevelClientProvider:   - http://elasticsearch:9200
[19/06/23 15:11:52:037 UTC]  INFO util.DotRestHighLevelClientProvider: ]
[19/06/23 15:11:52:037 UTC]  WARN util.DotRestHighLevelClientProvider: Initializing Elastic RestHighLevelClient using an unsecured http connection
[19/06/23 15:11:52:492 UTC]  INFO util.DotRestHighLevelClientProvider: RestHighLevelClientProvider com.dotcms.content.elasticsearch.util.DotRestHighLevelClientProvider loaded successfully
[19/06/23 15:11:52:879 UTC]  INFO startup.StartupTasksExecutor: Running Startup Tasks
[19/06/23 15:11:53:095 UTC]  INFO runalways.Task00001LoadSchema: -------------------------------------------------------------------------------------
[19/06/23 15:11:53:095 UTC]  INFO runalways.Task00001LoadSchema: 
[19/06/23 15:11:53:096 UTC]  INFO runalways.Task00001LoadSchema: Empty dotCMS database found.  Loading initial dotCMS schema for PostgreSQL
[19/06/23 15:11:53:096 UTC]  INFO runalways.Task00001LoadSchema: 
[19/06/23 15:11:53:096 UTC]  INFO runalways.Task00001LoadSchema: -------------------------------------------------------------------------------------
[19/06/23 15:11:53:100 UTC]  INFO startup.StartupTasksExecutor: Running Startup Tasks : Task00001LoadSchema
[19/06/23 15:11:53:100 UTC]  INFO runalways.Task00001LoadSchema: Loading schema
[19/06/23 15:11:53:127 UTC]  INFO timedcache.TimedCacheProvider: ===== Initializing [Timed Cache Provider].
[19/06/23 15:11:53:128 UTC]  INFO timedcache.TimedCacheProvider: ***	 Cache Config Memory : esquerycache: 10000
[19/06/23 15:11:53:128 UTC]  INFO timedcache.TimedCacheProvider: ***	 Cache Config Memory : esquerycountcache: 10000
[19/06/23 15:11:53:128 UTC]  INFO timedcache.TimedCacheProvider: ***	 Cache Config Memory : graphqlquerycache: 5000
[19/06/23 15:11:53:128 UTC]  INFO timedcache.TimedCacheProvider: ***	 Cache Config Memory : default: 1000
[19/06/23 15:11:53:128 UTC]  INFO timedcache.TimedCacheProvider: ***	 Cache Config Memory : adminconfigpool: 100
[19/06/23 15:11:53:128 UTC]  INFO timedcache.TimedCacheProvider: ***	 Cache Config Memory : companypool: 10
[19/06/23 15:11:53:128 UTC]  INFO timedcache.TimedCacheProvider: ***	 Cache Config Memory : contentletcache: 5000
[19/06/23 15:11:53:129 UTC]  INFO timedcache.TimedCacheProvider: ***	 Cache Config Memory : categoryparentscache: 30000
[19/06/23 15:11:53:129 UTC]  INFO timedcache.TimedCacheProvider: ***	 Cache Config Memory : taginodecache: 50000
[19/06/23 15:11:53:129 UTC]  INFO timedcache.TimedCacheProvider: ***	 Cache Config Memory : taginodesbyinodecache: 50000
[19/06/23 15:11:53:131 UTC]  INFO timedcache.TimedCacheProvider: ***	 Cache Config Memory : tagcache: 50000
[19/06/23 15:11:53:133 UTC]  INFO timedcache.TimedCacheProvider: ***	 Cache Config Memory : csscache: 2500
[19/06/23 15:11:53:134 UTC]  INFO timedcache.TimedCacheProvider: ***	 Cache Config Memory : assetmetadatacache: 10000
[19/06/23 15:11:53:134 UTC]  INFO timedcache.TimedCacheProvider: ***	 Cache Config Memory : identifiercache: 50000
[19/06/23 15:11:53:134 UTC]  INFO timedcache.TimedCacheProvider: ***	 Cache Config Memory : identifier404cache: 30000
[19/06/23 15:11:53:135 UTC]  INFO timedcache.TimedCacheProvider: ***	 Cache Config Memory : indiciescache: 8
[19/06/23 15:11:53:135 UTC]  INFO timedcache.TimedCacheProvider: ***	 Cache Config Memory : logmappercache: 10
[19/06/23 15:11:53:135 UTC]  INFO timedcache.TimedCacheProvider: ***	 Cache Config Memory : navcache: 1000
[19/06/23 15:11:53:137 UTC]  INFO timedcache.TimedCacheProvider: ***	 Cache Config Memory : parentpermissionablecache: 10000
[19/06/23 15:11:53:137 UTC]  INFO timedcache.TimedCacheProvider: ***	 Cache Config Memory : permissioncache: 50000
[19/06/23 15:11:53:137 UTC]  INFO timedcache.TimedCacheProvider: ***	 Cache Config Memory : portletpool: 100
[19/06/23 15:11:53:137 UTC]  INFO timedcache.TimedCacheProvider: ***	 Cache Config Memory : publishingendpointcache: 100
[19/06/23 15:11:53:137 UTC]  INFO timedcache.TimedCacheProvider: ***	 Cache Config Memory : pushedassetscache: 5000
[19/06/23 15:11:53:137 UTC]  INFO timedcache.TimedCacheProvider: ***	 Cache Config Memory : templatecache: 500
[19/06/23 15:11:53:137 UTC]  INFO timedcache.TimedCacheProvider: ***	 Cache Config Memory : translatedquerycache: 5000
[19/06/23 15:11:53:137 UTC]  INFO timedcache.TimedCacheProvider: ***	 Cache Config Memory : versioncache: 50000
[19/06/23 15:11:53:137 UTC]  INFO timedcache.TimedCacheProvider: ***	 Cache Config Memory : versioninfocache: 50000
[19/06/23 15:11:53:138 UTC]  INFO timedcache.TimedCacheProvider: ***	 Cache Config Memory : workflowactioncache: 10000
[19/06/23 15:11:53:140 UTC]  INFO timedcache.TimedCacheProvider: ***	 Cache Config Memory : workflowtaskcache: 10000
[19/06/23 15:11:53:140 UTC]  INFO timedcache.TimedCacheProvider: ***	 Cache Config Memory : shortyidcache: 25000
[19/06/23 15:11:53:140 UTC]  INFO timedcache.TimedCacheProvider: ***	 Cache Config Memory : velocitycache: 5000
[19/06/23 15:11:53:140 UTC]  INFO timedcache.TimedCacheProvider: ***	 Cache Config Memory : vanityurldirectcache: 25000
[19/06/23 15:11:53:141 UTC]  INFO timedcache.TimedCacheProvider: ***	 Cache Config Memory : vanityurlsitecache: 5000
[19/06/23 15:11:53:141 UTC]  INFO h22.H22Cache: Start Full Cache Flush in h22
[19/06/23 15:11:53:142 UTC]  INFO h22.H22Cache: Building new H22 Cache, db:0
[19/06/23 15:11:53:143 UTC]  INFO h22.H22HikariPool: H22 on disk cache:jdbc:h2:/data/local/dotsecure/h22cache/0/2023-06-19_15-11-53/cache;MVCC=TRUE;DB_CLOSE_ON_EXIT=FALSE
[19/06/23 15:11:53:255 UTC]  INFO h22.H22Cache: Building new H22 Cache, db:1
[19/06/23 15:11:53:255 UTC]  INFO h22.H22HikariPool: H22 on disk cache:jdbc:h2:/data/local/dotsecure/h22cache/1/2023-06-19_15-11-53/cache;MVCC=TRUE;DB_CLOSE_ON_EXIT=FALSE
[19/06/23 15:11:53:339 UTC]  INFO h22.H22Cache: End Full Cache Flush in h22 : 197ms
[19/06/23 15:11:53:874 UTC]  INFO runalways.Task00001LoadSchema: Schema created (507 statements executed)
[19/06/23 15:11:53:887 UTC]  INFO timedcache.TimedCacheProvider: ===== Initializing [Timed Cache Provider].
[19/06/23 15:11:53:889 UTC]  INFO timedcache.TimedCacheProvider: ***	 Cache Config Memory : esquerycache: 10000
[19/06/23 15:11:53:889 UTC]  INFO timedcache.TimedCacheProvider: ***	 Cache Config Memory : esquerycountcache: 10000
[19/06/23 15:11:53:894 UTC]  INFO timedcache.TimedCacheProvider: ***	 Cache Config Memory : graphqlquerycache: 5000
[19/06/23 15:11:53:897 UTC]  INFO timedcache.TimedCacheProvider: ***	 Cache Config Memory : default: 1000
[19/06/23 15:11:53:899 UTC]  INFO timedcache.TimedCacheProvider: ***	 Cache Config Memory : adminconfigpool: 100
[19/06/23 15:11:53:900 UTC]  INFO timedcache.TimedCacheProvider: ***	 Cache Config Memory : companypool: 10
[19/06/23 15:11:53:902 UTC]  INFO timedcache.TimedCacheProvider: ***	 Cache Config Memory : contentletcache: 5000
[19/06/23 15:11:53:902 UTC]  INFO timedcache.TimedCacheProvider: ***	 Cache Config Memory : categoryparentscache: 30000
[19/06/23 15:11:53:906 UTC]  INFO timedcache.TimedCacheProvider: ***	 Cache Config Memory : taginodecache: 50000
[19/06/23 15:11:53:906 UTC]  INFO timedcache.TimedCacheProvider: ***	 Cache Config Memory : taginodesbyinodecache: 50000
[19/06/23 15:11:53:906 UTC]  INFO timedcache.TimedCacheProvider: ***	 Cache Config Memory : tagcache: 50000
[19/06/23 15:11:53:906 UTC]  INFO timedcache.TimedCacheProvider: ***	 Cache Config Memory : csscache: 2500
[19/06/23 15:11:53:906 UTC]  INFO timedcache.TimedCacheProvider: ***	 Cache Config Memory : assetmetadatacache: 10000
[19/06/23 15:11:53:906 UTC]  INFO timedcache.TimedCacheProvider: ***	 Cache Config Memory : identifiercache: 50000
[19/06/23 15:11:53:907 UTC]  INFO timedcache.TimedCacheProvider: ***	 Cache Config Memory : identifier404cache: 30000
[19/06/23 15:11:53:907 UTC]  INFO timedcache.TimedCacheProvider: ***	 Cache Config Memory : indiciescache: 8
[19/06/23 15:11:53:912 UTC]  INFO timedcache.TimedCacheProvider: ***	 Cache Config Memory : logmappercache: 10
[19/06/23 15:11:53:912 UTC]  INFO timedcache.TimedCacheProvider: ***	 Cache Config Memory : navcache: 1000
[19/06/23 15:11:53:914 UTC]  INFO timedcache.TimedCacheProvider: ***	 Cache Config Memory : parentpermissionablecache: 10000
[19/06/23 15:11:53:914 UTC]  INFO timedcache.TimedCacheProvider: ***	 Cache Config Memory : permissioncache: 50000
[19/06/23 15:11:53:917 UTC]  INFO timedcache.TimedCacheProvider: ***	 Cache Config Memory : portletpool: 100
[19/06/23 15:11:53:918 UTC]  INFO timedcache.TimedCacheProvider: ***	 Cache Config Memory : publishingendpointcache: 100
[19/06/23 15:11:53:918 UTC]  INFO timedcache.TimedCacheProvider: ***	 Cache Config Memory : pushedassetscache: 5000
[19/06/23 15:11:53:921 UTC]  INFO timedcache.TimedCacheProvider: ***	 Cache Config Memory : templatecache: 500
[19/06/23 15:11:53:921 UTC]  INFO timedcache.TimedCacheProvider: ***	 Cache Config Memory : translatedquerycache: 5000
[19/06/23 15:11:53:921 UTC]  INFO timedcache.TimedCacheProvider: ***	 Cache Config Memory : versioncache: 50000
[19/06/23 15:11:53:923 UTC]  INFO timedcache.TimedCacheProvider: ***	 Cache Config Memory : versioninfocache: 50000
[19/06/23 15:11:53:924 UTC]  INFO timedcache.TimedCacheProvider: ***	 Cache Config Memory : workflowactioncache: 10000
[19/06/23 15:11:53:925 UTC]  INFO timedcache.TimedCacheProvider: ***	 Cache Config Memory : workflowtaskcache: 10000
[19/06/23 15:11:53:925 UTC]  INFO timedcache.TimedCacheProvider: ***	 Cache Config Memory : shortyidcache: 25000
[19/06/23 15:11:53:925 UTC]  INFO timedcache.TimedCacheProvider: ***	 Cache Config Memory : velocitycache: 5000
[19/06/23 15:11:53:929 UTC]  INFO timedcache.TimedCacheProvider: ***	 Cache Config Memory : vanityurldirectcache: 25000
[19/06/23 15:11:53:929 UTC]  INFO timedcache.TimedCacheProvider: ***	 Cache Config Memory : vanityurlsitecache: 5000
[19/06/23 15:11:53:929 UTC]  INFO h22.H22Cache: Start Full Cache Flush in h22
[19/06/23 15:11:53:931 UTC]  INFO h22.H22Cache: Building new H22 Cache, db:0
[19/06/23 15:11:53:932 UTC]  INFO h22.H22HikariPool: H22 on disk cache:jdbc:h2:/data/local/dotsecure/h22cache/0/2023-06-19_15-11-53/cache;MVCC=TRUE;DB_CLOSE_ON_EXIT=FALSE
[19/06/23 15:11:53:954 UTC]  INFO h22.H22Cache: Building new H22 Cache, db:1
[19/06/23 15:11:53:956 UTC]  INFO h22.H22HikariPool: H22 on disk cache:jdbc:h2:/data/local/dotsecure/h22cache/1/2023-06-19_15-11-53/cache;MVCC=TRUE;DB_CLOSE_ON_EXIT=FALSE
[19/06/23 15:11:53:971 UTC]  INFO h22.H22Cache: End Full Cache Flush in h22 : 42ms
[19/06/23 15:11:56:976 UTC]  INFO timedcache.TimedCacheProvider: ===== Initializing [Timed Cache Provider].
[19/06/23 15:11:56:976 UTC]  INFO timedcache.TimedCacheProvider: ***	 Cache Config Memory : esquerycache: 10000
[19/06/23 15:11:56:976 UTC]  INFO timedcache.TimedCacheProvider: ***	 Cache Config Memory : esquerycountcache: 10000
[19/06/23 15:11:56:976 UTC]  INFO timedcache.TimedCacheProvider: ***	 Cache Config Memory : graphqlquerycache: 5000
[19/06/23 15:11:56:976 UTC]  INFO timedcache.TimedCacheProvider: ***	 Cache Config Memory : default: 1000
[19/06/23 15:11:56:977 UTC]  INFO timedcache.TimedCacheProvider: ***	 Cache Config Memory : adminconfigpool: 100
[19/06/23 15:11:56:977 UTC]  INFO timedcache.TimedCacheProvider: ***	 Cache Config Memory : companypool: 10
[19/06/23 15:11:56:981 UTC]  INFO timedcache.TimedCacheProvider: ***	 Cache Config Memory : contentletcache: 5000
[19/06/23 15:11:56:981 UTC]  INFO timedcache.TimedCacheProvider: ***	 Cache Config Memory : categoryparentscache: 30000
[19/06/23 15:11:56:981 UTC]  INFO timedcache.TimedCacheProvider: ***	 Cache Config Memory : taginodecache: 50000
[19/06/23 15:11:56:981 UTC]  INFO timedcache.TimedCacheProvider: ***	 Cache Config Memory : taginodesbyinodecache: 50000
[19/06/23 15:11:56:981 UTC]  INFO timedcache.TimedCacheProvider: ***	 Cache Config Memory : tagcache: 50000
[19/06/23 15:11:56:981 UTC]  INFO timedcache.TimedCacheProvider: ***	 Cache Config Memory : csscache: 2500
[19/06/23 15:11:56:981 UTC]  INFO timedcache.TimedCacheProvider: ***	 Cache Config Memory : assetmetadatacache: 10000
[19/06/23 15:11:56:983 UTC]  INFO timedcache.TimedCacheProvider: ***	 Cache Config Memory : identifiercache: 50000
[19/06/23 15:11:56:983 UTC]  INFO timedcache.TimedCacheProvider: ***	 Cache Config Memory : identifier404cache: 30000
[19/06/23 15:11:56:983 UTC]  INFO timedcache.TimedCacheProvider: ***	 Cache Config Memory : indiciescache: 8
[19/06/23 15:11:56:983 UTC]  INFO timedcache.TimedCacheProvider: ***	 Cache Config Memory : logmappercache: 10
[19/06/23 15:11:56:983 UTC]  INFO timedcache.TimedCacheProvider: ***	 Cache Config Memory : navcache: 1000
[19/06/23 15:11:56:984 UTC]  INFO timedcache.TimedCacheProvider: ***	 Cache Config Memory : parentpermissionablecache: 10000
[19/06/23 15:11:56:985 UTC]  INFO timedcache.TimedCacheProvider: ***	 Cache Config Memory : permissioncache: 50000
[19/06/23 15:11:56:985 UTC]  INFO timedcache.TimedCacheProvider: ***	 Cache Config Memory : portletpool: 100
[19/06/23 15:11:56:985 UTC]  INFO timedcache.TimedCacheProvider: ***	 Cache Config Memory : publishingendpointcache: 100
[19/06/23 15:11:56:985 UTC]  INFO timedcache.TimedCacheProvider: ***	 Cache Config Memory : pushedassetscache: 5000
[19/06/23 15:11:56:985 UTC]  INFO timedcache.TimedCacheProvider: ***	 Cache Config Memory : templatecache: 500
[19/06/23 15:11:56:985 UTC]  INFO timedcache.TimedCacheProvider: ***	 Cache Config Memory : translatedquerycache: 5000
[19/06/23 15:11:56:985 UTC]  INFO timedcache.TimedCacheProvider: ***	 Cache Config Memory : versioncache: 50000
[19/06/23 15:11:56:985 UTC]  INFO timedcache.TimedCacheProvider: ***	 Cache Config Memory : versioninfocache: 50000
[19/06/23 15:11:56:985 UTC]  INFO timedcache.TimedCacheProvider: ***	 Cache Config Memory : workflowactioncache: 10000
[19/06/23 15:11:56:985 UTC]  INFO timedcache.TimedCacheProvider: ***	 Cache Config Memory : workflowtaskcache: 10000
[19/06/23 15:11:56:985 UTC]  INFO timedcache.TimedCacheProvider: ***	 Cache Config Memory : shortyidcache: 25000
[19/06/23 15:11:56:985 UTC]  INFO timedcache.TimedCacheProvider: ***	 Cache Config Memory : velocitycache: 5000
[19/06/23 15:11:56:985 UTC]  INFO timedcache.TimedCacheProvider: ***	 Cache Config Memory : vanityurldirectcache: 25000
[19/06/23 15:11:56:985 UTC]  INFO timedcache.TimedCacheProvider: ***	 Cache Config Memory : vanityurlsitecache: 5000
[19/06/23 15:11:56:985 UTC]  INFO h22.H22Cache: Start Full Cache Flush in h22
[19/06/23 15:11:56:985 UTC]  INFO h22.H22Cache: Building new H22 Cache, db:0
[19/06/23 15:11:56:986 UTC]  INFO h22.H22HikariPool: H22 on disk cache:jdbc:h2:/data/local/dotsecure/h22cache/0/2023-06-19_15-11-56/cache;MVCC=TRUE;DB_CLOSE_ON_EXIT=FALSE
[19/06/23 15:11:57:069 UTC]  INFO h22.H22Cache: Building new H22 Cache, db:1
[19/06/23 15:11:57:070 UTC]  INFO h22.H22HikariPool: H22 on disk cache:jdbc:h2:/data/local/dotsecure/h22cache/1/2023-06-19_15-11-57/cache;MVCC=TRUE;DB_CLOSE_ON_EXIT=FALSE
[19/06/23 15:11:57:131 UTC]  INFO h22.H22Cache: End Full Cache Flush in h22 : 145ms
[19/06/23 15:11:57:134 UTC]  INFO startup.StartupTasksExecutor: Not Running Startup Tasks: Task00002LoadClusterLicenses
[19/06/23 15:11:57:134 UTC]  INFO startup.StartupTasksExecutor: Running Startup Tasks : Task00003CreateSystemRoles
[19/06/23 15:11:57:151 UTC]  INFO startup.StartupTasksExecutor: Running Startup Tasks : Task00004LoadStarter
[19/06/23 15:11:57:169 UTC]  INFO db.DotCMSInitDb: There are no inodes - initializing db with starter site
[19/06/23 15:11:57:209 UTC]  INFO starter.ImportStarterUtil: Found 21 files to import
[19/06/23 15:11:57:218 UTC]  WARN util.FileUtil: /data/local/dotsecure/backup/temp/assets/messages/cms_language_zh_CN.properties is empty
[19/06/23 15:11:57:219 UTC]  WARN util.FileUtil: /data/local/dotsecure/backup/temp/assets/messages/cms_language_es_ES.properties is empty
[19/06/23 15:11:57:221 UTC]  WARN util.FileUtil: /data/local/dotsecure/backup/temp/assets/messages/cms_language_en_US.properties is empty
[19/06/23 15:11:57:223 UTC]  WARN util.FileUtil: /data/local/dotsecure/backup/temp/assets/messages/cms_language_fr_FR.properties is empty
[19/06/23 15:11:57:225 UTC]  INFO starter.ImportStarterUtil: About to delete all records from tag_inode
[19/06/23 15:11:57:226 UTC]  INFO starter.ImportStarterUtil: Deleted all records from tag_inode
[19/06/23 15:11:57:227 UTC]  INFO starter.ImportStarterUtil: About to delete all records from link_version_info
[19/06/23 15:11:57:228 UTC]  INFO starter.ImportStarterUtil: Deleted all records from link_version_info
[19/06/23 15:11:57:229 UTC]  INFO starter.ImportStarterUtil: About to delete all records from dot_containers
[19/06/23 15:11:57:230 UTC]  INFO starter.ImportStarterUtil: Deleted all records from dot_containers
[19/06/23 15:11:57:231 UTC]  INFO starter.ImportStarterUtil: About to delete all records from UserTracker
[19/06/23 15:11:57:232 UTC]  INFO starter.ImportStarterUtil: Deleted all records from UserTracker
[19/06/23 15:11:57:233 UTC]  INFO starter.ImportStarterUtil: About to delete all records from workflow_comment
[19/06/23 15:11:57:233 UTC]  INFO starter.ImportStarterUtil: Deleted all records from workflow_comment
[19/06/23 15:11:57:234 UTC]  INFO starter.ImportStarterUtil: About to delete all records from challenge_question
[19/06/23 15:11:57:235 UTC]  INFO starter.ImportStarterUtil: Deleted all records from challenge_question
[19/06/23 15:11:57:236 UTC]  INFO starter.ImportStarterUtil: About to delete all records from container_structures
[19/06/23 15:11:57:237 UTC]  INFO starter.ImportStarterUtil: Deleted all records from container_structures
[19/06/23 15:11:57:238 UTC]  INFO starter.ImportStarterUtil: About to delete all records from tree
[19/06/23 15:11:57:239 UTC]  INFO starter.ImportStarterUtil: Deleted all records from tree
[19/06/23 15:11:57:240 UTC]  INFO starter.ImportStarterUtil: About to delete all records from links
[19/06/23 15:11:57:241 UTC]  INFO starter.ImportStarterUtil: Deleted all records from links
[19/06/23 15:11:57:241 UTC]  INFO starter.ImportStarterUtil: About to delete all records from AdminConfig
[19/06/23 15:11:57:243 UTC]  INFO starter.ImportStarterUtil: Deleted all records from AdminConfig
[19/06/23 15:11:57:243 UTC]  INFO starter.ImportStarterUtil: About to delete all records from multi_tree
[19/06/23 15:11:57:244 UTC]  INFO starter.ImportStarterUtil: Deleted all records from multi_tree
[19/06/23 15:11:57:245 UTC]  INFO starter.ImportStarterUtil: About to delete all records from clickstream_404
[19/06/23 15:11:57:246 UTC]  INFO starter.ImportStarterUtil: Deleted all records from clickstream_404
[19/06/23 15:11:57:247 UTC]  INFO starter.ImportStarterUtil: About to delete all records from host_variable
[19/06/23 15:11:57:248 UTC]  INFO starter.ImportStarterUtil: Deleted all records from host_variable
[19/06/23 15:11:57:249 UTC]  INFO starter.ImportStarterUtil: About to delete all records from clickstream_request
[19/06/23 15:11:57:250 UTC]  INFO starter.ImportStarterUtil: Deleted all records from clickstream_request
[19/06/23 15:11:57:251 UTC]  INFO starter.ImportStarterUtil: About to delete all records from PasswordTracker
[19/06/23 15:11:57:252 UTC]  INFO starter.ImportStarterUtil: Deleted all records from PasswordTracker
[19/06/23 15:11:57:253 UTC]  INFO starter.ImportStarterUtil: About to delete all records from workflow_task
[19/06/23 15:11:57:254 UTC]  INFO starter.ImportStarterUtil: Deleted all records from workflow_task
[19/06/23 15:11:57:255 UTC]  INFO starter.ImportStarterUtil: About to delete all records from field
[19/06/23 15:11:57:256 UTC]  INFO starter.ImportStarterUtil: Deleted all records from field
[19/06/23 15:11:57:256 UTC]  INFO starter.ImportStarterUtil: About to delete all records from template_version_info
[19/06/23 15:11:57:258 UTC]  INFO starter.ImportStarterUtil: Deleted all records from template_version_info
[19/06/23 15:11:57:258 UTC]  INFO starter.ImportStarterUtil: About to delete all records from clickstream
[19/06/23 15:11:57:260 UTC]  INFO starter.ImportStarterUtil: Deleted all records from clickstream
[19/06/23 15:11:57:260 UTC]  INFO starter.ImportStarterUtil: About to delete all records from workflow_history
[19/06/23 15:11:57:262 UTC]  INFO starter.ImportStarterUtil: Deleted all records from workflow_history
[19/06/23 15:11:57:262 UTC]  INFO starter.ImportStarterUtil: About to delete all records from container_version_info
[19/06/23 15:11:57:264 UTC]  INFO starter.ImportStarterUtil: Deleted all records from container_version_info
[19/06/23 15:11:57:264 UTC]  INFO starter.ImportStarterUtil: About to delete all records from tag
[19/06/23 15:11:57:266 UTC]  INFO starter.ImportStarterUtil: Deleted all records from tag
[19/06/23 15:11:57:266 UTC]  INFO starter.ImportStarterUtil: About to delete all records from workflowtask_files
[19/06/23 15:11:57:267 UTC]  INFO starter.ImportStarterUtil: Deleted all records from workflowtask_files
[19/06/23 15:11:57:268 UTC]  INFO starter.ImportStarterUtil: About to delete all records from permission_reference
[19/06/23 15:11:57:269 UTC]  INFO starter.ImportStarterUtil: Deleted all records from permission_reference
[19/06/23 15:11:57:270 UTC]  INFO starter.ImportStarterUtil: About to delete all records from users_to_delete
[19/06/23 15:11:57:271 UTC]  INFO starter.ImportStarterUtil: Deleted all records from users_to_delete
[19/06/23 15:11:57:272 UTC]  INFO starter.ImportStarterUtil: About to delete all records from fixes_audit
[19/06/23 15:11:57:273 UTC]  INFO starter.ImportStarterUtil: Deleted all records from fixes_audit
[19/06/23 15:11:57:274 UTC]  INFO starter.ImportStarterUtil: About to delete all records from permission
[19/06/23 15:11:57:275 UTC]  INFO starter.ImportStarterUtil: Deleted all records from permission
[19/06/23 15:11:57:276 UTC]  INFO starter.ImportStarterUtil: About to delete all records from UserTrackerPath
[19/06/23 15:11:57:277 UTC]  INFO starter.ImportStarterUtil: Deleted all records from UserTrackerPath
[19/06/23 15:11:57:278 UTC]  INFO starter.ImportStarterUtil: About to delete all records from cms_layouts_portlets
[19/06/23 15:11:57:279 UTC]  INFO starter.ImportStarterUtil: Deleted all records from cms_layouts_portlets
[19/06/23 15:11:57:280 UTC]  INFO starter.ImportStarterUtil: About to delete all records from layouts_cms_roles
[19/06/23 15:11:57:281 UTC]  INFO starter.ImportStarterUtil: Deleted all records from layouts_cms_roles
[19/06/23 15:11:57:281 UTC]  INFO starter.ImportStarterUtil: About to delete all records from users_cms_roles
[19/06/23 15:11:57:283 UTC]  INFO starter.ImportStarterUtil: Deleted all records from users_cms_roles
[19/06/23 15:11:57:283 UTC]  INFO starter.ImportStarterUtil: About to delete all records from cms_role
[19/06/23 15:11:57:289 UTC]  INFO starter.ImportStarterUtil: Deleted all records from cms_role
[19/06/23 15:11:57:289 UTC]  INFO starter.ImportStarterUtil: About to delete all records from cms_layout
[19/06/23 15:11:57:290 UTC]  INFO starter.ImportStarterUtil: Deleted all records from cms_layout
[19/06/23 15:11:57:291 UTC]  INFO starter.ImportStarterUtil: About to delete all records from structure
[19/06/23 15:11:57:292 UTC]  INFO starter.ImportStarterUtil: Deleted all records from structure
[19/06/23 15:11:57:293 UTC]  INFO starter.ImportStarterUtil: About to delete all records from folder
[19/06/23 15:11:57:294 UTC]  INFO starter.ImportStarterUtil: Deleted all records from folder
[19/06/23 15:11:57:295 UTC]  INFO starter.ImportStarterUtil: About to delete all records from identifier
[19/06/23 15:11:57:297 UTC]  INFO starter.ImportStarterUtil: Deleted all records from identifier
[19/06/23 15:11:57:297 UTC]  INFO starter.ImportStarterUtil: About to delete all records from inode
[19/06/23 15:11:57:298 UTC]  INFO starter.ImportStarterUtil: Deleted all records from inode
[19/06/23 15:11:57:299 UTC]  INFO starter.ImportStarterUtil: About to delete all records from user_
[19/06/23 15:11:57:306 UTC]  INFO starter.ImportStarterUtil: Deleted all records from user_
[19/06/23 15:11:57:306 UTC]  INFO starter.ImportStarterUtil: About to delete all records from company
[19/06/23 15:11:57:308 UTC]  INFO starter.ImportStarterUtil: Deleted all records from company
[19/06/23 15:11:57:309 UTC]  INFO starter.ImportStarterUtil: About to delete all records from counter
[19/06/23 15:11:57:310 UTC]  INFO starter.ImportStarterUtil: Deleted all records from counter
[19/06/23 15:11:57:310 UTC]  INFO starter.ImportStarterUtil: About to delete all records from image
[19/06/23 15:11:57:312 UTC]  INFO starter.ImportStarterUtil: Deleted all records from image
[19/06/23 15:11:57:312 UTC]  INFO starter.ImportStarterUtil: About to delete all records from portlet
[19/06/23 15:11:57:313 UTC]  INFO starter.ImportStarterUtil: Deleted all records from portlet
[19/06/23 15:11:57:314 UTC]  INFO starter.ImportStarterUtil: About to delete all records from portletpreferences
[19/06/23 15:11:57:316 UTC]  INFO starter.ImportStarterUtil: Deleted all records from portletpreferences
[19/06/23 15:11:57:316 UTC]  INFO starter.ImportStarterUtil: About to delete all records from address
[19/06/23 15:11:57:317 UTC]  INFO starter.ImportStarterUtil: Deleted all records from address
[19/06/23 15:11:57:318 UTC]  INFO starter.ImportStarterUtil: About to delete all records from plugin_property
[19/06/23 15:11:57:319 UTC]  INFO starter.ImportStarterUtil: Deleted all records from plugin_property
[19/06/23 15:11:57:320 UTC]  INFO starter.ImportStarterUtil: About to delete all records from plugin
[19/06/23 15:11:57:321 UTC]  INFO starter.ImportStarterUtil: Deleted all records from plugin
[19/06/23 15:11:57:347 UTC]  INFO starter.ImportStarterUtil: **** Importing the file: /data/local/dotsecure/backup/temp/com.liferay.portal.model.Company.json *****
[19/06/23 15:11:57:349 UTC]  INFO starter.ImportStarterUtil: Importing:	com.liferay.portal.model.Company
[19/06/23 15:11:57:443 UTC]  INFO starter.ImportStarterUtil: Found :	1 com.liferay.portal.model.Company(s)
[19/06/23 15:11:57:526 UTC]  INFO starter.ImportStarterUtil: **** Importing the file: /data/local/dotsecure/backup/temp/com.dotmarketing.business.Role_0000000000.json *****
[19/06/23 15:11:57:528 UTC]  INFO starter.ImportStarterUtil: Importing:	com.dotmarketing.business.Role
[19/06/23 15:11:57:538 UTC]  INFO starter.ImportStarterUtil: Found :	18 com.dotmarketing.business.Role(s)
[19/06/23 15:11:57:541 UTC]  INFO starter.ImportStarterUtil: roleKey:cms_users = 0
[19/06/23 15:11:57:542 UTC]  INFO starter.ImportStarterUtil: roleKey:System = 0
[19/06/23 15:11:57:544 UTC]  INFO starter.ImportStarterUtil: roleKey:DOTCMS_BACK_END_USER = 0
[19/06/23 15:11:57:546 UTC]  INFO starter.ImportStarterUtil: roleKey:cms_workflow_any_who_can_view = 0
[19/06/23 15:11:57:548 UTC]  INFO starter.ImportStarterUtil: roleKey:Form Editor = 0
[19/06/23 15:11:57:549 UTC]  INFO starter.ImportStarterUtil: roleKey:dotcms.org.default = 0
[19/06/23 15:11:57:552 UTC]  INFO starter.ImportStarterUtil: roleKey:cms_workflow_any_who_can_edit_permissions = 0
[19/06/23 15:11:57:556 UTC]  INFO starter.ImportStarterUtil: roleKey:cms_workflow_any_who_can_edit = 0
[19/06/23 15:11:57:557 UTC]  INFO starter.ImportStarterUtil: roleKey:CMS Anonymous = 0
[19/06/23 15:11:57:559 UTC]  INFO starter.ImportStarterUtil: roleKey:CMS Owner = 0
[19/06/23 15:11:57:561 UTC]  INFO starter.ImportStarterUtil: roleKey:Login As = 0
[19/06/23 15:11:57:566 UTC]  INFO starter.ImportStarterUtil: roleKey:LDAP User = 0
[19/06/23 15:11:57:567 UTC]  INFO starter.ImportStarterUtil: roleKey:CMS Administrator = 0
[19/06/23 15:11:57:569 UTC]  INFO starter.ImportStarterUtil: roleKey:DOTCMS_FRONT_END_USER = 0
[19/06/23 15:11:57:577 UTC]  INFO starter.ImportStarterUtil: roleKey:cms_workflow_any_who_can_publish = 0
[19/06/23 15:11:57:579 UTC]  INFO starter.ImportStarterUtil: roleKey:dotcms.org.1 = 0
[19/06/23 15:11:57:580 UTC]  INFO starter.ImportStarterUtil: roleKey:anonymous = 0
[19/06/23 15:11:57:582 UTC]  INFO starter.ImportStarterUtil: roleKey:Scripting Developer = 0
[19/06/23 15:11:57:583 UTC]  INFO starter.ImportStarterUtil: **** Importing the file: /data/local/dotsecure/backup/temp/com.liferay.portal.model.User.json *****
[19/06/23 15:11:57:584 UTC]  INFO starter.ImportStarterUtil: Importing:	com.liferay.portal.model.User
[19/06/23 15:11:57:622 UTC]  INFO starter.ImportStarterUtil: Found :	4 com.liferay.portal.model.User(s)
[19/06/23 15:11:57:670 UTC]  WARN util.LocaleUtil: null is not a valid language id
[19/06/23 15:11:57:682 UTC]  WARN business.UserHelper: Error loading user with id dotcms.org.1
[19/06/23 15:11:57:761 UTC]  INFO xml.Marshaller: Marshaller called using one of the *static*  marshal(Object, *) methods. This will ignore any  mapping files as specified. Please consider switching to  using Marshaller instances and calling one of the marshal(*) methods.
[19/06/23 15:11:59:463 UTC]  WARN business.UserHelper: Error loading user with id system
[19/06/23 15:12:00:352 UTC]  INFO util.SecurityLogger: class com.dotmarketing.business.RoleAPIImpl : Adding role:'Admin User' to user:dotcms.org.1 email:admin@dotcms.com -- ip:ukn,user:null
[19/06/23 15:12:00:358 UTC]  WARN business.UserHelper: Error loading user with id anonymous
[19/06/23 15:12:01:209 UTC]  INFO util.SecurityLogger: class com.dotmarketing.business.RoleAPIImpl : Adding role:'anonymous user anonymous' to user:anonymous email:anonymous@dotcms.anonymoususer -- ip:ukn,user:null
[19/06/23 15:12:01:213 UTC]  INFO starter.ImportStarterUtil: 
[19/06/23 15:12:01:213 UTC]  INFO starter.ImportStarterUtil: 
[19/06/23 15:12:01:213 UTC]  INFO starter.ImportStarterUtil: **** Importing the file: /data/local/dotsecure/backup/temp/com.dotmarketing.business.UsersRoles_0000000000.json *****
[19/06/23 15:12:01:213 UTC]  INFO starter.ImportStarterUtil: Importing:	com.dotmarketing.business.UsersRoles
[19/06/23 15:12:01:215 UTC]  INFO starter.ImportStarterUtil: Found :	14 com.dotmarketing.business.UsersRoles(s)
[19/06/23 15:12:01:231 UTC]  INFO starter.ImportStarterUtil: **** Importing the file: /data/local/dotsecure/backup/temp/com.dotmarketing.business.Layout_0000000000.json *****
[19/06/23 15:12:01:231 UTC]  INFO starter.ImportStarterUtil: Importing:	com.dotmarketing.business.Layout
[19/06/23 15:12:01:233 UTC]  INFO starter.ImportStarterUtil: Found :	11 com.dotmarketing.business.Layout(s)
[19/06/23 15:12:01:249 UTC]  INFO starter.ImportStarterUtil: **** Importing the file: /data/local/dotsecure/backup/temp/com.dotmarketing.business.PortletsLayouts_0000000000.json *****
[19/06/23 15:12:01:249 UTC]  INFO starter.ImportStarterUtil: Importing:	com.dotmarketing.business.PortletsLayouts
[19/06/23 15:12:01:253 UTC]  INFO starter.ImportStarterUtil: Found :	36 com.dotmarketing.business.PortletsLayouts(s)
[19/06/23 15:12:01:297 UTC]  INFO starter.ImportStarterUtil: **** Importing the file: /data/local/dotsecure/backup/temp/com.dotmarketing.business.LayoutsRoles_0000000000.json *****
[19/06/23 15:12:01:297 UTC]  INFO starter.ImportStarterUtil: Importing:	com.dotmarketing.business.LayoutsRoles
[19/06/23 15:12:01:301 UTC]  INFO starter.ImportStarterUtil: Found :	7 com.dotmarketing.business.LayoutsRoles(s)
[19/06/23 15:12:01:316 UTC]  INFO starter.ImportStarterUtil: **** Importing the file: /data/local/dotsecure/backup/temp/com.dotmarketing.portlets.languagesmanager.model.Language_0000000000.json *****
[19/06/23 15:12:01:318 UTC]  INFO starter.ImportStarterUtil: Importing:	com.dotmarketing.portlets.languagesmanager.model.Language
[19/06/23 15:12:01:323 UTC]  INFO starter.ImportStarterUtil: Found :	1 com.dotmarketing.portlets.languagesmanager.model.Language(s)
[19/06/23 15:12:01:338 UTC]  INFO starter.ImportStarterUtil: Importing folder path /System foldersystem folder
[19/06/23 15:12:01:380 UTC]  INFO starter.ImportStarterUtil: **** Importing the file: /data/local/dotsecure/backup/temp/com.dotmarketing.portlets.folders.model.Folder_0000000000.json *****
[19/06/23 15:12:01:382 UTC]  INFO starter.ImportStarterUtil: Importing:	com.dotmarketing.portlets.folders.model.Folder
[19/06/23 15:12:01:388 UTC]  INFO starter.ImportStarterUtil: Found :	1 com.dotmarketing.portlets.folders.model.Folder(s)
[19/06/23 15:12:01:832 UTC]  INFO business.ContentTypeAPIImpl: Content type not found with given id: c938b15f-bcb6-49ef-8651-14d455a97045. Continuing...
[19/06/23 15:12:02:056 UTC]  INFO util.ActivityLogger: class com.dotmarketing.util.ActivityLogger: system : Save Field Action , User system/system user added field Site/Folder to Persona Structure.
[19/06/23 15:12:02:101 UTC]  INFO util.ActivityLogger: class com.dotmarketing.util.ActivityLogger: system : Save Field Action , User system/system user added field Name to Persona Structure.
[19/06/23 15:12:02:168 UTC]  INFO util.ActivityLogger: class com.dotmarketing.util.ActivityLogger: system : Save Field Action , User system/system user added field Key Tag to Persona Structure.
[19/06/23 15:12:02:224 UTC]  INFO util.ActivityLogger: class com.dotmarketing.util.ActivityLogger: system : Save Field Action , User system/system user added field Photo to Persona Structure.
[19/06/23 15:12:02:279 UTC]  INFO util.ActivityLogger: class com.dotmarketing.util.ActivityLogger: system : Save Field Action , User system/system user added field Other Tags to Persona Structure.
[19/06/23 15:12:02:332 UTC]  INFO util.ActivityLogger: class com.dotmarketing.util.ActivityLogger: system : Save Field Action , User system/system user added field Description to Persona Structure.
[19/06/23 15:12:02:357 UTC]  INFO util.ActivityLogger: class com.dotcms.contenttype.business.ContentTypeAPIImpl: system : Save ContentType Action , User system/system user system user added ContentType Persona to host id:SYSTEM_HOST
[19/06/23 15:12:02:359 UTC]  INFO business.ContentTypeAPIImpl: UserId : system : ContentType : ContentType saved : Persona
[19/06/23 15:12:02:360 UTC]  INFO util.AdminLogger: UserId : system : class com.dotcms.contenttype.business.ContentTypeAPIImpl : ContentType : ContentType saved : Persona
[19/06/23 15:12:02:372 UTC]  INFO business.ContentTypeAPIImpl: Content type not found with given id: f4d7c1b8-2c88-4071-abf1-a5328977b07d. Continuing...
[19/06/23 15:12:02:388 UTC]  INFO util.ActivityLogger: class com.dotmarketing.util.ActivityLogger: system : Save Field Action , User system/system user added field Key to Language Variable Structure.
[19/06/23 15:12:02:406 UTC]  INFO util.ActivityLogger: class com.dotmarketing.util.ActivityLogger: system : Save Field Action , User system/system user added field Value to Language Variable Structure.
[19/06/23 15:12:02:412 UTC]  INFO util.ActivityLogger: class com.dotcms.contenttype.business.ContentTypeAPIImpl: system : Save ContentType Action , User system/system user system user added ContentType Language Variable to host id:SYSTEM_HOST
[19/06/23 15:12:02:412 UTC]  INFO business.ContentTypeAPIImpl: UserId : system : ContentType : ContentType saved : Language Variable
[19/06/23 15:12:02:412 UTC]  INFO util.AdminLogger: UserId : system : class com.dotcms.contenttype.business.ContentTypeAPIImpl : ContentType : ContentType saved : Language Variable
[19/06/23 15:12:02:439 UTC]  INFO business.ContentTypeAPIImpl: Content type not found with given id: 4d21b6d8-1711-4ae6-9419-89e2b1ae5a06. Continuing...
[19/06/23 15:12:02:455 UTC]  INFO util.ActivityLogger: class com.dotmarketing.util.ActivityLogger: system : Save Field Action , User system/system user added field Form ID to Forms Structure.
[19/06/23 15:12:02:471 UTC]  INFO util.ActivityLogger: class com.dotmarketing.util.ActivityLogger: system : Save Field Action , User system/system user added field Widget Title to Forms Structure.
[19/06/23 15:12:02:490 UTC]  INFO util.ActivityLogger: class com.dotmarketing.util.ActivityLogger: system : Save Field Action , User system/system user added field Widget Usage to Forms Structure.
[19/06/23 15:12:02:510 UTC]  INFO util.ActivityLogger: class com.dotmarketing.util.ActivityLogger: system : Save Field Action , User system/system user added field Widget Code to Forms Structure.
[19/06/23 15:12:02:532 UTC]  INFO util.ActivityLogger: class com.dotmarketing.util.ActivityLogger: system : Save Field Action , User system/system user added field Widget Pre-Execute to Forms Structure.
[19/06/23 15:12:02:539 UTC]  INFO util.ActivityLogger: class com.dotcms.contenttype.business.ContentTypeAPIImpl: system : Save ContentType Action , User system/system user system user added ContentType Forms to host id:SYSTEM_HOST
[19/06/23 15:12:02:539 UTC]  INFO business.ContentTypeAPIImpl: UserId : system : ContentType : ContentType saved : Forms
[19/06/23 15:12:02:540 UTC]  INFO util.AdminLogger: UserId : system : class com.dotcms.contenttype.business.ContentTypeAPIImpl : ContentType : ContentType saved : Forms
[19/06/23 15:12:02:553 UTC]  INFO business.ContentTypeAPIImpl: Content type not found with given id: f2d8a1c7-2b77-2081-bcf1-b5348988c08d. Continuing...
[19/06/23 15:12:02:567 UTC]  INFO util.ActivityLogger: class com.dotmarketing.util.ActivityLogger: system : Save Field Action , User system/system user added field Site or Folder to dotAsset Structure.
[19/06/23 15:12:02:587 UTC]  INFO util.ActivityLogger: class com.dotmarketing.util.ActivityLogger: system : Save Field Action , User system/system user added field Asset to dotAsset Structure.
[19/06/23 15:12:02:604 UTC]  INFO util.ActivityLogger: class com.dotmarketing.util.ActivityLogger: system : Save Field Action , User system/system user added field Tags to dotAsset Structure.
[19/06/23 15:12:02:611 UTC]  INFO util.ActivityLogger: class com.dotcms.contenttype.business.ContentTypeAPIImpl: system : Save ContentType Action , User system/system user system user added ContentType dotAsset to host id:SYSTEM_HOST
[19/06/23 15:12:02:611 UTC]  INFO business.ContentTypeAPIImpl: UserId : system : ContentType : ContentType saved : dotAsset
[19/06/23 15:12:02:611 UTC]  INFO util.AdminLogger: UserId : system : class com.dotcms.contenttype.business.ContentTypeAPIImpl : ContentType : ContentType saved : dotAsset
[19/06/23 15:12:02:651 UTC]  INFO business.ContentTypeAPIImpl: Content type not found with given id: 33888b6f-7a8e-4069-b1b6-5c1aa9d0a48d. Continuing...
[19/06/23 15:12:02:666 UTC]  INFO util.ActivityLogger: class com.dotmarketing.util.ActivityLogger: system : Save Field Action , User system/system user added field Host Or Folder to File Asset Structure.
[19/06/23 15:12:02:685 UTC]  INFO util.ActivityLogger: class com.dotmarketing.util.ActivityLogger: system : Save Field Action , User system/system user added field File Name to File Asset Structure.
[19/06/23 15:12:02:715 UTC]  INFO util.ActivityLogger: class com.dotmarketing.util.ActivityLogger: system : Save Field Action , User system/system user added field File Asset to File Asset Structure.
[19/06/23 15:12:02:744 UTC]  INFO util.ActivityLogger: class com.dotmarketing.util.ActivityLogger: system : Save Field Action , User system/system user added field Title to File Asset Structure.
[19/06/23 15:12:02:782 UTC]  INFO util.ActivityLogger: class com.dotmarketing.util.ActivityLogger: system : Save Field Action , User system/system user added field Metadata to File Asset Structure.
[19/06/23 15:12:02:826 UTC]  INFO util.ActivityLogger: class com.dotmarketing.util.ActivityLogger: system : Save Field Action , User system/system user added field Metadata to File Asset Structure.
[19/06/23 15:12:02:869 UTC]  INFO util.ActivityLogger: class com.dotmarketing.util.ActivityLogger: system : Save Field Action , User system/system user added field Show On Menu to File Asset Structure.
[19/06/23 15:12:02:918 UTC]  INFO util.ActivityLogger: class com.dotmarketing.util.ActivityLogger: system : Save Field Action , User system/system user added field Sort Order to File Asset Structure.
[19/06/23 15:12:02:949 UTC]  INFO util.ActivityLogger: class com.dotmarketing.util.ActivityLogger: system : Save Field Action , User system/system user added field Description to File Asset Structure.
[19/06/23 15:12:02:961 UTC]  INFO util.ActivityLogger: class com.dotcms.contenttype.business.ContentTypeAPIImpl: system : Save ContentType Action , User system/system user system user added ContentType File Asset to host id:SYSTEM_HOST
[19/06/23 15:12:02:961 UTC]  INFO business.ContentTypeAPIImpl: UserId : system : ContentType : ContentType saved : File Asset
[19/06/23 15:12:02:961 UTC]  INFO util.AdminLogger: UserId : system : class com.dotcms.contenttype.business.ContentTypeAPIImpl : ContentType : ContentType saved : File Asset
[19/06/23 15:12:02:981 UTC]  INFO business.ContentTypeAPIImpl: Content type not found with given id: 8e850645-bb92-4fda-a765-e67063a59be0. Continuing...
[19/06/23 15:12:02:993 UTC]  INFO util.ActivityLogger: class com.dotmarketing.util.ActivityLogger: system : Save Field Action , User system/system user added field Title to Vanity URL Structure.
[19/06/23 15:12:03:005 UTC]  INFO util.ActivityLogger: class com.dotmarketing.util.ActivityLogger: system : Save Field Action , User system/system user added field Site to Vanity URL Structure.
[19/06/23 15:12:03:019 UTC]  INFO util.ActivityLogger: class com.dotmarketing.util.ActivityLogger: system : Save Field Action , User system/system user added field Uri to Vanity URL Structure.
[19/06/23 15:12:03:035 UTC]  INFO util.ActivityLogger: class com.dotmarketing.util.ActivityLogger: system : Save Field Action , User system/system user added field Action to Vanity URL Structure.
[19/06/23 15:12:03:055 UTC]  INFO util.ActivityLogger: class com.dotmarketing.util.ActivityLogger: system : Save Field Action , User system/system user added field Forward To to Vanity URL Structure.
[19/06/23 15:12:03:077 UTC]  INFO util.ActivityLogger: class com.dotmarketing.util.ActivityLogger: system : Save Field Action , User system/system user added field Order to Vanity URL Structure.
[19/06/23 15:12:03:086 UTC]  INFO util.ActivityLogger: class com.dotcms.contenttype.business.ContentTypeAPIImpl: system : Save ContentType Action , User system/system user system user added ContentType Vanity URL to host id:SYSTEM_HOST
[19/06/23 15:12:03:086 UTC]  INFO business.ContentTypeAPIImpl: UserId : system : ContentType : ContentType saved : Vanity URL
[19/06/23 15:12:03:086 UTC]  INFO util.AdminLogger: UserId : system : class com.dotcms.contenttype.business.ContentTypeAPIImpl : ContentType : ContentType saved : Vanity URL
[19/06/23 15:12:03:099 UTC]  INFO business.ContentTypeAPIImpl: Content type not found with given id: c541abb1-69b3-4bc5-8430-5e09e5239cc8. Continuing...
[19/06/23 15:12:03:111 UTC]  INFO util.ActivityLogger: class com.dotmarketing.util.ActivityLogger: system : Save Field Action , User system/system user added field Title to Page Structure.
[19/06/23 15:12:03:122 UTC]  INFO util.ActivityLogger: class com.dotmarketing.util.ActivityLogger: system : Save Field Action , User system/system user added field Url to Page Structure.
[19/06/23 15:12:03:135 UTC]  INFO util.ActivityLogger: class com.dotmarketing.util.ActivityLogger: system : Save Field Action , User system/system user added field Host or Folder to Page Structure.
[19/06/23 15:12:03:151 UTC]  INFO util.ActivityLogger: class com.dotmarketing.util.ActivityLogger: system : Save Field Action , User system/system user added field Template to Page Structure.
[19/06/23 15:12:03:192 UTC]  INFO util.ActivityLogger: class com.dotmarketing.util.ActivityLogger: system : Save Field Action , User system/system user added field Friendly Name to Page Structure.
[19/06/23 15:12:03:213 UTC]  INFO util.ActivityLogger: class com.dotmarketing.util.ActivityLogger: system : Save Field Action , User system/system user added field Show on Menu to Page Structure.
[19/06/23 15:12:03:238 UTC]  INFO util.ActivityLogger: class com.dotmarketing.util.ActivityLogger: system : Save Field Action , User system/system user added field Sort Order to Page Structure.
[19/06/23 15:12:03:263 UTC]  INFO util.ActivityLogger: class com.dotmarketing.util.ActivityLogger: system : Save Field Action , User system/system user added field Cache TTL to Page Structure.
[19/06/23 15:12:03:293 UTC]  INFO util.ActivityLogger: class com.dotmarketing.util.ActivityLogger: system : Save Field Action , User system/system user added field Advanced Properties to Page Structure.
[19/06/23 15:12:03:322 UTC]  INFO util.ActivityLogger: class com.dotmarketing.util.ActivityLogger: system : Save Field Action , User system/system user added field Redirect Url to Page Structure.
[19/06/23 15:12:03:364 UTC]  INFO util.ActivityLogger: class com.dotmarketing.util.ActivityLogger: system : Save Field Action , User system/system user added field HTTPS Required to Page Structure.
[19/06/23 15:12:03:434 UTC]  INFO util.ActivityLogger: class com.dotmarketing.util.ActivityLogger: system : Save Field Action , User system/system user added field SEO Description to Page Structure.
[19/06/23 15:12:03:473 UTC]  INFO util.ActivityLogger: class com.dotmarketing.util.ActivityLogger: system : Save Field Action , User system/system user added field SEO Keywords to Page Structure.
[19/06/23 15:12:03:525 UTC]  INFO util.ActivityLogger: class com.dotmarketing.util.ActivityLogger: system : Save Field Action , User system/system user added field Page Metadata to Page Structure.
[19/06/23 15:12:03:567 UTC]  INFO util.ActivityLogger: class com.dotmarketing.util.ActivityLogger: system : Save Field Action , User system/system user added field Canonical URL to Page Structure.
[19/06/23 15:12:03:586 UTC]  INFO util.ActivityLogger: class com.dotcms.contenttype.business.ContentTypeAPIImpl: system : Save ContentType Action , User system/system user system user added ContentType Page to host id:SYSTEM_HOST
[19/06/23 15:12:03:587 UTC]  INFO business.ContentTypeAPIImpl: UserId : system : ContentType : ContentType saved : Page
[19/06/23 15:12:03:588 UTC]  INFO util.AdminLogger: UserId : system : class com.dotcms.contenttype.business.ContentTypeAPIImpl : ContentType : ContentType saved : Page
[19/06/23 15:12:03:647 UTC]  INFO business.ContentTypeAPIImpl: Content type not found with given id: 855a2d72-f2f3-4169-8b04-ac5157c4380c. Continuing...
[19/06/23 15:12:03:660 UTC]  INFO util.ActivityLogger: class com.dotmarketing.util.ActivityLogger: system : Save Field Action , User system/system user added field fields-2 to Host Structure.
[19/06/23 15:12:03:675 UTC]  INFO util.ActivityLogger: class com.dotmarketing.util.ActivityLogger: system : Save Field Action , User system/system user added field fields-3 to Host Structure.
[19/06/23 15:12:03:691 UTC]  INFO util.ActivityLogger: class com.dotmarketing.util.ActivityLogger: system : Save Field Action , User system/system user added field Site Key to Host Structure.
[19/06/23 15:12:03:710 UTC]  INFO util.ActivityLogger: class com.dotmarketing.util.ActivityLogger: system : Save Field Action , User system/system user added field Aliases to Host Structure.
[19/06/23 15:12:03:729 UTC]  INFO util.ActivityLogger: class com.dotmarketing.util.ActivityLogger: system : Save Field Action , User system/system user added field Tag Storage to Host Structure.
[19/06/23 15:12:03:754 UTC]  INFO util.ActivityLogger: class com.dotmarketing.util.ActivityLogger: system : Save Field Action , User system/system user added field Is Default to Host Structure.
[19/06/23 15:12:03:779 UTC]  INFO util.ActivityLogger: class com.dotmarketing.util.ActivityLogger: system : Save Field Action , User system/system user added field Is System Host to Host Structure.
[19/06/23 15:12:03:806 UTC]  INFO util.ActivityLogger: class com.dotmarketing.util.ActivityLogger: system : Save Field Action , User system/system user added field Host Thumbnail to Host Structure.
[19/06/23 15:12:03:834 UTC]  INFO util.ActivityLogger: class com.dotmarketing.util.ActivityLogger: system : Save Field Action , User system/system user added field Run Dashboard to Host Structure.
[19/06/23 15:12:03:847 UTC]  INFO util.ActivityLogger: class com.dotcms.contenttype.business.ContentTypeAPIImpl: system : Save ContentType Action , User system/system user system user added ContentType Host to host id:SYSTEM_HOST
[19/06/23 15:12:03:847 UTC]  INFO business.ContentTypeAPIImpl: UserId : system : ContentType : ContentType saved : Host
[19/06/23 15:12:03:848 UTC]  INFO util.AdminLogger: UserId : system : class com.dotcms.contenttype.business.ContentTypeAPIImpl : ContentType : ContentType saved : Host
[19/06/23 15:12:03:852 UTC]  INFO business.ContentTypeAPIImpl: Content type not found with given id: 2c46b6586c38852ac08a824a303ced80. Continuing...
[19/06/23 15:12:03:874 UTC]  INFO util.ActivityLogger: class com.dotmarketing.util.ActivityLogger: system : Save Field Action , User system/system user added field Site or Folder to Image Structure.
[19/06/23 15:12:03:896 UTC]  INFO util.ActivityLogger: class com.dotmarketing.util.ActivityLogger: system : Save Field Action , User system/system user added field Asset to Image Structure.
[19/06/23 15:12:03:919 UTC]  INFO util.ActivityLogger: class com.dotmarketing.util.ActivityLogger: system : Save Field Action , User system/system user added field Tags to Image Structure.
[19/06/23 15:12:03:929 UTC]  INFO util.ActivityLogger: class com.dotcms.contenttype.business.ContentTypeAPIImpl: system : Save ContentType Action , User system/system user system user added ContentType Image to host id:8a7d5e23-da1e-420a-b4f0-471e7da8ea2d
[19/06/23 15:12:03:929 UTC]  INFO business.ContentTypeAPIImpl: UserId : system : ContentType : ContentType saved : Image
[19/06/23 15:12:03:930 UTC]  INFO util.AdminLogger: UserId : system : class com.dotcms.contenttype.business.ContentTypeAPIImpl : ContentType : ContentType saved : Image
[19/06/23 15:12:03:938 UTC]  INFO business.ContentTypeAPIImpl: Content type not found with given id: c77450b834901a20c8193ef9d561ee5b. Continuing...
[19/06/23 15:12:03:961 UTC]  INFO util.ActivityLogger: class com.dotmarketing.util.ActivityLogger: system : Save Field Action , User system/system user added field Site or Folder to Video Structure.
[19/06/23 15:12:03:981 UTC]  INFO util.ActivityLogger: class com.dotmarketing.util.ActivityLogger: system : Save Field Action , User system/system user added field Asset to Video Structure.
[19/06/23 15:12:04:005 UTC]  INFO util.ActivityLogger: class com.dotmarketing.util.ActivityLogger: system : Save Field Action , User system/system user added field Tags to Video Structure.
[19/06/23 15:12:04:017 UTC]  INFO util.ActivityLogger: class com.dotcms.contenttype.business.ContentTypeAPIImpl: system : Save ContentType Action , User system/system user system user added ContentType Video to host id:8a7d5e23-da1e-420a-b4f0-471e7da8ea2d
[19/06/23 15:12:04:017 UTC]  INFO business.ContentTypeAPIImpl: UserId : system : ContentType : ContentType saved : Video
[19/06/23 15:12:04:017 UTC]  INFO util.AdminLogger: UserId : system : class com.dotcms.contenttype.business.ContentTypeAPIImpl : ContentType : ContentType saved : Video
[19/06/23 15:12:04:048 UTC]  INFO business.ContentTypeAPIImpl: Content type not found with given id: 2a3e91e4-fbbf-4876-8c5b-2233c1739b05. Continuing...
[19/06/23 15:12:04:066 UTC]  INFO util.ActivityLogger: class com.dotmarketing.util.ActivityLogger: system : Save Field Action , User system/system user added field Row Field to Content (Generic) Structure.
[19/06/23 15:12:04:088 UTC]  INFO util.ActivityLogger: class com.dotmarketing.util.ActivityLogger: system : Save Field Action , User system/system user added field Column Field to Content (Generic) Structure.
[19/06/23 15:12:04:109 UTC]  INFO util.ActivityLogger: class com.dotmarketing.util.ActivityLogger: system : Save Field Action , User system/system user added field Title to Content (Generic) Structure.
[19/06/23 15:12:04:132 UTC]  INFO util.ActivityLogger: class com.dotmarketing.util.ActivityLogger: system : Save Field Action , User system/system user added field Site to Content (Generic) Structure.
[19/06/23 15:12:04:170 UTC]  INFO util.ActivityLogger: class com.dotmarketing.util.ActivityLogger: system : Save Field Action , User system/system user added field Body to Content (Generic) Structure.
[19/06/23 15:12:04:192 UTC]  INFO util.ActivityLogger: class com.dotcms.contenttype.business.ContentTypeAPIImpl: system : Save ContentType Action , User system/system user system user added ContentType Content (Generic) to host id:SYSTEM_HOST
[19/06/23 15:12:04:192 UTC]  INFO business.ContentTypeAPIImpl: UserId : system : ContentType : ContentType saved : Content (Generic)
[19/06/23 15:12:04:192 UTC]  INFO util.AdminLogger: UserId : system : class com.dotcms.contenttype.business.ContentTypeAPIImpl : ContentType : ContentType saved : Content (Generic)
[19/06/23 15:12:04:199 UTC]  INFO business.ContentTypeAPIImpl: Content type not found with given id: ce930143870e11569f93f8a9fff5da19. Continuing...
[19/06/23 15:12:04:228 UTC]  INFO util.ActivityLogger: class com.dotmarketing.util.ActivityLogger: system : Save Field Action , User system/system user added field Screenshot to Dot Favorite Page Structure.
[19/06/23 15:12:04:243 UTC]  INFO util.ActivityLogger: class com.dotmarketing.util.ActivityLogger: system : Save Field Action , User system/system user added field title to Dot Favorite Page Structure.
[19/06/23 15:12:04:267 UTC]  INFO util.ActivityLogger: class com.dotmarketing.util.ActivityLogger: system : Save Field Action , User system/system user added field url to Dot Favorite Page Structure.
[19/06/23 15:12:04:284 UTC]  INFO util.ActivityLogger: class com.dotmarketing.util.ActivityLogger: system : Save Field Action , User system/system user added field order to Dot Favorite Page Structure.
[19/06/23 15:12:04:291 UTC]  INFO util.ActivityLogger: class com.dotcms.contenttype.business.ContentTypeAPIImpl: system : Save ContentType Action , User system/system user system user added ContentType Dot Favorite Page to host id:SYSTEM_HOST
[19/06/23 15:12:04:292 UTC]  INFO business.ContentTypeAPIImpl: UserId : system : ContentType : ContentType saved : Dot Favorite Page
[19/06/23 15:12:04:293 UTC]  INFO util.AdminLogger: UserId : system : class com.dotcms.contenttype.business.ContentTypeAPIImpl : ContentType : ContentType saved : Dot Favorite Page
[19/06/23 15:12:04:295 UTC]  INFO starter.ImportStarterUtil: **** Importing the file: /data/local/dotsecure/backup/temp/com.dotmarketing.portlets.contentlet.model.Contentlet_0000000000.json *****
[19/06/23 15:12:04:296 UTC]  INFO starter.ImportStarterUtil: Importing:	com.dotmarketing.portlets.contentlet.model.Contentlet
[19/06/23 15:12:04:467 UTC]  INFO starter.ImportStarterUtil: Found :	5 com.dotmarketing.portlets.contentlet.model.Contentlet(s)
[19/06/23 15:12:04:588 UTC]  INFO timedcache.TimedCacheProvider: ***	 Building Cache : esquerycache, size:10000, seconds:3600,Concurrency:32 (every 60000 millis)
[19/06/23 15:12:05:031 UTC]  INFO util.SecurityLogger: class com.dotmarketing.portlets.workflows.business.WorkflowAPIImpl : Workflow Scheme 'System Workflow' [d61a59e1-a49c-46f2-a929-db2b4bfa88b2] has been saved by User ID 'system' -- ip:ukn,user:null
[19/06/23 15:12:05:039 UTC]  INFO util.SecurityLogger: class com.dotmarketing.portlets.workflows.business.WorkflowAPIImpl : Workflow Step 'New' [6cb7e3bd-1710-4eed-8838-d3db60f78f19] has been saved by User ID 'system' -- ip:ukn,user:null
[19/06/23 15:12:05:043 UTC]  INFO util.SecurityLogger: class com.dotmarketing.portlets.workflows.business.WorkflowAPIImpl : Workflow Step 'Draft' [ee24a4cb-2d15-4c98-b1bd-6327126451f3] has been saved by User ID 'system' -- ip:ukn,user:null
[19/06/23 15:12:05:047 UTC]  INFO util.SecurityLogger: class com.dotmarketing.portlets.workflows.business.WorkflowAPIImpl : Workflow Step 'Published' [dc3c9cd0-8467-404b-bf95-cb7df3fbc293] has been saved by User ID 'system' -- ip:ukn,user:null
[19/06/23 15:12:05:050 UTC]  INFO util.SecurityLogger: class com.dotmarketing.portlets.workflows.business.WorkflowAPIImpl : Workflow Step 'Archived' [d6b095b6-b65f-4bdb-bbfd-701d663dfee2] has been saved by User ID 'system' -- ip:ukn,user:null
[19/06/23 15:12:05:061 UTC]  INFO util.SecurityLogger: class com.dotmarketing.portlets.workflows.business.WorkflowAPIImpl : Action id: '4da13a42-5d59-480c-ad8f-94a3adf809fe' has been reordered by user: system -- ip:ukn,user:null
[19/06/23 15:12:05:073 UTC]  INFO util.SecurityLogger: class com.dotmarketing.portlets.workflows.business.WorkflowAPIImpl : Action id: '963f6a04-5320-42e7-ab74-6d876d199946' has been reordered by user: system -- ip:ukn,user:null
[19/06/23 15:12:05:078 UTC]  INFO util.SecurityLogger: class com.dotmarketing.portlets.workflows.business.WorkflowAPIImpl : Action id: '777f1c6b-c877-4a37-ba4b-10627316c2cc' has been reordered by user: system -- ip:ukn,user:null
[19/06/23 15:12:05:082 UTC]  INFO util.SecurityLogger: class com.dotmarketing.portlets.workflows.business.WorkflowAPIImpl : Action id: '1e0f1c6b-b67f-4c99-983d-db2b4bfa88b2' has been reordered by user: system -- ip:ukn,user:null
[19/06/23 15:12:05:086 UTC]  INFO util.SecurityLogger: class com.dotmarketing.portlets.workflows.business.WorkflowAPIImpl : Action id: 'dd4c4b7c-e9d3-4dc0-8fbf-36102f9c6324' has been reordered by user: system -- ip:ukn,user:null
[19/06/23 15:12:05:090 UTC]  INFO util.SecurityLogger: class com.dotmarketing.portlets.workflows.business.WorkflowAPIImpl : Action id: 'b9d89c80-3d88-4311-8365-187323c96436' has been reordered by user: system -- ip:ukn,user:null
[19/06/23 15:12:05:094 UTC]  INFO util.SecurityLogger: class com.dotmarketing.portlets.workflows.business.WorkflowAPIImpl : Action id: 'ceca71a0-deee-4999-bd47-b01baa1bcfc8' has been reordered by user: system -- ip:ukn,user:null
[19/06/23 15:12:05:098 UTC]  INFO util.SecurityLogger: class com.dotmarketing.portlets.workflows.business.WorkflowAPIImpl : Action id: 'c92f9aa1-9503-4567-ac30-d3242b54d02d' has been reordered by user: system -- ip:ukn,user:null
[19/06/23 15:12:05:101 UTC]  INFO util.SecurityLogger: class com.dotmarketing.portlets.workflows.business.WorkflowAPIImpl : Action id: '38efc763-d78f-4e4b-b092-59cd8c579b93' has been reordered by user: system -- ip:ukn,user:null
[19/06/23 15:12:05:122 UTC]  INFO util.SecurityLogger: class com.dotmarketing.portlets.workflows.business.WorkflowAPIImpl : The action id: 'ceca71a0-deee-4999-bd47-b01baa1bcfc8' has been saved by the user: system -- ip:ukn,user:null
[19/06/23 15:12:05:127 UTC]  INFO util.SecurityLogger: class com.dotmarketing.portlets.workflows.business.WorkflowAPIImpl : The action id: 'b9d89c80-3d88-4311-8365-187323c96436' has been saved by the user: system -- ip:ukn,user:null
[19/06/23 15:12:05:133 UTC]  INFO util.SecurityLogger: class com.dotmarketing.portlets.workflows.business.WorkflowAPIImpl : The action id: '777f1c6b-c877-4a37-ba4b-10627316c2cc' has been saved by the user: system -- ip:ukn,user:null
[19/06/23 15:12:05:140 UTC]  INFO util.SecurityLogger: class com.dotmarketing.portlets.workflows.business.WorkflowAPIImpl : The action id: 'ceca71a0-deee-4999-bd47-b01baa1bcfc8' has been saved by the user: system -- ip:ukn,user:null
[19/06/23 15:12:05:146 UTC]  INFO util.SecurityLogger: class com.dotmarketing.portlets.workflows.business.WorkflowAPIImpl : The action id: 'dd4c4b7c-e9d3-4dc0-8fbf-36102f9c6324' has been saved by the user: system -- ip:ukn,user:null
[19/06/23 15:12:05:151 UTC]  INFO util.SecurityLogger: class com.dotmarketing.portlets.workflows.business.WorkflowAPIImpl : The action id: '38efc763-d78f-4e4b-b092-59cd8c579b93' has been saved by the user: system -- ip:ukn,user:null
[19/06/23 15:12:05:156 UTC]  INFO util.SecurityLogger: class com.dotmarketing.portlets.workflows.business.WorkflowAPIImpl : The action id: '963f6a04-5320-42e7-ab74-6d876d199946' has been saved by the user: system -- ip:ukn,user:null
[19/06/23 15:12:05:161 UTC]  INFO util.SecurityLogger: class com.dotmarketing.portlets.workflows.business.WorkflowAPIImpl : The action id: 'b9d89c80-3d88-4311-8365-187323c96436' has been saved by the user: system -- ip:ukn,user:null
[19/06/23 15:12:05:165 UTC]  INFO util.SecurityLogger: class com.dotmarketing.portlets.workflows.business.WorkflowAPIImpl : The action id: '4da13a42-5d59-480c-ad8f-94a3adf809fe' has been saved by the user: system -- ip:ukn,user:null
[19/06/23 15:12:05:172 UTC]  INFO util.SecurityLogger: class com.dotmarketing.portlets.workflows.business.WorkflowAPIImpl : The action id: '963f6a04-5320-42e7-ab74-6d876d199946' has been saved by the user: system -- ip:ukn,user:null
[19/06/23 15:12:05:179 UTC]  INFO util.SecurityLogger: class com.dotmarketing.portlets.workflows.business.WorkflowAPIImpl : The action id: '38efc763-d78f-4e4b-b092-59cd8c579b93' has been saved by the user: system -- ip:ukn,user:null
[19/06/23 15:12:05:186 UTC]  INFO util.SecurityLogger: class com.dotmarketing.portlets.workflows.business.WorkflowAPIImpl : The action id: 'ceca71a0-deee-4999-bd47-b01baa1bcfc8' has been saved by the user: system -- ip:ukn,user:null
[19/06/23 15:12:05:191 UTC]  INFO util.SecurityLogger: class com.dotmarketing.portlets.workflows.business.WorkflowAPIImpl : The action id: '4da13a42-5d59-480c-ad8f-94a3adf809fe' has been saved by the user: system -- ip:ukn,user:null
[19/06/23 15:12:05:196 UTC]  INFO util.SecurityLogger: class com.dotmarketing.portlets.workflows.business.WorkflowAPIImpl : The action id: 'b9d89c80-3d88-4311-8365-187323c96436' has been saved by the user: system -- ip:ukn,user:null
[19/06/23 15:12:05:206 UTC]  INFO util.SecurityLogger: class com.dotmarketing.portlets.workflows.business.WorkflowAPIImpl : The action id: 'dd4c4b7c-e9d3-4dc0-8fbf-36102f9c6324' has been saved by the user: system -- ip:ukn,user:null
[19/06/23 15:12:05:218 UTC]  INFO util.SecurityLogger: class com.dotmarketing.portlets.workflows.business.WorkflowAPIImpl : The action id: 'c92f9aa1-9503-4567-ac30-d3242b54d02d' has been saved by the user: system -- ip:ukn,user:null
[19/06/23 15:12:05:223 UTC]  INFO util.SecurityLogger: class com.dotmarketing.portlets.workflows.business.WorkflowAPIImpl : The action id: '777f1c6b-c877-4a37-ba4b-10627316c2cc' has been saved by the user: system -- ip:ukn,user:null
[19/06/23 15:12:05:228 UTC]  INFO util.SecurityLogger: class com.dotmarketing.portlets.workflows.business.WorkflowAPIImpl : The action id: '1e0f1c6b-b67f-4c99-983d-db2b4bfa88b2' has been saved by the user: system -- ip:ukn,user:null
[19/06/23 15:12:05:314 UTC]  INFO util.SecurityLogger: class com.dotmarketing.portlets.workflows.business.WorkflowAPIImpl : Saving class parameters by the user: system -- ip:ukn,user:null
[19/06/23 15:12:05:324 UTC]  INFO starter.ImportStarterUtil: **** Importing the file: /data/local/dotsecure/backup/temp/com.dotmarketing.beans.Permission_0000000000.json *****
[19/06/23 15:12:05:324 UTC]  INFO starter.ImportStarterUtil: Importing:	com.dotmarketing.beans.Permission
[19/06/23 15:12:05:329 UTC]  INFO starter.ImportStarterUtil: Found :	20 com.dotmarketing.beans.Permission(s)
[19/06/23 15:12:05:346 UTC]  INFO starter.ImportStarterUtil: **** Importing the file: /data/local/dotsecure/backup/temp/com.dotmarketing.portlets.contentlet.model.ContentletVersionInfo_0000000000.json *****
[19/06/23 15:12:05:346 UTC]  INFO starter.ImportStarterUtil: Importing:	com.dotmarketing.portlets.contentlet.model.ContentletVersionInfo
[19/06/23 15:12:05:348 UTC]  INFO starter.ImportStarterUtil: Found :	3 com.dotmarketing.portlets.contentlet.model.ContentletVersionInfo(s)
[19/06/23 15:12:05:409 UTC]  INFO starter.ImportStarterUtil: **** Importing the file: /data/local/dotsecure/backup/temp/com.dotmarketing.portlets.workflows.model.WorkflowTask_0000000000.json *****
[19/06/23 15:12:05:409 UTC]  INFO starter.ImportStarterUtil: Importing:	com.dotmarketing.portlets.workflows.model.WorkflowTask
[19/06/23 15:12:05:411 UTC]  INFO starter.ImportStarterUtil: Found :	1 com.dotmarketing.portlets.workflows.model.WorkflowTask(s)
[19/06/23 15:12:05:418 UTC]  INFO starter.ImportStarterUtil: **** Importing the file: /data/local/dotsecure/backup/temp/Image.json *****
[19/06/23 15:12:05:418 UTC]  INFO starter.ImportStarterUtil: Importing:	Image
[19/06/23 15:12:10:464 UTC]  INFO starter.ImportStarterUtil: Found :	1 Image(s)
[19/06/23 15:12:10:467 UTC]  INFO starter.ImportStarterUtil: **** Importing the file: /data/local/dotsecure/backup/temp/Portlet.json *****
[19/06/23 15:12:10:467 UTC]  INFO starter.ImportStarterUtil: Importing:	Portlet
[19/06/23 15:12:10:470 UTC]  INFO starter.ImportStarterUtil: Found :	3 Portlet(s)
[19/06/23 15:12:10:478 UTC]  INFO starter.ImportStarterUtil: Done Importing
[19/06/23 15:12:10:484 UTC]  INFO runonce.Task210321RemoveOldMetadataFiles:  executing metadata clean up under path /data/shared/assets
[19/06/23 15:12:10:495 UTC]  INFO db.DotCMSInitDb:  `1` old metadata entries removed and `0` old content files from the starter.
[19/06/23 15:12:10:498 UTC]  INFO timedcache.TimedCacheProvider: ===== Initializing [Timed Cache Provider].
[19/06/23 15:12:10:498 UTC]  INFO timedcache.TimedCacheProvider: ***	 Cache Config Memory : esquerycache: 10000
[19/06/23 15:12:10:498 UTC]  INFO timedcache.TimedCacheProvider: ***	 Cache Config Memory : esquerycountcache: 10000
[19/06/23 15:12:10:498 UTC]  INFO timedcache.TimedCacheProvider: ***	 Cache Config Memory : graphqlquerycache: 5000
[19/06/23 15:12:10:498 UTC]  INFO timedcache.TimedCacheProvider: ***	 Cache Config Memory : default: 1000
[19/06/23 15:12:10:499 UTC]  INFO timedcache.TimedCacheProvider: ***	 Cache Config Memory : adminconfigpool: 100
[19/06/23 15:12:10:499 UTC]  INFO timedcache.TimedCacheProvider: ***	 Cache Config Memory : companypool: 10
[19/06/23 15:12:10:499 UTC]  INFO timedcache.TimedCacheProvider: ***	 Cache Config Memory : contentletcache: 5000
[19/06/23 15:12:10:499 UTC]  INFO timedcache.TimedCacheProvider: ***	 Cache Config Memory : categoryparentscache: 30000
[19/06/23 15:12:10:499 UTC]  INFO timedcache.TimedCacheProvider: ***	 Cache Config Memory : taginodecache: 50000
[19/06/23 15:12:10:499 UTC]  INFO timedcache.TimedCacheProvider: ***	 Cache Config Memory : taginodesbyinodecache: 50000
[19/06/23 15:12:10:499 UTC]  INFO timedcache.TimedCacheProvider: ***	 Cache Config Memory : tagcache: 50000
[19/06/23 15:12:10:499 UTC]  INFO timedcache.TimedCacheProvider: ***	 Cache Config Memory : csscache: 2500
[19/06/23 15:12:10:500 UTC]  INFO timedcache.TimedCacheProvider: ***	 Cache Config Memory : assetmetadatacache: 10000
[19/06/23 15:12:10:500 UTC]  INFO timedcache.TimedCacheProvider: ***	 Cache Config Memory : identifiercache: 50000
[19/06/23 15:12:10:500 UTC]  INFO timedcache.TimedCacheProvider: ***	 Cache Config Memory : identifier404cache: 30000
[19/06/23 15:12:10:500 UTC]  INFO timedcache.TimedCacheProvider: ***	 Cache Config Memory : indiciescache: 8
[19/06/23 15:12:10:500 UTC]  INFO timedcache.TimedCacheProvider: ***	 Cache Config Memory : logmappercache: 10
[19/06/23 15:12:10:500 UTC]  INFO timedcache.TimedCacheProvider: ***	 Cache Config Memory : navcache: 1000
[19/06/23 15:12:10:500 UTC]  INFO timedcache.TimedCacheProvider: ***	 Cache Config Memory : parentpermissionablecache: 10000
[19/06/23 15:12:10:500 UTC]  INFO timedcache.TimedCacheProvider: ***	 Cache Config Memory : permissioncache: 50000
[19/06/23 15:12:10:500 UTC]  INFO timedcache.TimedCacheProvider: ***	 Cache Config Memory : portletpool: 100
[19/06/23 15:12:10:500 UTC]  INFO timedcache.TimedCacheProvider: ***	 Cache Config Memory : publishingendpointcache: 100
[19/06/23 15:12:10:500 UTC]  INFO timedcache.TimedCacheProvider: ***	 Cache Config Memory : pushedassetscache: 5000
[19/06/23 15:12:10:500 UTC]  INFO timedcache.TimedCacheProvider: ***	 Cache Config Memory : templatecache: 500
[19/06/23 15:12:10:501 UTC]  INFO timedcache.TimedCacheProvider: ***	 Cache Config Memory : translatedquerycache: 5000
[19/06/23 15:12:10:501 UTC]  INFO timedcache.TimedCacheProvider: ***	 Cache Config Memory : versioncache: 50000
[19/06/23 15:12:10:501 UTC]  INFO timedcache.TimedCacheProvider: ***	 Cache Config Memory : versioninfocache: 50000
[19/06/23 15:12:10:501 UTC]  INFO timedcache.TimedCacheProvider: ***	 Cache Config Memory : workflowactioncache: 10000
[19/06/23 15:12:10:501 UTC]  INFO timedcache.TimedCacheProvider: ***	 Cache Config Memory : workflowtaskcache: 10000
[19/06/23 15:12:10:501 UTC]  INFO timedcache.TimedCacheProvider: ***	 Cache Config Memory : shortyidcache: 25000
[19/06/23 15:12:10:501 UTC]  INFO timedcache.TimedCacheProvider: ***	 Cache Config Memory : velocitycache: 5000
[19/06/23 15:12:10:501 UTC]  INFO timedcache.TimedCacheProvider: ***	 Cache Config Memory : vanityurldirectcache: 25000
[19/06/23 15:12:10:501 UTC]  INFO timedcache.TimedCacheProvider: ***	 Cache Config Memory : vanityurlsitecache: 5000
[19/06/23 15:12:10:501 UTC]  INFO h22.H22Cache: Start Full Cache Flush in h22
[19/06/23 15:12:10:501 UTC]  INFO h22.H22Cache: Building new H22 Cache, db:0
[19/06/23 15:12:10:502 UTC]  INFO h22.H22HikariPool: H22 on disk cache:jdbc:h2:/data/local/dotsecure/h22cache/0/2023-06-19_15-12-10/cache;MVCC=TRUE;DB_CLOSE_ON_EXIT=FALSE
[19/06/23 15:12:10:582 UTC]  INFO h22.H22Cache: Building new H22 Cache, db:1
[19/06/23 15:12:10:583 UTC]  INFO h22.H22HikariPool: H22 on disk cache:jdbc:h2:/data/local/dotsecure/h22cache/1/2023-06-19_15-12-10/cache;MVCC=TRUE;DB_CLOSE_ON_EXIT=FALSE
[19/06/23 15:12:10:636 UTC]  INFO h22.H22Cache: End Full Cache Flush in h22 : 135ms
[19/06/23 15:12:10:679 UTC]  INFO reindex.ReindexThread: --- Recreating ReindexThread from stopped
[19/06/23 15:12:10:682 UTC]  INFO framework.OSGISystem: Starting: OSGi System Framework
[19/06/23 15:12:10:683 UTC]  INFO framework.OSGISystem: Felix System base dir: /srv/dotserver/tomcat-9.0.60/webapps/ROOT/WEB-INF/felix-system
[19/06/23 15:12:10:691 UTC]  INFO framework.OSGIUtil: Loading Factory org.apache.felix.framework.FrameworkFactory
[19/06/23 15:12:11:101 UTC]  INFO init.SamlInitializer: SAML Init STARTED...
[19/06/23 15:12:12:197 UTC]  INFO init.SamlInitializer: Doing instance of Java Crypto validator
[19/06/23 15:12:12:199 UTC]  INFO init.SamlInitializer: Getting the Security Providers
[19/06/23 15:12:12:200 UTC]  INFO init.SamlInitializer: - SUN (DSA key/parameter generation; DSA signing; SHA-1, MD5 digests; SecureRandom; X.509 certificates; PKCS12, JKS & DKS keystores; PKIX CertPathValidator; PKIX CertPathBuilder; LDAP, Collection CertStores, JavaPolicy Policy; JavaLoginConfig Configuration)
[19/06/23 15:12:12:201 UTC]  INFO init.SamlInitializer: - Sun RSA signature provider
[19/06/23 15:12:12:201 UTC]  INFO init.SamlInitializer: - Sun Elliptic Curve provider (EC, ECDSA, ECDH)
[19/06/23 15:12:12:202 UTC]  INFO init.SamlInitializer: - Sun JSSE provider(PKCS12, SunX509/PKIX key/trust factories, SSLv3/TLSv1/TLSv1.1/TLSv1.2/TLSv1.3/DTLSv1.0/DTLSv1.2)
[19/06/23 15:12:12:203 UTC]  INFO init.SamlInitializer: - SunJCE Provider (implements RSA, DES, Triple DES, AES, Blowfish, ARCFOUR, RC2, PBE, Diffie-Hellman, HMAC, ChaCha20)
[19/06/23 15:12:12:203 UTC]  INFO init.SamlInitializer: - Sun (Kerberos v5, SPNEGO)
[19/06/23 15:12:12:204 UTC]  INFO init.SamlInitializer: - Sun SASL provider(implements client mechanisms for: DIGEST-MD5, EXTERNAL, PLAIN, CRAM-MD5, NTLM; server mechanisms for: DIGEST-MD5, CRAM-MD5, NTLM)
[19/06/23 15:12:12:204 UTC]  INFO init.SamlInitializer: - JdkLDAP Provider (implements LDAP CertStore)
[19/06/23 15:12:12:205 UTC]  INFO init.SamlInitializer: Doing Init of SignatureValidationProvider
[19/06/23 15:12:12:208 UTC]  INFO init.SamlInitializer: SAML Init DONE
[19/06/23 15:12:12:209 UTC]  INFO init.SamlInitializer: Setting basic parser pool
[19/06/23 15:12:12:211 UTC]  INFO osgi.Activator: Adding the SAML Web Filter
[19/06/23 15:12:12:304 UTC]  INFO osgi.Activator: Adding the SAML Web Service: com.dotcms.auth.providers.saml.v1.DotSamlResource
[19/06/23 15:12:12:865 UTC]  INFO osgi.Activator: Subscribing to  AppSecretSavedEvent events
[19/06/23 15:12:13:708 UTC]  INFO framework.OSGISystem: Started : OSGi System Framework
[19/06/23 15:12:13:709 UTC]  INFO reindex.ReindexThread: --- ReindexThread Running (every 60000 millis)
[19/06/23 15:12:13:710 UTC]  INFO db.DotCMSInitDb: Building Initial Index
[19/06/23 15:12:13:721 UTC]  INFO reindex.ReindexThread: ---  ReindexThread is starting, background indexing will begin
[19/06/23 15:12:13:795 UTC]  INFO business.ESIndexAPI: createIndex : Trying to create index: cluster_1043dac31a.working_20230619151213 with shards: 0
[19/06/23 15:12:13:795 UTC]  INFO util.AdminLogger: class com.dotcms.content.elasticsearch.business.ESIndexAPI : createIndex : Trying to create index: cluster_1043dac31a.working_20230619151213 with shards: 0
[19/06/23 15:12:13:796 UTC]  WARN business.ESIndexAPI: Unable to parse shards from config
[19/06/23 15:12:13:796 UTC]  WARN business.ESIndexAPI: null
[19/06/23 15:12:13:797 UTC]  WARN business.ESIndexAPI: java.base/java.lang.Integer.parseInt(Integer.java:614)
[19/06/23 15:12:14:183 UTC]  INFO business.ESIndexAPI: createIndex : Index created: cluster_1043dac31a.working_20230619151213 with shards: 1
[19/06/23 15:12:14:183 UTC]  INFO util.AdminLogger: class com.dotcms.content.elasticsearch.business.ESIndexAPI : createIndex : Index created: cluster_1043dac31a.working_20230619151213 with shards: 1
[19/06/23 15:12:14:311 UTC]  INFO business.ESIndexAPI: createIndex : Trying to create index: cluster_1043dac31a.live_20230619151213 with shards: 0
[19/06/23 15:12:14:311 UTC]  INFO util.AdminLogger: class com.dotcms.content.elasticsearch.business.ESIndexAPI : createIndex : Trying to create index: cluster_1043dac31a.live_20230619151213 with shards: 0
[19/06/23 15:12:14:311 UTC]  WARN business.ESIndexAPI: Unable to parse shards from config
[19/06/23 15:12:14:311 UTC]  WARN business.ESIndexAPI: null
[19/06/23 15:12:14:311 UTC]  WARN business.ESIndexAPI: java.base/java.lang.Integer.parseInt(Integer.java:614)
[19/06/23 15:12:14:442 UTC]  INFO business.ESIndexAPI: createIndex : Index created: cluster_1043dac31a.live_20230619151213 with shards: 1
[19/06/23 15:12:14:443 UTC]  INFO util.AdminLogger: class com.dotcms.content.elasticsearch.business.ESIndexAPI : createIndex : Index created: cluster_1043dac31a.live_20230619151213 with shards: 1
[19/06/23 15:12:19:232 UTC]  INFO reindex.ReindexThread: --- Unpausing reindex thread 
[19/06/23 15:12:20:235 UTC]  INFO reindex.BulkProcessorListener: -----------
[19/06/23 15:12:20:238 UTC]  INFO reindex.BulkProcessorListener: Reindexing Server #  : 1 of 1
[19/06/23 15:12:20:239 UTC]  INFO reindex.BulkProcessorListener: Total Indexed        : 0
[19/06/23 15:12:20:240 UTC]  INFO reindex.BulkProcessorListener: ReindexEntries found : 3
[19/06/23 15:12:20:241 UTC]  INFO reindex.BulkProcessorListener: BulkRequests created : 6
[19/06/23 15:12:20:242 UTC]  INFO reindex.BulkProcessorListener: -----------
