[11/10/23 21:18:55:087 UTC]  INFO util.Config: Initializing properties reader.
[11/10/23 21:18:55:104 UTC]  INFO util.Config: Loading dotCMS [dotmarketing-config.properties] Properties...
[11/10/23 21:18:55:211 UTC]  INFO util.Config: dotCMS Properties [dotmarketing-config.properties] Loaded
[11/10/23 21:18:55:212 UTC]  INFO util.Config: ENVKEY: DOT_DOTCMS_CUSTOM_INTERPOLATOR
[11/10/23 21:18:55:212 UTC]  INFO util.Config: CONTAINS_ENVKEY: false
[11/10/23 21:18:55:269 UTC]  INFO util.Config: ENVKEY: DOT_API_LOCATOR_IMPLEMENTATION
[11/10/23 21:18:55:269 UTC]  INFO util.Config: CONTAINS_ENVKEY: false
[11/10/23 21:18:55:304 UTC]  INFO util.Config: Loading dotCMS [dotcms-config-cluster.properties] Properties...
[11/10/23 21:18:55:305 UTC]  INFO util.Config: dotCMS Properties [dotcms-config-cluster.properties] Loaded
[11/10/23 21:18:55:305 UTC]  INFO util.Config: ENVKEY: DOT_DOTCMS_CUSTOM_INTERPOLATOR
[11/10/23 21:18:55:305 UTC]  INFO util.Config: CONTAINS_ENVKEY: false
[11/10/23 21:18:55:327 UTC]  INFO util.Config: Assigned default refresh: 5 minutes.
[11/10/23 21:18:55:330 UTC]  INFO util.Config: PROPS: java.util.LinkedList$ListItr@65d3a83
[11/10/23 21:18:55:714 UTC]  INFO business.CacheLocator: loading cache administrator: ChainableCacheAdministratorImpl
[11/10/23 21:18:55:726 UTC]  INFO util.Config: ENVKEY: DOT_CACHE_DEFAULT_CHAIN
[11/10/23 21:18:55:726 UTC]  INFO util.Config: CONTAINS_ENVKEY: false
[11/10/23 21:18:55:744 UTC]  INFO util.Config: ENVKEY: DOT_CACHE_DEFAULT_CHAIN
[11/10/23 21:18:55:744 UTC]  INFO util.Config: CONTAINS_ENVKEY: false
[11/10/23 21:18:55:746 UTC]  INFO util.Config: ENVKEY: DOT_CACHE_CONTENTLETCACHE_CHAIN
[11/10/23 21:18:55:750 UTC]  INFO util.Config: CONTAINS_ENVKEY: false
[11/10/23 21:18:55:805 UTC] FATAL util.FileUtil: Config.CONTEXT not initialized with a servlet context, dying
[11/10/23 21:18:55:823 UTC]  INFO util.Config: ENVKEY: DOT_CACHE_VANITYURLCACHE_CHAIN
[11/10/23 21:18:55:824 UTC]  INFO util.Config: CONTAINS_ENVKEY: false
[11/10/23 21:18:55:827 UTC]  INFO util.Config: ENVKEY: DOT_CACHE_CACHEDVANITYURLGROUP_CHAIN
[11/10/23 21:18:55:828 UTC]  INFO util.Config: CONTAINS_ENVKEY: false
[11/10/23 21:18:55:829 UTC]  INFO util.Config: ENVKEY: DOT_CACHE_VELOCITYCACHE_CHAIN
[11/10/23 21:18:55:830 UTC]  INFO util.Config: CONTAINS_ENVKEY: false
[11/10/23 21:18:55:831 UTC]  INFO util.Config: ENVKEY: DOT_CACHE_VELOCITYMACROCACHE_CHAIN
[11/10/23 21:18:55:831 UTC]  INFO util.Config: CONTAINS_ENVKEY: false
[11/10/23 21:18:55:833 UTC]  INFO util.Config: ENVKEY: DOT_CACHE_APITOKENCACHE_CHAIN
[11/10/23 21:18:55:835 UTC]  INFO util.Config: CONTAINS_ENVKEY: false
[11/10/23 21:18:55:837 UTC]  INFO util.Config: ENVKEY: DOT_CACHE_ESQUERYCACHE_CHAIN
[11/10/23 21:18:55:837 UTC]  INFO util.Config: CONTAINS_ENVKEY: false
[11/10/23 21:18:55:838 UTC]  INFO util.Config: ENVKEY: DOT_CACHE_ESQUERYCOUNTCACHE_CHAIN
[11/10/23 21:18:55:838 UTC]  INFO util.Config: CONTAINS_ENVKEY: false
[11/10/23 21:18:55:838 UTC]  INFO util.Config: ENVKEY: DOT_CACHE_GRAPHQLQUERYCACHE_CHAIN
[11/10/23 21:18:55:838 UTC]  INFO util.Config: CONTAINS_ENVKEY: false
[11/10/23 21:18:55:853 UTC] FATAL util.FileUtil: Config.CONTEXT not initialized with a servlet context, dying
[11/10/23 21:18:55:868 UTC]  INFO util.Config: ENVKEY: DOT_EXPORTINGDATEFORMAT
[11/10/23 21:18:55:868 UTC]  INFO util.Config: CONTAINS_ENVKEY: false
[11/10/23 21:18:55:869 UTC] FATAL util.FileUtil: Config.CONTEXT not initialized with a servlet context, dying
[11/10/23 21:18:55:870 UTC]  WARN lang.System: No Valid License Found : /home/runner/work/core/core/dotCMS/./dotsecure/license/license.dat
[11/10/23 21:18:55:870 UTC]  INFO enterprise.LicenseUtil: Setting up default license
[11/10/23 21:18:55:887 UTC]  INFO caffine.CaffineCache: ***	 Cache Config Memory : esquerycache: 10000
[11/10/23 21:18:55:887 UTC]  INFO caffine.CaffineCache: ***	 Cache Config Memory : esquerycountcache: 10000
[11/10/23 21:18:55:887 UTC]  INFO caffine.CaffineCache: ***	 Cache Config Memory : graphqlquerycache: 5000
[11/10/23 21:18:55:888 UTC]  INFO caffine.CaffineCache: ***	 Cache Config Memory : default: 1000
[11/10/23 21:18:55:888 UTC]  INFO caffine.CaffineCache: ***	 Cache Config Memory : adminconfigpool: 100
[11/10/23 21:18:55:888 UTC]  INFO caffine.CaffineCache: ***	 Cache Config Memory : companypool: 10
[11/10/23 21:18:55:888 UTC]  INFO caffine.CaffineCache: ***	 Cache Config Memory : contentletcache: 5000
[11/10/23 21:18:55:888 UTC]  INFO caffine.CaffineCache: ***	 Cache Config Memory : categoryparentscache: 30000
[11/10/23 21:18:55:888 UTC]  INFO caffine.CaffineCache: ***	 Cache Config Memory : taginodecache: 50000
[11/10/23 21:18:55:888 UTC]  INFO caffine.CaffineCache: ***	 Cache Config Memory : taginodesbyinodecache: 50000
[11/10/23 21:18:55:888 UTC]  INFO caffine.CaffineCache: ***	 Cache Config Memory : tagcache: 50000
[11/10/23 21:18:55:889 UTC]  INFO caffine.CaffineCache: ***	 Cache Config Memory : csscache: 2500
[11/10/23 21:18:55:889 UTC]  INFO caffine.CaffineCache: ***	 Cache Config Memory : assetmetadatacache: 10000
[11/10/23 21:18:55:889 UTC]  INFO caffine.CaffineCache: ***	 Cache Config Memory : identifiercache: 50000
[11/10/23 21:18:55:889 UTC]  INFO caffine.CaffineCache: ***	 Cache Config Memory : identifier404cache: 30000
[11/10/23 21:18:55:890 UTC]  INFO caffine.CaffineCache: ***	 Cache Config Memory : indiciescache: 8
[11/10/23 21:18:55:890 UTC]  INFO caffine.CaffineCache: ***	 Cache Config Memory : logmappercache: 10
[11/10/23 21:18:55:891 UTC]  INFO caffine.CaffineCache: ***	 Cache Config Memory : navcache: 1000
[11/10/23 21:18:55:891 UTC]  INFO caffine.CaffineCache: ***	 Cache Config Memory : parentpermissionablecache: 10000
[11/10/23 21:18:55:892 UTC]  INFO caffine.CaffineCache: ***	 Cache Config Memory : permissioncache: 50000
[11/10/23 21:18:55:892 UTC]  INFO caffine.CaffineCache: ***	 Cache Config Memory : portletpool: 100
[11/10/23 21:18:55:892 UTC]  INFO caffine.CaffineCache: ***	 Cache Config Memory : publishingendpointcache: 100
[11/10/23 21:18:55:892 UTC]  INFO caffine.CaffineCache: ***	 Cache Config Memory : pushedassetscache: 5000
[11/10/23 21:18:55:892 UTC]  INFO caffine.CaffineCache: ***	 Cache Config Memory : templatecache: 500
[11/10/23 21:18:55:892 UTC]  INFO caffine.CaffineCache: ***	 Cache Config Memory : translatedquerycache: 5000
[11/10/23 21:18:55:893 UTC]  INFO caffine.CaffineCache: ***	 Cache Config Memory : versioncache: 50000
[11/10/23 21:18:55:893 UTC]  INFO caffine.CaffineCache: ***	 Cache Config Memory : versioninfocache: 50000
[11/10/23 21:18:55:893 UTC]  INFO caffine.CaffineCache: ***	 Cache Config Memory : workflowactioncache: 10000
[11/10/23 21:18:55:893 UTC]  INFO caffine.CaffineCache: ***	 Cache Config Memory : workflowtaskcache: 10000
[11/10/23 21:18:55:893 UTC]  INFO caffine.CaffineCache: ***	 Cache Config Memory : shortyidcache: 25000
[11/10/23 21:18:55:893 UTC]  INFO caffine.CaffineCache: ***	 Cache Config Memory : velocitycache: 5000
[11/10/23 21:18:55:893 UTC]  INFO caffine.CaffineCache: ***	 Cache Config Memory : vanityurldirectcache: 25000
[11/10/23 21:18:55:894 UTC]  INFO caffine.CaffineCache: ***	 Cache Config Memory : vanityurlsitecache: 5000
[11/10/23 21:18:55:908 UTC]  INFO util.Config: ENVKEY: DOT_DATASOURCE_PROVIDER_STRATEGY_CLASS
[11/10/23 21:18:55:915 UTC]  INFO util.Config: CONTAINS_ENVKEY: false
[11/10/23 21:18:55:984 UTC]  INFO caffine.CaffineCache: ***	 Building Cache : analyticscache, size:1000,Concurrency:32
[11/10/23 21:18:56:047 UTC]  WARN hikari.HikariConfig: jdbc/dotCMSPool - idleTimeout is close to or more than maxLifetime, disabling it.
[11/10/23 21:18:56:053 UTC]  INFO hikari.HikariDataSource: jdbc/dotCMSPool - Starting...
[11/10/23 21:18:57:482 UTC]  WARN helper.AnalyticsHelper: ACCESS_TOKEN does not have a issued date, returning as expired
[11/10/23 21:18:57:674 UTC] ERROR pool.HikariPool: jdbc/dotCMSPool - Exception during pool initialization.
org.postgresql.util.PSQLException: Connection to localhost:5432 refused. Check that the hostname and port are correct and that the postmaster is accepting TCP/IP connections.
	at org.postgresql.core.v3.ConnectionFactoryImpl.openConnectionImpl(ConnectionFactoryImpl.java:319) ~[postgresql-42.5.1.jar:42.5.1]
	at org.postgresql.core.ConnectionFactory.openConnection(ConnectionFactory.java:49) ~[postgresql-42.5.1.jar:42.5.1]
	at org.postgresql.jdbc.PgConnection.<init>(PgConnection.java:247) ~[postgresql-42.5.1.jar:42.5.1]
	at org.postgresql.Driver.makeConnection(Driver.java:434) ~[postgresql-42.5.1.jar:42.5.1]
	at org.postgresql.Driver.connect(Driver.java:291) ~[postgresql-42.5.1.jar:42.5.1]
	at com.zaxxer.hikari.util.DriverDataSource.getConnection(DriverDataSource.java:138) ~[HikariCP-3.4.2.jar:?]
	at com.zaxxer.hikari.pool.PoolBase.newConnection(PoolBase.java:354) ~[HikariCP-3.4.2.jar:?]
	at com.zaxxer.hikari.pool.PoolBase.newPoolEntry(PoolBase.java:202) ~[HikariCP-3.4.2.jar:?]
	at com.zaxxer.hikari.pool.HikariPool.createPoolEntry(HikariPool.java:473) ~[HikariCP-3.4.2.jar:?]
	at com.zaxxer.hikari.pool.HikariPool.checkFailFast(HikariPool.java:554) ~[HikariCP-3.4.2.jar:?]
	at com.zaxxer.hikari.pool.HikariPool.<init>(HikariPool.java:115) ~[HikariCP-3.4.2.jar:?]
	at com.zaxxer.hikari.HikariDataSource.<init>(HikariDataSource.java:81) ~[HikariCP-3.4.2.jar:?]
	at com.dotmarketing.db.DBPropertiesDataSourceStrategy.apply(DBPropertiesDataSourceStrategy.java:63) ~[main/:?]
	at com.dotmarketing.db.DataSourceStrategyProvider.get(DataSourceStrategyProvider.java:77) ~[main/:?]
	at com.dotmarketing.db.DbConnectionFactory.getDataSource(DbConnectionFactory.java:116) ~[main/:?]
	at com.dotmarketing.db.DbConnectionFactory.getConnection(DbConnectionFactory.java:227) ~[main/:?]
	at com.dotmarketing.db.DbConnectionFactory.startTransactionIfNeeded(DbConnectionFactory.java:684) ~[main/:?]
	at com.dotmarketing.db.LocalTransaction.wrap(LocalTransaction.java:213) ~[main/:?]
	at com.dotcms.enterprise.license.LicenseManager$1.run(SourceFile:168) ~[ee-23.01.7.jar:?]
	at java.lang.Thread.run(Thread.java:829) [?:?]
Caused by: java.net.ConnectException: Connection refused (Connection refused)
	at java.net.PlainSocketImpl.socketConnect(Native Method) ~[?:?]
	at java.net.AbstractPlainSocketImpl.doConnect(AbstractPlainSocketImpl.java:412) ~[?:?]
	at java.net.AbstractPlainSocketImpl.connectToAddress(AbstractPlainSocketImpl.java:255) ~[?:?]
	at java.net.AbstractPlainSocketImpl.connect(AbstractPlainSocketImpl.java:237) ~[?:?]
	at java.net.SocksSocketImpl.connect(SocksSocketImpl.java:392) ~[?:?]
	at java.net.Socket.connect(Socket.java:609) ~[?:?]
	at org.postgresql.core.PGStream.createSocket(PGStream.java:241) ~[postgresql-42.5.1.jar:42.5.1]
	at org.postgresql.core.PGStream.<init>(PGStream.java:98) ~[postgresql-42.5.1.jar:42.5.1]
	at org.postgresql.core.v3.ConnectionFactoryImpl.tryConnect(ConnectionFactoryImpl.java:109) ~[postgresql-42.5.1.jar:42.5.1]
	at org.postgresql.core.v3.ConnectionFactoryImpl.openConnectionImpl(ConnectionFactoryImpl.java:235) ~[postgresql-42.5.1.jar:42.5.1]
	... 19 more
[11/10/23 21:18:57:675 UTC]  WARN db.DataSourceStrategyProvider: Error initializing datasource. Reason: Failed to initialize pool: Connection to localhost:5432 refused. Check that the hostname and port are correct and that the postmaster is accepting TCP/IP connections.Trying to load datasource from context.xml ...
[11/10/23 21:18:57:675 UTC]  WARN db.DataSourceStrategyProvider: Failed to initialize pool: Connection to localhost:5432 refused. Check that the hostname and port are correct and that the postmaster is accepting TCP/IP connections.
[11/10/23 21:18:57:680 UTC]  WARN db.DataSourceStrategyProvider: com.zaxxer.hikari.pool.HikariPool.throwPoolInitializationException(HikariPool.java:589)
[11/10/23 21:18:57:775 UTC] ERROR db.TomcatDataSourceStrategy: ---------- Error getting dbconnection jdbc/dotCMSPool from context.xml
javax.naming.NoInitialContextException: Need to specify class name in environment or system property, or in an application resource file: java.naming.factory.initial
	at javax.naming.spi.NamingManager.getInitialContext(NamingManager.java:702) ~[?:?]
	at javax.naming.InitialContext.getDefaultInitCtx(InitialContext.java:305) ~[?:?]
	at javax.naming.InitialContext.getURLOrDefaultInitCtx(InitialContext.java:342) ~[?:?]
	at javax.naming.InitialContext.lookup(InitialContext.java:409) ~[?:?]
	at com.liferay.util.JNDIUtil.lookup(JNDIUtil.java:88) ~[main/:?]
	at com.dotmarketing.db.TomcatDataSourceStrategy.apply(TomcatDataSourceStrategy.java:36) ~[main/:?]
	at com.dotmarketing.db.DataSourceStrategyProvider.get(DataSourceStrategyProvider.java:108) ~[main/:?]
	at com.dotmarketing.db.DbConnectionFactory.getDataSource(DbConnectionFactory.java:116) ~[main/:?]
	at com.dotmarketing.db.DbConnectionFactory.getConnection(DbConnectionFactory.java:227) ~[main/:?]
	at com.dotmarketing.db.DbConnectionFactory.startTransactionIfNeeded(DbConnectionFactory.java:684) ~[main/:?]
	at com.dotmarketing.db.LocalTransaction.wrap(LocalTransaction.java:213) ~[main/:?]
	at com.dotcms.enterprise.license.LicenseManager$1.run(SourceFile:168) ~[ee-23.01.7.jar:?]
	at java.lang.Thread.run(Thread.java:829) [?:?]
[11/10/23 21:18:57:775 UTC] ERROR db.DbConnectionFactory: ---------- DBConnectionFactory: error getting dbconnection jdbc/dotCMSPool
com.dotmarketing.exception.DotRuntimeException: javax.naming.NoInitialContextException: Need to specify class name in environment or system property, or in an application resource file: java.naming.factory.initial
	at com.dotmarketing.db.TomcatDataSourceStrategy.apply(TomcatDataSourceStrategy.java:43) ~[main/:?]
	at com.dotmarketing.db.DataSourceStrategyProvider.get(DataSourceStrategyProvider.java:108) ~[main/:?]
	at com.dotmarketing.db.DbConnectionFactory.getDataSource(DbConnectionFactory.java:116) ~[main/:?]
	at com.dotmarketing.db.DbConnectionFactory.getConnection(DbConnectionFactory.java:227) ~[main/:?]
	at com.dotmarketing.db.DbConnectionFactory.startTransactionIfNeeded(DbConnectionFactory.java:684) ~[main/:?]
	at com.dotmarketing.db.LocalTransaction.wrap(LocalTransaction.java:213) ~[main/:?]
	at com.dotcms.enterprise.license.LicenseManager$1.run(SourceFile:168) ~[ee-23.01.7.jar:?]
	at java.lang.Thread.run(Thread.java:829) [?:?]
[11/10/23 21:18:57:776 UTC]  INFO util.Config: PROPS: java.util.LinkedList$ListItr@4d77a14d
[11/10/23 21:18:57:785 UTC]  INFO util.Config: ENVKEY: DOT_API_LOCATOR_IMPLEMENTATION
[11/10/23 21:18:57:785 UTC]  INFO util.Config: CONTAINS_ENVKEY: false
