[09/01/24 17:14:54:035 UTC]  INFO util.SystemProperties: Loading file:/build/src/core/dotCMS/build/resources/main/system.properties
[09/01/24 17:14:54:041 UTC]  INFO util.SystemProperties: Loading file:/build/src/core/dotCMS/build/resources/main/system-ext.properties
[09/01/24 17:14:54:058 UTC]  INFO util.SystemProperties: Loading file:/build/src/core/dotCMS/build/resources/main/system.properties
[09/01/24 17:14:54:058 UTC]  INFO util.SystemProperties: Loading file:/build/src/core/dotCMS/build/resources/main/system-ext.properties
[09/01/24 17:14:54:484 UTC]  INFO util.Config: Initializing properties reader.
[09/01/24 17:14:54:484 UTC]  INFO util.Config: Loading dotCMS [dotmarketing-config.properties] Properties...
[09/01/24 17:14:54:522 UTC]  INFO util.Config: dotCMS Properties [dotmarketing-config.properties] Loaded
[09/01/24 17:14:54:538 UTC]  INFO util.Config: Loading dotCMS [dotcms-config-cluster.properties] Properties...
[09/01/24 17:14:54:539 UTC]  INFO util.Config: dotCMS Properties [dotcms-config-cluster.properties] Loaded
[09/01/24 17:14:54:542 UTC]  INFO util.Config: Assigned default refresh: 5 minutes.
[09/01/24 17:14:54:548 UTC]  INFO business.CacheLocator: loading cache administrator: ChainableCacheAdministratorImpl
[09/01/24 17:14:54:638 UTC]  WARN hikari.HikariConfig: jdbc/dotCMSPool - idleTimeout is close to or more than maxLifetime, disabling it.
[09/01/24 17:14:54:639 UTC]  INFO hikari.HikariDataSource: jdbc/dotCMSPool - Starting...
[09/01/24 17:14:54:875 UTC]  INFO hikari.HikariDataSource: jdbc/dotCMSPool - Start completed.
[09/01/24 17:14:54:875 UTC]  INFO db.DataSourceStrategyProvider: Datasource loaded using custom class com.dotcms.util.TestDataSourceProvider
[09/01/24 17:14:54:896 UTC]  WARN lang.System: No Valid License Found : /custom/dotsecure/license/license.dat
[09/01/24 17:14:54:896 UTC]  INFO enterprise.LicenseUtil: Setting up default license
[09/01/24 17:14:54:899 UTC]  INFO caffine.CaffineCache: ***	 Cache Config Memory : default: 1000
[09/01/24 17:14:54:899 UTC]  INFO caffine.CaffineCache: ***	 Cache Config Memory : adminconfigpool: 100
[09/01/24 17:14:54:899 UTC]  INFO caffine.CaffineCache: ***	 Cache Config Memory : companypool: 10
[09/01/24 17:14:54:899 UTC]  INFO caffine.CaffineCache: ***	 Cache Config Memory : contentletcache: 5000
[09/01/24 17:14:54:899 UTC]  INFO caffine.CaffineCache: ***	 Cache Config Memory : csscache: 2500
[09/01/24 17:14:54:899 UTC]  INFO caffine.CaffineCache: ***	 Cache Config Memory : fileassetmetadatacache: 200
[09/01/24 17:14:54:899 UTC]  INFO caffine.CaffineCache: ***	 Cache Config Memory : identifiercache: 50000
[09/01/24 17:14:54:899 UTC]  INFO caffine.CaffineCache: ***	 Cache Config Memory : indiciescache: 8
[09/01/24 17:14:54:900 UTC]  INFO caffine.CaffineCache: ***	 Cache Config Memory : logmappercache: 10
[09/01/24 17:14:54:900 UTC]  INFO caffine.CaffineCache: ***	 Cache Config Memory : navcache: 1000
[09/01/24 17:14:54:900 UTC]  INFO caffine.CaffineCache: ***	 Cache Config Memory : parentpermissionablecache: 10000
[09/01/24 17:14:54:900 UTC]  INFO caffine.CaffineCache: ***	 Cache Config Memory : permissioncache: 50000
[09/01/24 17:14:54:900 UTC]  INFO caffine.CaffineCache: ***	 Cache Config Memory : portletpool: 100
[09/01/24 17:14:54:900 UTC]  INFO caffine.CaffineCache: ***	 Cache Config Memory : publishingendpointcache: 100
[09/01/24 17:14:54:900 UTC]  INFO caffine.CaffineCache: ***	 Cache Config Memory : pushedassetscache: 5000
[09/01/24 17:14:54:900 UTC]  INFO caffine.CaffineCache: ***	 Cache Config Memory : structurecache: 500
[09/01/24 17:14:54:901 UTC]  INFO caffine.CaffineCache: ***	 Cache Config Memory : templatecache: 500
[09/01/24 17:14:54:901 UTC]  INFO caffine.CaffineCache: ***	 Cache Config Memory : translatedquerycache: 5000
[09/01/24 17:14:54:901 UTC]  INFO caffine.CaffineCache: ***	 Cache Config Memory : versioncache: 50000
[09/01/24 17:14:54:901 UTC]  INFO caffine.CaffineCache: ***	 Cache Config Memory : versioninfocache: 50000
[09/01/24 17:14:54:901 UTC]  INFO caffine.CaffineCache: ***	 Cache Config Memory : workflowactioncache: 10000
[09/01/24 17:14:54:901 UTC]  INFO caffine.CaffineCache: ***	 Cache Config Memory : workflowtaskcache: 10000
[09/01/24 17:14:54:901 UTC]  INFO caffine.CaffineCache: ***	 Cache Config Memory : shorty: 25000
[09/01/24 17:14:54:902 UTC]  INFO caffine.CaffineCache: ***	 Cache Config Memory : identifier404cache: 5000
[09/01/24 17:14:54:902 UTC]  INFO caffine.CaffineCache: ***	 Cache Config Memory : velocitycache: 1000
[09/01/24 17:14:54:902 UTC]  INFO caffine.CaffineCache: ***	 Cache Config Memory : vanityurlcache: 1000
[09/01/24 17:14:54:902 UTC]  INFO caffine.CaffineCache: ***	 Cache Config Memory : cachedvanityurlgroup: 1000
[09/01/24 17:14:54:911 UTC]  INFO util.StartupTasksUtil: Starting startup tasks.
[09/01/24 17:14:54:922 UTC]  INFO cfg.Environment: Hibernate 2.1.8
[09/01/24 17:14:54:923 UTC]  INFO cfg.Environment: hibernate.properties not found
[09/01/24 17:14:54:923 UTC]  INFO cfg.Environment: using CGLIB reflection optimizer
[09/01/24 17:14:54:923 UTC]  INFO cfg.Environment: using JDK 1.4 java.sql.Timestamp handling
[09/01/24 17:14:54:924 UTC]  INFO cfg.Configuration: configuring from resource: /hibernate.cfg.xml
[09/01/24 17:14:54:924 UTC]  INFO cfg.Configuration: Configuration resource: /hibernate.cfg.xml
[09/01/24 17:14:54:957 UTC]  INFO cfg.Configuration: Configured SessionFactory: null
[09/01/24 17:14:54:962 UTC]  INFO cfg.Configuration: Mapping resource: META-INF/portal-hbm.xml
[09/01/24 17:14:55:011 UTC]  INFO cfg.Binder: Mapping class: com.liferay.portal.ejb.AddressHBM -> Address
[09/01/24 17:14:55:043 UTC]  INFO cfg.Binder: Mapping class: com.liferay.portal.ejb.CompanyHBM -> Company
[09/01/24 17:14:55:044 UTC]  INFO cfg.Binder: Mapping class: com.liferay.portal.ejb.ImageHBM -> Image
[09/01/24 17:14:55:045 UTC]  INFO cfg.Binder: Mapping class: com.liferay.portal.ejb.PasswordTrackerHBM -> PasswordTracker
[09/01/24 17:14:55:046 UTC]  INFO cfg.Binder: Mapping class: com.liferay.portal.ejb.UserHBM -> User_
[09/01/24 17:14:55:048 UTC]  INFO cfg.Binder: Mapping class: com.liferay.portal.ejb.UserTrackerHBM -> UserTracker
[09/01/24 17:14:55:049 UTC]  INFO cfg.Binder: Mapping class: com.liferay.portal.ejb.UserTrackerPathHBM -> UserTrackerPath
[09/01/24 17:14:55:049 UTC]  INFO cfg.Binder: Mapping class: com.liferay.portlet.admin.ejb.AdminConfigHBM -> AdminConfig
[09/01/24 17:14:55:056 UTC]  INFO cfg.Configuration: Mapping resource: com/dotmarketing/beans/DotCMSSeq.hbm.xml
[09/01/24 17:14:55:096 UTC]  INFO cfg.Binder: Mapping class: com.dotmarketing.beans.Inode -> inode
[09/01/24 17:14:55:109 UTC]  INFO cfg.Binder: Mapping joined-subclass: com.dotmarketing.portlets.containers.model.Container -> dot_containers
[09/01/24 17:14:55:111 UTC]  INFO cfg.Binder: Mapping joined-subclass: com.dotmarketing.portlets.folders.model.Folder -> folder
[09/01/24 17:14:55:112 UTC]  INFO cfg.Binder: Mapping joined-subclass: com.dotmarketing.portlets.links.model.Link -> links
[09/01/24 17:14:55:113 UTC]  INFO cfg.Binder: Mapping joined-subclass: com.dotmarketing.portlets.structure.model.Field -> field
[09/01/24 17:14:55:113 UTC]  INFO cfg.Binder: Mapping class: com.dotmarketing.portlets.workflows.model.WorkflowTask -> workflow_task
[09/01/24 17:14:55:114 UTC]  INFO cfg.Binder: Mapping class: com.dotmarketing.portlets.workflows.model.WorkflowComment -> workflow_comment
[09/01/24 17:14:55:114 UTC]  INFO cfg.Binder: Mapping class: com.dotmarketing.portlets.workflows.model.WorkflowHistory -> workflow_history
[09/01/24 17:14:55:115 UTC]  INFO cfg.Binder: Mapping class: com.dotmarketing.portlets.workflows.model.WorkFlowTaskFiles -> workflowtask_files
[09/01/24 17:14:55:115 UTC]  INFO cfg.Binder: Mapping class: com.dotmarketing.beans.Permission -> permission
[09/01/24 17:14:55:116 UTC]  INFO cfg.Binder: Mapping class: com.dotmarketing.beans.PermissionReference -> permission_reference
[09/01/24 17:14:55:116 UTC]  INFO cfg.Binder: Mapping class: com.dotmarketing.beans.Tree -> tree
[09/01/24 17:14:55:181 UTC]  INFO cfg.Binder: Mapping class: com.dotmarketing.beans.MultiTree -> multi_tree
[09/01/24 17:14:55:189 UTC]  INFO util.ReflectHelper: reflection optimizer disabled for: com.dotmarketing.beans.MultiTree, IllegalStateException: Unable to load cache item
[09/01/24 17:14:55:189 UTC]  INFO cfg.Binder: Mapping class: com.dotmarketing.beans.Clickstream -> clickstream
[09/01/24 17:14:55:194 UTC]  INFO cfg.Binder: Mapping class: com.dotmarketing.beans.ClickstreamRequest -> clickstream_request
[09/01/24 17:14:55:194 UTC]  INFO cfg.Binder: Mapping class: com.dotmarketing.beans.Clickstream404 -> clickstream_404
[09/01/24 17:14:55:195 UTC]  INFO cfg.Binder: Mapping class: com.dotmarketing.tag.model.Tag -> tag
[09/01/24 17:14:55:195 UTC]  INFO cfg.Binder: Mapping class: com.dotmarketing.tag.model.TagInode -> tag_inode
[09/01/24 17:14:55:199 UTC]  INFO cfg.Binder: Mapping class: com.dotmarketing.beans.ChallengeQuestion -> challenge_question
[09/01/24 17:14:55:200 UTC]  INFO cfg.Binder: Mapping class: com.dotmarketing.beans.UsersToDelete -> users_to_delete
[09/01/24 17:14:55:200 UTC]  INFO cfg.Binder: Mapping class: com.dotmarketing.plugin.model.Plugin -> plugin
[09/01/24 17:14:55:200 UTC]  INFO cfg.Binder: Mapping class: com.dotmarketing.business.Role -> cms_role
[09/01/24 17:14:55:201 UTC]  INFO cfg.Binder: Mapping class: com.dotmarketing.business.UsersRoles -> users_cms_roles
[09/01/24 17:14:55:201 UTC]  INFO cfg.Binder: Mapping class: com.dotmarketing.business.LayoutsRoles -> layouts_cms_roles
[09/01/24 17:14:55:201 UTC]  INFO cfg.Binder: Mapping class: com.dotmarketing.business.Layout -> cms_layout
[09/01/24 17:14:55:202 UTC]  INFO cfg.Binder: Mapping class: com.dotmarketing.business.PortletsLayouts -> cms_layouts_portlets
[09/01/24 17:14:55:202 UTC]  INFO cfg.Binder: Mapping class: com.dotmarketing.portlets.hostvariable.model.HostVariable -> host_variable
[09/01/24 17:14:55:203 UTC]  INFO cfg.Binder: Mapping class: com.dotmarketing.beans.FixAudit -> fixes_audit
[09/01/24 17:14:55:203 UTC]  INFO cfg.Binder: Mapping class: com.dotmarketing.beans.ContainerStructure -> container_structures
[09/01/24 17:14:55:203 UTC]  INFO cfg.Binder: Mapping class: com.dotmarketing.portlets.templates.model.TemplateVersionInfo -> template_version_info
[09/01/24 17:14:55:204 UTC]  INFO cfg.Binder: Mapping class: com.dotmarketing.portlets.containers.model.ContainerVersionInfo -> container_version_info
[09/01/24 17:14:55:204 UTC]  INFO cfg.Binder: Mapping class: com.dotmarketing.portlets.links.model.LinkVersionInfo -> link_version_info
[09/01/24 17:14:55:204 UTC]  INFO cfg.Configuration: Mapping resource: com/dotmarketing/beans/DotCMSSeq_NOSQLGEN.hbm.xml
[09/01/24 17:14:55:215 UTC]  INFO cfg.Binder: Mapping class: com.dotmarketing.plugin.model.PluginProperty -> plugin_property
[09/01/24 17:14:55:221 UTC]  INFO cfg.Configuration: processing one-to-many association mappings
[09/01/24 17:14:55:221 UTC]  INFO cfg.Binder: Mapping collection: com.dotmarketing.beans.Clickstream.clickstreamRequests -> clickstream_request
[09/01/24 17:14:55:221 UTC]  INFO cfg.Configuration: processing one-to-one association property references
[09/01/24 17:14:55:221 UTC]  INFO cfg.Configuration: processing foreign key constraints
[09/01/24 17:14:55:229 UTC]  INFO dialect.Dialect: Using dialect: com.dotcms.repackage.net.sf.hibernate.dialect.PostgreSQLDialect
[09/01/24 17:14:55:231 UTC]  INFO cfg.SettingsFactory: Use outer join fetching: true
[09/01/24 17:14:55:232 UTC]  WARN connection.UserSuppliedConnectionProvider: No connection properties specified - the user must supply JDBC connections
[09/01/24 17:14:55:234 UTC]  INFO transaction.TransactionManagerLookupFactory: No TransactionManagerLookup configured (in JTA environment, use of process level read-write cache is not recommended)
[09/01/24 17:14:55:234 UTC]  INFO cfg.SettingsFactory: Use scrollable result sets: true
[09/01/24 17:14:55:234 UTC]  INFO cfg.SettingsFactory: Use JDBC3 getGeneratedKeys(): false
[09/01/24 17:14:55:235 UTC]  INFO cfg.SettingsFactory: Optimize cache for minimal puts: false
[09/01/24 17:14:55:235 UTC]  INFO cfg.SettingsFactory: Query language substitutions: {}
[09/01/24 17:14:55:235 UTC]  INFO cfg.SettingsFactory: cache provider: com.dotmarketing.db.NoCacheProvider
[09/01/24 17:14:55:236 UTC]  INFO cfg.Configuration: instantiating and configuring caches
[09/01/24 17:14:55:244 UTC]  INFO impl.SessionFactoryImpl: building session factory
[09/01/24 17:14:55:323 UTC]  INFO util.ReflectHelper: reflection optimizer disabled for: com.dotmarketing.beans.MultiTree, IllegalStateException: Unable to load cache item
[09/01/24 17:14:55:521 UTC]  INFO impl.SessionFactoryObjectFactory: Not binding factory to JNDI, no JNDI name configured
[09/01/24 17:14:55:541 UTC]  INFO runalways.Task00001LoadSchema: -------------------------------------------------------------------------------------
[09/01/24 17:14:55:541 UTC]  INFO runalways.Task00001LoadSchema: 
[09/01/24 17:14:55:541 UTC]  INFO runalways.Task00001LoadSchema: Empty dotCMS database found.  Loading initial dotCMS schema for PostgreSQL
[09/01/24 17:14:55:541 UTC]  INFO runalways.Task00001LoadSchema: 
[09/01/24 17:14:55:541 UTC]  INFO runalways.Task00001LoadSchema: -------------------------------------------------------------------------------------
[09/01/24 17:14:55:542 UTC]  INFO util.StartupTasksUtil: Running: Task00001LoadSchema
[09/01/24 17:14:55:542 UTC]  INFO runalways.Task00001LoadSchema: Loading schema
[09/01/24 17:14:55:593 UTC]  INFO db.DotConnect: Executing create table Address (
	addressId varchar(100) not null primary key,
	companyId varchar(100) not null,
	userId varchar(100) not null,
	userName varchar(100) null,
	createDate timestamptz null,
	modifiedDate timestamptz null,
	className varchar(100) null,
	classPK varchar(100) null,
	description varchar(100) null,
	street1 varchar(100) null,
	street2 varchar(100) null,
	city varchar(100) null,
	state varchar(100) null,
	zip varchar(100) null,
	country varchar(100) null,
	phone varchar(100) null,
	fax varchar(100) null,
	cell varchar(100) null,
	priority integer
)
[09/01/24 17:14:55:598 UTC]  INFO db.DotConnect: Finished Executing create table Address (
	addressId varchar(100) not null primary key,
	companyId varchar(100) not null,
	userId varchar(100) not null,
	userName varchar(100) null,
	createDate timestamptz null,
	modifiedDate timestamptz null,
	className varchar(100) null,
	classPK varchar(100) null,
	description varchar(100) null,
	street1 varchar(100) null,
	street2 varchar(100) null,
	city varchar(100) null,
	state varchar(100) null,
	zip varchar(100) null,
	country varchar(100) null,
	phone varchar(100) null,
	fax varchar(100) null,
	cell varchar(100) null,
	priority integer
)
[09/01/24 17:14:55:599 UTC]  INFO db.DotConnect: Executing create table AdminConfig (
	configId varchar(100) not null primary key,
	companyId varchar(100) not null,
	type_ varchar(100) null,
	name varchar(100) null,
	config text null
)
[09/01/24 17:14:55:600 UTC]  INFO db.DotConnect: Finished Executing create table AdminConfig (
	configId varchar(100) not null primary key,
	companyId varchar(100) not null,
	type_ varchar(100) null,
	name varchar(100) null,
	config text null
)
[09/01/24 17:14:55:602 UTC]  INFO db.DotConnect: Executing create table Company (
	companyId varchar(100) not null primary key,
	key_ text null,
	portalURL varchar(100) not null,
	homeURL varchar(100) not null,
	mx varchar(100) default 'dotcms.com',
	name varchar(100) not null,
	shortName varchar(100) not null,
	type_ varchar(100) null,
	size_ varchar(100) null,
	street varchar(100) null,
	city varchar(100) null,
	state varchar(100) null,
	zip varchar(100) null,
	phone varchar(100) null,
	fax varchar(100) null,
	emailAddress varchar(100) null,
	authType varchar(100) null,
	autoLogin bool,
	strangers bool,
    default_language_id int8 null
)
[09/01/24 17:14:55:605 UTC]  INFO db.DotConnect: Finished Executing create table Company (
	companyId varchar(100) not null primary key,
	key_ text null,
	portalURL varchar(100) not null,
	homeURL varchar(100) not null,
	mx varchar(100) default 'dotcms.com',
	name varchar(100) not null,
	shortName varchar(100) not null,
	type_ varchar(100) null,
	size_ varchar(100) null,
	street varchar(100) null,
	city varchar(100) null,
	state varchar(100) null,
	zip varchar(100) null,
	phone varchar(100) null,
	fax varchar(100) null,
	emailAddress varchar(100) null,
	authType varchar(100) null,
	autoLogin bool,
	strangers bool,
    default_language_id int8 null
)
[09/01/24 17:14:55:606 UTC]  INFO db.DotConnect: Executing create table Counter (
	name varchar(100) not null primary key,
	currentId integer
)
[09/01/24 17:14:55:607 UTC]  INFO db.DotConnect: Finished Executing create table Counter (
	name varchar(100) not null primary key,
	currentId integer
)
[09/01/24 17:14:55:607 UTC]  INFO db.DotConnect: Executing create table Image (
	imageId varchar(200) not null primary key,
	text_ text not null
)
[09/01/24 17:14:55:608 UTC]  INFO db.DotConnect: Finished Executing create table Image (
	imageId varchar(200) not null primary key,
	text_ text not null
)
[09/01/24 17:14:55:609 UTC]  INFO db.DotConnect: Executing create table PasswordTracker (
	passwordTrackerId varchar(100) not null primary key,
	userId varchar(100) not null,
	createDate timestamptz not null,
	password_ varchar(100) not null
)
[09/01/24 17:14:55:609 UTC]  INFO db.DotConnect: Finished Executing create table PasswordTracker (
	passwordTrackerId varchar(100) not null primary key,
	userId varchar(100) not null,
	createDate timestamptz not null,
	password_ varchar(100) not null
)
[09/01/24 17:14:55:609 UTC]  INFO db.DotConnect: Executing create table PollsChoice (
	choiceId varchar(100) not null,
	questionId varchar(100) not null,
	description text null,
	primary key (choiceId, questionId)
)
[09/01/24 17:14:55:611 UTC]  INFO db.DotConnect: Finished Executing create table PollsChoice (
	choiceId varchar(100) not null,
	questionId varchar(100) not null,
	description text null,
	primary key (choiceId, questionId)
)
[09/01/24 17:14:55:611 UTC]  INFO db.DotConnect: Executing create table PollsDisplay (
	layoutId varchar(100) not null,
	userId varchar(100) not null,
	portletId varchar(100) not null,
	questionId varchar(100) not null,
	primary key (layoutId, userId, portletId)
)
[09/01/24 17:14:55:612 UTC]  INFO db.DotConnect: Finished Executing create table PollsDisplay (
	layoutId varchar(100) not null,
	userId varchar(100) not null,
	portletId varchar(100) not null,
	questionId varchar(100) not null,
	primary key (layoutId, userId, portletId)
)
[09/01/24 17:14:55:612 UTC]  INFO db.DotConnect: Executing create table PollsQuestion (
	questionId varchar(100) not null primary key,
	portletId varchar(100) not null,
	groupId varchar(100) not null,
	companyId varchar(100) not null,
	userId varchar(100) not null,
	userName varchar(100) null,
	createDate timestamptz null,
	modifiedDate timestamptz null,
	title varchar(100) null,
	description text null,
	expirationDate timestamptz null,
	lastVoteDate timestamptz null
)
[09/01/24 17:14:55:614 UTC]  INFO db.DotConnect: Finished Executing create table PollsQuestion (
	questionId varchar(100) not null primary key,
	portletId varchar(100) not null,
	groupId varchar(100) not null,
	companyId varchar(100) not null,
	userId varchar(100) not null,
	userName varchar(100) null,
	createDate timestamptz null,
	modifiedDate timestamptz null,
	title varchar(100) null,
	description text null,
	expirationDate timestamptz null,
	lastVoteDate timestamptz null
)
[09/01/24 17:14:55:614 UTC]  INFO db.DotConnect: Executing create table PollsVote (
	questionId varchar(100) not null,
	userId varchar(100) not null,
	choiceId varchar(100) not null,
	voteDate timestamptz null,
	primary key (questionId, userId)
)
[09/01/24 17:14:55:615 UTC]  INFO db.DotConnect: Finished Executing create table PollsVote (
	questionId varchar(100) not null,
	userId varchar(100) not null,
	choiceId varchar(100) not null,
	voteDate timestamptz null,
	primary key (questionId, userId)
)
[09/01/24 17:14:55:615 UTC]  INFO db.DotConnect: Executing create table Portlet (
	portletId varchar(100) not null,
	groupId varchar(100) not null,
	companyId varchar(100) not null,
	defaultPreferences text null,
	narrow bool,
	roles text null,
	active_ bool,
	primary key (portletId, groupId, companyId)
)
[09/01/24 17:14:55:617 UTC]  INFO db.DotConnect: Finished Executing create table Portlet (
	portletId varchar(100) not null,
	groupId varchar(100) not null,
	companyId varchar(100) not null,
	defaultPreferences text null,
	narrow bool,
	roles text null,
	active_ bool,
	primary key (portletId, groupId, companyId)
)
[09/01/24 17:14:55:617 UTC]  INFO db.DotConnect: Executing create table PortletPreferences (
	portletId varchar(100) not null,
	userId varchar(100) not null,
	layoutId varchar(100) not null,
	preferences text null,
	primary key (portletId, userId, layoutId)
)
[09/01/24 17:14:55:618 UTC]  INFO db.DotConnect: Finished Executing create table PortletPreferences (
	portletId varchar(100) not null,
	userId varchar(100) not null,
	layoutId varchar(100) not null,
	preferences text null,
	primary key (portletId, userId, layoutId)
)
[09/01/24 17:14:55:619 UTC]  INFO db.DotConnect: Executing create table Release_ (
	releaseId varchar(100) not null primary key,
	createDate timestamptz null,
	modifiedDate timestamptz null,
	buildNumber integer null,
	buildDate timestamptz null
)
[09/01/24 17:14:55:620 UTC]  INFO db.DotConnect: Finished Executing create table Release_ (
	releaseId varchar(100) not null primary key,
	createDate timestamptz null,
	modifiedDate timestamptz null,
	buildNumber integer null,
	buildDate timestamptz null
)
[09/01/24 17:14:55:620 UTC]  INFO db.DotConnect: Executing create table User_ (
	userId varchar(100) not null primary key,
	companyId varchar(100) not null,
	createDate timestamptz null,
	mod_date timestamptz null,
	password_ text null,
	passwordEncrypted bool,
	passwordExpirationDate timestamptz null,
	passwordReset bool,
	firstName varchar(100) null,
	middleName varchar(100) null,
	lastName varchar(100) null,
	nickName varchar(100) null,
	male bool,
	birthday timestamptz null,
	emailAddress varchar(100) null,
	smsId varchar(100) null,
	aimId varchar(100) null,
	icqId varchar(100) null,
	msnId varchar(100) null,
	ymId varchar(100) null,
	favoriteActivity varchar(100) null,
	favoriteBibleVerse varchar(100) null,
	favoriteFood varchar(100) null,
	favoriteMovie varchar(100) null,
	favoriteMusic varchar(100) null,
	languageId varchar(100) null,
	timeZoneId varchar(100) null,
	skinId varchar(100) null,
	dottedSkins bool,
	roundedSkins bool,
	greeting varchar(100) null,
	resolution varchar(100) null,
	refreshRate varchar(100) null,
	layoutIds varchar(100) null,
	comments text null,
	loginDate timestamptz null,
	loginIP varchar(100) null,
	lastLoginDate timestamptz null,
	lastLoginIP varchar(100) null,
	failedLoginAttempts integer,
	agreedToTermsOfUse bool,
	active_ bool,
    delete_in_progress BOOLEAN DEFAULT FALSE,
    delete_date timestamptz,
    additional_info JSONB NULL
)
[09/01/24 17:14:55:623 UTC]  INFO db.DotConnect: Finished Executing create table User_ (
	userId varchar(100) not null primary key,
	companyId varchar(100) not null,
	createDate timestamptz null,
	mod_date timestamptz null,
	password_ text null,
	passwordEncrypted bool,
	passwordExpirationDate timestamptz null,
	passwordReset bool,
	firstName varchar(100) null,
	middleName varchar(100) null,
	lastName varchar(100) null,
	nickName varchar(100) null,
	male bool,
	birthday timestamptz null,
	emailAddress varchar(100) null,
	smsId varchar(100) null,
	aimId varchar(100) null,
	icqId varchar(100) null,
	msnId varchar(100) null,
	ymId varchar(100) null,
	favoriteActivity varchar(100) null,
	favoriteBibleVerse varchar(100) null,
	favoriteFood varchar(100) null,
	favoriteMovie varchar(100) null,
	favoriteMusic varchar(100) null,
	languageId varchar(100) null,
	timeZoneId varchar(100) null,
	skinId varchar(100) null,
	dottedSkins bool,
	roundedSkins bool,
	greeting varchar(100) null,
	resolution varchar(100) null,
	refreshRate varchar(100) null,
	layoutIds varchar(100) null,
	comments text null,
	loginDate timestamptz null,
	loginIP varchar(100) null,
	lastLoginDate timestamptz null,
	lastLoginIP varchar(100) null,
	failedLoginAttempts integer,
	agreedToTermsOfUse bool,
	active_ bool,
    delete_in_progress BOOLEAN DEFAULT FALSE,
    delete_date timestamptz,
    additional_info JSONB NULL
)
[09/01/24 17:14:55:623 UTC]  INFO db.DotConnect: Executing create table UserTracker (
	userTrackerId varchar(100) not null primary key,
	companyId varchar(100) not null,
	userId varchar(100) not null,
	modifiedDate timestamptz null,
	remoteAddr varchar(100) null,
	remoteHost varchar(100) null,
	userAgent varchar(100) null
)
[09/01/24 17:14:55:625 UTC]  INFO db.DotConnect: Finished Executing create table UserTracker (
	userTrackerId varchar(100) not null primary key,
	companyId varchar(100) not null,
	userId varchar(100) not null,
	modifiedDate timestamptz null,
	remoteAddr varchar(100) null,
	remoteHost varchar(100) null,
	userAgent varchar(100) null
)
[09/01/24 17:14:55:625 UTC]  INFO db.DotConnect: Executing create table UserTrackerPath (
	userTrackerPathId varchar(100) not null primary key,
	userTrackerId varchar(100) not null,
	path text not null,
	pathDate timestamptz not null
)
[09/01/24 17:14:55:626 UTC]  INFO db.DotConnect: Finished Executing create table UserTrackerPath (
	userTrackerPathId varchar(100) not null primary key,
	userTrackerId varchar(100) not null,
	path text not null,
	pathDate timestamptz not null
)
[09/01/24 17:14:55:626 UTC]  INFO db.DotConnect: Executing insert into Counter values ('com.liferay.portal.model.Address', 10)
[09/01/24 17:14:55:627 UTC]  INFO db.DotConnect: Finished Executing insert into Counter values ('com.liferay.portal.model.Address', 10)
[09/01/24 17:14:55:627 UTC]  INFO db.DotConnect: Executing insert into Counter values ('com.liferay.portal.model.Role', 100)
[09/01/24 17:14:55:627 UTC]  INFO db.DotConnect: Finished Executing insert into Counter values ('com.liferay.portal.model.Role', 100)
[09/01/24 17:14:55:627 UTC]  INFO db.DotConnect: Executing insert into Counter values ('com.liferay.portal.model.User.liferay.com', 10)
[09/01/24 17:14:55:628 UTC]  INFO db.DotConnect: Finished Executing insert into Counter values ('com.liferay.portal.model.User.liferay.com', 10)
[09/01/24 17:14:55:628 UTC]  INFO db.DotConnect: Executing insert into Counter values ('com.liferay.portlet.polls.model.PollsQuestion', 10)
[09/01/24 17:14:55:628 UTC]  INFO db.DotConnect: Finished Executing insert into Counter values ('com.liferay.portlet.polls.model.PollsQuestion', 10)
[09/01/24 17:14:55:628 UTC]  INFO db.DotConnect: Executing insert into Company (companyId, portalURL, homeURL, mx, name, shortName, type_, size_, emailAddress, authType, autoLogin, strangers) values ('liferay.com', 'localhost', 'localhost', 'liferay.com', 'Liferay, LLC', 'Liferay', 'biz', '', 'test@liferay.com', 'emailAddress', 't', 't')
[09/01/24 17:14:55:629 UTC]  INFO db.DotConnect: Finished Executing insert into Company (companyId, portalURL, homeURL, mx, name, shortName, type_, size_, emailAddress, authType, autoLogin, strangers) values ('liferay.com', 'localhost', 'localhost', 'liferay.com', 'Liferay, LLC', 'Liferay', 'biz', '', 'test@liferay.com', 'emailAddress', 't', 't')
[09/01/24 17:14:55:629 UTC]  INFO db.DotConnect: Executing update Company set street = '1220 Brea Canyon Rd.', city = 'Diamond Bar', state = 'CA', zip = '91789' where companyId = 'liferay.com'
[09/01/24 17:14:55:630 UTC]  INFO db.DotConnect: Finished Executing update Company set street = '1220 Brea Canyon Rd.', city = 'Diamond Bar', state = 'CA', zip = '91789' where companyId = 'liferay.com'
[09/01/24 17:14:55:630 UTC]  INFO db.DotConnect: Executing insert into PollsDisplay (layoutId, userId, portletId, questionId) values ('1.1', 'group.1', '59', '1')
[09/01/24 17:14:55:631 UTC]  INFO db.DotConnect: Finished Executing insert into PollsDisplay (layoutId, userId, portletId, questionId) values ('1.1', 'group.1', '59', '1')
[09/01/24 17:14:55:631 UTC]  INFO db.DotConnect: Executing insert into PollsChoice (choiceId, questionId, description) values ('a', '1', 'Chocolate')
[09/01/24 17:14:55:631 UTC]  INFO db.DotConnect: Finished Executing insert into PollsChoice (choiceId, questionId, description) values ('a', '1', 'Chocolate')
[09/01/24 17:14:55:631 UTC]  INFO db.DotConnect: Executing insert into PollsChoice (choiceId, questionId, description) values ('b', '1', 'Strawberry')
[09/01/24 17:14:55:632 UTC]  INFO db.DotConnect: Finished Executing insert into PollsChoice (choiceId, questionId, description) values ('b', '1', 'Strawberry')
[09/01/24 17:14:55:632 UTC]  INFO db.DotConnect: Executing insert into PollsChoice (choiceId, questionId, description) values ('c', '1', 'Vanilla')
[09/01/24 17:14:55:632 UTC]  INFO db.DotConnect: Finished Executing insert into PollsChoice (choiceId, questionId, description) values ('c', '1', 'Vanilla')
[09/01/24 17:14:55:632 UTC]  INFO db.DotConnect: Executing insert into PollsQuestion (questionId, portletId, groupId, companyId, userId, userName, createDate, modifiedDate, title, description) values ('1', '25', '-1', 'liferay.com', 'liferay.com.1', 'John Wayne', current_timestamp, current_timestamp, 'What is your favorite ice cream flavor?', 'What is your favorite ice cream flavor?')
[09/01/24 17:14:55:633 UTC]  INFO db.DotConnect: Finished Executing insert into PollsQuestion (questionId, portletId, groupId, companyId, userId, userName, createDate, modifiedDate, title, description) values ('1', '25', '-1', 'liferay.com', 'liferay.com.1', 'John Wayne', current_timestamp, current_timestamp, 'What is your favorite ice cream flavor?', 'What is your favorite ice cream flavor?')
[09/01/24 17:14:55:633 UTC]  INFO db.DotConnect: Executing insert into User_ (userId, companyId, createDate, password_, passwordEncrypted, passwordReset, firstName, middleName, lastName, male, birthday, emailAddress, skinId, dottedSkins, roundedSkins, greeting, layoutIds, loginDate, failedLoginAttempts, agreedToTermsOfUse, active_) values ('liferay.com.default', 'default', current_timestamp, 'password', 'f', 'f', '', '', '', 't', '01/01/1970', 'default@liferay.com', '01', 'f', 'f', 'Welcome!', '', current_timestamp, 0, 'f', 't')
[09/01/24 17:14:55:634 UTC]  INFO db.DotConnect: Finished Executing insert into User_ (userId, companyId, createDate, password_, passwordEncrypted, passwordReset, firstName, middleName, lastName, male, birthday, emailAddress, skinId, dottedSkins, roundedSkins, greeting, layoutIds, loginDate, failedLoginAttempts, agreedToTermsOfUse, active_) values ('liferay.com.default', 'default', current_timestamp, 'password', 'f', 'f', '', '', '', 't', '01/01/1970', 'default@liferay.com', '01', 'f', 'f', 'Welcome!', '', current_timestamp, 0, 'f', 't')
[09/01/24 17:14:55:634 UTC]  INFO db.DotConnect: Executing insert into User_ (userId, companyId, createDate, password_, passwordEncrypted, passwordReset, firstName, middleName, lastName, nickName, male, birthday, emailAddress, skinId, dottedSkins, roundedSkins, greeting, layoutIds, loginDate, failedLoginAttempts, agreedToTermsOfUse, active_) values ('liferay.com.1', 'liferay.com', current_timestamp, 'test', 'f', 'f', 'John', '', 'Wayne', 'Duke', 't', '01/01/1970', 'test@liferay.com', '01', 'f', 't', 'Welcome John Wayne!', '1,', current_timestamp, 0, 't', 't')
[09/01/24 17:14:55:634 UTC]  INFO db.DotConnect: Finished Executing insert into User_ (userId, companyId, createDate, password_, passwordEncrypted, passwordReset, firstName, middleName, lastName, nickName, male, birthday, emailAddress, skinId, dottedSkins, roundedSkins, greeting, layoutIds, loginDate, failedLoginAttempts, agreedToTermsOfUse, active_) values ('liferay.com.1', 'liferay.com', current_timestamp, 'test', 'f', 'f', 'John', '', 'Wayne', 'Duke', 't', '01/01/1970', 'test@liferay.com', '01', 'f', 't', 'Welcome John Wayne!', '1,', current_timestamp, 0, 't', 't')
[09/01/24 17:14:55:635 UTC]  INFO db.DotConnect: Executing CREATE TABLE qrtz_job_details
  (
    JOB_NAME  VARCHAR(80) NOT NULL,
    JOB_GROUP VARCHAR(80) NOT NULL,
    DESCRIPTION VARCHAR(120) NULL,
    JOB_CLASS_NAME   VARCHAR(128) NOT NULL,
    IS_DURABLE BOOL NOT NULL,
    IS_VOLATILE BOOL NOT NULL,
    IS_STATEFUL BOOL NOT NULL,
    REQUESTS_RECOVERY BOOL NOT NULL,
    JOB_DATA BYTEA NULL,
    PRIMARY KEY (JOB_NAME,JOB_GROUP)
)
[09/01/24 17:14:55:637 UTC]  INFO db.DotConnect: Finished Executing CREATE TABLE qrtz_job_details
  (
    JOB_NAME  VARCHAR(80) NOT NULL,
    JOB_GROUP VARCHAR(80) NOT NULL,
    DESCRIPTION VARCHAR(120) NULL,
    JOB_CLASS_NAME   VARCHAR(128) NOT NULL,
    IS_DURABLE BOOL NOT NULL,
    IS_VOLATILE BOOL NOT NULL,
    IS_STATEFUL BOOL NOT NULL,
    REQUESTS_RECOVERY BOOL NOT NULL,
    JOB_DATA BYTEA NULL,
    PRIMARY KEY (JOB_NAME,JOB_GROUP)
)
[09/01/24 17:14:55:637 UTC]  INFO db.DotConnect: Executing CREATE TABLE qrtz_job_listeners
  (
    JOB_NAME  VARCHAR(80) NOT NULL,
    JOB_GROUP VARCHAR(80) NOT NULL,
    JOB_LISTENER VARCHAR(80) NOT NULL,
    PRIMARY KEY (JOB_NAME,JOB_GROUP,JOB_LISTENER),
    FOREIGN KEY (JOB_NAME,JOB_GROUP)
	REFERENCES QRTZ_JOB_DETAILS(JOB_NAME,JOB_GROUP)
)
[09/01/24 17:14:55:639 UTC]  INFO db.DotConnect: Finished Executing CREATE TABLE qrtz_job_listeners
  (
    JOB_NAME  VARCHAR(80) NOT NULL,
    JOB_GROUP VARCHAR(80) NOT NULL,
    JOB_LISTENER VARCHAR(80) NOT NULL,
    PRIMARY KEY (JOB_NAME,JOB_GROUP,JOB_LISTENER),
    FOREIGN KEY (JOB_NAME,JOB_GROUP)
	REFERENCES QRTZ_JOB_DETAILS(JOB_NAME,JOB_GROUP)
)
[09/01/24 17:14:55:639 UTC]  INFO db.DotConnect: Executing CREATE TABLE qrtz_triggers
  (
    TRIGGER_NAME VARCHAR(80) NOT NULL,
    TRIGGER_GROUP VARCHAR(80) NOT NULL,
    JOB_NAME  VARCHAR(80) NOT NULL,
    JOB_GROUP VARCHAR(80) NOT NULL,
    IS_VOLATILE BOOL NOT NULL,
    DESCRIPTION VARCHAR(120) NULL,
    NEXT_FIRE_TIME BIGINT NULL,
    PREV_FIRE_TIME BIGINT NULL,
    PRIORITY INTEGER NULL,
    TRIGGER_STATE VARCHAR(16) NOT NULL,
    TRIGGER_TYPE VARCHAR(8) NOT NULL,
    START_TIME BIGINT NOT NULL,
    END_TIME BIGINT NULL,
    CALENDAR_NAME VARCHAR(80) NULL,
    MISFIRE_INSTR SMALLINT NULL,
    JOB_DATA BYTEA NULL,
    PRIMARY KEY (TRIGGER_NAME,TRIGGER_GROUP),
    FOREIGN KEY (JOB_NAME,JOB_GROUP)
	REFERENCES QRTZ_JOB_DETAILS(JOB_NAME,JOB_GROUP)
)
[09/01/24 17:14:55:641 UTC]  INFO db.DotConnect: Finished Executing CREATE TABLE qrtz_triggers
  (
    TRIGGER_NAME VARCHAR(80) NOT NULL,
    TRIGGER_GROUP VARCHAR(80) NOT NULL,
    JOB_NAME  VARCHAR(80) NOT NULL,
    JOB_GROUP VARCHAR(80) NOT NULL,
    IS_VOLATILE BOOL NOT NULL,
    DESCRIPTION VARCHAR(120) NULL,
    NEXT_FIRE_TIME BIGINT NULL,
    PREV_FIRE_TIME BIGINT NULL,
    PRIORITY INTEGER NULL,
    TRIGGER_STATE VARCHAR(16) NOT NULL,
    TRIGGER_TYPE VARCHAR(8) NOT NULL,
    START_TIME BIGINT NOT NULL,
    END_TIME BIGINT NULL,
    CALENDAR_NAME VARCHAR(80) NULL,
    MISFIRE_INSTR SMALLINT NULL,
    JOB_DATA BYTEA NULL,
    PRIMARY KEY (TRIGGER_NAME,TRIGGER_GROUP),
    FOREIGN KEY (JOB_NAME,JOB_GROUP)
	REFERENCES QRTZ_JOB_DETAILS(JOB_NAME,JOB_GROUP)
)
[09/01/24 17:14:55:642 UTC]  INFO db.DotConnect: Executing CREATE TABLE qrtz_simple_triggers
  (
    TRIGGER_NAME VARCHAR(80) NOT NULL,
    TRIGGER_GROUP VARCHAR(80) NOT NULL,
    REPEAT_COUNT BIGINT NOT NULL,
    REPEAT_INTERVAL BIGINT NOT NULL,
    TIMES_TRIGGERED BIGINT NOT NULL,
    PRIMARY KEY (TRIGGER_NAME,TRIGGER_GROUP),
    FOREIGN KEY (TRIGGER_NAME,TRIGGER_GROUP)
	REFERENCES QRTZ_TRIGGERS(TRIGGER_NAME,TRIGGER_GROUP)
)
[09/01/24 17:14:55:644 UTC]  INFO db.DotConnect: Finished Executing CREATE TABLE qrtz_simple_triggers
  (
    TRIGGER_NAME VARCHAR(80) NOT NULL,
    TRIGGER_GROUP VARCHAR(80) NOT NULL,
    REPEAT_COUNT BIGINT NOT NULL,
    REPEAT_INTERVAL BIGINT NOT NULL,
    TIMES_TRIGGERED BIGINT NOT NULL,
    PRIMARY KEY (TRIGGER_NAME,TRIGGER_GROUP),
    FOREIGN KEY (TRIGGER_NAME,TRIGGER_GROUP)
	REFERENCES QRTZ_TRIGGERS(TRIGGER_NAME,TRIGGER_GROUP)
)
[09/01/24 17:14:55:644 UTC]  INFO db.DotConnect: Executing CREATE TABLE qrtz_cron_triggers
  (
    TRIGGER_NAME VARCHAR(80) NOT NULL,
    TRIGGER_GROUP VARCHAR(80) NOT NULL,
    CRON_EXPRESSION VARCHAR(80) NOT NULL,
    TIME_ZONE_ID VARCHAR(80),
    PRIMARY KEY (TRIGGER_NAME,TRIGGER_GROUP),
    FOREIGN KEY (TRIGGER_NAME,TRIGGER_GROUP)
	REFERENCES QRTZ_TRIGGERS(TRIGGER_NAME,TRIGGER_GROUP)
)
[09/01/24 17:14:55:645 UTC]  INFO db.DotConnect: Finished Executing CREATE TABLE qrtz_cron_triggers
  (
    TRIGGER_NAME VARCHAR(80) NOT NULL,
    TRIGGER_GROUP VARCHAR(80) NOT NULL,
    CRON_EXPRESSION VARCHAR(80) NOT NULL,
    TIME_ZONE_ID VARCHAR(80),
    PRIMARY KEY (TRIGGER_NAME,TRIGGER_GROUP),
    FOREIGN KEY (TRIGGER_NAME,TRIGGER_GROUP)
	REFERENCES QRTZ_TRIGGERS(TRIGGER_NAME,TRIGGER_GROUP)
)
[09/01/24 17:14:55:645 UTC]  INFO db.DotConnect: Executing CREATE TABLE qrtz_blob_triggers
  (
    TRIGGER_NAME VARCHAR(80) NOT NULL,
    TRIGGER_GROUP VARCHAR(80) NOT NULL,
    BLOB_DATA BYTEA NULL,
    PRIMARY KEY (TRIGGER_NAME,TRIGGER_GROUP),
    FOREIGN KEY (TRIGGER_NAME,TRIGGER_GROUP)
        REFERENCES QRTZ_TRIGGERS(TRIGGER_NAME,TRIGGER_GROUP)
)
[09/01/24 17:14:55:647 UTC]  INFO db.DotConnect: Finished Executing CREATE TABLE qrtz_blob_triggers
  (
    TRIGGER_NAME VARCHAR(80) NOT NULL,
    TRIGGER_GROUP VARCHAR(80) NOT NULL,
    BLOB_DATA BYTEA NULL,
    PRIMARY KEY (TRIGGER_NAME,TRIGGER_GROUP),
    FOREIGN KEY (TRIGGER_NAME,TRIGGER_GROUP)
        REFERENCES QRTZ_TRIGGERS(TRIGGER_NAME,TRIGGER_GROUP)
)
[09/01/24 17:14:55:648 UTC]  INFO db.DotConnect: Executing CREATE TABLE qrtz_trigger_listeners
  (
    TRIGGER_NAME  VARCHAR(80) NOT NULL,
    TRIGGER_GROUP VARCHAR(80) NOT NULL,
    TRIGGER_LISTENER VARCHAR(80) NOT NULL,
    PRIMARY KEY (TRIGGER_NAME,TRIGGER_GROUP,TRIGGER_LISTENER),
    FOREIGN KEY (TRIGGER_NAME,TRIGGER_GROUP)
	REFERENCES QRTZ_TRIGGERS(TRIGGER_NAME,TRIGGER_GROUP)
)
[09/01/24 17:14:55:649 UTC]  INFO db.DotConnect: Finished Executing CREATE TABLE qrtz_trigger_listeners
  (
    TRIGGER_NAME  VARCHAR(80) NOT NULL,
    TRIGGER_GROUP VARCHAR(80) NOT NULL,
    TRIGGER_LISTENER VARCHAR(80) NOT NULL,
    PRIMARY KEY (TRIGGER_NAME,TRIGGER_GROUP,TRIGGER_LISTENER),
    FOREIGN KEY (TRIGGER_NAME,TRIGGER_GROUP)
	REFERENCES QRTZ_TRIGGERS(TRIGGER_NAME,TRIGGER_GROUP)
)
[09/01/24 17:14:55:649 UTC]  INFO db.DotConnect: Executing CREATE TABLE qrtz_calendars
  (
    CALENDAR_NAME  VARCHAR(80) NOT NULL,
    CALENDAR BYTEA NOT NULL,
    PRIMARY KEY (CALENDAR_NAME)
)
[09/01/24 17:14:55:651 UTC]  INFO db.DotConnect: Finished Executing CREATE TABLE qrtz_calendars
  (
    CALENDAR_NAME  VARCHAR(80) NOT NULL,
    CALENDAR BYTEA NOT NULL,
    PRIMARY KEY (CALENDAR_NAME)
)
[09/01/24 17:14:55:651 UTC]  INFO db.DotConnect: Executing CREATE TABLE qrtz_paused_trigger_grps
  (
    TRIGGER_GROUP  VARCHAR(80) NOT NULL,
    PRIMARY KEY (TRIGGER_GROUP)
)
[09/01/24 17:14:55:652 UTC]  INFO db.DotConnect: Finished Executing CREATE TABLE qrtz_paused_trigger_grps
  (
    TRIGGER_GROUP  VARCHAR(80) NOT NULL,
    PRIMARY KEY (TRIGGER_GROUP)
)
[09/01/24 17:14:55:652 UTC]  INFO db.DotConnect: Executing CREATE TABLE qrtz_fired_triggers
  (
    ENTRY_ID VARCHAR(95) NOT NULL,
    TRIGGER_NAME VARCHAR(80) NOT NULL,
    TRIGGER_GROUP VARCHAR(80) NOT NULL,
    IS_VOLATILE BOOL NOT NULL,
    INSTANCE_NAME VARCHAR(80) NOT NULL,
    FIRED_TIME BIGINT NOT NULL,
    PRIORITY INTEGER NOT NULL,
    STATE VARCHAR(16) NOT NULL,
    JOB_NAME VARCHAR(80) NULL,
    JOB_GROUP VARCHAR(80) NULL,
    IS_STATEFUL BOOL NULL,
    REQUESTS_RECOVERY BOOL NULL,
    PRIMARY KEY (ENTRY_ID)
)
[09/01/24 17:14:55:653 UTC]  INFO db.DotConnect: Finished Executing CREATE TABLE qrtz_fired_triggers
  (
    ENTRY_ID VARCHAR(95) NOT NULL,
    TRIGGER_NAME VARCHAR(80) NOT NULL,
    TRIGGER_GROUP VARCHAR(80) NOT NULL,
    IS_VOLATILE BOOL NOT NULL,
    INSTANCE_NAME VARCHAR(80) NOT NULL,
    FIRED_TIME BIGINT NOT NULL,
    PRIORITY INTEGER NOT NULL,
    STATE VARCHAR(16) NOT NULL,
    JOB_NAME VARCHAR(80) NULL,
    JOB_GROUP VARCHAR(80) NULL,
    IS_STATEFUL BOOL NULL,
    REQUESTS_RECOVERY BOOL NULL,
    PRIMARY KEY (ENTRY_ID)
)
[09/01/24 17:14:55:654 UTC]  INFO db.DotConnect: Executing CREATE TABLE qrtz_scheduler_state
  (
    INSTANCE_NAME VARCHAR(80) NOT NULL,
    LAST_CHECKIN_TIME BIGINT NOT NULL,
    CHECKIN_INTERVAL BIGINT NOT NULL,
    PRIMARY KEY (INSTANCE_NAME)
)
[09/01/24 17:14:55:654 UTC]  INFO db.DotConnect: Finished Executing CREATE TABLE qrtz_scheduler_state
  (
    INSTANCE_NAME VARCHAR(80) NOT NULL,
    LAST_CHECKIN_TIME BIGINT NOT NULL,
    CHECKIN_INTERVAL BIGINT NOT NULL,
    PRIMARY KEY (INSTANCE_NAME)
)
[09/01/24 17:14:55:655 UTC]  INFO db.DotConnect: Executing CREATE TABLE qrtz_locks
  (
    LOCK_NAME  VARCHAR(40) NOT NULL,
    PRIMARY KEY (LOCK_NAME)
)
[09/01/24 17:14:55:655 UTC]  INFO db.DotConnect: Finished Executing CREATE TABLE qrtz_locks
  (
    LOCK_NAME  VARCHAR(40) NOT NULL,
    PRIMARY KEY (LOCK_NAME)
)
[09/01/24 17:14:55:655 UTC]  INFO db.DotConnect: Executing INSERT INTO qrtz_locks values('TRIGGER_ACCESS')
[09/01/24 17:14:55:656 UTC]  INFO db.DotConnect: Finished Executing INSERT INTO qrtz_locks values('TRIGGER_ACCESS')
[09/01/24 17:14:55:656 UTC]  INFO db.DotConnect: Executing INSERT INTO qrtz_locks values('JOB_ACCESS')
[09/01/24 17:14:55:656 UTC]  INFO db.DotConnect: Finished Executing INSERT INTO qrtz_locks values('JOB_ACCESS')
[09/01/24 17:14:55:656 UTC]  INFO db.DotConnect: Executing INSERT INTO qrtz_locks values('CALENDAR_ACCESS')
[09/01/24 17:14:55:656 UTC]  INFO db.DotConnect: Finished Executing INSERT INTO qrtz_locks values('CALENDAR_ACCESS')
[09/01/24 17:14:55:657 UTC]  INFO db.DotConnect: Executing INSERT INTO qrtz_locks values('STATE_ACCESS')
[09/01/24 17:14:55:657 UTC]  INFO db.DotConnect: Finished Executing INSERT INTO qrtz_locks values('STATE_ACCESS')
[09/01/24 17:14:55:657 UTC]  INFO db.DotConnect: Executing INSERT INTO qrtz_locks values('MISFIRE_ACCESS')
[09/01/24 17:14:55:657 UTC]  INFO db.DotConnect: Finished Executing INSERT INTO qrtz_locks values('MISFIRE_ACCESS')
[09/01/24 17:14:55:657 UTC]  INFO db.DotConnect: Executing CREATE TABLE QRTZ_EXCL_job_details
  (
    JOB_NAME  VARCHAR(80) NOT NULL,
    JOB_GROUP VARCHAR(80) NOT NULL,
    DESCRIPTION VARCHAR(120) NULL,
    JOB_CLASS_NAME   VARCHAR(128) NOT NULL,
    IS_DURABLE BOOL NOT NULL,
    IS_VOLATILE BOOL NOT NULL,
    IS_STATEFUL BOOL NOT NULL,
    REQUESTS_RECOVERY BOOL NOT NULL,
    JOB_DATA BYTEA NULL,
    PRIMARY KEY (JOB_NAME,JOB_GROUP)
)
[09/01/24 17:14:55:659 UTC]  INFO db.DotConnect: Finished Executing CREATE TABLE QRTZ_EXCL_job_details
  (
    JOB_NAME  VARCHAR(80) NOT NULL,
    JOB_GROUP VARCHAR(80) NOT NULL,
    DESCRIPTION VARCHAR(120) NULL,
    JOB_CLASS_NAME   VARCHAR(128) NOT NULL,
    IS_DURABLE BOOL NOT NULL,
    IS_VOLATILE BOOL NOT NULL,
    IS_STATEFUL BOOL NOT NULL,
    REQUESTS_RECOVERY BOOL NOT NULL,
    JOB_DATA BYTEA NULL,
    PRIMARY KEY (JOB_NAME,JOB_GROUP)
)
[09/01/24 17:14:55:659 UTC]  INFO db.DotConnect: Executing CREATE TABLE QRTZ_EXCL_job_listeners
  (
    JOB_NAME  VARCHAR(80) NOT NULL,
    JOB_GROUP VARCHAR(80) NOT NULL,
    JOB_LISTENER VARCHAR(80) NOT NULL,
    PRIMARY KEY (JOB_NAME,JOB_GROUP,JOB_LISTENER),
    FOREIGN KEY (JOB_NAME,JOB_GROUP)
	REFERENCES QRTZ_EXCL_JOB_DETAILS(JOB_NAME,JOB_GROUP)
)
[09/01/24 17:14:55:660 UTC]  INFO db.DotConnect: Finished Executing CREATE TABLE QRTZ_EXCL_job_listeners
  (
    JOB_NAME  VARCHAR(80) NOT NULL,
    JOB_GROUP VARCHAR(80) NOT NULL,
    JOB_LISTENER VARCHAR(80) NOT NULL,
    PRIMARY KEY (JOB_NAME,JOB_GROUP,JOB_LISTENER),
    FOREIGN KEY (JOB_NAME,JOB_GROUP)
	REFERENCES QRTZ_EXCL_JOB_DETAILS(JOB_NAME,JOB_GROUP)
)
[09/01/24 17:14:55:660 UTC]  INFO db.DotConnect: Executing CREATE TABLE QRTZ_EXCL_triggers
  (
    TRIGGER_NAME VARCHAR(80) NOT NULL,
    TRIGGER_GROUP VARCHAR(80) NOT NULL,
    JOB_NAME  VARCHAR(80) NOT NULL,
    JOB_GROUP VARCHAR(80) NOT NULL,
    IS_VOLATILE BOOL NOT NULL,
    DESCRIPTION VARCHAR(120) NULL,
    NEXT_FIRE_TIME BIGINT NULL,
    PREV_FIRE_TIME BIGINT NULL,
    PRIORITY INTEGER NULL,
    TRIGGER_STATE VARCHAR(16) NOT NULL,
    TRIGGER_TYPE VARCHAR(8) NOT NULL,
    START_TIME BIGINT NOT NULL,
    END_TIME BIGINT NULL,
    CALENDAR_NAME VARCHAR(80) NULL,
    MISFIRE_INSTR SMALLINT NULL,
    JOB_DATA BYTEA NULL,
    PRIMARY KEY (TRIGGER_NAME,TRIGGER_GROUP),
    FOREIGN KEY (JOB_NAME,JOB_GROUP)
	REFERENCES QRTZ_EXCL_JOB_DETAILS(JOB_NAME,JOB_GROUP)
)
[09/01/24 17:14:55:663 UTC]  INFO db.DotConnect: Finished Executing CREATE TABLE QRTZ_EXCL_triggers
  (
    TRIGGER_NAME VARCHAR(80) NOT NULL,
    TRIGGER_GROUP VARCHAR(80) NOT NULL,
    JOB_NAME  VARCHAR(80) NOT NULL,
    JOB_GROUP VARCHAR(80) NOT NULL,
    IS_VOLATILE BOOL NOT NULL,
    DESCRIPTION VARCHAR(120) NULL,
    NEXT_FIRE_TIME BIGINT NULL,
    PREV_FIRE_TIME BIGINT NULL,
    PRIORITY INTEGER NULL,
    TRIGGER_STATE VARCHAR(16) NOT NULL,
    TRIGGER_TYPE VARCHAR(8) NOT NULL,
    START_TIME BIGINT NOT NULL,
    END_TIME BIGINT NULL,
    CALENDAR_NAME VARCHAR(80) NULL,
    MISFIRE_INSTR SMALLINT NULL,
    JOB_DATA BYTEA NULL,
    PRIMARY KEY (TRIGGER_NAME,TRIGGER_GROUP),
    FOREIGN KEY (JOB_NAME,JOB_GROUP)
	REFERENCES QRTZ_EXCL_JOB_DETAILS(JOB_NAME,JOB_GROUP)
)
[09/01/24 17:14:55:663 UTC]  INFO db.DotConnect: Executing CREATE TABLE QRTZ_EXCL_simple_triggers
  (
    TRIGGER_NAME VARCHAR(80) NOT NULL,
    TRIGGER_GROUP VARCHAR(80) NOT NULL,
    REPEAT_COUNT BIGINT NOT NULL,
    REPEAT_INTERVAL BIGINT NOT NULL,
    TIMES_TRIGGERED BIGINT NOT NULL,
    PRIMARY KEY (TRIGGER_NAME,TRIGGER_GROUP),
    FOREIGN KEY (TRIGGER_NAME,TRIGGER_GROUP)
	REFERENCES QRTZ_EXCL_TRIGGERS(TRIGGER_NAME,TRIGGER_GROUP)
)
[09/01/24 17:14:55:665 UTC]  INFO db.DotConnect: Finished Executing CREATE TABLE QRTZ_EXCL_simple_triggers
  (
    TRIGGER_NAME VARCHAR(80) NOT NULL,
    TRIGGER_GROUP VARCHAR(80) NOT NULL,
    REPEAT_COUNT BIGINT NOT NULL,
    REPEAT_INTERVAL BIGINT NOT NULL,
    TIMES_TRIGGERED BIGINT NOT NULL,
    PRIMARY KEY (TRIGGER_NAME,TRIGGER_GROUP),
    FOREIGN KEY (TRIGGER_NAME,TRIGGER_GROUP)
	REFERENCES QRTZ_EXCL_TRIGGERS(TRIGGER_NAME,TRIGGER_GROUP)
)
[09/01/24 17:14:55:665 UTC]  INFO db.DotConnect: Executing CREATE TABLE QRTZ_EXCL_cron_triggers
  (
    TRIGGER_NAME VARCHAR(80) NOT NULL,
    TRIGGER_GROUP VARCHAR(80) NOT NULL,
    CRON_EXPRESSION VARCHAR(80) NOT NULL,
    TIME_ZONE_ID VARCHAR(80),
    PRIMARY KEY (TRIGGER_NAME,TRIGGER_GROUP),
    FOREIGN KEY (TRIGGER_NAME,TRIGGER_GROUP)
	REFERENCES QRTZ_EXCL_TRIGGERS(TRIGGER_NAME,TRIGGER_GROUP)
)
[09/01/24 17:14:55:666 UTC]  INFO db.DotConnect: Finished Executing CREATE TABLE QRTZ_EXCL_cron_triggers
  (
    TRIGGER_NAME VARCHAR(80) NOT NULL,
    TRIGGER_GROUP VARCHAR(80) NOT NULL,
    CRON_EXPRESSION VARCHAR(80) NOT NULL,
    TIME_ZONE_ID VARCHAR(80),
    PRIMARY KEY (TRIGGER_NAME,TRIGGER_GROUP),
    FOREIGN KEY (TRIGGER_NAME,TRIGGER_GROUP)
	REFERENCES QRTZ_EXCL_TRIGGERS(TRIGGER_NAME,TRIGGER_GROUP)
)
[09/01/24 17:14:55:666 UTC]  INFO db.DotConnect: Executing CREATE TABLE QRTZ_EXCL_blob_triggers
  (
    TRIGGER_NAME VARCHAR(80) NOT NULL,
    TRIGGER_GROUP VARCHAR(80) NOT NULL,
    BLOB_DATA BYTEA NULL,
    PRIMARY KEY (TRIGGER_NAME,TRIGGER_GROUP),
    FOREIGN KEY (TRIGGER_NAME,TRIGGER_GROUP)
        REFERENCES QRTZ_EXCL_TRIGGERS(TRIGGER_NAME,TRIGGER_GROUP)
)
[09/01/24 17:14:55:668 UTC]  INFO db.DotConnect: Finished Executing CREATE TABLE QRTZ_EXCL_blob_triggers
  (
    TRIGGER_NAME VARCHAR(80) NOT NULL,
    TRIGGER_GROUP VARCHAR(80) NOT NULL,
    BLOB_DATA BYTEA NULL,
    PRIMARY KEY (TRIGGER_NAME,TRIGGER_GROUP),
    FOREIGN KEY (TRIGGER_NAME,TRIGGER_GROUP)
        REFERENCES QRTZ_EXCL_TRIGGERS(TRIGGER_NAME,TRIGGER_GROUP)
)
[09/01/24 17:14:55:669 UTC]  INFO db.DotConnect: Executing CREATE TABLE QRTZ_EXCL_trigger_listeners
  (
    TRIGGER_NAME  VARCHAR(80) NOT NULL,
    TRIGGER_GROUP VARCHAR(80) NOT NULL,
    TRIGGER_LISTENER VARCHAR(80) NOT NULL,
    PRIMARY KEY (TRIGGER_NAME,TRIGGER_GROUP,TRIGGER_LISTENER),
    FOREIGN KEY (TRIGGER_NAME,TRIGGER_GROUP)
	REFERENCES QRTZ_EXCL_TRIGGERS(TRIGGER_NAME,TRIGGER_GROUP)
)
[09/01/24 17:14:55:671 UTC]  INFO db.DotConnect: Finished Executing CREATE TABLE QRTZ_EXCL_trigger_listeners
  (
    TRIGGER_NAME  VARCHAR(80) NOT NULL,
    TRIGGER_GROUP VARCHAR(80) NOT NULL,
    TRIGGER_LISTENER VARCHAR(80) NOT NULL,
    PRIMARY KEY (TRIGGER_NAME,TRIGGER_GROUP,TRIGGER_LISTENER),
    FOREIGN KEY (TRIGGER_NAME,TRIGGER_GROUP)
	REFERENCES QRTZ_EXCL_TRIGGERS(TRIGGER_NAME,TRIGGER_GROUP)
)
[09/01/24 17:14:55:671 UTC]  INFO db.DotConnect: Executing CREATE TABLE QRTZ_EXCL_calendars
  (
    CALENDAR_NAME  VARCHAR(80) NOT NULL,
    CALENDAR BYTEA NOT NULL,
    PRIMARY KEY (CALENDAR_NAME)
)
[09/01/24 17:14:55:672 UTC]  INFO db.DotConnect: Finished Executing CREATE TABLE QRTZ_EXCL_calendars
  (
    CALENDAR_NAME  VARCHAR(80) NOT NULL,
    CALENDAR BYTEA NOT NULL,
    PRIMARY KEY (CALENDAR_NAME)
)
[09/01/24 17:14:55:672 UTC]  INFO db.DotConnect: Executing CREATE TABLE QRTZ_EXCL_paused_trigger_grps
  (
    TRIGGER_GROUP  VARCHAR(80) NOT NULL,
    PRIMARY KEY (TRIGGER_GROUP)
)
[09/01/24 17:14:55:674 UTC]  INFO db.DotConnect: Finished Executing CREATE TABLE QRTZ_EXCL_paused_trigger_grps
  (
    TRIGGER_GROUP  VARCHAR(80) NOT NULL,
    PRIMARY KEY (TRIGGER_GROUP)
)
[09/01/24 17:14:55:674 UTC]  INFO db.DotConnect: Executing CREATE TABLE QRTZ_EXCL_fired_triggers
  (
    ENTRY_ID VARCHAR(95) NOT NULL,
    TRIGGER_NAME VARCHAR(80) NOT NULL,
    TRIGGER_GROUP VARCHAR(80) NOT NULL,
    IS_VOLATILE BOOL NOT NULL,
    INSTANCE_NAME VARCHAR(80) NOT NULL,
    FIRED_TIME BIGINT NOT NULL,
    PRIORITY INTEGER NOT NULL,
    STATE VARCHAR(16) NOT NULL,
    JOB_NAME VARCHAR(80) NULL,
    JOB_GROUP VARCHAR(80) NULL,
    IS_STATEFUL BOOL NULL,
    REQUESTS_RECOVERY BOOL NULL,
    PRIMARY KEY (ENTRY_ID)
)
[09/01/24 17:14:55:676 UTC]  INFO db.DotConnect: Finished Executing CREATE TABLE QRTZ_EXCL_fired_triggers
  (
    ENTRY_ID VARCHAR(95) NOT NULL,
    TRIGGER_NAME VARCHAR(80) NOT NULL,
    TRIGGER_GROUP VARCHAR(80) NOT NULL,
    IS_VOLATILE BOOL NOT NULL,
    INSTANCE_NAME VARCHAR(80) NOT NULL,
    FIRED_TIME BIGINT NOT NULL,
    PRIORITY INTEGER NOT NULL,
    STATE VARCHAR(16) NOT NULL,
    JOB_NAME VARCHAR(80) NULL,
    JOB_GROUP VARCHAR(80) NULL,
    IS_STATEFUL BOOL NULL,
    REQUESTS_RECOVERY BOOL NULL,
    PRIMARY KEY (ENTRY_ID)
)
[09/01/24 17:14:55:676 UTC]  INFO db.DotConnect: Executing CREATE TABLE QRTZ_EXCL_scheduler_state
  (
    INSTANCE_NAME VARCHAR(80) NOT NULL,
    LAST_CHECKIN_TIME BIGINT NOT NULL,
    CHECKIN_INTERVAL BIGINT NOT NULL,
    PRIMARY KEY (INSTANCE_NAME)
)
[09/01/24 17:14:55:677 UTC]  INFO db.DotConnect: Finished Executing CREATE TABLE QRTZ_EXCL_scheduler_state
  (
    INSTANCE_NAME VARCHAR(80) NOT NULL,
    LAST_CHECKIN_TIME BIGINT NOT NULL,
    CHECKIN_INTERVAL BIGINT NOT NULL,
    PRIMARY KEY (INSTANCE_NAME)
)
[09/01/24 17:14:55:677 UTC]  INFO db.DotConnect: Executing CREATE TABLE QRTZ_EXCL_locks
  (
    LOCK_NAME  VARCHAR(40) NOT NULL,
    PRIMARY KEY (LOCK_NAME)
)
[09/01/24 17:14:55:678 UTC]  INFO db.DotConnect: Finished Executing CREATE TABLE QRTZ_EXCL_locks
  (
    LOCK_NAME  VARCHAR(40) NOT NULL,
    PRIMARY KEY (LOCK_NAME)
)
[09/01/24 17:14:55:678 UTC]  INFO db.DotConnect: Executing INSERT INTO QRTZ_EXCL_locks values('TRIGGER_ACCESS')
[09/01/24 17:14:55:679 UTC]  INFO db.DotConnect: Finished Executing INSERT INTO QRTZ_EXCL_locks values('TRIGGER_ACCESS')
[09/01/24 17:14:55:679 UTC]  INFO db.DotConnect: Executing INSERT INTO QRTZ_EXCL_locks values('JOB_ACCESS')
[09/01/24 17:14:55:680 UTC]  INFO db.DotConnect: Finished Executing INSERT INTO QRTZ_EXCL_locks values('JOB_ACCESS')
[09/01/24 17:14:55:680 UTC]  INFO db.DotConnect: Executing INSERT INTO QRTZ_EXCL_locks values('CALENDAR_ACCESS')
[09/01/24 17:14:55:680 UTC]  INFO db.DotConnect: Finished Executing INSERT INTO QRTZ_EXCL_locks values('CALENDAR_ACCESS')
[09/01/24 17:14:55:680 UTC]  INFO db.DotConnect: Executing INSERT INTO QRTZ_EXCL_locks values('STATE_ACCESS')
[09/01/24 17:14:55:681 UTC]  INFO db.DotConnect: Finished Executing INSERT INTO QRTZ_EXCL_locks values('STATE_ACCESS')
[09/01/24 17:14:55:682 UTC]  INFO db.DotConnect: Executing INSERT INTO QRTZ_EXCL_locks values('MISFIRE_ACCESS')
[09/01/24 17:14:55:683 UTC]  INFO db.DotConnect: Finished Executing INSERT INTO QRTZ_EXCL_locks values('MISFIRE_ACCESS')
[09/01/24 17:14:55:683 UTC]  INFO db.DotConnect: Executing create table calendar_reminder (
   user_id varchar(255) not null,
   event_id varchar(36) not null,
   send_date timestamptz not null,
   primary key (user_id, event_id, send_date)
)
[09/01/24 17:14:55:684 UTC]  INFO db.DotConnect: Finished Executing create table calendar_reminder (
   user_id varchar(255) not null,
   event_id varchar(36) not null,
   send_date timestamptz not null,
   primary key (user_id, event_id, send_date)
)
[09/01/24 17:14:55:684 UTC]  INFO db.DotConnect: Executing create table analytic_summary_pages (
   id int8 not null,
   summary_id int8 not null,
   inode varchar(255),
   hits int8,
   uri varchar(255),
   primary key (id)
)
[09/01/24 17:14:55:686 UTC]  INFO db.DotConnect: Finished Executing create table analytic_summary_pages (
   id int8 not null,
   summary_id int8 not null,
   inode varchar(255),
   hits int8,
   uri varchar(255),
   primary key (id)
)
[09/01/24 17:14:55:686 UTC]  INFO db.DotConnect: Executing create table tag (
   tag_id varchar(100) not null,
   tagname varchar(255) not null,
   host_id varchar(255),
   user_id varchar(255),
   persona boolean default false,
   mod_date timestamptz,
   primary key (tag_id)
)
[09/01/24 17:14:55:687 UTC]  INFO db.DotConnect: Finished Executing create table tag (
   tag_id varchar(100) not null,
   tagname varchar(255) not null,
   host_id varchar(255),
   user_id varchar(255),
   persona boolean default false,
   mod_date timestamptz,
   primary key (tag_id)
)
[09/01/24 17:14:55:688 UTC]  INFO db.DotConnect: Executing create table user_comments (
   inode varchar(36) not null,
   user_id varchar(255),
   cdate timestamptz,
   comment_user_id varchar(100),
   type varchar(255),
   method varchar(255),
   subject varchar(255),
   ucomment text,
   communication_id varchar(36),
   primary key (inode)
)
[09/01/24 17:14:55:689 UTC]  INFO db.DotConnect: Finished Executing create table user_comments (
   inode varchar(36) not null,
   user_id varchar(255),
   cdate timestamptz,
   comment_user_id varchar(100),
   type varchar(255),
   method varchar(255),
   subject varchar(255),
   ucomment text,
   communication_id varchar(36),
   primary key (inode)
)
[09/01/24 17:14:55:689 UTC]  INFO db.DotConnect: Executing create table permission_reference (
   id int8 not null,
   asset_id varchar(36),
   reference_id varchar(36),
   permission_type varchar(100),
   primary key (id),
   unique (asset_id)
)
[09/01/24 17:14:55:691 UTC]  INFO db.DotConnect: Finished Executing create table permission_reference (
   id int8 not null,
   asset_id varchar(36),
   reference_id varchar(36),
   permission_type varchar(100),
   primary key (id),
   unique (asset_id)
)
[09/01/24 17:14:55:691 UTC]  INFO db.DotConnect: Executing create table contentlet_version_info (
   identifier varchar(36) not null,
   lang int8 not null,
   working_inode varchar(36) not null,
   live_inode varchar(36),
   deleted bool not null,
   locked_by varchar(100),
   locked_on timestamptz,
   version_ts timestamptz not null,
   publish_date timestampz,
   primary key (identifier, lang)
)
[09/01/24 17:14:55:692 UTC] FATAL runalways.Task00001LoadSchema: Error: ERROR: type "timestampz" does not exist
  Position: 296while trying to execute create table contentlet_version_info (
   identifier varchar(36) not null,
   lang int8 not null,
   working_inode varchar(36) not null,
   live_inode varchar(36),
   deleted bool not null,
   locked_by varchar(100),
   locked_on timestamptz,
   version_ts timestamptz not null,
   publish_date timestampz,
   primary key (identifier, lang)
) processed 69 statements
org.postgresql.util.PSQLException: ERROR: type "timestampz" does not exist
  Position: 296
	at org.postgresql.core.v3.QueryExecutorImpl.receiveErrorResponse(QueryExecutorImpl.java:2497) ~[postgresql-42.2.8.jar:42.2.8]
	at org.postgresql.core.v3.QueryExecutorImpl.processResults(QueryExecutorImpl.java:2233) ~[postgresql-42.2.8.jar:42.2.8]
	at org.postgresql.core.v3.QueryExecutorImpl.execute(QueryExecutorImpl.java:310) ~[postgresql-42.2.8.jar:42.2.8]
	at org.postgresql.jdbc.PgStatement.executeInternal(PgStatement.java:446) ~[postgresql-42.2.8.jar:42.2.8]
	at org.postgresql.jdbc.PgStatement.execute(PgStatement.java:370) ~[postgresql-42.2.8.jar:42.2.8]
	at org.postgresql.jdbc.PgStatement.executeWithFlags(PgStatement.java:311) ~[postgresql-42.2.8.jar:42.2.8]
	at org.postgresql.jdbc.PgStatement.executeCachedSql(PgStatement.java:297) ~[postgresql-42.2.8.jar:42.2.8]
	at org.postgresql.jdbc.PgStatement.executeWithFlags(PgStatement.java:274) ~[postgresql-42.2.8.jar:42.2.8]
	at org.postgresql.jdbc.PgStatement.execute(PgStatement.java:269) ~[postgresql-42.2.8.jar:42.2.8]
	at com.zaxxer.hikari.pool.ProxyStatement.execute(ProxyStatement.java:95) ~[HikariCP-3.4.2.jar:?]
	at com.zaxxer.hikari.pool.HikariProxyStatement.execute(HikariProxyStatement.java) ~[HikariCP-3.4.2.jar:?]
	at com.dotmarketing.common.db.DotConnect.executeStatement(DotConnect.java:261) ~[main/:?]
	at com.dotmarketing.startup.runalways.Task00001LoadSchema.executeUpgrade(Task00001LoadSchema.java:90) ~[main/:?]
	at com.dotcms.util.StartupTasksUtil.init(StartupTasksUtil.java:57) ~[integrationTest/:?]
	at com.dotcms.util.IntegrationTestInitService.init(IntegrationTestInitService.java:47) ~[integrationTest/:?]
	at com.dotcms.enterprise.publishing.remote.bundler.RuleBundlerTest.prepare(RuleBundlerTest.java:43) ~[integrationTest/:?]
	at com.dotcms.enterprise.publishing.remote.bundler.RuleBundlerTest.rules(RuleBundlerTest.java:49) ~[integrationTest/:?]
	at jdk.internal.reflect.NativeMethodAccessorImpl.invoke0(Native Method) ~[?:?]
	at jdk.internal.reflect.NativeMethodAccessorImpl.invoke(NativeMethodAccessorImpl.java:62) ~[?:?]
	at jdk.internal.reflect.DelegatingMethodAccessorImpl.invoke(DelegatingMethodAccessorImpl.java:43) ~[?:?]
	at java.lang.reflect.Method.invoke(Method.java:566) ~[?:?]
	at org.junit.runners.model.FrameworkMethod$1.runReflectiveCall(FrameworkMethod.java:50) ~[junit-4.12.jar:4.12]
	at org.junit.internal.runners.model.ReflectiveCallable.run(ReflectiveCallable.java:12) ~[junit-4.12.jar:4.12]
	at org.junit.runners.model.FrameworkMethod.invokeExplosively(FrameworkMethod.java:47) ~[junit-4.12.jar:4.12]
	at com.tngtech.java.junit.dataprovider.internal.TestGenerator.explodeTestMethod(TestGenerator.java:100) ~[junit4-dataprovider-2.6.jar:2.6]
	at com.tngtech.java.junit.dataprovider.internal.TestGenerator.generateExplodedTestMethodsFor(TestGenerator.java:58) ~[junit4-dataprovider-2.6.jar:2.6]
	at com.tngtech.java.junit.dataprovider.DataProviderRunner.generateExplodedTestMethodsFor(DataProviderRunner.java:227) ~[junit4-dataprovider-2.6.jar:2.6]
	at com.tngtech.java.junit.dataprovider.DataProviderRunner.computeTestMethods(DataProviderRunner.java:181) ~[junit4-dataprovider-2.6.jar:2.6]
	at com.tngtech.java.junit.dataprovider.DataProviderRunner.validateInstanceMethods(DataProviderRunner.java:113) ~[junit4-dataprovider-2.6.jar:2.6]
	at org.junit.runners.BlockJUnit4ClassRunner.collectInitializationErrors(BlockJUnit4ClassRunner.java:128) ~[junit-4.12.jar:4.12]
	at com.tngtech.java.junit.dataprovider.DataProviderRunner.collectInitializationErrors(DataProviderRunner.java:88) ~[junit4-dataprovider-2.6.jar:2.6]
	at org.junit.runners.ParentRunner.validate(ParentRunner.java:416) ~[junit-4.12.jar:4.12]
	at org.junit.runners.ParentRunner.<init>(ParentRunner.java:84) ~[junit-4.12.jar:4.12]
	at org.junit.runners.BlockJUnit4ClassRunner.<init>(BlockJUnit4ClassRunner.java:65) ~[junit-4.12.jar:4.12]
	at com.tngtech.java.junit.dataprovider.DataProviderRunner.<init>(DataProviderRunner.java:79) ~[junit4-dataprovider-2.6.jar:2.6]
	at com.dotcms.junit.CustomDataProviderRunner.<init>(CustomDataProviderRunner.java:16) ~[integrationTest/:?]
	at com.dotcms.junit.MainBaseSuite.getRunners(MainBaseSuite.java:37) ~[integrationTest/:?]
	at com.dotcms.junit.MainBaseSuite.<init>(MainBaseSuite.java:17) ~[integrationTest/:?]
	at jdk.internal.reflect.NativeConstructorAccessorImpl.newInstance0(Native Method) ~[?:?]
	at jdk.internal.reflect.NativeConstructorAccessorImpl.newInstance(NativeConstructorAccessorImpl.java:62) ~[?:?]
	at jdk.internal.reflect.DelegatingConstructorAccessorImpl.newInstance(DelegatingConstructorAccessorImpl.java:45) ~[?:?]
	at java.lang.reflect.Constructor.newInstance(Constructor.java:490) ~[?:?]
	at org.junit.internal.builders.AnnotatedBuilder.buildRunner(AnnotatedBuilder.java:107) ~[junit-4.12.jar:4.12]
	at org.junit.internal.builders.AnnotatedBuilder.runnerForClass(AnnotatedBuilder.java:86) ~[junit-4.12.jar:4.12]
	at org.junit.runners.model.RunnerBuilder.safeRunnerForClass(RunnerBuilder.java:59) ~[junit-4.12.jar:4.12]
	at org.junit.internal.builders.AllDefaultPossibilitiesBuilder.runnerForClass(AllDefaultPossibilitiesBuilder.java:26) ~[junit-4.12.jar:4.12]
	at org.junit.runners.model.RunnerBuilder.safeRunnerForClass(RunnerBuilder.java:59) ~[junit-4.12.jar:4.12]
	at org.junit.internal.requests.ClassRequest.getRunner(ClassRequest.java:33) ~[junit-4.12.jar:4.12]
	at org.gradle.api.internal.tasks.testing.junit.JUnitTestClassExecutor.runTestClass(JUnitTestClassExecutor.java:78) ~[?:?]
	at org.gradle.api.internal.tasks.testing.junit.JUnitTestClassExecutor.execute(JUnitTestClassExecutor.java:58) ~[?:?]
	at org.gradle.api.internal.tasks.testing.junit.JUnitTestClassExecutor.execute(JUnitTestClassExecutor.java:38) ~[?:?]
	at org.gradle.api.internal.tasks.testing.junit.AbstractJUnitTestClassProcessor.processTestClass(AbstractJUnitTestClassProcessor.java:66) ~[?:?]
	at org.gradle.api.internal.tasks.testing.SuiteTestClassProcessor.processTestClass(SuiteTestClassProcessor.java:51) ~[?:?]
	at jdk.internal.reflect.NativeMethodAccessorImpl.invoke0(Native Method) ~[?:?]
	at jdk.internal.reflect.NativeMethodAccessorImpl.invoke(NativeMethodAccessorImpl.java:62) ~[?:?]
	at jdk.internal.reflect.DelegatingMethodAccessorImpl.invoke(DelegatingMethodAccessorImpl.java:43) ~[?:?]
	at java.lang.reflect.Method.invoke(Method.java:566) ~[?:?]
	at org.gradle.internal.dispatch.ReflectionDispatch.dispatch(ReflectionDispatch.java:35) ~[?:?]
	at org.gradle.internal.dispatch.ReflectionDispatch.dispatch(ReflectionDispatch.java:24) ~[?:?]
	at org.gradle.internal.dispatch.ContextClassLoaderDispatch.dispatch(ContextClassLoaderDispatch.java:32) ~[?:?]
	at org.gradle.internal.dispatch.ProxyDispatchAdapter$DispatchingInvocationHandler.invoke(ProxyDispatchAdapter.java:93) ~[?:?]
	at com.sun.proxy.$Proxy2.processTestClass(Unknown Source) ~[?:?]
	at org.gradle.api.internal.tasks.testing.worker.TestWorker.processTestClass(TestWorker.java:117) ~[?:?]
	at jdk.internal.reflect.NativeMethodAccessorImpl.invoke0(Native Method) ~[?:?]
	at jdk.internal.reflect.NativeMethodAccessorImpl.invoke(NativeMethodAccessorImpl.java:62) ~[?:?]
	at jdk.internal.reflect.DelegatingMethodAccessorImpl.invoke(DelegatingMethodAccessorImpl.java:43) ~[?:?]
	at java.lang.reflect.Method.invoke(Method.java:566) ~[?:?]
	at org.gradle.internal.dispatch.ReflectionDispatch.dispatch(ReflectionDispatch.java:35) ~[?:?]
	at org.gradle.internal.dispatch.ReflectionDispatch.dispatch(ReflectionDispatch.java:24) ~[?:?]
	at org.gradle.internal.remote.internal.hub.MessageHubBackedObjectConnection$DispatchWrapper.dispatch(MessageHubBackedObjectConnection.java:155) ~[?:?]
	at org.gradle.internal.remote.internal.hub.MessageHubBackedObjectConnection$DispatchWrapper.dispatch(MessageHubBackedObjectConnection.java:137) ~[?:?]
	at org.gradle.internal.remote.internal.hub.MessageHub$Handler.run(MessageHub.java:404) ~[?:?]
	at org.gradle.internal.concurrent.ExecutorPolicy$CatchAndRecordFailures.onExecute(ExecutorPolicy.java:63) ~[?:?]
	at org.gradle.internal.concurrent.ManagedExecutorImpl$1.run(ManagedExecutorImpl.java:46) ~[?:?]
	at java.util.concurrent.ThreadPoolExecutor.runWorker(ThreadPoolExecutor.java:1128) ~[?:?]
	at java.util.concurrent.ThreadPoolExecutor$Worker.run(ThreadPoolExecutor.java:628) ~[?:?]
	at org.gradle.internal.concurrent.ThreadFactoryImpl$ManagedThreadRunnable.run(ThreadFactoryImpl.java:55) ~[?:?]
	at java.lang.Thread.run(Thread.java:829) [?:?]
[09/01/24 17:14:55:697 UTC] FATAL runalways.Task00001LoadSchema: Error: ERROR: type "timestampz" does not exist
  Position: 296 processed 69 statements
com.dotmarketing.exception.DotDataException: ERROR: type "timestampz" does not exist
  Position: 296
	at com.dotmarketing.startup.runalways.Task00001LoadSchema.executeUpgrade(Task00001LoadSchema.java:97) ~[main/:?]
	at com.dotcms.util.StartupTasksUtil.init(StartupTasksUtil.java:57) ~[integrationTest/:?]
	at com.dotcms.util.IntegrationTestInitService.init(IntegrationTestInitService.java:47) ~[integrationTest/:?]
	at com.dotcms.enterprise.publishing.remote.bundler.RuleBundlerTest.prepare(RuleBundlerTest.java:43) ~[integrationTest/:?]
	at com.dotcms.enterprise.publishing.remote.bundler.RuleBundlerTest.rules(RuleBundlerTest.java:49) ~[integrationTest/:?]
	at jdk.internal.reflect.NativeMethodAccessorImpl.invoke0(Native Method) ~[?:?]
	at jdk.internal.reflect.NativeMethodAccessorImpl.invoke(NativeMethodAccessorImpl.java:62) ~[?:?]
	at jdk.internal.reflect.DelegatingMethodAccessorImpl.invoke(DelegatingMethodAccessorImpl.java:43) ~[?:?]
	at java.lang.reflect.Method.invoke(Method.java:566) ~[?:?]
	at org.junit.runners.model.FrameworkMethod$1.runReflectiveCall(FrameworkMethod.java:50) ~[junit-4.12.jar:4.12]
	at org.junit.internal.runners.model.ReflectiveCallable.run(ReflectiveCallable.java:12) ~[junit-4.12.jar:4.12]
	at org.junit.runners.model.FrameworkMethod.invokeExplosively(FrameworkMethod.java:47) ~[junit-4.12.jar:4.12]
	at com.tngtech.java.junit.dataprovider.internal.TestGenerator.explodeTestMethod(TestGenerator.java:100) ~[junit4-dataprovider-2.6.jar:2.6]
	at com.tngtech.java.junit.dataprovider.internal.TestGenerator.generateExplodedTestMethodsFor(TestGenerator.java:58) ~[junit4-dataprovider-2.6.jar:2.6]
	at com.tngtech.java.junit.dataprovider.DataProviderRunner.generateExplodedTestMethodsFor(DataProviderRunner.java:227) ~[junit4-dataprovider-2.6.jar:2.6]
	at com.tngtech.java.junit.dataprovider.DataProviderRunner.computeTestMethods(DataProviderRunner.java:181) ~[junit4-dataprovider-2.6.jar:2.6]
	at com.tngtech.java.junit.dataprovider.DataProviderRunner.validateInstanceMethods(DataProviderRunner.java:113) ~[junit4-dataprovider-2.6.jar:2.6]
	at org.junit.runners.BlockJUnit4ClassRunner.collectInitializationErrors(BlockJUnit4ClassRunner.java:128) ~[junit-4.12.jar:4.12]
	at com.tngtech.java.junit.dataprovider.DataProviderRunner.collectInitializationErrors(DataProviderRunner.java:88) ~[junit4-dataprovider-2.6.jar:2.6]
	at org.junit.runners.ParentRunner.validate(ParentRunner.java:416) ~[junit-4.12.jar:4.12]
	at org.junit.runners.ParentRunner.<init>(ParentRunner.java:84) ~[junit-4.12.jar:4.12]
	at org.junit.runners.BlockJUnit4ClassRunner.<init>(BlockJUnit4ClassRunner.java:65) ~[junit-4.12.jar:4.12]
	at com.tngtech.java.junit.dataprovider.DataProviderRunner.<init>(DataProviderRunner.java:79) ~[junit4-dataprovider-2.6.jar:2.6]
	at com.dotcms.junit.CustomDataProviderRunner.<init>(CustomDataProviderRunner.java:16) ~[integrationTest/:?]
	at com.dotcms.junit.MainBaseSuite.getRunners(MainBaseSuite.java:37) ~[integrationTest/:?]
	at com.dotcms.junit.MainBaseSuite.<init>(MainBaseSuite.java:17) ~[integrationTest/:?]
	at jdk.internal.reflect.NativeConstructorAccessorImpl.newInstance0(Native Method) ~[?:?]
	at jdk.internal.reflect.NativeConstructorAccessorImpl.newInstance(NativeConstructorAccessorImpl.java:62) ~[?:?]
	at jdk.internal.reflect.DelegatingConstructorAccessorImpl.newInstance(DelegatingConstructorAccessorImpl.java:45) ~[?:?]
	at java.lang.reflect.Constructor.newInstance(Constructor.java:490) ~[?:?]
	at org.junit.internal.builders.AnnotatedBuilder.buildRunner(AnnotatedBuilder.java:107) ~[junit-4.12.jar:4.12]
	at org.junit.internal.builders.AnnotatedBuilder.runnerForClass(AnnotatedBuilder.java:86) ~[junit-4.12.jar:4.12]
	at org.junit.runners.model.RunnerBuilder.safeRunnerForClass(RunnerBuilder.java:59) ~[junit-4.12.jar:4.12]
	at org.junit.internal.builders.AllDefaultPossibilitiesBuilder.runnerForClass(AllDefaultPossibilitiesBuilder.java:26) ~[junit-4.12.jar:4.12]
	at org.junit.runners.model.RunnerBuilder.safeRunnerForClass(RunnerBuilder.java:59) ~[junit-4.12.jar:4.12]
	at org.junit.internal.requests.ClassRequest.getRunner(ClassRequest.java:33) ~[junit-4.12.jar:4.12]
	at org.gradle.api.internal.tasks.testing.junit.JUnitTestClassExecutor.runTestClass(JUnitTestClassExecutor.java:78) ~[?:?]
	at org.gradle.api.internal.tasks.testing.junit.JUnitTestClassExecutor.execute(JUnitTestClassExecutor.java:58) ~[?:?]
	at org.gradle.api.internal.tasks.testing.junit.JUnitTestClassExecutor.execute(JUnitTestClassExecutor.java:38) ~[?:?]
	at org.gradle.api.internal.tasks.testing.junit.AbstractJUnitTestClassProcessor.processTestClass(AbstractJUnitTestClassProcessor.java:66) ~[?:?]
	at org.gradle.api.internal.tasks.testing.SuiteTestClassProcessor.processTestClass(SuiteTestClassProcessor.java:51) ~[?:?]
	at jdk.internal.reflect.NativeMethodAccessorImpl.invoke0(Native Method) ~[?:?]
	at jdk.internal.reflect.NativeMethodAccessorImpl.invoke(NativeMethodAccessorImpl.java:62) ~[?:?]
	at jdk.internal.reflect.DelegatingMethodAccessorImpl.invoke(DelegatingMethodAccessorImpl.java:43) ~[?:?]
	at java.lang.reflect.Method.invoke(Method.java:566) ~[?:?]
	at org.gradle.internal.dispatch.ReflectionDispatch.dispatch(ReflectionDispatch.java:35) ~[?:?]
	at org.gradle.internal.dispatch.ReflectionDispatch.dispatch(ReflectionDispatch.java:24) ~[?:?]
	at org.gradle.internal.dispatch.ContextClassLoaderDispatch.dispatch(ContextClassLoaderDispatch.java:32) ~[?:?]
	at org.gradle.internal.dispatch.ProxyDispatchAdapter$DispatchingInvocationHandler.invoke(ProxyDispatchAdapter.java:93) ~[?:?]
	at com.sun.proxy.$Proxy2.processTestClass(Unknown Source) ~[?:?]
	at org.gradle.api.internal.tasks.testing.worker.TestWorker.processTestClass(TestWorker.java:117) ~[?:?]
	at jdk.internal.reflect.NativeMethodAccessorImpl.invoke0(Native Method) ~[?:?]
	at jdk.internal.reflect.NativeMethodAccessorImpl.invoke(NativeMethodAccessorImpl.java:62) ~[?:?]
	at jdk.internal.reflect.DelegatingMethodAccessorImpl.invoke(DelegatingMethodAccessorImpl.java:43) ~[?:?]
	at java.lang.reflect.Method.invoke(Method.java:566) ~[?:?]
	at org.gradle.internal.dispatch.ReflectionDispatch.dispatch(ReflectionDispatch.java:35) ~[?:?]
	at org.gradle.internal.dispatch.ReflectionDispatch.dispatch(ReflectionDispatch.java:24) ~[?:?]
	at org.gradle.internal.remote.internal.hub.MessageHubBackedObjectConnection$DispatchWrapper.dispatch(MessageHubBackedObjectConnection.java:155) ~[?:?]
	at org.gradle.internal.remote.internal.hub.MessageHubBackedObjectConnection$DispatchWrapper.dispatch(MessageHubBackedObjectConnection.java:137) ~[?:?]
	at org.gradle.internal.remote.internal.hub.MessageHub$Handler.run(MessageHub.java:404) ~[?:?]
	at org.gradle.internal.concurrent.ExecutorPolicy$CatchAndRecordFailures.onExecute(ExecutorPolicy.java:63) ~[?:?]
	at org.gradle.internal.concurrent.ManagedExecutorImpl$1.run(ManagedExecutorImpl.java:46) ~[?:?]
	at java.util.concurrent.ThreadPoolExecutor.runWorker(ThreadPoolExecutor.java:1128) ~[?:?]
	at java.util.concurrent.ThreadPoolExecutor$Worker.run(ThreadPoolExecutor.java:628) ~[?:?]
	at org.gradle.internal.concurrent.ThreadFactoryImpl$ManagedThreadRunnable.run(ThreadFactoryImpl.java:55) ~[?:?]
	at java.lang.Thread.run(Thread.java:829) [?:?]
Caused by: org.postgresql.util.PSQLException: ERROR: type "timestampz" does not exist
  Position: 296
	at org.postgresql.core.v3.QueryExecutorImpl.receiveErrorResponse(QueryExecutorImpl.java:2497) ~[postgresql-42.2.8.jar:42.2.8]
	at org.postgresql.core.v3.QueryExecutorImpl.processResults(QueryExecutorImpl.java:2233) ~[postgresql-42.2.8.jar:42.2.8]
	at org.postgresql.core.v3.QueryExecutorImpl.execute(QueryExecutorImpl.java:310) ~[postgresql-42.2.8.jar:42.2.8]
	at org.postgresql.jdbc.PgStatement.executeInternal(PgStatement.java:446) ~[postgresql-42.2.8.jar:42.2.8]
	at org.postgresql.jdbc.PgStatement.execute(PgStatement.java:370) ~[postgresql-42.2.8.jar:42.2.8]
	at org.postgresql.jdbc.PgStatement.executeWithFlags(PgStatement.java:311) ~[postgresql-42.2.8.jar:42.2.8]
	at org.postgresql.jdbc.PgStatement.executeCachedSql(PgStatement.java:297) ~[postgresql-42.2.8.jar:42.2.8]
	at org.postgresql.jdbc.PgStatement.executeWithFlags(PgStatement.java:274) ~[postgresql-42.2.8.jar:42.2.8]
	at org.postgresql.jdbc.PgStatement.execute(PgStatement.java:269) ~[postgresql-42.2.8.jar:42.2.8]
	at com.zaxxer.hikari.pool.ProxyStatement.execute(ProxyStatement.java:95) ~[HikariCP-3.4.2.jar:?]
	at com.zaxxer.hikari.pool.HikariProxyStatement.execute(HikariProxyStatement.java) ~[HikariCP-3.4.2.jar:?]
	at com.dotmarketing.common.db.DotConnect.executeStatement(DotConnect.java:261) ~[main/:?]
	at com.dotmarketing.startup.runalways.Task00001LoadSchema.executeUpgrade(Task00001LoadSchema.java:90) ~[main/:?]
	... 65 more
[09/01/24 17:14:55:703 UTC]  WARN lang.System: No Valid License Found : /custom/dotsecure/license/license.dat
[09/01/24 17:14:55:703 UTC]  INFO enterprise.LicenseUtil: Setting up default license
[09/01/24 17:14:56:245 UTC]  INFO util.StartupTasksUtil: Not running: Task00002LoadClusterLicenses
[09/01/24 17:14:56:246 UTC]  INFO util.StartupTasksUtil: Running: Task00003CreateSystemRoles
[09/01/24 17:14:56:247 UTC]  INFO runalways.Task00003CreateSystemRoles: Task not executing seems the roles has not been upgraded yet
[09/01/24 17:14:56:248 UTC] ERROR db.DotConnect: getResult(): unable to execute query.  Bad SQL? : select count(*) as test from inode [] ERROR: relation "inode" does not exist
  Position: 30
org.postgresql.util.PSQLException: ERROR: relation "inode" does not exist
  Position: 30
	at org.postgresql.core.v3.QueryExecutorImpl.receiveErrorResponse(QueryExecutorImpl.java:2497) ~[postgresql-42.2.8.jar:42.2.8]
	at org.postgresql.core.v3.QueryExecutorImpl.processResults(QueryExecutorImpl.java:2233) ~[postgresql-42.2.8.jar:42.2.8]
	at org.postgresql.core.v3.QueryExecutorImpl.execute(QueryExecutorImpl.java:310) ~[postgresql-42.2.8.jar:42.2.8]
	at org.postgresql.jdbc.PgStatement.executeInternal(PgStatement.java:446) ~[postgresql-42.2.8.jar:42.2.8]
	at org.postgresql.jdbc.PgStatement.execute(PgStatement.java:370) ~[postgresql-42.2.8.jar:42.2.8]
	at org.postgresql.jdbc.PgStatement.executeWithFlags(PgStatement.java:311) ~[postgresql-42.2.8.jar:42.2.8]
	at org.postgresql.jdbc.PgStatement.executeCachedSql(PgStatement.java:297) ~[postgresql-42.2.8.jar:42.2.8]
	at org.postgresql.jdbc.PgStatement.executeWithFlags(PgStatement.java:274) ~[postgresql-42.2.8.jar:42.2.8]
	at org.postgresql.jdbc.PgStatement.executeQuery(PgStatement.java:225) ~[postgresql-42.2.8.jar:42.2.8]
	at com.zaxxer.hikari.pool.ProxyStatement.executeQuery(ProxyStatement.java:111) ~[HikariCP-3.4.2.jar:?]
	at com.zaxxer.hikari.pool.HikariProxyStatement.executeQuery(HikariProxyStatement.java) ~[HikariCP-3.4.2.jar:?]
	at com.dotmarketing.common.db.DotConnect.executeQuery(DotConnect.java:639) ~[main/:?]
	at com.dotmarketing.common.db.DotConnect.executeQuery(DotConnect.java:532) ~[main/:?]
	at com.dotmarketing.common.db.DotConnect.getResult(DotConnect.java:286) ~[main/:?]
	at com.dotmarketing.common.db.DotConnect.getInt(DotConnect.java:84) ~[main/:?]
	at com.dotmarketing.startup.runalways.Task00004LoadStarter.forceRun(Task00004LoadStarter.java:22) ~[main/:?]
	at com.dotcms.util.StartupTasksUtil.init(StartupTasksUtil.java:53) ~[integrationTest/:?]
	at com.dotcms.util.IntegrationTestInitService.init(IntegrationTestInitService.java:47) ~[integrationTest/:?]
	at com.dotcms.enterprise.publishing.remote.bundler.RuleBundlerTest.prepare(RuleBundlerTest.java:43) ~[integrationTest/:?]
	at com.dotcms.enterprise.publishing.remote.bundler.RuleBundlerTest.rules(RuleBundlerTest.java:49) ~[integrationTest/:?]
	at jdk.internal.reflect.NativeMethodAccessorImpl.invoke0(Native Method) ~[?:?]
	at jdk.internal.reflect.NativeMethodAccessorImpl.invoke(NativeMethodAccessorImpl.java:62) ~[?:?]
	at jdk.internal.reflect.DelegatingMethodAccessorImpl.invoke(DelegatingMethodAccessorImpl.java:43) ~[?:?]
	at java.lang.reflect.Method.invoke(Method.java:566) ~[?:?]
	at org.junit.runners.model.FrameworkMethod$1.runReflectiveCall(FrameworkMethod.java:50) ~[junit-4.12.jar:4.12]
	at org.junit.internal.runners.model.ReflectiveCallable.run(ReflectiveCallable.java:12) ~[junit-4.12.jar:4.12]
	at org.junit.runners.model.FrameworkMethod.invokeExplosively(FrameworkMethod.java:47) ~[junit-4.12.jar:4.12]
	at com.tngtech.java.junit.dataprovider.internal.TestGenerator.explodeTestMethod(TestGenerator.java:100) ~[junit4-dataprovider-2.6.jar:2.6]
	at com.tngtech.java.junit.dataprovider.internal.TestGenerator.generateExplodedTestMethodsFor(TestGenerator.java:58) ~[junit4-dataprovider-2.6.jar:2.6]
	at com.tngtech.java.junit.dataprovider.DataProviderRunner.generateExplodedTestMethodsFor(DataProviderRunner.java:227) ~[junit4-dataprovider-2.6.jar:2.6]
	at com.tngtech.java.junit.dataprovider.DataProviderRunner.computeTestMethods(DataProviderRunner.java:181) ~[junit4-dataprovider-2.6.jar:2.6]
	at com.tngtech.java.junit.dataprovider.DataProviderRunner.validateInstanceMethods(DataProviderRunner.java:113) ~[junit4-dataprovider-2.6.jar:2.6]
	at org.junit.runners.BlockJUnit4ClassRunner.collectInitializationErrors(BlockJUnit4ClassRunner.java:128) ~[junit-4.12.jar:4.12]
	at com.tngtech.java.junit.dataprovider.DataProviderRunner.collectInitializationErrors(DataProviderRunner.java:88) ~[junit4-dataprovider-2.6.jar:2.6]
	at org.junit.runners.ParentRunner.validate(ParentRunner.java:416) ~[junit-4.12.jar:4.12]
	at org.junit.runners.ParentRunner.<init>(ParentRunner.java:84) ~[junit-4.12.jar:4.12]
	at org.junit.runners.BlockJUnit4ClassRunner.<init>(BlockJUnit4ClassRunner.java:65) ~[junit-4.12.jar:4.12]
	at com.tngtech.java.junit.dataprovider.DataProviderRunner.<init>(DataProviderRunner.java:79) ~[junit4-dataprovider-2.6.jar:2.6]
	at com.dotcms.junit.CustomDataProviderRunner.<init>(CustomDataProviderRunner.java:16) ~[integrationTest/:?]
	at com.dotcms.junit.MainBaseSuite.getRunners(MainBaseSuite.java:37) ~[integrationTest/:?]
	at com.dotcms.junit.MainBaseSuite.<init>(MainBaseSuite.java:17) ~[integrationTest/:?]
	at jdk.internal.reflect.NativeConstructorAccessorImpl.newInstance0(Native Method) ~[?:?]
	at jdk.internal.reflect.NativeConstructorAccessorImpl.newInstance(NativeConstructorAccessorImpl.java:62) ~[?:?]
	at jdk.internal.reflect.DelegatingConstructorAccessorImpl.newInstance(DelegatingConstructorAccessorImpl.java:45) ~[?:?]
	at java.lang.reflect.Constructor.newInstance(Constructor.java:490) ~[?:?]
	at org.junit.internal.builders.AnnotatedBuilder.buildRunner(AnnotatedBuilder.java:107) ~[junit-4.12.jar:4.12]
	at org.junit.internal.builders.AnnotatedBuilder.runnerForClass(AnnotatedBuilder.java:86) ~[junit-4.12.jar:4.12]
	at org.junit.runners.model.RunnerBuilder.safeRunnerForClass(RunnerBuilder.java:59) ~[junit-4.12.jar:4.12]
	at org.junit.internal.builders.AllDefaultPossibilitiesBuilder.runnerForClass(AllDefaultPossibilitiesBuilder.java:26) ~[junit-4.12.jar:4.12]
	at org.junit.runners.model.RunnerBuilder.safeRunnerForClass(RunnerBuilder.java:59) ~[junit-4.12.jar:4.12]
	at org.junit.internal.requests.ClassRequest.getRunner(ClassRequest.java:33) ~[junit-4.12.jar:4.12]
	at org.gradle.api.internal.tasks.testing.junit.JUnitTestClassExecutor.runTestClass(JUnitTestClassExecutor.java:78) ~[?:?]
	at org.gradle.api.internal.tasks.testing.junit.JUnitTestClassExecutor.execute(JUnitTestClassExecutor.java:58) ~[?:?]
	at org.gradle.api.internal.tasks.testing.junit.JUnitTestClassExecutor.execute(JUnitTestClassExecutor.java:38) ~[?:?]
	at org.gradle.api.internal.tasks.testing.junit.AbstractJUnitTestClassProcessor.processTestClass(AbstractJUnitTestClassProcessor.java:66) ~[?:?]
	at org.gradle.api.internal.tasks.testing.SuiteTestClassProcessor.processTestClass(SuiteTestClassProcessor.java:51) ~[?:?]
	at jdk.internal.reflect.NativeMethodAccessorImpl.invoke0(Native Method) ~[?:?]
	at jdk.internal.reflect.NativeMethodAccessorImpl.invoke(NativeMethodAccessorImpl.java:62) ~[?:?]
	at jdk.internal.reflect.DelegatingMethodAccessorImpl.invoke(DelegatingMethodAccessorImpl.java:43) ~[?:?]
	at java.lang.reflect.Method.invoke(Method.java:566) ~[?:?]
	at org.gradle.internal.dispatch.ReflectionDispatch.dispatch(ReflectionDispatch.java:35) ~[?:?]
	at org.gradle.internal.dispatch.ReflectionDispatch.dispatch(ReflectionDispatch.java:24) ~[?:?]
	at org.gradle.internal.dispatch.ContextClassLoaderDispatch.dispatch(ContextClassLoaderDispatch.java:32) ~[?:?]
	at org.gradle.internal.dispatch.ProxyDispatchAdapter$DispatchingInvocationHandler.invoke(ProxyDispatchAdapter.java:93) ~[?:?]
	at com.sun.proxy.$Proxy2.processTestClass(Unknown Source) ~[?:?]
	at org.gradle.api.internal.tasks.testing.worker.TestWorker.processTestClass(TestWorker.java:117) ~[?:?]
	at jdk.internal.reflect.NativeMethodAccessorImpl.invoke0(Native Method) ~[?:?]
	at jdk.internal.reflect.NativeMethodAccessorImpl.invoke(NativeMethodAccessorImpl.java:62) ~[?:?]
	at jdk.internal.reflect.DelegatingMethodAccessorImpl.invoke(DelegatingMethodAccessorImpl.java:43) ~[?:?]
	at java.lang.reflect.Method.invoke(Method.java:566) ~[?:?]
	at org.gradle.internal.dispatch.ReflectionDispatch.dispatch(ReflectionDispatch.java:35) ~[?:?]
	at org.gradle.internal.dispatch.ReflectionDispatch.dispatch(ReflectionDispatch.java:24) ~[?:?]
	at org.gradle.internal.remote.internal.hub.MessageHubBackedObjectConnection$DispatchWrapper.dispatch(MessageHubBackedObjectConnection.java:155) ~[?:?]
	at org.gradle.internal.remote.internal.hub.MessageHubBackedObjectConnection$DispatchWrapper.dispatch(MessageHubBackedObjectConnection.java:137) ~[?:?]
	at org.gradle.internal.remote.internal.hub.MessageHub$Handler.run(MessageHub.java:404) ~[?:?]
	at org.gradle.internal.concurrent.ExecutorPolicy$CatchAndRecordFailures.onExecute(ExecutorPolicy.java:63) ~[?:?]
	at org.gradle.internal.concurrent.ManagedExecutorImpl$1.run(ManagedExecutorImpl.java:46) ~[?:?]
	at java.util.concurrent.ThreadPoolExecutor.runWorker(ThreadPoolExecutor.java:1128) ~[?:?]
	at java.util.concurrent.ThreadPoolExecutor$Worker.run(ThreadPoolExecutor.java:628) ~[?:?]
	at org.gradle.internal.concurrent.ThreadFactoryImpl$ManagedThreadRunnable.run(ThreadFactoryImpl.java:55) ~[?:?]
	at java.lang.Thread.run(Thread.java:829) [?:?]
[09/01/24 17:14:56:250 UTC] ERROR util.IntegrationTestInitService: Error initializing Integration Test Init Service
com.dotmarketing.exception.DotRuntimeException: org.postgresql.util.PSQLException: ERROR: relation "inode" does not exist
  Position: 30
	at com.dotmarketing.common.db.DotConnect.getResult(DotConnect.java:290) ~[main/:?]
	at com.dotmarketing.common.db.DotConnect.getInt(DotConnect.java:84) ~[main/:?]
	at com.dotmarketing.startup.runalways.Task00004LoadStarter.forceRun(Task00004LoadStarter.java:22) ~[main/:?]
	at com.dotcms.util.StartupTasksUtil.init(StartupTasksUtil.java:53) ~[integrationTest/:?]
	at com.dotcms.util.IntegrationTestInitService.init(IntegrationTestInitService.java:47) ~[integrationTest/:?]
	at com.dotcms.enterprise.publishing.remote.bundler.RuleBundlerTest.prepare(RuleBundlerTest.java:43) ~[integrationTest/:?]
	at com.dotcms.enterprise.publishing.remote.bundler.RuleBundlerTest.rules(RuleBundlerTest.java:49) ~[integrationTest/:?]
	at jdk.internal.reflect.NativeMethodAccessorImpl.invoke0(Native Method) ~[?:?]
	at jdk.internal.reflect.NativeMethodAccessorImpl.invoke(NativeMethodAccessorImpl.java:62) ~[?:?]
	at jdk.internal.reflect.DelegatingMethodAccessorImpl.invoke(DelegatingMethodAccessorImpl.java:43) ~[?:?]
	at java.lang.reflect.Method.invoke(Method.java:566) ~[?:?]
	at org.junit.runners.model.FrameworkMethod$1.runReflectiveCall(FrameworkMethod.java:50) ~[junit-4.12.jar:4.12]
	at org.junit.internal.runners.model.ReflectiveCallable.run(ReflectiveCallable.java:12) ~[junit-4.12.jar:4.12]
	at org.junit.runners.model.FrameworkMethod.invokeExplosively(FrameworkMethod.java:47) ~[junit-4.12.jar:4.12]
	at com.tngtech.java.junit.dataprovider.internal.TestGenerator.explodeTestMethod(TestGenerator.java:100) ~[junit4-dataprovider-2.6.jar:2.6]
	at com.tngtech.java.junit.dataprovider.internal.TestGenerator.generateExplodedTestMethodsFor(TestGenerator.java:58) ~[junit4-dataprovider-2.6.jar:2.6]
	at com.tngtech.java.junit.dataprovider.DataProviderRunner.generateExplodedTestMethodsFor(DataProviderRunner.java:227) ~[junit4-dataprovider-2.6.jar:2.6]
	at com.tngtech.java.junit.dataprovider.DataProviderRunner.computeTestMethods(DataProviderRunner.java:181) ~[junit4-dataprovider-2.6.jar:2.6]
	at com.tngtech.java.junit.dataprovider.DataProviderRunner.validateInstanceMethods(DataProviderRunner.java:113) ~[junit4-dataprovider-2.6.jar:2.6]
	at org.junit.runners.BlockJUnit4ClassRunner.collectInitializationErrors(BlockJUnit4ClassRunner.java:128) ~[junit-4.12.jar:4.12]
	at com.tngtech.java.junit.dataprovider.DataProviderRunner.collectInitializationErrors(DataProviderRunner.java:88) ~[junit4-dataprovider-2.6.jar:2.6]
	at org.junit.runners.ParentRunner.validate(ParentRunner.java:416) ~[junit-4.12.jar:4.12]
	at org.junit.runners.ParentRunner.<init>(ParentRunner.java:84) ~[junit-4.12.jar:4.12]
	at org.junit.runners.BlockJUnit4ClassRunner.<init>(BlockJUnit4ClassRunner.java:65) ~[junit-4.12.jar:4.12]
	at com.tngtech.java.junit.dataprovider.DataProviderRunner.<init>(DataProviderRunner.java:79) ~[junit4-dataprovider-2.6.jar:2.6]
	at com.dotcms.junit.CustomDataProviderRunner.<init>(CustomDataProviderRunner.java:16) ~[integrationTest/:?]
	at com.dotcms.junit.MainBaseSuite.getRunners(MainBaseSuite.java:37) ~[integrationTest/:?]
	at com.dotcms.junit.MainBaseSuite.<init>(MainBaseSuite.java:17) ~[integrationTest/:?]
	at jdk.internal.reflect.NativeConstructorAccessorImpl.newInstance0(Native Method) ~[?:?]
	at jdk.internal.reflect.NativeConstructorAccessorImpl.newInstance(NativeConstructorAccessorImpl.java:62) ~[?:?]
	at jdk.internal.reflect.DelegatingConstructorAccessorImpl.newInstance(DelegatingConstructorAccessorImpl.java:45) ~[?:?]
	at java.lang.reflect.Constructor.newInstance(Constructor.java:490) ~[?:?]
	at org.junit.internal.builders.AnnotatedBuilder.buildRunner(AnnotatedBuilder.java:107) ~[junit-4.12.jar:4.12]
	at org.junit.internal.builders.AnnotatedBuilder.runnerForClass(AnnotatedBuilder.java:86) ~[junit-4.12.jar:4.12]
	at org.junit.runners.model.RunnerBuilder.safeRunnerForClass(RunnerBuilder.java:59) ~[junit-4.12.jar:4.12]
	at org.junit.internal.builders.AllDefaultPossibilitiesBuilder.runnerForClass(AllDefaultPossibilitiesBuilder.java:26) ~[junit-4.12.jar:4.12]
	at org.junit.runners.model.RunnerBuilder.safeRunnerForClass(RunnerBuilder.java:59) ~[junit-4.12.jar:4.12]
	at org.junit.internal.requests.ClassRequest.getRunner(ClassRequest.java:33) ~[junit-4.12.jar:4.12]
	at org.gradle.api.internal.tasks.testing.junit.JUnitTestClassExecutor.runTestClass(JUnitTestClassExecutor.java:78) ~[?:?]
	at org.gradle.api.internal.tasks.testing.junit.JUnitTestClassExecutor.execute(JUnitTestClassExecutor.java:58) ~[?:?]
	at org.gradle.api.internal.tasks.testing.junit.JUnitTestClassExecutor.execute(JUnitTestClassExecutor.java:38) ~[?:?]
	at org.gradle.api.internal.tasks.testing.junit.AbstractJUnitTestClassProcessor.processTestClass(AbstractJUnitTestClassProcessor.java:66) ~[?:?]
	at org.gradle.api.internal.tasks.testing.SuiteTestClassProcessor.processTestClass(SuiteTestClassProcessor.java:51) ~[?:?]
	at jdk.internal.reflect.NativeMethodAccessorImpl.invoke0(Native Method) ~[?:?]
	at jdk.internal.reflect.NativeMethodAccessorImpl.invoke(NativeMethodAccessorImpl.java:62) ~[?:?]
	at jdk.internal.reflect.DelegatingMethodAccessorImpl.invoke(DelegatingMethodAccessorImpl.java:43) ~[?:?]
	at java.lang.reflect.Method.invoke(Method.java:566) ~[?:?]
	at org.gradle.internal.dispatch.ReflectionDispatch.dispatch(ReflectionDispatch.java:35) ~[?:?]
	at org.gradle.internal.dispatch.ReflectionDispatch.dispatch(ReflectionDispatch.java:24) ~[?:?]
	at org.gradle.internal.dispatch.ContextClassLoaderDispatch.dispatch(ContextClassLoaderDispatch.java:32) ~[?:?]
	at org.gradle.internal.dispatch.ProxyDispatchAdapter$DispatchingInvocationHandler.invoke(ProxyDispatchAdapter.java:93) ~[?:?]
	at com.sun.proxy.$Proxy2.processTestClass(Unknown Source) ~[?:?]
	at org.gradle.api.internal.tasks.testing.worker.TestWorker.processTestClass(TestWorker.java:117) ~[?:?]
	at jdk.internal.reflect.NativeMethodAccessorImpl.invoke0(Native Method) ~[?:?]
	at jdk.internal.reflect.NativeMethodAccessorImpl.invoke(NativeMethodAccessorImpl.java:62) ~[?:?]
	at jdk.internal.reflect.DelegatingMethodAccessorImpl.invoke(DelegatingMethodAccessorImpl.java:43) ~[?:?]
	at java.lang.reflect.Method.invoke(Method.java:566) ~[?:?]
	at org.gradle.internal.dispatch.ReflectionDispatch.dispatch(ReflectionDispatch.java:35) ~[?:?]
	at org.gradle.internal.dispatch.ReflectionDispatch.dispatch(ReflectionDispatch.java:24) ~[?:?]
	at org.gradle.internal.remote.internal.hub.MessageHubBackedObjectConnection$DispatchWrapper.dispatch(MessageHubBackedObjectConnection.java:155) ~[?:?]
	at org.gradle.internal.remote.internal.hub.MessageHubBackedObjectConnection$DispatchWrapper.dispatch(MessageHubBackedObjectConnection.java:137) ~[?:?]
	at org.gradle.internal.remote.internal.hub.MessageHub$Handler.run(MessageHub.java:404) ~[?:?]
	at org.gradle.internal.concurrent.ExecutorPolicy$CatchAndRecordFailures.onExecute(ExecutorPolicy.java:63) ~[?:?]
	at org.gradle.internal.concurrent.ManagedExecutorImpl$1.run(ManagedExecutorImpl.java:46) ~[?:?]
	at java.util.concurrent.ThreadPoolExecutor.runWorker(ThreadPoolExecutor.java:1128) ~[?:?]
	at java.util.concurrent.ThreadPoolExecutor$Worker.run(ThreadPoolExecutor.java:628) ~[?:?]
	at org.gradle.internal.concurrent.ThreadFactoryImpl$ManagedThreadRunnable.run(ThreadFactoryImpl.java:55) ~[?:?]
	at java.lang.Thread.run(Thread.java:829) [?:?]
Caused by: org.postgresql.util.PSQLException: ERROR: relation "inode" does not exist
  Position: 30
	at org.postgresql.core.v3.QueryExecutorImpl.receiveErrorResponse(QueryExecutorImpl.java:2497) ~[postgresql-42.2.8.jar:42.2.8]
	at org.postgresql.core.v3.QueryExecutorImpl.processResults(QueryExecutorImpl.java:2233) ~[postgresql-42.2.8.jar:42.2.8]
	at org.postgresql.core.v3.QueryExecutorImpl.execute(QueryExecutorImpl.java:310) ~[postgresql-42.2.8.jar:42.2.8]
	at org.postgresql.jdbc.PgStatement.executeInternal(PgStatement.java:446) ~[postgresql-42.2.8.jar:42.2.8]
	at org.postgresql.jdbc.PgStatement.execute(PgStatement.java:370) ~[postgresql-42.2.8.jar:42.2.8]
	at org.postgresql.jdbc.PgStatement.executeWithFlags(PgStatement.java:311) ~[postgresql-42.2.8.jar:42.2.8]
	at org.postgresql.jdbc.PgStatement.executeCachedSql(PgStatement.java:297) ~[postgresql-42.2.8.jar:42.2.8]
	at org.postgresql.jdbc.PgStatement.executeWithFlags(PgStatement.java:274) ~[postgresql-42.2.8.jar:42.2.8]
	at org.postgresql.jdbc.PgStatement.executeQuery(PgStatement.java:225) ~[postgresql-42.2.8.jar:42.2.8]
	at com.zaxxer.hikari.pool.ProxyStatement.executeQuery(ProxyStatement.java:111) ~[HikariCP-3.4.2.jar:?]
	at com.zaxxer.hikari.pool.HikariProxyStatement.executeQuery(HikariProxyStatement.java) ~[HikariCP-3.4.2.jar:?]
	at com.dotmarketing.common.db.DotConnect.executeQuery(DotConnect.java:639) ~[main/:?]
	at com.dotmarketing.common.db.DotConnect.executeQuery(DotConnect.java:532) ~[main/:?]
	at com.dotmarketing.common.db.DotConnect.getResult(DotConnect.java:286) ~[main/:?]
	... 67 more
[09/01/24 17:14:56:256 UTC]  INFO caffine.CaffineCache: ***	 Building Cache : dotcmsrolecache, size:1000,Concurrency:32
[09/01/24 17:14:56:262 UTC]  INFO caffine.CaffineCache: ***	 Building Cache : dotcmsrolekeycache, size:1000,Concurrency:32
[09/01/24 17:14:56:278 UTC]  WARN util.JDBCExceptionReporter: SQL Error: 0, SQLState: 42P01
[09/01/24 17:14:56:279 UTC] ERROR util.JDBCExceptionReporter: ERROR: relation "cms_role" does not exist
  Position: 330
[09/01/24 17:14:56:279 UTC]  WARN util.JDBCExceptionReporter: SQL Error: 0, SQLState: 42P01
[09/01/24 17:14:56:279 UTC] ERROR util.JDBCExceptionReporter: ERROR: relation "cms_role" does not exist
  Position: 330
