[20/06/23 19:07:45:825 UTC]  INFO loggers.Log4jUtil: Async Logger enabled: true
[20/06/23 19:07:45:826 UTC]  INFO listeners.ContextLifecycleListener: Installing the web socket
[20/06/23 19:07:46:998 UTC]  INFO business.CacheLocator: loading cache administrator: ChainableCacheAdministratorImpl
[20/06/23 19:07:47:611 UTC]  INFO db.DataSourceStrategyProvider: Datasource loaded using custom class com.dotmarketing.db.SystemEnvDataSourceStrategy
[20/06/23 19:07:47:643 UTC]  INFO cfg.Environment: Hibernate 2.1.8
[20/06/23 19:07:47:644 UTC]  INFO cfg.Environment: hibernate.properties not found
[20/06/23 19:07:47:645 UTC]  INFO cfg.Environment: using CGLIB reflection optimizer
[20/06/23 19:07:47:647 UTC]  INFO cfg.Environment: using JDK 1.4 java.sql.Timestamp handling
[20/06/23 19:07:47:650 UTC]  INFO cfg.Configuration: configuring from resource: /hibernate.cfg.xml
[20/06/23 19:07:47:650 UTC]  INFO cfg.Configuration: Configuration resource: /hibernate.cfg.xml
[20/06/23 19:07:47:742 UTC]  INFO cfg.Configuration: Configured SessionFactory: null
[20/06/23 19:07:47:745 UTC]  INFO cfg.Configuration: Mapping resource: META-INF/portal-hbm.xml
[20/06/23 19:07:47:843 UTC]  INFO cfg.Binder: Mapping class: com.liferay.portal.ejb.AddressHBM -> Address
[20/06/23 19:07:47:960 UTC]  INFO cfg.Binder: Mapping class: com.liferay.portal.ejb.CompanyHBM -> Company
[20/06/23 19:07:47:975 UTC]  INFO cfg.Binder: Mapping class: com.liferay.portal.ejb.ImageHBM -> Image
[20/06/23 19:07:47:976 UTC]  INFO cfg.Binder: Mapping class: com.liferay.portal.ejb.PasswordTrackerHBM -> PasswordTracker
[20/06/23 19:07:47:981 UTC]  INFO cfg.Binder: Mapping class: com.liferay.portal.ejb.UserHBM -> User_
[20/06/23 19:07:48:000 UTC]  INFO cfg.Binder: Mapping class: com.liferay.portal.ejb.UserTrackerHBM -> UserTracker
[20/06/23 19:07:48:003 UTC]  INFO cfg.Binder: Mapping class: com.liferay.portal.ejb.UserTrackerPathHBM -> UserTrackerPath
[20/06/23 19:07:48:009 UTC]  INFO cfg.Binder: Mapping class: com.liferay.portlet.admin.ejb.AdminConfigHBM -> AdminConfig
[20/06/23 19:07:48:011 UTC]  INFO cfg.Configuration: Mapping resource: com/dotmarketing/beans/DotCMSSeq.hbm.xml
[20/06/23 19:07:48:105 UTC]  INFO cfg.Binder: Mapping class: com.dotmarketing.beans.Inode -> inode
[20/06/23 19:07:48:155 UTC]  INFO cfg.Binder: Mapping joined-subclass: com.dotmarketing.portlets.containers.model.Container -> dot_containers
[20/06/23 19:07:48:160 UTC]  INFO cfg.Binder: Mapping joined-subclass: com.dotmarketing.portlets.links.model.Link -> links
[20/06/23 19:07:48:168 UTC]  INFO cfg.Binder: Mapping joined-subclass: com.dotmarketing.portlets.structure.model.Field -> field
[20/06/23 19:07:48:172 UTC]  INFO cfg.Binder: Mapping class: com.dotmarketing.portlets.workflows.model.WorkflowTask -> workflow_task
[20/06/23 19:07:48:174 UTC]  INFO cfg.Binder: Mapping class: com.dotmarketing.portlets.workflows.model.WorkflowComment -> workflow_comment
[20/06/23 19:07:48:176 UTC]  INFO cfg.Binder: Mapping class: com.dotmarketing.portlets.workflows.model.WorkflowHistory -> workflow_history
[20/06/23 19:07:48:179 UTC]  INFO cfg.Binder: Mapping class: com.dotmarketing.portlets.workflows.model.WorkFlowTaskFiles -> workflowtask_files
[20/06/23 19:07:48:183 UTC]  INFO cfg.Binder: Mapping class: com.dotmarketing.beans.Permission -> permission
[20/06/23 19:07:48:187 UTC]  INFO cfg.Binder: Mapping class: com.dotmarketing.beans.PermissionReference -> permission_reference
[20/06/23 19:07:48:189 UTC]  INFO cfg.Binder: Mapping class: com.dotmarketing.beans.Tree -> tree
[20/06/23 19:07:48:388 UTC]  INFO cfg.Binder: Mapping class: com.dotmarketing.beans.MultiTree -> multi_tree
[20/06/23 19:07:48:423 UTC]  INFO util.ReflectHelper: reflection optimizer disabled for: com.dotmarketing.beans.MultiTree, BulkBeanException: Index 1 out of bounds for length 0 (property setParent1)
[20/06/23 19:07:48:426 UTC]  INFO cfg.Binder: Mapping class: com.dotmarketing.beans.Clickstream -> clickstream
[20/06/23 19:07:48:438 UTC]  INFO cfg.Binder: Mapping class: com.dotmarketing.beans.ClickstreamRequest -> clickstream_request
[20/06/23 19:07:48:441 UTC]  INFO cfg.Binder: Mapping class: com.dotmarketing.beans.Clickstream404 -> clickstream_404
[20/06/23 19:07:48:444 UTC]  INFO cfg.Binder: Mapping class: com.dotmarketing.tag.model.Tag -> tag
[20/06/23 19:07:48:450 UTC]  INFO cfg.Binder: Mapping class: com.dotmarketing.tag.model.TagInode -> tag_inode
[20/06/23 19:07:48:511 UTC]  INFO cfg.Binder: Mapping class: com.dotmarketing.beans.ChallengeQuestion -> challenge_question
[20/06/23 19:07:48:514 UTC]  INFO cfg.Binder: Mapping class: com.dotmarketing.beans.UsersToDelete -> users_to_delete
[20/06/23 19:07:48:517 UTC]  INFO cfg.Binder: Mapping class: com.dotmarketing.plugin.model.Plugin -> plugin
[20/06/23 19:07:48:525 UTC]  INFO cfg.Binder: Mapping class: com.dotmarketing.business.Role -> cms_role
[20/06/23 19:07:48:527 UTC]  INFO cfg.Binder: Mapping class: com.dotmarketing.business.UsersRoles -> users_cms_roles
[20/06/23 19:07:48:529 UTC]  INFO cfg.Binder: Mapping class: com.dotmarketing.business.LayoutsRoles -> layouts_cms_roles
[20/06/23 19:07:48:530 UTC]  INFO cfg.Binder: Mapping class: com.dotmarketing.business.Layout -> cms_layout
[20/06/23 19:07:48:532 UTC]  INFO cfg.Binder: Mapping class: com.dotmarketing.business.PortletsLayouts -> cms_layouts_portlets
[20/06/23 19:07:48:534 UTC]  INFO cfg.Binder: Mapping class: com.dotmarketing.portlets.hostvariable.model.HostVariable -> host_variable
[20/06/23 19:07:48:535 UTC]  INFO cfg.Binder: Mapping class: com.dotmarketing.beans.FixAudit -> fixes_audit
[20/06/23 19:07:48:537 UTC]  INFO cfg.Binder: Mapping class: com.dotmarketing.beans.ContainerStructure -> container_structures
[20/06/23 19:07:48:540 UTC]  INFO cfg.Binder: Mapping class: com.dotmarketing.portlets.templates.model.TemplateVersionInfo -> template_version_info
[20/06/23 19:07:48:541 UTC]  INFO cfg.Binder: Mapping class: com.dotmarketing.portlets.containers.model.ContainerVersionInfo -> container_version_info
[20/06/23 19:07:48:543 UTC]  INFO cfg.Binder: Mapping class: com.dotmarketing.portlets.links.model.LinkVersionInfo -> link_version_info
[20/06/23 19:07:48:543 UTC]  INFO cfg.Configuration: Mapping resource: com/dotmarketing/beans/DotCMSSeq_NOSQLGEN.hbm.xml
[20/06/23 19:07:48:553 UTC]  INFO cfg.Binder: Mapping class: com.dotmarketing.plugin.model.PluginProperty -> plugin_property
[20/06/23 19:07:48:613 UTC]  INFO cfg.Configuration: processing one-to-many association mappings
[20/06/23 19:07:48:614 UTC]  INFO cfg.Binder: Mapping collection: com.dotmarketing.beans.Clickstream.clickstreamRequests -> clickstream_request
[20/06/23 19:07:48:615 UTC]  INFO cfg.Configuration: processing one-to-one association property references
[20/06/23 19:07:48:616 UTC]  INFO cfg.Configuration: processing foreign key constraints
[20/06/23 19:07:48:631 UTC]  INFO dialect.Dialect: Using dialect: com.dotcms.repackage.net.sf.hibernate.dialect.PostgreSQLDialect
[20/06/23 19:07:48:635 UTC]  INFO cfg.SettingsFactory: Use outer join fetching: true
[20/06/23 19:07:48:640 UTC]  WARN connection.UserSuppliedConnectionProvider: No connection properties specified - the user must supply JDBC connections
[20/06/23 19:07:48:644 UTC]  INFO transaction.TransactionManagerLookupFactory: No TransactionManagerLookup configured (in JTA environment, use of process level read-write cache is not recommended)
[20/06/23 19:07:48:646 UTC]  INFO cfg.SettingsFactory: Use scrollable result sets: true
[20/06/23 19:07:48:647 UTC]  INFO cfg.SettingsFactory: Use JDBC3 getGeneratedKeys(): false
[20/06/23 19:07:48:648 UTC]  INFO cfg.SettingsFactory: Optimize cache for minimal puts: false
[20/06/23 19:07:48:649 UTC]  INFO cfg.SettingsFactory: Query language substitutions: {}
[20/06/23 19:07:48:650 UTC]  INFO cfg.SettingsFactory: cache provider: com.dotmarketing.db.NoCacheProvider
[20/06/23 19:07:48:652 UTC]  INFO cfg.Configuration: instantiating and configuring caches
[20/06/23 19:07:48:665 UTC]  INFO impl.SessionFactoryImpl: building session factory
[20/06/23 19:07:48:868 UTC]  INFO util.ReflectHelper: reflection optimizer disabled for: com.dotmarketing.beans.MultiTree, BulkBeanException: Index 1 out of bounds for length 0 (property setTreeOrder)
[20/06/23 19:07:49:325 UTC]  INFO impl.SessionFactoryObjectFactory: Not binding factory to JNDI, no JNDI name configured
[20/06/23 19:07:49:526 UTC]  WARN license.LicenseManager: Cannot upsert License to db (every 120000 millis)
[20/06/23 19:07:49:528 UTC]  INFO servlets.InitServlet: 
[20/06/23 19:07:49:529 UTC]  INFO servlets.InitServlet:  * Copyright (c) 2023 dotCMS Inc. 
[20/06/23 19:07:49:530 UTC]  INFO servlets.InitServlet:  * This software, code and any modifications to the code are licensed under the terms of the dotCMS Enterprise License 
[20/06/23 19:07:49:530 UTC]  INFO servlets.InitServlet:  * which can be found here : https://www.github.com/dotCMS/core/LICENSE 
[20/06/23 19:07:49:531 UTC]  INFO servlets.InitServlet: 
[20/06/23 19:07:49:543 UTC]  INFO h22.H22Cache: Initing H22 cache db:0
[20/06/23 19:07:49:548 UTC]  INFO h22.H22Cache: Building new H22 Cache, db:0
[20/06/23 19:07:49:565 UTC]  INFO h22.H22HikariPool: H22 on disk cache:jdbc:h2:/data/local/dotsecure/h22cache/0/2023-06-20_19-07-49/cache;MVCC=TRUE;DB_CLOSE_ON_EXIT=FALSE
[20/06/23 19:07:49:882 UTC]  INFO h22.H22Cache: Initing H22 cache db:1
[20/06/23 19:07:49:882 UTC]  INFO h22.H22Cache: Building new H22 Cache, db:1
[20/06/23 19:07:49:885 UTC]  INFO h22.H22HikariPool: H22 on disk cache:jdbc:h2:/data/local/dotsecure/h22cache/1/2023-06-20_19-07-49/cache;MVCC=TRUE;DB_CLOSE_ON_EXIT=FALSE
[20/06/23 19:07:49:954 UTC]  INFO timedcache.TimedCacheProvider: ===== Initializing [Timed Cache Provider].
[20/06/23 19:07:49:956 UTC]  INFO timedcache.TimedCacheProvider: ***	 Cache Config Memory : esquerycache: 10000
[20/06/23 19:07:49:956 UTC]  INFO timedcache.TimedCacheProvider: ***	 Cache Config Memory : esquerycountcache: 10000
[20/06/23 19:07:49:957 UTC]  INFO timedcache.TimedCacheProvider: ***	 Cache Config Memory : graphqlquerycache: 5000
[20/06/23 19:07:49:957 UTC]  INFO timedcache.TimedCacheProvider: ***	 Cache Config Memory : default: 1000
[20/06/23 19:07:49:957 UTC]  INFO timedcache.TimedCacheProvider: ***	 Cache Config Memory : adminconfigpool: 100
[20/06/23 19:07:49:958 UTC]  INFO timedcache.TimedCacheProvider: ***	 Cache Config Memory : companypool: 10
[20/06/23 19:07:49:958 UTC]  INFO timedcache.TimedCacheProvider: ***	 Cache Config Memory : contentletcache: 5000
[20/06/23 19:07:49:958 UTC]  INFO timedcache.TimedCacheProvider: ***	 Cache Config Memory : categoryparentscache: 30000
[20/06/23 19:07:49:959 UTC]  INFO timedcache.TimedCacheProvider: ***	 Cache Config Memory : taginodecache: 50000
[20/06/23 19:07:49:959 UTC]  INFO timedcache.TimedCacheProvider: ***	 Cache Config Memory : taginodesbyinodecache: 50000
[20/06/23 19:07:49:959 UTC]  INFO timedcache.TimedCacheProvider: ***	 Cache Config Memory : tagcache: 50000
[20/06/23 19:07:49:960 UTC]  INFO timedcache.TimedCacheProvider: ***	 Cache Config Memory : csscache: 2500
[20/06/23 19:07:49:960 UTC]  INFO timedcache.TimedCacheProvider: ***	 Cache Config Memory : assetmetadatacache: 10000
[20/06/23 19:07:49:961 UTC]  INFO timedcache.TimedCacheProvider: ***	 Cache Config Memory : identifiercache: 50000
[20/06/23 19:07:49:961 UTC]  INFO timedcache.TimedCacheProvider: ***	 Cache Config Memory : identifier404cache: 30000
[20/06/23 19:07:49:962 UTC]  INFO timedcache.TimedCacheProvider: ***	 Cache Config Memory : indiciescache: 8
[20/06/23 19:07:49:962 UTC]  INFO timedcache.TimedCacheProvider: ***	 Cache Config Memory : logmappercache: 10
[20/06/23 19:07:49:963 UTC]  INFO timedcache.TimedCacheProvider: ***	 Cache Config Memory : navcache: 1000
[20/06/23 19:07:49:963 UTC]  INFO timedcache.TimedCacheProvider: ***	 Cache Config Memory : parentpermissionablecache: 10000
[20/06/23 19:07:49:964 UTC]  INFO timedcache.TimedCacheProvider: ***	 Cache Config Memory : permissioncache: 50000
[20/06/23 19:07:49:964 UTC]  INFO timedcache.TimedCacheProvider: ***	 Cache Config Memory : portletpool: 100
[20/06/23 19:07:49:964 UTC]  INFO timedcache.TimedCacheProvider: ***	 Cache Config Memory : publishingendpointcache: 100
[20/06/23 19:07:49:965 UTC]  INFO timedcache.TimedCacheProvider: ***	 Cache Config Memory : pushedassetscache: 5000
[20/06/23 19:07:49:965 UTC]  INFO timedcache.TimedCacheProvider: ***	 Cache Config Memory : templatecache: 500
[20/06/23 19:07:49:966 UTC]  INFO timedcache.TimedCacheProvider: ***	 Cache Config Memory : translatedquerycache: 5000
[20/06/23 19:07:49:966 UTC]  INFO timedcache.TimedCacheProvider: ***	 Cache Config Memory : versioncache: 50000
[20/06/23 19:07:49:966 UTC]  INFO timedcache.TimedCacheProvider: ***	 Cache Config Memory : versioninfocache: 50000
[20/06/23 19:07:49:967 UTC]  INFO timedcache.TimedCacheProvider: ***	 Cache Config Memory : workflowactioncache: 10000
[20/06/23 19:07:49:967 UTC]  INFO timedcache.TimedCacheProvider: ***	 Cache Config Memory : workflowtaskcache: 10000
[20/06/23 19:07:49:967 UTC]  INFO timedcache.TimedCacheProvider: ***	 Cache Config Memory : shortyidcache: 25000
[20/06/23 19:07:49:968 UTC]  INFO timedcache.TimedCacheProvider: ***	 Cache Config Memory : velocitycache: 5000
[20/06/23 19:07:49:968 UTC]  INFO timedcache.TimedCacheProvider: ***	 Cache Config Memory : vanityurldirectcache: 25000
[20/06/23 19:07:49:969 UTC]  INFO timedcache.TimedCacheProvider: ***	 Cache Config Memory : vanityurlsitecache: 5000
[20/06/23 19:07:50:704 UTC]  INFO servlet.VisitorFilter: VisitorLogger Filter Started
[20/06/23 19:07:51:304 UTC]  INFO util.SystemProperties: Loading file:/srv/dotserver/tomcat-9.0.60/webapps/ROOT/WEB-INF/classes/system.properties
[20/06/23 19:07:51:310 UTC]  INFO util.SystemProperties: Loading file:/srv/dotserver/tomcat-9.0.60/webapps/ROOT/WEB-INF/classes/system-ext.properties
[20/06/23 19:07:51:318 UTC]  INFO util.SystemProperties: Loading file:/srv/dotserver/tomcat-9.0.60/webapps/ROOT/WEB-INF/classes/system.properties
[20/06/23 19:07:51:319 UTC]  INFO util.SystemProperties: Loading file:/srv/dotserver/tomcat-9.0.60/webapps/ROOT/WEB-INF/classes/system-ext.properties
[20/06/23 19:07:52:254 UTC]  INFO util.PropsLoader: Loading file:/srv/dotserver/tomcat-9.0.60/webapps/ROOT/WEB-INF/classes/portal.properties
[20/06/23 19:07:52:256 UTC]  INFO util.PropsLoader: Loading file:/srv/dotserver/tomcat-9.0.60/webapps/ROOT/WEB-INF/classes/portal-ext.properties
[20/06/23 19:07:56:465 UTC]  INFO tiles.TilesPlugin: Tiles definition factory loaded for module ''.
[20/06/23 19:07:56:470 UTC]  INFO validator.ValidatorPlugIn: Loading validation rules file from '/WEB-INF/validator-rules.xml'
[20/06/23 19:07:56:470 UTC]  INFO validator.ValidatorPlugIn: Loading validation rules file from '/WEB-INF/validation.xml'
[20/06/23 19:07:56:749 UTC]  INFO util.RestHighLevelClientProvider: disabling String.intern() in Jackson
[20/06/23 19:07:56:752 UTC]  WARN util.DotRestHighLevelClientProvider: Elastic RestHighLevelClient will be initialized without certificates
[20/06/23 19:07:56:757 UTC]  INFO util.DotRestHighLevelClientProvider: Initializing Elastic RestHighLevelClient using Basic authentication
[20/06/23 19:07:56:768 UTC]  INFO util.DotRestHighLevelClientProvider: Initializing Elastic RestHighLevelClient using endpoints [
[20/06/23 19:07:56:771 UTC]  INFO util.DotRestHighLevelClientProvider:   - http://elasticsearch:9200
[20/06/23 19:07:56:772 UTC]  INFO util.DotRestHighLevelClientProvider: ]
[20/06/23 19:07:56:773 UTC]  WARN util.DotRestHighLevelClientProvider: Initializing Elastic RestHighLevelClient using an unsecured http connection
[20/06/23 19:07:57:215 UTC]  INFO util.DotRestHighLevelClientProvider: RestHighLevelClientProvider com.dotcms.content.elasticsearch.util.DotRestHighLevelClientProvider loaded successfully
[20/06/23 19:07:57:702 UTC]  INFO startup.StartupTasksExecutor: Running Startup Tasks
[20/06/23 19:07:57:935 UTC]  INFO runalways.Task00001LoadSchema: -------------------------------------------------------------------------------------
[20/06/23 19:07:57:936 UTC]  INFO runalways.Task00001LoadSchema: 
[20/06/23 19:07:57:936 UTC]  INFO runalways.Task00001LoadSchema: Empty dotCMS database found.  Loading initial dotCMS schema for PostgreSQL
[20/06/23 19:07:57:937 UTC]  INFO runalways.Task00001LoadSchema: 
[20/06/23 19:07:57:938 UTC]  INFO runalways.Task00001LoadSchema: -------------------------------------------------------------------------------------
[20/06/23 19:07:57:945 UTC]  INFO startup.StartupTasksExecutor: Running Startup Tasks : Task00001LoadSchema
[20/06/23 19:07:57:946 UTC]  INFO runalways.Task00001LoadSchema: Loading schema
[20/06/23 19:07:58:002 UTC]  INFO timedcache.TimedCacheProvider: ===== Initializing [Timed Cache Provider].
[20/06/23 19:07:58:006 UTC]  INFO timedcache.TimedCacheProvider: ***	 Cache Config Memory : esquerycache: 10000
[20/06/23 19:07:58:007 UTC]  INFO timedcache.TimedCacheProvider: ***	 Cache Config Memory : esquerycountcache: 10000
[20/06/23 19:07:58:009 UTC]  INFO timedcache.TimedCacheProvider: ***	 Cache Config Memory : graphqlquerycache: 5000
[20/06/23 19:07:58:010 UTC]  INFO timedcache.TimedCacheProvider: ***	 Cache Config Memory : default: 1000
[20/06/23 19:07:58:010 UTC]  INFO timedcache.TimedCacheProvider: ***	 Cache Config Memory : adminconfigpool: 100
[20/06/23 19:07:58:011 UTC]  INFO timedcache.TimedCacheProvider: ***	 Cache Config Memory : companypool: 10
[20/06/23 19:07:58:012 UTC]  INFO timedcache.TimedCacheProvider: ***	 Cache Config Memory : contentletcache: 5000
[20/06/23 19:07:58:014 UTC]  INFO timedcache.TimedCacheProvider: ***	 Cache Config Memory : categoryparentscache: 30000
[20/06/23 19:07:58:015 UTC]  INFO timedcache.TimedCacheProvider: ***	 Cache Config Memory : taginodecache: 50000
[20/06/23 19:07:58:016 UTC]  INFO timedcache.TimedCacheProvider: ***	 Cache Config Memory : taginodesbyinodecache: 50000
[20/06/23 19:07:58:017 UTC]  INFO timedcache.TimedCacheProvider: ***	 Cache Config Memory : tagcache: 50000
[20/06/23 19:07:58:018 UTC]  INFO timedcache.TimedCacheProvider: ***	 Cache Config Memory : csscache: 2500
[20/06/23 19:07:58:020 UTC]  INFO timedcache.TimedCacheProvider: ***	 Cache Config Memory : assetmetadatacache: 10000
[20/06/23 19:07:58:021 UTC]  INFO timedcache.TimedCacheProvider: ***	 Cache Config Memory : identifiercache: 50000
[20/06/23 19:07:58:022 UTC]  INFO timedcache.TimedCacheProvider: ***	 Cache Config Memory : identifier404cache: 30000
[20/06/23 19:07:58:025 UTC]  INFO timedcache.TimedCacheProvider: ***	 Cache Config Memory : indiciescache: 8
[20/06/23 19:07:58:027 UTC]  INFO timedcache.TimedCacheProvider: ***	 Cache Config Memory : logmappercache: 10
[20/06/23 19:07:58:031 UTC]  INFO timedcache.TimedCacheProvider: ***	 Cache Config Memory : navcache: 1000
[20/06/23 19:07:58:033 UTC]  INFO timedcache.TimedCacheProvider: ***	 Cache Config Memory : parentpermissionablecache: 10000
[20/06/23 19:07:58:034 UTC]  INFO timedcache.TimedCacheProvider: ***	 Cache Config Memory : permissioncache: 50000
[20/06/23 19:07:58:035 UTC]  INFO timedcache.TimedCacheProvider: ***	 Cache Config Memory : portletpool: 100
[20/06/23 19:07:58:036 UTC]  INFO timedcache.TimedCacheProvider: ***	 Cache Config Memory : publishingendpointcache: 100
[20/06/23 19:07:58:037 UTC]  INFO timedcache.TimedCacheProvider: ***	 Cache Config Memory : pushedassetscache: 5000
[20/06/23 19:07:58:038 UTC]  INFO timedcache.TimedCacheProvider: ***	 Cache Config Memory : templatecache: 500
[20/06/23 19:07:58:040 UTC]  INFO timedcache.TimedCacheProvider: ***	 Cache Config Memory : translatedquerycache: 5000
[20/06/23 19:07:58:041 UTC]  INFO timedcache.TimedCacheProvider: ***	 Cache Config Memory : versioncache: 50000
[20/06/23 19:07:58:043 UTC]  INFO timedcache.TimedCacheProvider: ***	 Cache Config Memory : versioninfocache: 50000
[20/06/23 19:07:58:043 UTC]  INFO timedcache.TimedCacheProvider: ***	 Cache Config Memory : workflowactioncache: 10000
[20/06/23 19:07:58:044 UTC]  INFO timedcache.TimedCacheProvider: ***	 Cache Config Memory : workflowtaskcache: 10000
[20/06/23 19:07:58:045 UTC]  INFO timedcache.TimedCacheProvider: ***	 Cache Config Memory : shortyidcache: 25000
[20/06/23 19:07:58:046 UTC]  INFO timedcache.TimedCacheProvider: ***	 Cache Config Memory : velocitycache: 5000
[20/06/23 19:07:58:048 UTC]  INFO timedcache.TimedCacheProvider: ***	 Cache Config Memory : vanityurldirectcache: 25000
[20/06/23 19:07:58:049 UTC]  INFO timedcache.TimedCacheProvider: ***	 Cache Config Memory : vanityurlsitecache: 5000
[20/06/23 19:07:58:051 UTC]  INFO h22.H22Cache: Start Full Cache Flush in h22
[20/06/23 19:07:58:052 UTC]  INFO h22.H22Cache: Building new H22 Cache, db:0
[20/06/23 19:07:58:053 UTC]  INFO h22.H22HikariPool: H22 on disk cache:jdbc:h2:/data/local/dotsecure/h22cache/0/2023-06-20_19-07-58/cache;MVCC=TRUE;DB_CLOSE_ON_EXIT=FALSE
[20/06/23 19:07:58:173 UTC]  INFO h22.H22Cache: Building new H22 Cache, db:1
[20/06/23 19:07:58:174 UTC]  INFO h22.H22HikariPool: H22 on disk cache:jdbc:h2:/data/local/dotsecure/h22cache/1/2023-06-20_19-07-58/cache;MVCC=TRUE;DB_CLOSE_ON_EXIT=FALSE
[20/06/23 19:07:58:257 UTC]  INFO h22.H22Cache: End Full Cache Flush in h22 : 205ms
[20/06/23 19:07:58:755 UTC]  INFO runalways.Task00001LoadSchema: Schema created (507 statements executed)
[20/06/23 19:07:58:767 UTC]  INFO timedcache.TimedCacheProvider: ===== Initializing [Timed Cache Provider].
[20/06/23 19:07:58:768 UTC]  INFO timedcache.TimedCacheProvider: ***	 Cache Config Memory : esquerycache: 10000
[20/06/23 19:07:58:769 UTC]  INFO timedcache.TimedCacheProvider: ***	 Cache Config Memory : esquerycountcache: 10000
[20/06/23 19:07:58:770 UTC]  INFO timedcache.TimedCacheProvider: ***	 Cache Config Memory : graphqlquerycache: 5000
[20/06/23 19:07:58:770 UTC]  INFO timedcache.TimedCacheProvider: ***	 Cache Config Memory : default: 1000
[20/06/23 19:07:58:770 UTC]  INFO timedcache.TimedCacheProvider: ***	 Cache Config Memory : adminconfigpool: 100
[20/06/23 19:07:58:770 UTC]  INFO timedcache.TimedCacheProvider: ***	 Cache Config Memory : companypool: 10
[20/06/23 19:07:58:772 UTC]  INFO timedcache.TimedCacheProvider: ***	 Cache Config Memory : contentletcache: 5000
[20/06/23 19:07:58:772 UTC]  INFO timedcache.TimedCacheProvider: ***	 Cache Config Memory : categoryparentscache: 30000
[20/06/23 19:07:58:772 UTC]  INFO timedcache.TimedCacheProvider: ***	 Cache Config Memory : taginodecache: 50000
[20/06/23 19:07:58:772 UTC]  INFO timedcache.TimedCacheProvider: ***	 Cache Config Memory : taginodesbyinodecache: 50000
[20/06/23 19:07:58:772 UTC]  INFO timedcache.TimedCacheProvider: ***	 Cache Config Memory : tagcache: 50000
[20/06/23 19:07:58:772 UTC]  INFO timedcache.TimedCacheProvider: ***	 Cache Config Memory : csscache: 2500
[20/06/23 19:07:58:773 UTC]  INFO timedcache.TimedCacheProvider: ***	 Cache Config Memory : assetmetadatacache: 10000
[20/06/23 19:07:58:773 UTC]  INFO timedcache.TimedCacheProvider: ***	 Cache Config Memory : identifiercache: 50000
[20/06/23 19:07:58:773 UTC]  INFO timedcache.TimedCacheProvider: ***	 Cache Config Memory : identifier404cache: 30000
[20/06/23 19:07:58:775 UTC]  INFO timedcache.TimedCacheProvider: ***	 Cache Config Memory : indiciescache: 8
[20/06/23 19:07:58:775 UTC]  INFO timedcache.TimedCacheProvider: ***	 Cache Config Memory : logmappercache: 10
[20/06/23 19:07:58:775 UTC]  INFO timedcache.TimedCacheProvider: ***	 Cache Config Memory : navcache: 1000
[20/06/23 19:07:58:775 UTC]  INFO timedcache.TimedCacheProvider: ***	 Cache Config Memory : parentpermissionablecache: 10000
[20/06/23 19:07:58:775 UTC]  INFO timedcache.TimedCacheProvider: ***	 Cache Config Memory : permissioncache: 50000
[20/06/23 19:07:58:776 UTC]  INFO timedcache.TimedCacheProvider: ***	 Cache Config Memory : portletpool: 100
[20/06/23 19:07:58:776 UTC]  INFO timedcache.TimedCacheProvider: ***	 Cache Config Memory : publishingendpointcache: 100
[20/06/23 19:07:58:776 UTC]  INFO timedcache.TimedCacheProvider: ***	 Cache Config Memory : pushedassetscache: 5000
[20/06/23 19:07:58:776 UTC]  INFO timedcache.TimedCacheProvider: ***	 Cache Config Memory : templatecache: 500
[20/06/23 19:07:58:776 UTC]  INFO timedcache.TimedCacheProvider: ***	 Cache Config Memory : translatedquerycache: 5000
[20/06/23 19:07:58:776 UTC]  INFO timedcache.TimedCacheProvider: ***	 Cache Config Memory : versioncache: 50000
[20/06/23 19:07:58:776 UTC]  INFO timedcache.TimedCacheProvider: ***	 Cache Config Memory : versioninfocache: 50000
[20/06/23 19:07:58:777 UTC]  INFO timedcache.TimedCacheProvider: ***	 Cache Config Memory : workflowactioncache: 10000
[20/06/23 19:07:58:777 UTC]  INFO timedcache.TimedCacheProvider: ***	 Cache Config Memory : workflowtaskcache: 10000
[20/06/23 19:07:58:779 UTC]  INFO timedcache.TimedCacheProvider: ***	 Cache Config Memory : shortyidcache: 25000
[20/06/23 19:07:58:779 UTC]  INFO timedcache.TimedCacheProvider: ***	 Cache Config Memory : velocitycache: 5000
[20/06/23 19:07:58:780 UTC]  INFO timedcache.TimedCacheProvider: ***	 Cache Config Memory : vanityurldirectcache: 25000
[20/06/23 19:07:58:780 UTC]  INFO timedcache.TimedCacheProvider: ***	 Cache Config Memory : vanityurlsitecache: 5000
[20/06/23 19:07:58:780 UTC]  INFO h22.H22Cache: Start Full Cache Flush in h22
[20/06/23 19:07:58:780 UTC]  INFO h22.H22Cache: Building new H22 Cache, db:0
[20/06/23 19:07:58:780 UTC]  INFO h22.H22HikariPool: H22 on disk cache:jdbc:h2:/data/local/dotsecure/h22cache/0/2023-06-20_19-07-58/cache;MVCC=TRUE;DB_CLOSE_ON_EXIT=FALSE
[20/06/23 19:07:58:793 UTC]  INFO h22.H22Cache: Building new H22 Cache, db:1
[20/06/23 19:07:58:797 UTC]  INFO h22.H22HikariPool: H22 on disk cache:jdbc:h2:/data/local/dotsecure/h22cache/1/2023-06-20_19-07-58/cache;MVCC=TRUE;DB_CLOSE_ON_EXIT=FALSE
[20/06/23 19:07:58:813 UTC]  INFO h22.H22Cache: End Full Cache Flush in h22 : 33ms
[20/06/23 19:08:01:817 UTC]  INFO timedcache.TimedCacheProvider: ===== Initializing [Timed Cache Provider].
[20/06/23 19:08:01:817 UTC]  INFO timedcache.TimedCacheProvider: ***	 Cache Config Memory : esquerycache: 10000
[20/06/23 19:08:01:817 UTC]  INFO timedcache.TimedCacheProvider: ***	 Cache Config Memory : esquerycountcache: 10000
[20/06/23 19:08:01:817 UTC]  INFO timedcache.TimedCacheProvider: ***	 Cache Config Memory : graphqlquerycache: 5000
[20/06/23 19:08:01:817 UTC]  INFO timedcache.TimedCacheProvider: ***	 Cache Config Memory : default: 1000
[20/06/23 19:08:01:818 UTC]  INFO timedcache.TimedCacheProvider: ***	 Cache Config Memory : adminconfigpool: 100
[20/06/23 19:08:01:818 UTC]  INFO timedcache.TimedCacheProvider: ***	 Cache Config Memory : companypool: 10
[20/06/23 19:08:01:818 UTC]  INFO timedcache.TimedCacheProvider: ***	 Cache Config Memory : contentletcache: 5000
[20/06/23 19:08:01:818 UTC]  INFO timedcache.TimedCacheProvider: ***	 Cache Config Memory : categoryparentscache: 30000
[20/06/23 19:08:01:818 UTC]  INFO timedcache.TimedCacheProvider: ***	 Cache Config Memory : taginodecache: 50000
[20/06/23 19:08:01:818 UTC]  INFO timedcache.TimedCacheProvider: ***	 Cache Config Memory : taginodesbyinodecache: 50000
[20/06/23 19:08:01:818 UTC]  INFO timedcache.TimedCacheProvider: ***	 Cache Config Memory : tagcache: 50000
[20/06/23 19:08:01:818 UTC]  INFO timedcache.TimedCacheProvider: ***	 Cache Config Memory : csscache: 2500
[20/06/23 19:08:01:818 UTC]  INFO timedcache.TimedCacheProvider: ***	 Cache Config Memory : assetmetadatacache: 10000
[20/06/23 19:08:01:818 UTC]  INFO timedcache.TimedCacheProvider: ***	 Cache Config Memory : identifiercache: 50000
[20/06/23 19:08:01:818 UTC]  INFO timedcache.TimedCacheProvider: ***	 Cache Config Memory : identifier404cache: 30000
[20/06/23 19:08:01:818 UTC]  INFO timedcache.TimedCacheProvider: ***	 Cache Config Memory : indiciescache: 8
[20/06/23 19:08:01:818 UTC]  INFO timedcache.TimedCacheProvider: ***	 Cache Config Memory : logmappercache: 10
[20/06/23 19:08:01:818 UTC]  INFO timedcache.TimedCacheProvider: ***	 Cache Config Memory : navcache: 1000
[20/06/23 19:08:01:818 UTC]  INFO timedcache.TimedCacheProvider: ***	 Cache Config Memory : parentpermissionablecache: 10000
[20/06/23 19:08:01:818 UTC]  INFO timedcache.TimedCacheProvider: ***	 Cache Config Memory : permissioncache: 50000
[20/06/23 19:08:01:818 UTC]  INFO timedcache.TimedCacheProvider: ***	 Cache Config Memory : portletpool: 100
[20/06/23 19:08:01:818 UTC]  INFO timedcache.TimedCacheProvider: ***	 Cache Config Memory : publishingendpointcache: 100
[20/06/23 19:08:01:818 UTC]  INFO timedcache.TimedCacheProvider: ***	 Cache Config Memory : pushedassetscache: 5000
[20/06/23 19:08:01:818 UTC]  INFO timedcache.TimedCacheProvider: ***	 Cache Config Memory : templatecache: 500
[20/06/23 19:08:01:818 UTC]  INFO timedcache.TimedCacheProvider: ***	 Cache Config Memory : translatedquerycache: 5000
[20/06/23 19:08:01:819 UTC]  INFO timedcache.TimedCacheProvider: ***	 Cache Config Memory : versioncache: 50000
[20/06/23 19:08:01:819 UTC]  INFO timedcache.TimedCacheProvider: ***	 Cache Config Memory : versioninfocache: 50000
[20/06/23 19:08:01:819 UTC]  INFO timedcache.TimedCacheProvider: ***	 Cache Config Memory : workflowactioncache: 10000
[20/06/23 19:08:01:819 UTC]  INFO timedcache.TimedCacheProvider: ***	 Cache Config Memory : workflowtaskcache: 10000
[20/06/23 19:08:01:819 UTC]  INFO timedcache.TimedCacheProvider: ***	 Cache Config Memory : shortyidcache: 25000
[20/06/23 19:08:01:819 UTC]  INFO timedcache.TimedCacheProvider: ***	 Cache Config Memory : velocitycache: 5000
[20/06/23 19:08:01:819 UTC]  INFO timedcache.TimedCacheProvider: ***	 Cache Config Memory : vanityurldirectcache: 25000
[20/06/23 19:08:01:819 UTC]  INFO timedcache.TimedCacheProvider: ***	 Cache Config Memory : vanityurlsitecache: 5000
[20/06/23 19:08:01:819 UTC]  INFO h22.H22Cache: Start Full Cache Flush in h22
[20/06/23 19:08:01:819 UTC]  INFO h22.H22Cache: Building new H22 Cache, db:0
[20/06/23 19:08:01:819 UTC]  INFO h22.H22HikariPool: H22 on disk cache:jdbc:h2:/data/local/dotsecure/h22cache/0/2023-06-20_19-08-01/cache;MVCC=TRUE;DB_CLOSE_ON_EXIT=FALSE
[20/06/23 19:08:01:906 UTC]  INFO h22.H22Cache: Building new H22 Cache, db:1
[20/06/23 19:08:01:906 UTC]  INFO h22.H22HikariPool: H22 on disk cache:jdbc:h2:/data/local/dotsecure/h22cache/1/2023-06-20_19-08-01/cache;MVCC=TRUE;DB_CLOSE_ON_EXIT=FALSE
[20/06/23 19:08:01:996 UTC]  INFO h22.H22Cache: End Full Cache Flush in h22 : 177ms
[20/06/23 19:08:01:999 UTC]  INFO startup.StartupTasksExecutor: Not Running Startup Tasks: Task00002LoadClusterLicenses
[20/06/23 19:08:01:999 UTC]  INFO startup.StartupTasksExecutor: Running Startup Tasks : Task00003CreateSystemRoles
[20/06/23 19:08:02:012 UTC]  INFO startup.StartupTasksExecutor: Running Startup Tasks : Task00004LoadStarter
[20/06/23 19:08:02:034 UTC]  INFO db.DotCMSInitDb: There are no inodes - initializing db with starter site
[20/06/23 19:08:02:092 UTC]  INFO starter.ImportStarterUtil: Found 21 files to import
[20/06/23 19:08:02:098 UTC]  WARN util.FileUtil: /data/local/dotsecure/backup/temp/assets/messages/cms_language_zh_CN.properties is empty
[20/06/23 19:08:02:100 UTC]  WARN util.FileUtil: /data/local/dotsecure/backup/temp/assets/messages/cms_language_es_ES.properties is empty
[20/06/23 19:08:02:102 UTC]  WARN util.FileUtil: /data/local/dotsecure/backup/temp/assets/messages/cms_language_en_US.properties is empty
[20/06/23 19:08:02:105 UTC]  WARN util.FileUtil: /data/local/dotsecure/backup/temp/assets/messages/cms_language_fr_FR.properties is empty
[20/06/23 19:08:02:108 UTC]  INFO starter.ImportStarterUtil: About to delete all records from tag
[20/06/23 19:08:02:111 UTC]  INFO starter.ImportStarterUtil: Deleted all records from tag
[20/06/23 19:08:02:112 UTC]  INFO starter.ImportStarterUtil: About to delete all records from container_version_info
[20/06/23 19:08:02:113 UTC]  INFO starter.ImportStarterUtil: Deleted all records from container_version_info
[20/06/23 19:08:02:113 UTC]  INFO starter.ImportStarterUtil: About to delete all records from tag_inode
[20/06/23 19:08:02:114 UTC]  INFO starter.ImportStarterUtil: Deleted all records from tag_inode
[20/06/23 19:08:02:114 UTC]  INFO starter.ImportStarterUtil: About to delete all records from fixes_audit
[20/06/23 19:08:02:114 UTC]  INFO starter.ImportStarterUtil: Deleted all records from fixes_audit
[20/06/23 19:08:02:114 UTC]  INFO starter.ImportStarterUtil: About to delete all records from UserTrackerPath
[20/06/23 19:08:02:116 UTC]  INFO starter.ImportStarterUtil: Deleted all records from UserTrackerPath
[20/06/23 19:08:02:116 UTC]  INFO starter.ImportStarterUtil: About to delete all records from clickstream
[20/06/23 19:08:02:118 UTC]  INFO starter.ImportStarterUtil: Deleted all records from clickstream
[20/06/23 19:08:02:118 UTC]  INFO starter.ImportStarterUtil: About to delete all records from field
[20/06/23 19:08:02:120 UTC]  INFO starter.ImportStarterUtil: Deleted all records from field
[20/06/23 19:08:02:120 UTC]  INFO starter.ImportStarterUtil: About to delete all records from AdminConfig
[20/06/23 19:08:02:120 UTC]  INFO starter.ImportStarterUtil: Deleted all records from AdminConfig
[20/06/23 19:08:02:120 UTC]  INFO starter.ImportStarterUtil: About to delete all records from workflow_task
[20/06/23 19:08:02:121 UTC]  INFO starter.ImportStarterUtil: Deleted all records from workflow_task
[20/06/23 19:08:02:121 UTC]  INFO starter.ImportStarterUtil: About to delete all records from links
[20/06/23 19:08:02:122 UTC]  INFO starter.ImportStarterUtil: Deleted all records from links
[20/06/23 19:08:02:122 UTC]  INFO starter.ImportStarterUtil: About to delete all records from PasswordTracker
[20/06/23 19:08:02:123 UTC]  INFO starter.ImportStarterUtil: Deleted all records from PasswordTracker
[20/06/23 19:08:02:123 UTC]  INFO starter.ImportStarterUtil: About to delete all records from users_to_delete
[20/06/23 19:08:02:125 UTC]  INFO starter.ImportStarterUtil: Deleted all records from users_to_delete
[20/06/23 19:08:02:125 UTC]  INFO starter.ImportStarterUtil: About to delete all records from multi_tree
[20/06/23 19:08:02:126 UTC]  INFO starter.ImportStarterUtil: Deleted all records from multi_tree
[20/06/23 19:08:02:126 UTC]  INFO starter.ImportStarterUtil: About to delete all records from permission_reference
[20/06/23 19:08:02:127 UTC]  INFO starter.ImportStarterUtil: Deleted all records from permission_reference
[20/06/23 19:08:02:127 UTC]  INFO starter.ImportStarterUtil: About to delete all records from workflowtask_files
[20/06/23 19:08:02:128 UTC]  INFO starter.ImportStarterUtil: Deleted all records from workflowtask_files
[20/06/23 19:08:02:128 UTC]  INFO starter.ImportStarterUtil: About to delete all records from dot_containers
[20/06/23 19:08:02:128 UTC]  INFO starter.ImportStarterUtil: Deleted all records from dot_containers
[20/06/23 19:08:02:128 UTC]  INFO starter.ImportStarterUtil: About to delete all records from workflow_comment
[20/06/23 19:08:02:129 UTC]  INFO starter.ImportStarterUtil: Deleted all records from workflow_comment
[20/06/23 19:08:02:129 UTC]  INFO starter.ImportStarterUtil: About to delete all records from template_version_info
[20/06/23 19:08:02:131 UTC]  INFO starter.ImportStarterUtil: Deleted all records from template_version_info
[20/06/23 19:08:02:131 UTC]  INFO starter.ImportStarterUtil: About to delete all records from container_structures
[20/06/23 19:08:02:132 UTC]  INFO starter.ImportStarterUtil: Deleted all records from container_structures
[20/06/23 19:08:02:132 UTC]  INFO starter.ImportStarterUtil: About to delete all records from clickstream_request
[20/06/23 19:08:02:134 UTC]  INFO starter.ImportStarterUtil: Deleted all records from clickstream_request
[20/06/23 19:08:02:134 UTC]  INFO starter.ImportStarterUtil: About to delete all records from clickstream_404
[20/06/23 19:08:02:136 UTC]  INFO starter.ImportStarterUtil: Deleted all records from clickstream_404
[20/06/23 19:08:02:136 UTC]  INFO starter.ImportStarterUtil: About to delete all records from workflow_history
[20/06/23 19:08:02:137 UTC]  INFO starter.ImportStarterUtil: Deleted all records from workflow_history
[20/06/23 19:08:02:137 UTC]  INFO starter.ImportStarterUtil: About to delete all records from permission
[20/06/23 19:08:02:139 UTC]  INFO starter.ImportStarterUtil: Deleted all records from permission
[20/06/23 19:08:02:139 UTC]  INFO starter.ImportStarterUtil: About to delete all records from challenge_question
[20/06/23 19:08:02:140 UTC]  INFO starter.ImportStarterUtil: Deleted all records from challenge_question
[20/06/23 19:08:02:140 UTC]  INFO starter.ImportStarterUtil: About to delete all records from host_variable
[20/06/23 19:08:02:141 UTC]  INFO starter.ImportStarterUtil: Deleted all records from host_variable
[20/06/23 19:08:02:141 UTC]  INFO starter.ImportStarterUtil: About to delete all records from link_version_info
[20/06/23 19:08:02:142 UTC]  INFO starter.ImportStarterUtil: Deleted all records from link_version_info
[20/06/23 19:08:02:142 UTC]  INFO starter.ImportStarterUtil: About to delete all records from UserTracker
[20/06/23 19:08:02:143 UTC]  INFO starter.ImportStarterUtil: Deleted all records from UserTracker
[20/06/23 19:08:02:143 UTC]  INFO starter.ImportStarterUtil: About to delete all records from tree
[20/06/23 19:08:02:144 UTC]  INFO starter.ImportStarterUtil: Deleted all records from tree
[20/06/23 19:08:02:144 UTC]  INFO starter.ImportStarterUtil: About to delete all records from cms_layouts_portlets
[20/06/23 19:08:02:145 UTC]  INFO starter.ImportStarterUtil: Deleted all records from cms_layouts_portlets
[20/06/23 19:08:02:145 UTC]  INFO starter.ImportStarterUtil: About to delete all records from layouts_cms_roles
[20/06/23 19:08:02:145 UTC]  INFO starter.ImportStarterUtil: Deleted all records from layouts_cms_roles
[20/06/23 19:08:02:145 UTC]  INFO starter.ImportStarterUtil: About to delete all records from users_cms_roles
[20/06/23 19:08:02:147 UTC]  INFO starter.ImportStarterUtil: Deleted all records from users_cms_roles
[20/06/23 19:08:02:147 UTC]  INFO starter.ImportStarterUtil: About to delete all records from cms_role
[20/06/23 19:08:02:155 UTC]  INFO starter.ImportStarterUtil: Deleted all records from cms_role
[20/06/23 19:08:02:155 UTC]  INFO starter.ImportStarterUtil: About to delete all records from cms_layout
[20/06/23 19:08:02:158 UTC]  INFO starter.ImportStarterUtil: Deleted all records from cms_layout
[20/06/23 19:08:02:158 UTC]  INFO starter.ImportStarterUtil: About to delete all records from structure
[20/06/23 19:08:02:160 UTC]  INFO starter.ImportStarterUtil: Deleted all records from structure
[20/06/23 19:08:02:160 UTC]  INFO starter.ImportStarterUtil: About to delete all records from folder
[20/06/23 19:08:02:161 UTC]  INFO starter.ImportStarterUtil: Deleted all records from folder
[20/06/23 19:08:02:161 UTC]  INFO starter.ImportStarterUtil: About to delete all records from identifier
[20/06/23 19:08:02:163 UTC]  INFO starter.ImportStarterUtil: Deleted all records from identifier
[20/06/23 19:08:02:163 UTC]  INFO starter.ImportStarterUtil: About to delete all records from inode
[20/06/23 19:08:02:164 UTC]  INFO starter.ImportStarterUtil: Deleted all records from inode
[20/06/23 19:08:02:164 UTC]  INFO starter.ImportStarterUtil: About to delete all records from user_
[20/06/23 19:08:02:171 UTC]  INFO starter.ImportStarterUtil: Deleted all records from user_
[20/06/23 19:08:02:172 UTC]  INFO starter.ImportStarterUtil: About to delete all records from company
[20/06/23 19:08:02:173 UTC]  INFO starter.ImportStarterUtil: Deleted all records from company
[20/06/23 19:08:02:174 UTC]  INFO starter.ImportStarterUtil: About to delete all records from counter
[20/06/23 19:08:02:176 UTC]  INFO starter.ImportStarterUtil: Deleted all records from counter
[20/06/23 19:08:02:179 UTC]  INFO starter.ImportStarterUtil: About to delete all records from image
[20/06/23 19:08:02:180 UTC]  INFO starter.ImportStarterUtil: Deleted all records from image
[20/06/23 19:08:02:181 UTC]  INFO starter.ImportStarterUtil: About to delete all records from portlet
[20/06/23 19:08:02:183 UTC]  INFO starter.ImportStarterUtil: Deleted all records from portlet
[20/06/23 19:08:02:184 UTC]  INFO starter.ImportStarterUtil: About to delete all records from portletpreferences
[20/06/23 19:08:02:185 UTC]  INFO starter.ImportStarterUtil: Deleted all records from portletpreferences
[20/06/23 19:08:02:186 UTC]  INFO starter.ImportStarterUtil: About to delete all records from address
[20/06/23 19:08:02:188 UTC]  INFO starter.ImportStarterUtil: Deleted all records from address
[20/06/23 19:08:02:188 UTC]  INFO starter.ImportStarterUtil: About to delete all records from plugin_property
[20/06/23 19:08:02:190 UTC]  INFO starter.ImportStarterUtil: Deleted all records from plugin_property
[20/06/23 19:08:02:190 UTC]  INFO starter.ImportStarterUtil: About to delete all records from plugin
[20/06/23 19:08:02:191 UTC]  INFO starter.ImportStarterUtil: Deleted all records from plugin
[20/06/23 19:08:02:220 UTC]  INFO starter.ImportStarterUtil: **** Importing the file: /data/local/dotsecure/backup/temp/com.liferay.portal.model.Company.json *****
[20/06/23 19:08:02:222 UTC]  INFO starter.ImportStarterUtil: Importing:	com.liferay.portal.model.Company
[20/06/23 19:08:02:326 UTC]  INFO starter.ImportStarterUtil: Found :	1 com.liferay.portal.model.Company(s)
[20/06/23 19:08:02:444 UTC]  INFO starter.ImportStarterUtil: **** Importing the file: /data/local/dotsecure/backup/temp/com.dotmarketing.business.Role_0000000000.json *****
[20/06/23 19:08:02:445 UTC]  INFO starter.ImportStarterUtil: Importing:	com.dotmarketing.business.Role
[20/06/23 19:08:02:459 UTC]  INFO starter.ImportStarterUtil: Found :	18 com.dotmarketing.business.Role(s)
[20/06/23 19:08:02:463 UTC]  INFO starter.ImportStarterUtil: roleKey:cms_users = 0
[20/06/23 19:08:02:465 UTC]  INFO starter.ImportStarterUtil: roleKey:System = 0
[20/06/23 19:08:02:467 UTC]  INFO starter.ImportStarterUtil: roleKey:DOTCMS_BACK_END_USER = 0
[20/06/23 19:08:02:468 UTC]  INFO starter.ImportStarterUtil: roleKey:cms_workflow_any_who_can_view = 0
[20/06/23 19:08:02:471 UTC]  INFO starter.ImportStarterUtil: roleKey:Form Editor = 0
[20/06/23 19:08:02:473 UTC]  INFO starter.ImportStarterUtil: roleKey:dotcms.org.default = 0
[20/06/23 19:08:02:474 UTC]  INFO starter.ImportStarterUtil: roleKey:cms_workflow_any_who_can_edit_permissions = 0
[20/06/23 19:08:02:476 UTC]  INFO starter.ImportStarterUtil: roleKey:cms_workflow_any_who_can_edit = 0
[20/06/23 19:08:02:478 UTC]  INFO starter.ImportStarterUtil: roleKey:CMS Anonymous = 0
[20/06/23 19:08:02:480 UTC]  INFO starter.ImportStarterUtil: roleKey:CMS Owner = 0
[20/06/23 19:08:02:481 UTC]  INFO starter.ImportStarterUtil: roleKey:Login As = 0
[20/06/23 19:08:02:483 UTC]  INFO starter.ImportStarterUtil: roleKey:LDAP User = 0
[20/06/23 19:08:02:485 UTC]  INFO starter.ImportStarterUtil: roleKey:CMS Administrator = 0
[20/06/23 19:08:02:486 UTC]  INFO starter.ImportStarterUtil: roleKey:DOTCMS_FRONT_END_USER = 0
[20/06/23 19:08:02:488 UTC]  INFO starter.ImportStarterUtil: roleKey:cms_workflow_any_who_can_publish = 0
[20/06/23 19:08:02:490 UTC]  INFO starter.ImportStarterUtil: roleKey:dotcms.org.1 = 0
[20/06/23 19:08:02:492 UTC]  INFO starter.ImportStarterUtil: roleKey:anonymous = 0
[20/06/23 19:08:02:493 UTC]  INFO starter.ImportStarterUtil: roleKey:Scripting Developer = 0
[20/06/23 19:08:02:495 UTC]  INFO starter.ImportStarterUtil: **** Importing the file: /data/local/dotsecure/backup/temp/com.liferay.portal.model.User.json *****
[20/06/23 19:08:02:496 UTC]  INFO starter.ImportStarterUtil: Importing:	com.liferay.portal.model.User
[20/06/23 19:08:02:525 UTC]  INFO starter.ImportStarterUtil: Found :	4 com.liferay.portal.model.User(s)
[20/06/23 19:08:02:564 UTC]  WARN util.LocaleUtil: null is not a valid language id
[20/06/23 19:08:02:572 UTC]  WARN business.UserHelper: Error loading user with id dotcms.org.1
[20/06/23 19:08:02:647 UTC]  INFO xml.Marshaller: Marshaller called using one of the *static*  marshal(Object, *) methods. This will ignore any  mapping files as specified. Please consider switching to  using Marshaller instances and calling one of the marshal(*) methods.
[20/06/23 19:08:04:532 UTC]  WARN business.UserHelper: Error loading user with id system
[20/06/23 19:08:05:431 UTC]  INFO util.SecurityLogger: class com.dotmarketing.business.RoleAPIImpl : Adding role:'Admin User' to user:dotcms.org.1 email:admin@dotcms.com -- ip:ukn,user:null
[20/06/23 19:08:05:436 UTC]  WARN business.UserHelper: Error loading user with id anonymous
[20/06/23 19:08:06:291 UTC]  INFO util.SecurityLogger: class com.dotmarketing.business.RoleAPIImpl : Adding role:'anonymous user anonymous' to user:anonymous email:anonymous@dotcms.anonymoususer -- ip:ukn,user:null
[20/06/23 19:08:06:294 UTC]  INFO starter.ImportStarterUtil: 
[20/06/23 19:08:06:294 UTC]  INFO starter.ImportStarterUtil: 
[20/06/23 19:08:06:294 UTC]  INFO starter.ImportStarterUtil: **** Importing the file: /data/local/dotsecure/backup/temp/com.dotmarketing.business.UsersRoles_0000000000.json *****
[20/06/23 19:08:06:294 UTC]  INFO starter.ImportStarterUtil: Importing:	com.dotmarketing.business.UsersRoles
[20/06/23 19:08:06:297 UTC]  INFO starter.ImportStarterUtil: Found :	14 com.dotmarketing.business.UsersRoles(s)
[20/06/23 19:08:06:306 UTC]  INFO starter.ImportStarterUtil: **** Importing the file: /data/local/dotsecure/backup/temp/com.dotmarketing.business.Layout_0000000000.json *****
[20/06/23 19:08:06:306 UTC]  INFO starter.ImportStarterUtil: Importing:	com.dotmarketing.business.Layout
[20/06/23 19:08:06:309 UTC]  INFO starter.ImportStarterUtil: Found :	11 com.dotmarketing.business.Layout(s)
[20/06/23 19:08:06:321 UTC]  INFO starter.ImportStarterUtil: **** Importing the file: /data/local/dotsecure/backup/temp/com.dotmarketing.business.PortletsLayouts_0000000000.json *****
[20/06/23 19:08:06:321 UTC]  INFO starter.ImportStarterUtil: Importing:	com.dotmarketing.business.PortletsLayouts
[20/06/23 19:08:06:325 UTC]  INFO starter.ImportStarterUtil: Found :	36 com.dotmarketing.business.PortletsLayouts(s)
[20/06/23 19:08:06:352 UTC]  INFO starter.ImportStarterUtil: **** Importing the file: /data/local/dotsecure/backup/temp/com.dotmarketing.business.LayoutsRoles_0000000000.json *****
[20/06/23 19:08:06:352 UTC]  INFO starter.ImportStarterUtil: Importing:	com.dotmarketing.business.LayoutsRoles
[20/06/23 19:08:06:354 UTC]  INFO starter.ImportStarterUtil: Found :	7 com.dotmarketing.business.LayoutsRoles(s)
[20/06/23 19:08:06:364 UTC]  INFO starter.ImportStarterUtil: **** Importing the file: /data/local/dotsecure/backup/temp/com.dotmarketing.portlets.languagesmanager.model.Language_0000000000.json *****
[20/06/23 19:08:06:364 UTC]  INFO starter.ImportStarterUtil: Importing:	com.dotmarketing.portlets.languagesmanager.model.Language
[20/06/23 19:08:06:372 UTC]  INFO starter.ImportStarterUtil: Found :	1 com.dotmarketing.portlets.languagesmanager.model.Language(s)
[20/06/23 19:08:06:385 UTC]  INFO starter.ImportStarterUtil: Importing folder path /System foldersystem folder
[20/06/23 19:08:06:423 UTC]  INFO starter.ImportStarterUtil: **** Importing the file: /data/local/dotsecure/backup/temp/com.dotmarketing.portlets.folders.model.Folder_0000000000.json *****
[20/06/23 19:08:06:424 UTC]  INFO starter.ImportStarterUtil: Importing:	com.dotmarketing.portlets.folders.model.Folder
[20/06/23 19:08:06:430 UTC]  INFO starter.ImportStarterUtil: Found :	1 com.dotmarketing.portlets.folders.model.Folder(s)
[20/06/23 19:08:07:072 UTC]  INFO business.ContentTypeAPIImpl: Content type not found with given id: c938b15f-bcb6-49ef-8651-14d455a97045. Continuing...
[20/06/23 19:08:07:217 UTC]  INFO util.ActivityLogger: class com.dotmarketing.util.ActivityLogger: system : Save Field Action , User system/system user added field Site/Folder to Persona Structure.
[20/06/23 19:08:07:268 UTC]  INFO util.ActivityLogger: class com.dotmarketing.util.ActivityLogger: system : Save Field Action , User system/system user added field Name to Persona Structure.
[20/06/23 19:08:07:311 UTC]  INFO util.ActivityLogger: class com.dotmarketing.util.ActivityLogger: system : Save Field Action , User system/system user added field Key Tag to Persona Structure.
[20/06/23 19:08:07:336 UTC]  INFO util.ActivityLogger: class com.dotmarketing.util.ActivityLogger: system : Save Field Action , User system/system user added field Photo to Persona Structure.
[20/06/23 19:08:07:364 UTC]  INFO util.ActivityLogger: class com.dotmarketing.util.ActivityLogger: system : Save Field Action , User system/system user added field Other Tags to Persona Structure.
[20/06/23 19:08:07:392 UTC]  INFO util.ActivityLogger: class com.dotmarketing.util.ActivityLogger: system : Save Field Action , User system/system user added field Description to Persona Structure.
[20/06/23 19:08:07:410 UTC]  INFO util.ActivityLogger: class com.dotcms.contenttype.business.ContentTypeAPIImpl: system : Save ContentType Action , User system/system user system user added ContentType Persona to host id:SYSTEM_HOST
[20/06/23 19:08:07:412 UTC]  INFO business.ContentTypeAPIImpl: UserId : system : ContentType : ContentType saved : Persona
[20/06/23 19:08:07:413 UTC]  INFO util.AdminLogger: UserId : system : class com.dotcms.contenttype.business.ContentTypeAPIImpl : ContentType : ContentType saved : Persona
[20/06/23 19:08:07:426 UTC]  INFO business.ContentTypeAPIImpl: Content type not found with given id: f4d7c1b8-2c88-4071-abf1-a5328977b07d. Continuing...
[20/06/23 19:08:07:442 UTC]  INFO util.ActivityLogger: class com.dotmarketing.util.ActivityLogger: system : Save Field Action , User system/system user added field Key to Language Variable Structure.
[20/06/23 19:08:07:458 UTC]  INFO util.ActivityLogger: class com.dotmarketing.util.ActivityLogger: system : Save Field Action , User system/system user added field Value to Language Variable Structure.
[20/06/23 19:08:07:464 UTC]  INFO util.ActivityLogger: class com.dotcms.contenttype.business.ContentTypeAPIImpl: system : Save ContentType Action , User system/system user system user added ContentType Language Variable to host id:SYSTEM_HOST
[20/06/23 19:08:07:465 UTC]  INFO business.ContentTypeAPIImpl: UserId : system : ContentType : ContentType saved : Language Variable
[20/06/23 19:08:07:466 UTC]  INFO util.AdminLogger: UserId : system : class com.dotcms.contenttype.business.ContentTypeAPIImpl : ContentType : ContentType saved : Language Variable
[20/06/23 19:08:07:486 UTC]  INFO business.ContentTypeAPIImpl: Content type not found with given id: 4d21b6d8-1711-4ae6-9419-89e2b1ae5a06. Continuing...
[20/06/23 19:08:07:501 UTC]  INFO util.ActivityLogger: class com.dotmarketing.util.ActivityLogger: system : Save Field Action , User system/system user added field Form ID to Forms Structure.
[20/06/23 19:08:07:516 UTC]  INFO util.ActivityLogger: class com.dotmarketing.util.ActivityLogger: system : Save Field Action , User system/system user added field Widget Title to Forms Structure.
[20/06/23 19:08:07:535 UTC]  INFO util.ActivityLogger: class com.dotmarketing.util.ActivityLogger: system : Save Field Action , User system/system user added field Widget Usage to Forms Structure.
[20/06/23 19:08:07:558 UTC]  INFO util.ActivityLogger: class com.dotmarketing.util.ActivityLogger: system : Save Field Action , User system/system user added field Widget Code to Forms Structure.
[20/06/23 19:08:07:582 UTC]  INFO util.ActivityLogger: class com.dotmarketing.util.ActivityLogger: system : Save Field Action , User system/system user added field Widget Pre-Execute to Forms Structure.
[20/06/23 19:08:07:591 UTC]  INFO util.ActivityLogger: class com.dotcms.contenttype.business.ContentTypeAPIImpl: system : Save ContentType Action , User system/system user system user added ContentType Forms to host id:SYSTEM_HOST
[20/06/23 19:08:07:592 UTC]  INFO business.ContentTypeAPIImpl: UserId : system : ContentType : ContentType saved : Forms
[20/06/23 19:08:07:593 UTC]  INFO util.AdminLogger: UserId : system : class com.dotcms.contenttype.business.ContentTypeAPIImpl : ContentType : ContentType saved : Forms
[20/06/23 19:08:07:605 UTC]  INFO business.ContentTypeAPIImpl: Content type not found with given id: f2d8a1c7-2b77-2081-bcf1-b5348988c08d. Continuing...
[20/06/23 19:08:07:620 UTC]  INFO util.ActivityLogger: class com.dotmarketing.util.ActivityLogger: system : Save Field Action , User system/system user added field Site or Folder to dotAsset Structure.
[20/06/23 19:08:07:635 UTC]  INFO util.ActivityLogger: class com.dotmarketing.util.ActivityLogger: system : Save Field Action , User system/system user added field Asset to dotAsset Structure.
[20/06/23 19:08:07:652 UTC]  INFO util.ActivityLogger: class com.dotmarketing.util.ActivityLogger: system : Save Field Action , User system/system user added field Tags to dotAsset Structure.
[20/06/23 19:08:07:659 UTC]  INFO util.ActivityLogger: class com.dotcms.contenttype.business.ContentTypeAPIImpl: system : Save ContentType Action , User system/system user system user added ContentType dotAsset to host id:SYSTEM_HOST
[20/06/23 19:08:07:660 UTC]  INFO business.ContentTypeAPIImpl: UserId : system : ContentType : ContentType saved : dotAsset
[20/06/23 19:08:07:660 UTC]  INFO util.AdminLogger: UserId : system : class com.dotcms.contenttype.business.ContentTypeAPIImpl : ContentType : ContentType saved : dotAsset
[20/06/23 19:08:07:699 UTC]  INFO business.ContentTypeAPIImpl: Content type not found with given id: 33888b6f-7a8e-4069-b1b6-5c1aa9d0a48d. Continuing...
[20/06/23 19:08:07:714 UTC]  INFO util.ActivityLogger: class com.dotmarketing.util.ActivityLogger: system : Save Field Action , User system/system user added field Host Or Folder to File Asset Structure.
[20/06/23 19:08:07:727 UTC]  INFO util.ActivityLogger: class com.dotmarketing.util.ActivityLogger: system : Save Field Action , User system/system user added field File Name to File Asset Structure.
[20/06/23 19:08:07:743 UTC]  INFO util.ActivityLogger: class com.dotmarketing.util.ActivityLogger: system : Save Field Action , User system/system user added field File Asset to File Asset Structure.
[20/06/23 19:08:07:764 UTC]  INFO util.ActivityLogger: class com.dotmarketing.util.ActivityLogger: system : Save Field Action , User system/system user added field Title to File Asset Structure.
[20/06/23 19:08:07:784 UTC]  INFO util.ActivityLogger: class com.dotmarketing.util.ActivityLogger: system : Save Field Action , User system/system user added field Metadata to File Asset Structure.
[20/06/23 19:08:07:805 UTC]  INFO util.ActivityLogger: class com.dotmarketing.util.ActivityLogger: system : Save Field Action , User system/system user added field Metadata to File Asset Structure.
[20/06/23 19:08:07:830 UTC]  INFO util.ActivityLogger: class com.dotmarketing.util.ActivityLogger: system : Save Field Action , User system/system user added field Show On Menu to File Asset Structure.
[20/06/23 19:08:07:857 UTC]  INFO util.ActivityLogger: class com.dotmarketing.util.ActivityLogger: system : Save Field Action , User system/system user added field Sort Order to File Asset Structure.
[20/06/23 19:08:07:884 UTC]  INFO util.ActivityLogger: class com.dotmarketing.util.ActivityLogger: system : Save Field Action , User system/system user added field Description to File Asset Structure.
[20/06/23 19:08:07:907 UTC]  INFO util.ActivityLogger: class com.dotcms.contenttype.business.ContentTypeAPIImpl: system : Save ContentType Action , User system/system user system user added ContentType File Asset to host id:SYSTEM_HOST
[20/06/23 19:08:07:908 UTC]  INFO business.ContentTypeAPIImpl: UserId : system : ContentType : ContentType saved : File Asset
[20/06/23 19:08:07:909 UTC]  INFO util.AdminLogger: UserId : system : class com.dotcms.contenttype.business.ContentTypeAPIImpl : ContentType : ContentType saved : File Asset
[20/06/23 19:08:07:934 UTC]  INFO business.ContentTypeAPIImpl: Content type not found with given id: 8e850645-bb92-4fda-a765-e67063a59be0. Continuing...
[20/06/23 19:08:07:950 UTC]  INFO util.ActivityLogger: class com.dotmarketing.util.ActivityLogger: system : Save Field Action , User system/system user added field Title to Vanity URL Structure.
[20/06/23 19:08:07:973 UTC]  INFO util.ActivityLogger: class com.dotmarketing.util.ActivityLogger: system : Save Field Action , User system/system user added field Site to Vanity URL Structure.
[20/06/23 19:08:08:002 UTC]  INFO util.ActivityLogger: class com.dotmarketing.util.ActivityLogger: system : Save Field Action , User system/system user added field Uri to Vanity URL Structure.
[20/06/23 19:08:08:050 UTC]  INFO util.ActivityLogger: class com.dotmarketing.util.ActivityLogger: system : Save Field Action , User system/system user added field Action to Vanity URL Structure.
[20/06/23 19:08:08:086 UTC]  INFO util.ActivityLogger: class com.dotmarketing.util.ActivityLogger: system : Save Field Action , User system/system user added field Forward To to Vanity URL Structure.
[20/06/23 19:08:08:121 UTC]  INFO util.ActivityLogger: class com.dotmarketing.util.ActivityLogger: system : Save Field Action , User system/system user added field Order to Vanity URL Structure.
[20/06/23 19:08:08:137 UTC]  INFO util.ActivityLogger: class com.dotcms.contenttype.business.ContentTypeAPIImpl: system : Save ContentType Action , User system/system user system user added ContentType Vanity URL to host id:SYSTEM_HOST
[20/06/23 19:08:08:137 UTC]  INFO business.ContentTypeAPIImpl: UserId : system : ContentType : ContentType saved : Vanity URL
[20/06/23 19:08:08:137 UTC]  INFO util.AdminLogger: UserId : system : class com.dotcms.contenttype.business.ContentTypeAPIImpl : ContentType : ContentType saved : Vanity URL
[20/06/23 19:08:08:156 UTC]  INFO business.ContentTypeAPIImpl: Content type not found with given id: c541abb1-69b3-4bc5-8430-5e09e5239cc8. Continuing...
[20/06/23 19:08:08:183 UTC]  INFO util.ActivityLogger: class com.dotmarketing.util.ActivityLogger: system : Save Field Action , User system/system user added field Title to Page Structure.
[20/06/23 19:08:08:205 UTC]  INFO util.ActivityLogger: class com.dotmarketing.util.ActivityLogger: system : Save Field Action , User system/system user added field Url to Page Structure.
[20/06/23 19:08:08:229 UTC]  INFO util.ActivityLogger: class com.dotmarketing.util.ActivityLogger: system : Save Field Action , User system/system user added field Host or Folder to Page Structure.
[20/06/23 19:08:08:252 UTC]  INFO util.ActivityLogger: class com.dotmarketing.util.ActivityLogger: system : Save Field Action , User system/system user added field Template to Page Structure.
[20/06/23 19:08:08:275 UTC]  INFO util.ActivityLogger: class com.dotmarketing.util.ActivityLogger: system : Save Field Action , User system/system user added field Friendly Name to Page Structure.
[20/06/23 19:08:08:309 UTC]  INFO util.ActivityLogger: class com.dotmarketing.util.ActivityLogger: system : Save Field Action , User system/system user added field Show on Menu to Page Structure.
[20/06/23 19:08:08:345 UTC]  INFO util.ActivityLogger: class com.dotmarketing.util.ActivityLogger: system : Save Field Action , User system/system user added field Sort Order to Page Structure.
[20/06/23 19:08:08:400 UTC]  INFO util.ActivityLogger: class com.dotmarketing.util.ActivityLogger: system : Save Field Action , User system/system user added field Cache TTL to Page Structure.
[20/06/23 19:08:08:472 UTC]  INFO util.ActivityLogger: class com.dotmarketing.util.ActivityLogger: system : Save Field Action , User system/system user added field Advanced Properties to Page Structure.
[20/06/23 19:08:08:527 UTC]  INFO util.ActivityLogger: class com.dotmarketing.util.ActivityLogger: system : Save Field Action , User system/system user added field Redirect Url to Page Structure.
[20/06/23 19:08:08:593 UTC]  INFO util.ActivityLogger: class com.dotmarketing.util.ActivityLogger: system : Save Field Action , User system/system user added field HTTPS Required to Page Structure.
[20/06/23 19:08:08:638 UTC]  INFO util.ActivityLogger: class com.dotmarketing.util.ActivityLogger: system : Save Field Action , User system/system user added field SEO Description to Page Structure.
[20/06/23 19:08:08:692 UTC]  INFO util.ActivityLogger: class com.dotmarketing.util.ActivityLogger: system : Save Field Action , User system/system user added field SEO Keywords to Page Structure.
[20/06/23 19:08:08:736 UTC]  INFO util.ActivityLogger: class com.dotmarketing.util.ActivityLogger: system : Save Field Action , User system/system user added field Page Metadata to Page Structure.
[20/06/23 19:08:08:770 UTC]  INFO util.ActivityLogger: class com.dotmarketing.util.ActivityLogger: system : Save Field Action , User system/system user added field Canonical URL to Page Structure.
[20/06/23 19:08:08:794 UTC]  INFO util.ActivityLogger: class com.dotcms.contenttype.business.ContentTypeAPIImpl: system : Save ContentType Action , User system/system user system user added ContentType Page to host id:SYSTEM_HOST
[20/06/23 19:08:08:795 UTC]  INFO business.ContentTypeAPIImpl: UserId : system : ContentType : ContentType saved : Page
[20/06/23 19:08:08:795 UTC]  INFO util.AdminLogger: UserId : system : class com.dotcms.contenttype.business.ContentTypeAPIImpl : ContentType : ContentType saved : Page
[20/06/23 19:08:08:861 UTC]  INFO business.ContentTypeAPIImpl: Content type not found with given id: 855a2d72-f2f3-4169-8b04-ac5157c4380c. Continuing...
[20/06/23 19:08:08:873 UTC]  INFO util.ActivityLogger: class com.dotmarketing.util.ActivityLogger: system : Save Field Action , User system/system user added field fields-2 to Host Structure.
[20/06/23 19:08:08:885 UTC]  INFO util.ActivityLogger: class com.dotmarketing.util.ActivityLogger: system : Save Field Action , User system/system user added field fields-3 to Host Structure.
[20/06/23 19:08:08:898 UTC]  INFO util.ActivityLogger: class com.dotmarketing.util.ActivityLogger: system : Save Field Action , User system/system user added field Site Key to Host Structure.
[20/06/23 19:08:08:913 UTC]  INFO util.ActivityLogger: class com.dotmarketing.util.ActivityLogger: system : Save Field Action , User system/system user added field Aliases to Host Structure.
[20/06/23 19:08:08:935 UTC]  INFO util.ActivityLogger: class com.dotmarketing.util.ActivityLogger: system : Save Field Action , User system/system user added field Tag Storage to Host Structure.
[20/06/23 19:08:08:956 UTC]  INFO util.ActivityLogger: class com.dotmarketing.util.ActivityLogger: system : Save Field Action , User system/system user added field Is Default to Host Structure.
[20/06/23 19:08:08:978 UTC]  INFO util.ActivityLogger: class com.dotmarketing.util.ActivityLogger: system : Save Field Action , User system/system user added field Is System Host to Host Structure.
[20/06/23 19:08:09:002 UTC]  INFO util.ActivityLogger: class com.dotmarketing.util.ActivityLogger: system : Save Field Action , User system/system user added field Host Thumbnail to Host Structure.
[20/06/23 19:08:09:028 UTC]  INFO util.ActivityLogger: class com.dotmarketing.util.ActivityLogger: system : Save Field Action , User system/system user added field Run Dashboard to Host Structure.
[20/06/23 19:08:09:038 UTC]  INFO util.ActivityLogger: class com.dotcms.contenttype.business.ContentTypeAPIImpl: system : Save ContentType Action , User system/system user system user added ContentType Host to host id:SYSTEM_HOST
[20/06/23 19:08:09:039 UTC]  INFO business.ContentTypeAPIImpl: UserId : system : ContentType : ContentType saved : Host
[20/06/23 19:08:09:040 UTC]  INFO util.AdminLogger: UserId : system : class com.dotcms.contenttype.business.ContentTypeAPIImpl : ContentType : ContentType saved : Host
[20/06/23 19:08:09:043 UTC]  INFO business.ContentTypeAPIImpl: Content type not found with given id: 2c46b6586c38852ac08a824a303ced80. Continuing...
[20/06/23 19:08:09:063 UTC]  INFO util.ActivityLogger: class com.dotmarketing.util.ActivityLogger: system : Save Field Action , User system/system user added field Site or Folder to Image Structure.
[20/06/23 19:08:09:082 UTC]  INFO util.ActivityLogger: class com.dotmarketing.util.ActivityLogger: system : Save Field Action , User system/system user added field Asset to Image Structure.
[20/06/23 19:08:09:104 UTC]  INFO util.ActivityLogger: class com.dotmarketing.util.ActivityLogger: system : Save Field Action , User system/system user added field Tags to Image Structure.
[20/06/23 19:08:09:110 UTC]  INFO util.ActivityLogger: class com.dotcms.contenttype.business.ContentTypeAPIImpl: system : Save ContentType Action , User system/system user system user added ContentType Image to host id:8a7d5e23-da1e-420a-b4f0-471e7da8ea2d
[20/06/23 19:08:09:111 UTC]  INFO business.ContentTypeAPIImpl: UserId : system : ContentType : ContentType saved : Image
[20/06/23 19:08:09:112 UTC]  INFO util.AdminLogger: UserId : system : class com.dotcms.contenttype.business.ContentTypeAPIImpl : ContentType : ContentType saved : Image
[20/06/23 19:08:09:118 UTC]  INFO business.ContentTypeAPIImpl: Content type not found with given id: c77450b834901a20c8193ef9d561ee5b. Continuing...
[20/06/23 19:08:09:141 UTC]  INFO util.ActivityLogger: class com.dotmarketing.util.ActivityLogger: system : Save Field Action , User system/system user added field Site or Folder to Video Structure.
[20/06/23 19:08:09:161 UTC]  INFO util.ActivityLogger: class com.dotmarketing.util.ActivityLogger: system : Save Field Action , User system/system user added field Asset to Video Structure.
[20/06/23 19:08:09:186 UTC]  INFO util.ActivityLogger: class com.dotmarketing.util.ActivityLogger: system : Save Field Action , User system/system user added field Tags to Video Structure.
[20/06/23 19:08:09:203 UTC]  INFO util.ActivityLogger: class com.dotcms.contenttype.business.ContentTypeAPIImpl: system : Save ContentType Action , User system/system user system user added ContentType Video to host id:8a7d5e23-da1e-420a-b4f0-471e7da8ea2d
[20/06/23 19:08:09:203 UTC]  INFO business.ContentTypeAPIImpl: UserId : system : ContentType : ContentType saved : Video
[20/06/23 19:08:09:203 UTC]  INFO util.AdminLogger: UserId : system : class com.dotcms.contenttype.business.ContentTypeAPIImpl : ContentType : ContentType saved : Video
[20/06/23 19:08:09:245 UTC]  INFO business.ContentTypeAPIImpl: Content type not found with given id: 2a3e91e4-fbbf-4876-8c5b-2233c1739b05. Continuing...
[20/06/23 19:08:09:258 UTC]  INFO util.ActivityLogger: class com.dotmarketing.util.ActivityLogger: system : Save Field Action , User system/system user added field Row Field to Content (Generic) Structure.
[20/06/23 19:08:09:272 UTC]  INFO util.ActivityLogger: class com.dotmarketing.util.ActivityLogger: system : Save Field Action , User system/system user added field Column Field to Content (Generic) Structure.
[20/06/23 19:08:09:293 UTC]  INFO util.ActivityLogger: class com.dotmarketing.util.ActivityLogger: system : Save Field Action , User system/system user added field Title to Content (Generic) Structure.
[20/06/23 19:08:09:307 UTC]  INFO util.ActivityLogger: class com.dotmarketing.util.ActivityLogger: system : Save Field Action , User system/system user added field Site to Content (Generic) Structure.
[20/06/23 19:08:09:324 UTC]  INFO util.ActivityLogger: class com.dotmarketing.util.ActivityLogger: system : Save Field Action , User system/system user added field Body to Content (Generic) Structure.
[20/06/23 19:08:09:333 UTC]  INFO util.ActivityLogger: class com.dotcms.contenttype.business.ContentTypeAPIImpl: system : Save ContentType Action , User system/system user system user added ContentType Content (Generic) to host id:SYSTEM_HOST
[20/06/23 19:08:09:333 UTC]  INFO business.ContentTypeAPIImpl: UserId : system : ContentType : ContentType saved : Content (Generic)
[20/06/23 19:08:09:333 UTC]  INFO util.AdminLogger: UserId : system : class com.dotcms.contenttype.business.ContentTypeAPIImpl : ContentType : ContentType saved : Content (Generic)
[20/06/23 19:08:09:339 UTC]  INFO business.ContentTypeAPIImpl: Content type not found with given id: ce930143870e11569f93f8a9fff5da19. Continuing...
[20/06/23 19:08:09:349 UTC]  INFO util.ActivityLogger: class com.dotmarketing.util.ActivityLogger: system : Save Field Action , User system/system user added field Screenshot to Dot Favorite Page Structure.
[20/06/23 19:08:09:365 UTC]  INFO util.ActivityLogger: class com.dotmarketing.util.ActivityLogger: system : Save Field Action , User system/system user added field title to Dot Favorite Page Structure.
[20/06/23 19:08:09:378 UTC]  INFO util.ActivityLogger: class com.dotmarketing.util.ActivityLogger: system : Save Field Action , User system/system user added field url to Dot Favorite Page Structure.
[20/06/23 19:08:09:392 UTC]  INFO util.ActivityLogger: class com.dotmarketing.util.ActivityLogger: system : Save Field Action , User system/system user added field order to Dot Favorite Page Structure.
[20/06/23 19:08:09:400 UTC]  INFO util.ActivityLogger: class com.dotcms.contenttype.business.ContentTypeAPIImpl: system : Save ContentType Action , User system/system user system user added ContentType Dot Favorite Page to host id:SYSTEM_HOST
[20/06/23 19:08:09:400 UTC]  INFO business.ContentTypeAPIImpl: UserId : system : ContentType : ContentType saved : Dot Favorite Page
[20/06/23 19:08:09:400 UTC]  INFO util.AdminLogger: UserId : system : class com.dotcms.contenttype.business.ContentTypeAPIImpl : ContentType : ContentType saved : Dot Favorite Page
[20/06/23 19:08:09:403 UTC]  INFO starter.ImportStarterUtil: **** Importing the file: /data/local/dotsecure/backup/temp/com.dotmarketing.portlets.contentlet.model.Contentlet_0000000000.json *****
[20/06/23 19:08:09:403 UTC]  INFO starter.ImportStarterUtil: Importing:	com.dotmarketing.portlets.contentlet.model.Contentlet
[20/06/23 19:08:09:612 UTC]  INFO starter.ImportStarterUtil: Found :	5 com.dotmarketing.portlets.contentlet.model.Contentlet(s)
[20/06/23 19:08:09:751 UTC]  INFO timedcache.TimedCacheProvider: ***	 Building Cache : esquerycache, size:10000, seconds:3600,Concurrency:32 (every 60000 millis)
[20/06/23 19:08:10:273 UTC]  INFO util.SecurityLogger: class com.dotmarketing.portlets.workflows.business.WorkflowAPIImpl : Workflow Scheme 'System Workflow' [d61a59e1-a49c-46f2-a929-db2b4bfa88b2] has been saved by User ID 'system' -- ip:ukn,user:null
[20/06/23 19:08:10:281 UTC]  INFO util.SecurityLogger: class com.dotmarketing.portlets.workflows.business.WorkflowAPIImpl : Workflow Step 'New' [6cb7e3bd-1710-4eed-8838-d3db60f78f19] has been saved by User ID 'system' -- ip:ukn,user:null
[20/06/23 19:08:10:284 UTC]  INFO util.SecurityLogger: class com.dotmarketing.portlets.workflows.business.WorkflowAPIImpl : Workflow Step 'Draft' [ee24a4cb-2d15-4c98-b1bd-6327126451f3] has been saved by User ID 'system' -- ip:ukn,user:null
[20/06/23 19:08:10:288 UTC]  INFO util.SecurityLogger: class com.dotmarketing.portlets.workflows.business.WorkflowAPIImpl : Workflow Step 'Published' [dc3c9cd0-8467-404b-bf95-cb7df3fbc293] has been saved by User ID 'system' -- ip:ukn,user:null
[20/06/23 19:08:10:290 UTC]  INFO util.SecurityLogger: class com.dotmarketing.portlets.workflows.business.WorkflowAPIImpl : Workflow Step 'Archived' [d6b095b6-b65f-4bdb-bbfd-701d663dfee2] has been saved by User ID 'system' -- ip:ukn,user:null
[20/06/23 19:08:10:297 UTC]  INFO util.SecurityLogger: class com.dotmarketing.portlets.workflows.business.WorkflowAPIImpl : Action id: '4da13a42-5d59-480c-ad8f-94a3adf809fe' has been reordered by user: system -- ip:ukn,user:null
[20/06/23 19:08:10:307 UTC]  INFO util.SecurityLogger: class com.dotmarketing.portlets.workflows.business.WorkflowAPIImpl : Action id: '963f6a04-5320-42e7-ab74-6d876d199946' has been reordered by user: system -- ip:ukn,user:null
[20/06/23 19:08:10:312 UTC]  INFO util.SecurityLogger: class com.dotmarketing.portlets.workflows.business.WorkflowAPIImpl : Action id: '777f1c6b-c877-4a37-ba4b-10627316c2cc' has been reordered by user: system -- ip:ukn,user:null
[20/06/23 19:08:10:316 UTC]  INFO util.SecurityLogger: class com.dotmarketing.portlets.workflows.business.WorkflowAPIImpl : Action id: '1e0f1c6b-b67f-4c99-983d-db2b4bfa88b2' has been reordered by user: system -- ip:ukn,user:null
[20/06/23 19:08:10:321 UTC]  INFO util.SecurityLogger: class com.dotmarketing.portlets.workflows.business.WorkflowAPIImpl : Action id: 'dd4c4b7c-e9d3-4dc0-8fbf-36102f9c6324' has been reordered by user: system -- ip:ukn,user:null
[20/06/23 19:08:10:325 UTC]  INFO util.SecurityLogger: class com.dotmarketing.portlets.workflows.business.WorkflowAPIImpl : Action id: 'b9d89c80-3d88-4311-8365-187323c96436' has been reordered by user: system -- ip:ukn,user:null
[20/06/23 19:08:10:328 UTC]  INFO util.SecurityLogger: class com.dotmarketing.portlets.workflows.business.WorkflowAPIImpl : Action id: 'ceca71a0-deee-4999-bd47-b01baa1bcfc8' has been reordered by user: system -- ip:ukn,user:null
[20/06/23 19:08:10:332 UTC]  INFO util.SecurityLogger: class com.dotmarketing.portlets.workflows.business.WorkflowAPIImpl : Action id: 'c92f9aa1-9503-4567-ac30-d3242b54d02d' has been reordered by user: system -- ip:ukn,user:null
[20/06/23 19:08:10:336 UTC]  INFO util.SecurityLogger: class com.dotmarketing.portlets.workflows.business.WorkflowAPIImpl : Action id: '38efc763-d78f-4e4b-b092-59cd8c579b93' has been reordered by user: system -- ip:ukn,user:null
[20/06/23 19:08:10:362 UTC]  INFO util.SecurityLogger: class com.dotmarketing.portlets.workflows.business.WorkflowAPIImpl : The action id: 'ceca71a0-deee-4999-bd47-b01baa1bcfc8' has been saved by the user: system -- ip:ukn,user:null
[20/06/23 19:08:10:369 UTC]  INFO util.SecurityLogger: class com.dotmarketing.portlets.workflows.business.WorkflowAPIImpl : The action id: 'b9d89c80-3d88-4311-8365-187323c96436' has been saved by the user: system -- ip:ukn,user:null
[20/06/23 19:08:10:374 UTC]  INFO util.SecurityLogger: class com.dotmarketing.portlets.workflows.business.WorkflowAPIImpl : The action id: '777f1c6b-c877-4a37-ba4b-10627316c2cc' has been saved by the user: system -- ip:ukn,user:null
[20/06/23 19:08:10:381 UTC]  INFO util.SecurityLogger: class com.dotmarketing.portlets.workflows.business.WorkflowAPIImpl : The action id: 'ceca71a0-deee-4999-bd47-b01baa1bcfc8' has been saved by the user: system -- ip:ukn,user:null
[20/06/23 19:08:10:387 UTC]  INFO util.SecurityLogger: class com.dotmarketing.portlets.workflows.business.WorkflowAPIImpl : The action id: 'dd4c4b7c-e9d3-4dc0-8fbf-36102f9c6324' has been saved by the user: system -- ip:ukn,user:null
[20/06/23 19:08:10:392 UTC]  INFO util.SecurityLogger: class com.dotmarketing.portlets.workflows.business.WorkflowAPIImpl : The action id: '38efc763-d78f-4e4b-b092-59cd8c579b93' has been saved by the user: system -- ip:ukn,user:null
[20/06/23 19:08:10:400 UTC]  INFO util.SecurityLogger: class com.dotmarketing.portlets.workflows.business.WorkflowAPIImpl : The action id: '963f6a04-5320-42e7-ab74-6d876d199946' has been saved by the user: system -- ip:ukn,user:null
[20/06/23 19:08:10:410 UTC]  INFO util.SecurityLogger: class com.dotmarketing.portlets.workflows.business.WorkflowAPIImpl : The action id: 'b9d89c80-3d88-4311-8365-187323c96436' has been saved by the user: system -- ip:ukn,user:null
[20/06/23 19:08:10:423 UTC]  INFO util.SecurityLogger: class com.dotmarketing.portlets.workflows.business.WorkflowAPIImpl : The action id: '4da13a42-5d59-480c-ad8f-94a3adf809fe' has been saved by the user: system -- ip:ukn,user:null
[20/06/23 19:08:10:433 UTC]  INFO util.SecurityLogger: class com.dotmarketing.portlets.workflows.business.WorkflowAPIImpl : The action id: '963f6a04-5320-42e7-ab74-6d876d199946' has been saved by the user: system -- ip:ukn,user:null
[20/06/23 19:08:10:438 UTC]  INFO util.SecurityLogger: class com.dotmarketing.portlets.workflows.business.WorkflowAPIImpl : The action id: '38efc763-d78f-4e4b-b092-59cd8c579b93' has been saved by the user: system -- ip:ukn,user:null
[20/06/23 19:08:10:442 UTC]  INFO util.SecurityLogger: class com.dotmarketing.portlets.workflows.business.WorkflowAPIImpl : The action id: 'ceca71a0-deee-4999-bd47-b01baa1bcfc8' has been saved by the user: system -- ip:ukn,user:null
[20/06/23 19:08:10:447 UTC]  INFO util.SecurityLogger: class com.dotmarketing.portlets.workflows.business.WorkflowAPIImpl : The action id: '4da13a42-5d59-480c-ad8f-94a3adf809fe' has been saved by the user: system -- ip:ukn,user:null
[20/06/23 19:08:10:454 UTC]  INFO util.SecurityLogger: class com.dotmarketing.portlets.workflows.business.WorkflowAPIImpl : The action id: 'b9d89c80-3d88-4311-8365-187323c96436' has been saved by the user: system -- ip:ukn,user:null
[20/06/23 19:08:10:458 UTC]  INFO util.SecurityLogger: class com.dotmarketing.portlets.workflows.business.WorkflowAPIImpl : The action id: 'dd4c4b7c-e9d3-4dc0-8fbf-36102f9c6324' has been saved by the user: system -- ip:ukn,user:null
[20/06/23 19:08:10:471 UTC]  INFO util.SecurityLogger: class com.dotmarketing.portlets.workflows.business.WorkflowAPIImpl : The action id: 'c92f9aa1-9503-4567-ac30-d3242b54d02d' has been saved by the user: system -- ip:ukn,user:null
[20/06/23 19:08:10:482 UTC]  INFO util.SecurityLogger: class com.dotmarketing.portlets.workflows.business.WorkflowAPIImpl : The action id: '777f1c6b-c877-4a37-ba4b-10627316c2cc' has been saved by the user: system -- ip:ukn,user:null
[20/06/23 19:08:10:495 UTC]  INFO util.SecurityLogger: class com.dotmarketing.portlets.workflows.business.WorkflowAPIImpl : The action id: '1e0f1c6b-b67f-4c99-983d-db2b4bfa88b2' has been saved by the user: system -- ip:ukn,user:null
[20/06/23 19:08:10:584 UTC]  INFO util.SecurityLogger: class com.dotmarketing.portlets.workflows.business.WorkflowAPIImpl : Saving class parameters by the user: system -- ip:ukn,user:null
[20/06/23 19:08:10:594 UTC]  INFO starter.ImportStarterUtil: **** Importing the file: /data/local/dotsecure/backup/temp/com.dotmarketing.beans.Permission_0000000000.json *****
[20/06/23 19:08:10:595 UTC]  INFO starter.ImportStarterUtil: Importing:	com.dotmarketing.beans.Permission
[20/06/23 19:08:10:609 UTC]  INFO starter.ImportStarterUtil: Found :	20 com.dotmarketing.beans.Permission(s)
[20/06/23 19:08:10:631 UTC]  INFO starter.ImportStarterUtil: **** Importing the file: /data/local/dotsecure/backup/temp/com.dotmarketing.portlets.contentlet.model.ContentletVersionInfo_0000000000.json *****
[20/06/23 19:08:10:632 UTC]  INFO starter.ImportStarterUtil: Importing:	com.dotmarketing.portlets.contentlet.model.ContentletVersionInfo
[20/06/23 19:08:10:635 UTC]  INFO starter.ImportStarterUtil: Found :	3 com.dotmarketing.portlets.contentlet.model.ContentletVersionInfo(s)
[20/06/23 19:08:10:705 UTC]  INFO starter.ImportStarterUtil: **** Importing the file: /data/local/dotsecure/backup/temp/com.dotmarketing.portlets.workflows.model.WorkflowTask_0000000000.json *****
[20/06/23 19:08:10:705 UTC]  INFO starter.ImportStarterUtil: Importing:	com.dotmarketing.portlets.workflows.model.WorkflowTask
[20/06/23 19:08:10:710 UTC]  INFO starter.ImportStarterUtil: Found :	1 com.dotmarketing.portlets.workflows.model.WorkflowTask(s)
[20/06/23 19:08:10:716 UTC]  INFO starter.ImportStarterUtil: **** Importing the file: /data/local/dotsecure/backup/temp/Image.json *****
[20/06/23 19:08:10:717 UTC]  INFO starter.ImportStarterUtil: Importing:	Image
[20/06/23 19:08:17:295 UTC]  INFO starter.ImportStarterUtil: Found :	1 Image(s)
[20/06/23 19:08:17:297 UTC]  INFO starter.ImportStarterUtil: **** Importing the file: /data/local/dotsecure/backup/temp/Portlet.json *****
[20/06/23 19:08:17:297 UTC]  INFO starter.ImportStarterUtil: Importing:	Portlet
[20/06/23 19:08:17:298 UTC]  INFO starter.ImportStarterUtil: Found :	3 Portlet(s)
[20/06/23 19:08:17:304 UTC]  INFO starter.ImportStarterUtil: Done Importing
[20/06/23 19:08:17:308 UTC]  INFO runonce.Task210321RemoveOldMetadataFiles:  executing metadata clean up under path /data/shared/assets
[20/06/23 19:08:17:318 UTC]  INFO db.DotCMSInitDb:  `1` old metadata entries removed and `0` old content files from the starter.
[20/06/23 19:08:17:321 UTC]  INFO timedcache.TimedCacheProvider: ===== Initializing [Timed Cache Provider].
[20/06/23 19:08:17:322 UTC]  INFO timedcache.TimedCacheProvider: ***	 Cache Config Memory : esquerycache: 10000
[20/06/23 19:08:17:323 UTC]  INFO timedcache.TimedCacheProvider: ***	 Cache Config Memory : esquerycountcache: 10000
[20/06/23 19:08:17:324 UTC]  INFO timedcache.TimedCacheProvider: ***	 Cache Config Memory : graphqlquerycache: 5000
[20/06/23 19:08:17:325 UTC]  INFO timedcache.TimedCacheProvider: ***	 Cache Config Memory : default: 1000
[20/06/23 19:08:17:325 UTC]  INFO timedcache.TimedCacheProvider: ***	 Cache Config Memory : adminconfigpool: 100
[20/06/23 19:08:17:326 UTC]  INFO timedcache.TimedCacheProvider: ***	 Cache Config Memory : companypool: 10
[20/06/23 19:08:17:327 UTC]  INFO timedcache.TimedCacheProvider: ***	 Cache Config Memory : contentletcache: 5000
[20/06/23 19:08:17:328 UTC]  INFO timedcache.TimedCacheProvider: ***	 Cache Config Memory : categoryparentscache: 30000
[20/06/23 19:08:17:329 UTC]  INFO timedcache.TimedCacheProvider: ***	 Cache Config Memory : taginodecache: 50000
[20/06/23 19:08:17:330 UTC]  INFO timedcache.TimedCacheProvider: ***	 Cache Config Memory : taginodesbyinodecache: 50000
[20/06/23 19:08:17:331 UTC]  INFO timedcache.TimedCacheProvider: ***	 Cache Config Memory : tagcache: 50000
[20/06/23 19:08:17:331 UTC]  INFO timedcache.TimedCacheProvider: ***	 Cache Config Memory : csscache: 2500
[20/06/23 19:08:17:332 UTC]  INFO timedcache.TimedCacheProvider: ***	 Cache Config Memory : assetmetadatacache: 10000
[20/06/23 19:08:17:333 UTC]  INFO timedcache.TimedCacheProvider: ***	 Cache Config Memory : identifiercache: 50000
[20/06/23 19:08:17:333 UTC]  INFO timedcache.TimedCacheProvider: ***	 Cache Config Memory : identifier404cache: 30000
[20/06/23 19:08:17:333 UTC]  INFO timedcache.TimedCacheProvider: ***	 Cache Config Memory : indiciescache: 8
[20/06/23 19:08:17:338 UTC]  INFO timedcache.TimedCacheProvider: ***	 Cache Config Memory : logmappercache: 10
[20/06/23 19:08:17:338 UTC]  INFO timedcache.TimedCacheProvider: ***	 Cache Config Memory : navcache: 1000
[20/06/23 19:08:17:338 UTC]  INFO timedcache.TimedCacheProvider: ***	 Cache Config Memory : parentpermissionablecache: 10000
[20/06/23 19:08:17:338 UTC]  INFO timedcache.TimedCacheProvider: ***	 Cache Config Memory : permissioncache: 50000
[20/06/23 19:08:17:338 UTC]  INFO timedcache.TimedCacheProvider: ***	 Cache Config Memory : portletpool: 100
[20/06/23 19:08:17:338 UTC]  INFO timedcache.TimedCacheProvider: ***	 Cache Config Memory : publishingendpointcache: 100
[20/06/23 19:08:17:338 UTC]  INFO timedcache.TimedCacheProvider: ***	 Cache Config Memory : pushedassetscache: 5000
[20/06/23 19:08:17:338 UTC]  INFO timedcache.TimedCacheProvider: ***	 Cache Config Memory : templatecache: 500
[20/06/23 19:08:17:338 UTC]  INFO timedcache.TimedCacheProvider: ***	 Cache Config Memory : translatedquerycache: 5000
[20/06/23 19:08:17:338 UTC]  INFO timedcache.TimedCacheProvider: ***	 Cache Config Memory : versioncache: 50000
[20/06/23 19:08:17:338 UTC]  INFO timedcache.TimedCacheProvider: ***	 Cache Config Memory : versioninfocache: 50000
[20/06/23 19:08:17:338 UTC]  INFO timedcache.TimedCacheProvider: ***	 Cache Config Memory : workflowactioncache: 10000
[20/06/23 19:08:17:338 UTC]  INFO timedcache.TimedCacheProvider: ***	 Cache Config Memory : workflowtaskcache: 10000
[20/06/23 19:08:17:338 UTC]  INFO timedcache.TimedCacheProvider: ***	 Cache Config Memory : shortyidcache: 25000
[20/06/23 19:08:17:338 UTC]  INFO timedcache.TimedCacheProvider: ***	 Cache Config Memory : velocitycache: 5000
[20/06/23 19:08:17:338 UTC]  INFO timedcache.TimedCacheProvider: ***	 Cache Config Memory : vanityurldirectcache: 25000
[20/06/23 19:08:17:338 UTC]  INFO timedcache.TimedCacheProvider: ***	 Cache Config Memory : vanityurlsitecache: 5000
[20/06/23 19:08:17:338 UTC]  INFO h22.H22Cache: Start Full Cache Flush in h22
[20/06/23 19:08:17:338 UTC]  INFO h22.H22Cache: Building new H22 Cache, db:0
[20/06/23 19:08:17:341 UTC]  INFO h22.H22HikariPool: H22 on disk cache:jdbc:h2:/data/local/dotsecure/h22cache/0/2023-06-20_19-08-17/cache;MVCC=TRUE;DB_CLOSE_ON_EXIT=FALSE
[20/06/23 19:08:17:397 UTC]  INFO h22.H22Cache: Building new H22 Cache, db:1
[20/06/23 19:08:17:397 UTC]  INFO h22.H22HikariPool: H22 on disk cache:jdbc:h2:/data/local/dotsecure/h22cache/1/2023-06-20_19-08-17/cache;MVCC=TRUE;DB_CLOSE_ON_EXIT=FALSE
[20/06/23 19:08:17:469 UTC]  INFO h22.H22Cache: End Full Cache Flush in h22 : 131ms
[20/06/23 19:08:17:517 UTC]  INFO reindex.ReindexThread: --- Recreating ReindexThread from stopped
[20/06/23 19:08:17:520 UTC]  INFO framework.OSGISystem: Starting: OSGi System Framework
[20/06/23 19:08:17:522 UTC]  INFO framework.OSGISystem: Felix System base dir: /srv/dotserver/tomcat-9.0.60/webapps/ROOT/WEB-INF/felix-system
[20/06/23 19:08:17:532 UTC]  INFO framework.OSGIUtil: Loading Factory org.apache.felix.framework.FrameworkFactory
[20/06/23 19:08:17:954 UTC]  INFO init.SamlInitializer: SAML Init STARTED...
[20/06/23 19:08:19:007 UTC]  INFO init.SamlInitializer: Doing instance of Java Crypto validator
[20/06/23 19:08:19:008 UTC]  INFO init.SamlInitializer: Getting the Security Providers
[20/06/23 19:08:19:008 UTC]  INFO init.SamlInitializer: - SUN (DSA key/parameter generation; DSA signing; SHA-1, MD5 digests; SecureRandom; X.509 certificates; PKCS12, JKS & DKS keystores; PKIX CertPathValidator; PKIX CertPathBuilder; LDAP, Collection CertStores, JavaPolicy Policy; JavaLoginConfig Configuration)
[20/06/23 19:08:19:008 UTC]  INFO init.SamlInitializer: - Sun RSA signature provider
[20/06/23 19:08:19:008 UTC]  INFO init.SamlInitializer: - Sun Elliptic Curve provider (EC, ECDSA, ECDH)
[20/06/23 19:08:19:008 UTC]  INFO init.SamlInitializer: - Sun JSSE provider(PKCS12, SunX509/PKIX key/trust factories, SSLv3/TLSv1/TLSv1.1/TLSv1.2/TLSv1.3/DTLSv1.0/DTLSv1.2)
[20/06/23 19:08:19:008 UTC]  INFO init.SamlInitializer: - SunJCE Provider (implements RSA, DES, Triple DES, AES, Blowfish, ARCFOUR, RC2, PBE, Diffie-Hellman, HMAC, ChaCha20)
[20/06/23 19:08:19:008 UTC]  INFO init.SamlInitializer: - Sun (Kerberos v5, SPNEGO)
[20/06/23 19:08:19:008 UTC]  INFO init.SamlInitializer: - Sun SASL provider(implements client mechanisms for: DIGEST-MD5, EXTERNAL, PLAIN, CRAM-MD5, NTLM; server mechanisms for: DIGEST-MD5, CRAM-MD5, NTLM)
[20/06/23 19:08:19:009 UTC]  INFO init.SamlInitializer: - JdkLDAP Provider (implements LDAP CertStore)
[20/06/23 19:08:19:009 UTC]  INFO init.SamlInitializer: Doing Init of SignatureValidationProvider
[20/06/23 19:08:19:011 UTC]  INFO init.SamlInitializer: SAML Init DONE
[20/06/23 19:08:19:011 UTC]  INFO init.SamlInitializer: Setting basic parser pool
[20/06/23 19:08:19:013 UTC]  INFO osgi.Activator: Adding the SAML Web Filter
[20/06/23 19:08:19:074 UTC]  INFO osgi.Activator: Adding the SAML Web Service: com.dotcms.auth.providers.saml.v1.DotSamlResource
[20/06/23 19:08:19:711 UTC]  INFO osgi.Activator: Subscribing to  AppSecretSavedEvent events
[20/06/23 19:08:20:552 UTC]  INFO framework.OSGISystem: Started : OSGi System Framework
[20/06/23 19:08:20:553 UTC]  INFO reindex.ReindexThread: --- ReindexThread Running (every 60000 millis)
[20/06/23 19:08:20:557 UTC]  INFO db.DotCMSInitDb: Building Initial Index
[20/06/23 19:08:20:564 UTC]  INFO reindex.ReindexThread: ---  ReindexThread is starting, background indexing will begin
[20/06/23 19:08:20:631 UTC]  INFO business.ESIndexAPI: createIndex : Trying to create index: cluster_73761f8ea0.working_20230620190820 with shards: 0
[20/06/23 19:08:20:631 UTC]  INFO util.AdminLogger: class com.dotcms.content.elasticsearch.business.ESIndexAPI : createIndex : Trying to create index: cluster_73761f8ea0.working_20230620190820 with shards: 0
[20/06/23 19:08:20:631 UTC]  WARN business.ESIndexAPI: Unable to parse shards from config
[20/06/23 19:08:20:631 UTC]  WARN business.ESIndexAPI: null
[20/06/23 19:08:20:632 UTC]  WARN business.ESIndexAPI: java.base/java.lang.Integer.parseInt(Integer.java:614)
[20/06/23 19:08:21:244 UTC]  INFO business.ESIndexAPI: createIndex : Index created: cluster_73761f8ea0.working_20230620190820 with shards: 1
[20/06/23 19:08:21:244 UTC]  INFO util.AdminLogger: class com.dotcms.content.elasticsearch.business.ESIndexAPI : createIndex : Index created: cluster_73761f8ea0.working_20230620190820 with shards: 1
[20/06/23 19:08:21:393 UTC]  INFO business.ESIndexAPI: createIndex : Trying to create index: cluster_73761f8ea0.live_20230620190820 with shards: 0
[20/06/23 19:08:21:394 UTC]  INFO util.AdminLogger: class com.dotcms.content.elasticsearch.business.ESIndexAPI : createIndex : Trying to create index: cluster_73761f8ea0.live_20230620190820 with shards: 0
[20/06/23 19:08:21:394 UTC]  WARN business.ESIndexAPI: Unable to parse shards from config
[20/06/23 19:08:21:395 UTC]  WARN business.ESIndexAPI: null
[20/06/23 19:08:21:395 UTC]  WARN business.ESIndexAPI: java.base/java.lang.Integer.parseInt(Integer.java:614)
[20/06/23 19:08:21:779 UTC]  INFO business.ESIndexAPI: createIndex : Index created: cluster_73761f8ea0.live_20230620190820 with shards: 1
[20/06/23 19:08:21:780 UTC]  INFO util.AdminLogger: class com.dotcms.content.elasticsearch.business.ESIndexAPI : createIndex : Index created: cluster_73761f8ea0.live_20230620190820 with shards: 1
