[13/06/23 02:23:26:118 UTC]  INFO loggers.Log4jUtil: Async Logger enabled: true
[13/06/23 02:23:26:131 UTC]  INFO listeners.ContextLifecycleListener: Installing the web socket
[13/06/23 02:23:27:127 UTC]  INFO business.CacheLocator: loading cache administrator: ChainableCacheAdministratorImpl
[13/06/23 02:23:27:495 UTC]  INFO db.DataSourceStrategyProvider: Datasource loaded using custom class com.dotmarketing.db.SystemEnvDataSourceStrategy
[13/06/23 02:23:27:514 UTC]  INFO cfg.Environment: Hibernate 2.1.8
[13/06/23 02:23:27:516 UTC]  INFO cfg.Environment: hibernate.properties not found
[13/06/23 02:23:27:517 UTC]  INFO cfg.Environment: using CGLIB reflection optimizer
[13/06/23 02:23:27:519 UTC]  INFO cfg.Environment: using JDK 1.4 java.sql.Timestamp handling
[13/06/23 02:23:27:524 UTC]  INFO cfg.Configuration: configuring from resource: /hibernate.cfg.xml
[13/06/23 02:23:27:524 UTC]  INFO cfg.Configuration: Configuration resource: /hibernate.cfg.xml
[13/06/23 02:23:27:607 UTC]  INFO cfg.Configuration: Configured SessionFactory: null
[13/06/23 02:23:27:608 UTC]  INFO cfg.Configuration: Mapping resource: META-INF/portal-hbm.xml
[13/06/23 02:23:27:712 UTC]  INFO cfg.Binder: Mapping class: com.liferay.portal.ejb.AddressHBM -> Address
[13/06/23 02:23:27:793 UTC]  INFO cfg.Binder: Mapping class: com.liferay.portal.ejb.CompanyHBM -> Company
[13/06/23 02:23:27:796 UTC]  INFO cfg.Binder: Mapping class: com.liferay.portal.ejb.ImageHBM -> Image
[13/06/23 02:23:27:797 UTC]  INFO cfg.Binder: Mapping class: com.liferay.portal.ejb.PasswordTrackerHBM -> PasswordTracker
[13/06/23 02:23:27:799 UTC]  INFO cfg.Binder: Mapping class: com.liferay.portal.ejb.UserHBM -> User_
[13/06/23 02:23:27:805 UTC]  INFO cfg.Binder: Mapping class: com.liferay.portal.ejb.UserTrackerHBM -> UserTracker
[13/06/23 02:23:27:806 UTC]  INFO cfg.Binder: Mapping class: com.liferay.portal.ejb.UserTrackerPathHBM -> UserTrackerPath
[13/06/23 02:23:27:808 UTC]  INFO cfg.Binder: Mapping class: com.liferay.portlet.admin.ejb.AdminConfigHBM -> AdminConfig
[13/06/23 02:23:27:809 UTC]  INFO cfg.Configuration: Mapping resource: com/dotmarketing/beans/DotCMSSeq.hbm.xml
[13/06/23 02:23:27:861 UTC]  INFO cfg.Binder: Mapping class: com.dotmarketing.beans.Inode -> inode
[13/06/23 02:23:27:890 UTC]  INFO cfg.Binder: Mapping joined-subclass: com.dotmarketing.portlets.containers.model.Container -> dot_containers
[13/06/23 02:23:27:899 UTC]  INFO cfg.Binder: Mapping joined-subclass: com.dotmarketing.portlets.links.model.Link -> links
[13/06/23 02:23:27:905 UTC]  INFO cfg.Binder: Mapping joined-subclass: com.dotmarketing.portlets.structure.model.Field -> field
[13/06/23 02:23:27:908 UTC]  INFO cfg.Binder: Mapping class: com.dotmarketing.portlets.workflows.model.WorkflowTask -> workflow_task
[13/06/23 02:23:27:912 UTC]  INFO cfg.Binder: Mapping class: com.dotmarketing.portlets.workflows.model.WorkflowComment -> workflow_comment
[13/06/23 02:23:27:915 UTC]  INFO cfg.Binder: Mapping class: com.dotmarketing.portlets.workflows.model.WorkflowHistory -> workflow_history
[13/06/23 02:23:27:916 UTC]  INFO cfg.Binder: Mapping class: com.dotmarketing.portlets.workflows.model.WorkFlowTaskFiles -> workflowtask_files
[13/06/23 02:23:27:926 UTC]  INFO cfg.Binder: Mapping class: com.dotmarketing.beans.Permission -> permission
[13/06/23 02:23:27:930 UTC]  INFO cfg.Binder: Mapping class: com.dotmarketing.beans.PermissionReference -> permission_reference
[13/06/23 02:23:27:934 UTC]  INFO cfg.Binder: Mapping class: com.dotmarketing.beans.Tree -> tree
[13/06/23 02:23:28:133 UTC]  INFO cfg.Binder: Mapping class: com.dotmarketing.beans.MultiTree -> multi_tree
[13/06/23 02:23:28:157 UTC]  INFO util.ReflectHelper: reflection optimizer disabled for: com.dotmarketing.beans.MultiTree, BulkBeanException: Index 1 out of bounds for length 0 (property setParent1)
[13/06/23 02:23:28:159 UTC]  INFO cfg.Binder: Mapping class: com.dotmarketing.beans.Clickstream -> clickstream
[13/06/23 02:23:28:167 UTC]  INFO cfg.Binder: Mapping class: com.dotmarketing.beans.ClickstreamRequest -> clickstream_request
[13/06/23 02:23:28:169 UTC]  INFO cfg.Binder: Mapping class: com.dotmarketing.beans.Clickstream404 -> clickstream_404
[13/06/23 02:23:28:171 UTC]  INFO cfg.Binder: Mapping class: com.dotmarketing.tag.model.Tag -> tag
[13/06/23 02:23:28:172 UTC]  INFO cfg.Binder: Mapping class: com.dotmarketing.tag.model.TagInode -> tag_inode
[13/06/23 02:23:28:190 UTC]  INFO cfg.Binder: Mapping class: com.dotmarketing.beans.ChallengeQuestion -> challenge_question
[13/06/23 02:23:28:192 UTC]  INFO cfg.Binder: Mapping class: com.dotmarketing.beans.UsersToDelete -> users_to_delete
[13/06/23 02:23:28:194 UTC]  INFO cfg.Binder: Mapping class: com.dotmarketing.plugin.model.Plugin -> plugin
[13/06/23 02:23:28:198 UTC]  INFO cfg.Binder: Mapping class: com.dotmarketing.business.Role -> cms_role
[13/06/23 02:23:28:200 UTC]  INFO cfg.Binder: Mapping class: com.dotmarketing.business.UsersRoles -> users_cms_roles
[13/06/23 02:23:28:202 UTC]  INFO cfg.Binder: Mapping class: com.dotmarketing.business.LayoutsRoles -> layouts_cms_roles
[13/06/23 02:23:28:205 UTC]  INFO cfg.Binder: Mapping class: com.dotmarketing.business.Layout -> cms_layout
[13/06/23 02:23:28:207 UTC]  INFO cfg.Binder: Mapping class: com.dotmarketing.business.PortletsLayouts -> cms_layouts_portlets
[13/06/23 02:23:28:209 UTC]  INFO cfg.Binder: Mapping class: com.dotmarketing.portlets.hostvariable.model.HostVariable -> host_variable
[13/06/23 02:23:28:211 UTC]  INFO cfg.Binder: Mapping class: com.dotmarketing.beans.FixAudit -> fixes_audit
[13/06/23 02:23:28:212 UTC]  INFO cfg.Binder: Mapping class: com.dotmarketing.beans.ContainerStructure -> container_structures
[13/06/23 02:23:28:216 UTC]  INFO cfg.Binder: Mapping class: com.dotmarketing.portlets.templates.model.TemplateVersionInfo -> template_version_info
[13/06/23 02:23:28:218 UTC]  INFO cfg.Binder: Mapping class: com.dotmarketing.portlets.containers.model.ContainerVersionInfo -> container_version_info
[13/06/23 02:23:28:219 UTC]  INFO cfg.Binder: Mapping class: com.dotmarketing.portlets.links.model.LinkVersionInfo -> link_version_info
[13/06/23 02:23:28:220 UTC]  INFO cfg.Configuration: Mapping resource: com/dotmarketing/beans/DotCMSSeq_NOSQLGEN.hbm.xml
[13/06/23 02:23:28:239 UTC]  INFO cfg.Binder: Mapping class: com.dotmarketing.plugin.model.PluginProperty -> plugin_property
[13/06/23 02:23:28:268 UTC]  INFO cfg.Configuration: processing one-to-many association mappings
[13/06/23 02:23:28:269 UTC]  INFO cfg.Binder: Mapping collection: com.dotmarketing.beans.Clickstream.clickstreamRequests -> clickstream_request
[13/06/23 02:23:28:270 UTC]  INFO cfg.Configuration: processing one-to-one association property references
[13/06/23 02:23:28:271 UTC]  INFO cfg.Configuration: processing foreign key constraints
[13/06/23 02:23:28:285 UTC]  INFO dialect.Dialect: Using dialect: com.dotcms.repackage.net.sf.hibernate.dialect.PostgreSQLDialect
[13/06/23 02:23:28:289 UTC]  INFO cfg.SettingsFactory: Use outer join fetching: true
[13/06/23 02:23:28:292 UTC]  WARN connection.UserSuppliedConnectionProvider: No connection properties specified - the user must supply JDBC connections
[13/06/23 02:23:28:296 UTC]  INFO transaction.TransactionManagerLookupFactory: No TransactionManagerLookup configured (in JTA environment, use of process level read-write cache is not recommended)
[13/06/23 02:23:28:297 UTC]  INFO cfg.SettingsFactory: Use scrollable result sets: true
[13/06/23 02:23:28:298 UTC]  INFO cfg.SettingsFactory: Use JDBC3 getGeneratedKeys(): false
[13/06/23 02:23:28:298 UTC]  INFO cfg.SettingsFactory: Optimize cache for minimal puts: false
[13/06/23 02:23:28:299 UTC]  INFO cfg.SettingsFactory: Query language substitutions: {}
[13/06/23 02:23:28:300 UTC]  INFO cfg.SettingsFactory: cache provider: com.dotmarketing.db.NoCacheProvider
[13/06/23 02:23:28:302 UTC]  INFO cfg.Configuration: instantiating and configuring caches
[13/06/23 02:23:28:313 UTC]  INFO impl.SessionFactoryImpl: building session factory
[13/06/23 02:23:28:475 UTC]  INFO util.ReflectHelper: reflection optimizer disabled for: com.dotmarketing.beans.MultiTree, BulkBeanException: Index 1 out of bounds for length 0 (property setTreeOrder)
[13/06/23 02:23:28:868 UTC]  INFO impl.SessionFactoryObjectFactory: Not binding factory to JNDI, no JNDI name configured
[13/06/23 02:23:29:058 UTC]  WARN license.LicenseManager: Cannot upsert License to db (every 120000 millis)
[13/06/23 02:23:29:061 UTC]  INFO servlets.InitServlet: 
[13/06/23 02:23:29:061 UTC]  INFO servlets.InitServlet:  * Copyright (c) 2023 dotCMS Inc. 
[13/06/23 02:23:29:061 UTC]  INFO servlets.InitServlet:  * This software, code and any modifications to the code are licensed under the terms of the dotCMS Enterprise License 
[13/06/23 02:23:29:062 UTC]  INFO servlets.InitServlet:  * which can be found here : https://www.github.com/dotCMS/core/LICENSE 
[13/06/23 02:23:29:062 UTC]  INFO servlets.InitServlet: 
[13/06/23 02:23:29:074 UTC]  INFO h22.H22Cache: Initing H22 cache db:0
[13/06/23 02:23:29:078 UTC]  INFO h22.H22Cache: Building new H22 Cache, db:0
[13/06/23 02:23:29:107 UTC]  INFO h22.H22HikariPool: H22 on disk cache:jdbc:h2:/data/local/dotsecure/h22cache/0/2023-06-13_02-23-29/cache;MVCC=TRUE;DB_CLOSE_ON_EXIT=FALSE
[13/06/23 02:23:29:321 UTC]  INFO h22.H22Cache: Initing H22 cache db:1
[13/06/23 02:23:29:321 UTC]  INFO h22.H22Cache: Building new H22 Cache, db:1
[13/06/23 02:23:29:322 UTC]  INFO h22.H22HikariPool: H22 on disk cache:jdbc:h2:/data/local/dotsecure/h22cache/1/2023-06-13_02-23-29/cache;MVCC=TRUE;DB_CLOSE_ON_EXIT=FALSE
[13/06/23 02:23:29:388 UTC]  INFO timedcache.TimedCacheProvider: ===== Initializing [Timed Cache Provider].
[13/06/23 02:23:29:388 UTC]  INFO timedcache.TimedCacheProvider: ***	 Cache Config Memory : esquerycache: 10000
[13/06/23 02:23:29:393 UTC]  INFO timedcache.TimedCacheProvider: ***	 Cache Config Memory : esquerycountcache: 10000
[13/06/23 02:23:29:393 UTC]  INFO timedcache.TimedCacheProvider: ***	 Cache Config Memory : graphqlquerycache: 5000
[13/06/23 02:23:29:394 UTC]  INFO timedcache.TimedCacheProvider: ***	 Cache Config Memory : default: 1000
[13/06/23 02:23:29:394 UTC]  INFO timedcache.TimedCacheProvider: ***	 Cache Config Memory : adminconfigpool: 100
[13/06/23 02:23:29:394 UTC]  INFO timedcache.TimedCacheProvider: ***	 Cache Config Memory : companypool: 10
[13/06/23 02:23:29:394 UTC]  INFO timedcache.TimedCacheProvider: ***	 Cache Config Memory : contentletcache: 5000
[13/06/23 02:23:29:394 UTC]  INFO timedcache.TimedCacheProvider: ***	 Cache Config Memory : categoryparentscache: 30000
[13/06/23 02:23:29:394 UTC]  INFO timedcache.TimedCacheProvider: ***	 Cache Config Memory : taginodecache: 50000
[13/06/23 02:23:29:394 UTC]  INFO timedcache.TimedCacheProvider: ***	 Cache Config Memory : taginodesbyinodecache: 50000
[13/06/23 02:23:29:394 UTC]  INFO timedcache.TimedCacheProvider: ***	 Cache Config Memory : tagcache: 50000
[13/06/23 02:23:29:394 UTC]  INFO timedcache.TimedCacheProvider: ***	 Cache Config Memory : csscache: 2500
[13/06/23 02:23:29:394 UTC]  INFO timedcache.TimedCacheProvider: ***	 Cache Config Memory : assetmetadatacache: 10000
[13/06/23 02:23:29:395 UTC]  INFO timedcache.TimedCacheProvider: ***	 Cache Config Memory : identifiercache: 50000
[13/06/23 02:23:29:396 UTC]  INFO timedcache.TimedCacheProvider: ***	 Cache Config Memory : identifier404cache: 30000
[13/06/23 02:23:29:396 UTC]  INFO timedcache.TimedCacheProvider: ***	 Cache Config Memory : indiciescache: 8
[13/06/23 02:23:29:396 UTC]  INFO timedcache.TimedCacheProvider: ***	 Cache Config Memory : logmappercache: 10
[13/06/23 02:23:29:396 UTC]  INFO timedcache.TimedCacheProvider: ***	 Cache Config Memory : navcache: 1000
[13/06/23 02:23:29:397 UTC]  INFO timedcache.TimedCacheProvider: ***	 Cache Config Memory : parentpermissionablecache: 10000
[13/06/23 02:23:29:397 UTC]  INFO timedcache.TimedCacheProvider: ***	 Cache Config Memory : permissioncache: 50000
[13/06/23 02:23:29:397 UTC]  INFO timedcache.TimedCacheProvider: ***	 Cache Config Memory : portletpool: 100
[13/06/23 02:23:29:397 UTC]  INFO timedcache.TimedCacheProvider: ***	 Cache Config Memory : publishingendpointcache: 100
[13/06/23 02:23:29:397 UTC]  INFO timedcache.TimedCacheProvider: ***	 Cache Config Memory : pushedassetscache: 5000
[13/06/23 02:23:29:397 UTC]  INFO timedcache.TimedCacheProvider: ***	 Cache Config Memory : templatecache: 500
[13/06/23 02:23:29:397 UTC]  INFO timedcache.TimedCacheProvider: ***	 Cache Config Memory : translatedquerycache: 5000
[13/06/23 02:23:29:397 UTC]  INFO timedcache.TimedCacheProvider: ***	 Cache Config Memory : versioncache: 50000
[13/06/23 02:23:29:397 UTC]  INFO timedcache.TimedCacheProvider: ***	 Cache Config Memory : versioninfocache: 50000
[13/06/23 02:23:29:397 UTC]  INFO timedcache.TimedCacheProvider: ***	 Cache Config Memory : workflowactioncache: 10000
[13/06/23 02:23:29:398 UTC]  INFO timedcache.TimedCacheProvider: ***	 Cache Config Memory : workflowtaskcache: 10000
[13/06/23 02:23:29:398 UTC]  INFO timedcache.TimedCacheProvider: ***	 Cache Config Memory : shortyidcache: 25000
[13/06/23 02:23:29:398 UTC]  INFO timedcache.TimedCacheProvider: ***	 Cache Config Memory : velocitycache: 5000
[13/06/23 02:23:29:398 UTC]  INFO timedcache.TimedCacheProvider: ***	 Cache Config Memory : vanityurldirectcache: 25000
[13/06/23 02:23:29:398 UTC]  INFO timedcache.TimedCacheProvider: ***	 Cache Config Memory : vanityurlsitecache: 5000
[13/06/23 02:23:29:902 UTC]  INFO servlet.VisitorFilter: VisitorLogger Filter Started
[13/06/23 02:23:30:230 UTC]  INFO util.SystemProperties: Loading file:/srv/dotserver/tomcat-9.0.60/webapps/ROOT/WEB-INF/classes/system.properties
[13/06/23 02:23:30:231 UTC]  INFO util.SystemProperties: Loading file:/srv/dotserver/tomcat-9.0.60/webapps/ROOT/WEB-INF/classes/system-ext.properties
[13/06/23 02:23:30:238 UTC]  INFO util.SystemProperties: Loading file:/srv/dotserver/tomcat-9.0.60/webapps/ROOT/WEB-INF/classes/system.properties
[13/06/23 02:23:30:240 UTC]  INFO util.SystemProperties: Loading file:/srv/dotserver/tomcat-9.0.60/webapps/ROOT/WEB-INF/classes/system-ext.properties
[13/06/23 02:23:30:662 UTC]  INFO util.PropsLoader: Loading file:/srv/dotserver/tomcat-9.0.60/webapps/ROOT/WEB-INF/classes/portal.properties
[13/06/23 02:23:30:668 UTC]  INFO util.PropsLoader: Loading file:/srv/dotserver/tomcat-9.0.60/webapps/ROOT/WEB-INF/classes/portal-ext.properties
[13/06/23 02:23:30:674 UTC]  INFO filters.CharsetEncodingFilter: Destroying character encoding filter...
[13/06/23 02:23:30:676 UTC]  INFO servlet.VisitorFilter: VisitorLogger Filter Destroyed
[13/06/23 02:23:30:724 UTC]  INFO listeners.ContextLifecycleListener: Shutdown : Started, executing a clean shutdown.
[13/06/23 02:23:30:919 UTC]  INFO impl.StdSchedulerFactory: Using default implementation for ThreadExecutor
[13/06/23 02:23:30:922 UTC]  INFO simpl.SimpleThreadPool: Job execution threads will use class loader of thread: main
[13/06/23 02:23:31:018 UTC]  INFO core.SchedulerSignalerImpl: Initialized Scheduler Signaller of type: class org.quartz.core.SchedulerSignalerImpl
[13/06/23 02:23:31:031 UTC]  INFO core.QuartzScheduler: Quartz Scheduler v.1.8.6 created.
[13/06/23 02:23:31:043 UTC]  INFO quartz.DotJobStore: Using db table-based data access locking (synchronization).
[13/06/23 02:23:31:047 UTC]  INFO quartz.DotJobStore: JobStoreCMT initialized.
[13/06/23 02:23:31:048 UTC]  INFO core.QuartzScheduler: Scheduler meta-data: Quartz Scheduler (v1.8.6) 'dotCMSQuartz' with instanceId 'NON_CLUSTERED'
  Scheduler class: 'org.quartz.core.QuartzScheduler' - running locally.
  NOT STARTED.
  Currently in standby mode.
  Number of jobs executed: 0
  Using thread pool 'org.quartz.simpl.SimpleThreadPool' - with 10 threads.
  Using job-store 'com.dotmarketing.quartz.DotJobStore' - which supports persistence. and is clustered.

[13/06/23 02:23:31:052 UTC]  INFO impl.StdSchedulerFactory: Quartz scheduler 'dotCMSQuartz' initialized from an externally provided properties instance.
[13/06/23 02:23:31:053 UTC]  INFO impl.StdSchedulerFactory: Quartz scheduler version: 1.8.6
[13/06/23 02:23:31:053 UTC]  INFO core.QuartzScheduler: Scheduler dotCMSQuartz_$_NON_CLUSTERED shutting down.
[13/06/23 02:23:31:054 UTC]  INFO core.QuartzScheduler: Scheduler dotCMSQuartz_$_NON_CLUSTERED paused.
[13/06/23 02:23:31:057 UTC]  INFO core.QuartzScheduler: Scheduler dotCMSQuartz_$_NON_CLUSTERED shutdown complete.
[13/06/23 02:23:31:077 UTC]  WARN listeners.ContextLifecycleListener: Shutdown : ERROR: relation "sitelic" does not exist
  Position: 8{
  "SQL": ["UPDATE sitelic SET serverid=NULL, startup_time=NULL, lastping=? WHERE id=?"],
  "maxRows": [-1],
  "offest": [0],
  "params": [
    "1970-01-01 00:00:00.0",
    "1cfc7c95-9fe0-4dcb-abe7-c31b9f0517fd"
  ]
}
[13/06/23 02:23:31:079 UTC]  INFO h22.H22Cache: Building new H22 Cache, db:0
[13/06/23 02:23:31:081 UTC]  INFO h22.H22HikariPool: H22 on disk cache:jdbc:h2:/data/local/dotsecure/h22cache/0/2023-06-13_02-23-31/cache;MVCC=TRUE;DB_CLOSE_ON_EXIT=FALSE
[13/06/23 02:23:31:161 UTC]  INFO h22.H22Cache: Building new H22 Cache, db:1
[13/06/23 02:23:31:162 UTC]  INFO h22.H22HikariPool: H22 on disk cache:jdbc:h2:/data/local/dotsecure/h22cache/1/2023-06-13_02-23-31/cache;MVCC=TRUE;DB_CLOSE_ON_EXIT=FALSE
[13/06/23 02:23:31:245 UTC]  INFO timedcache.TimedCacheProvider: ===== Calling shutdown [Timed Cache Provider].
[13/06/23 02:23:31:246 UTC]  INFO caffine.CaffineCache: ===== Calling shutdown [Caffine Memory Cache].
