[13/06/23 02:23:42:134 UTC]  INFO loggers.Log4jUtil: Async Logger enabled: true
[13/06/23 02:23:42:137 UTC]  INFO listeners.ContextLifecycleListener: Installing the web socket
[13/06/23 02:23:43:226 UTC]  INFO business.CacheLocator: loading cache administrator: ChainableCacheAdministratorImpl
[13/06/23 02:23:43:869 UTC]  INFO db.DataSourceStrategyProvider: Datasource loaded using custom class com.dotmarketing.db.SystemEnvDataSourceStrategy
[13/06/23 02:23:43:883 UTC]  INFO cfg.Environment: Hibernate 2.1.8
[13/06/23 02:23:43:884 UTC]  INFO cfg.Environment: hibernate.properties not found
[13/06/23 02:23:43:885 UTC]  INFO cfg.Environment: using CGLIB reflection optimizer
[13/06/23 02:23:43:887 UTC]  INFO cfg.Environment: using JDK 1.4 java.sql.Timestamp handling
[13/06/23 02:23:43:888 UTC]  INFO cfg.Configuration: configuring from resource: /hibernate.cfg.xml
[13/06/23 02:23:43:889 UTC]  INFO cfg.Configuration: Configuration resource: /hibernate.cfg.xml
[13/06/23 02:23:43:945 UTC]  INFO cfg.Configuration: Configured SessionFactory: null
[13/06/23 02:23:43:945 UTC]  INFO cfg.Configuration: Mapping resource: META-INF/portal-hbm.xml
[13/06/23 02:23:44:006 UTC]  INFO cfg.Binder: Mapping class: com.liferay.portal.ejb.AddressHBM -> Address
[13/06/23 02:23:44:076 UTC]  INFO cfg.Binder: Mapping class: com.liferay.portal.ejb.CompanyHBM -> Company
[13/06/23 02:23:44:080 UTC]  INFO cfg.Binder: Mapping class: com.liferay.portal.ejb.ImageHBM -> Image
[13/06/23 02:23:44:081 UTC]  INFO cfg.Binder: Mapping class: com.liferay.portal.ejb.PasswordTrackerHBM -> PasswordTracker
[13/06/23 02:23:44:084 UTC]  INFO cfg.Binder: Mapping class: com.liferay.portal.ejb.UserHBM -> User_
[13/06/23 02:23:44:089 UTC]  INFO cfg.Binder: Mapping class: com.liferay.portal.ejb.UserTrackerHBM -> UserTracker
[13/06/23 02:23:44:091 UTC]  INFO cfg.Binder: Mapping class: com.liferay.portal.ejb.UserTrackerPathHBM -> UserTrackerPath
[13/06/23 02:23:44:092 UTC]  INFO cfg.Binder: Mapping class: com.liferay.portlet.admin.ejb.AdminConfigHBM -> AdminConfig
[13/06/23 02:23:44:093 UTC]  INFO cfg.Configuration: Mapping resource: com/dotmarketing/beans/DotCMSSeq.hbm.xml
[13/06/23 02:23:44:135 UTC]  INFO cfg.Binder: Mapping class: com.dotmarketing.beans.Inode -> inode
[13/06/23 02:23:44:149 UTC]  INFO cfg.Binder: Mapping joined-subclass: com.dotmarketing.portlets.containers.model.Container -> dot_containers
[13/06/23 02:23:44:152 UTC]  INFO cfg.Binder: Mapping joined-subclass: com.dotmarketing.portlets.links.model.Link -> links
[13/06/23 02:23:44:155 UTC]  INFO cfg.Binder: Mapping joined-subclass: com.dotmarketing.portlets.structure.model.Field -> field
[13/06/23 02:23:44:156 UTC]  INFO cfg.Binder: Mapping class: com.dotmarketing.portlets.workflows.model.WorkflowTask -> workflow_task
[13/06/23 02:23:44:158 UTC]  INFO cfg.Binder: Mapping class: com.dotmarketing.portlets.workflows.model.WorkflowComment -> workflow_comment
[13/06/23 02:23:44:159 UTC]  INFO cfg.Binder: Mapping class: com.dotmarketing.portlets.workflows.model.WorkflowHistory -> workflow_history
[13/06/23 02:23:44:160 UTC]  INFO cfg.Binder: Mapping class: com.dotmarketing.portlets.workflows.model.WorkFlowTaskFiles -> workflowtask_files
[13/06/23 02:23:44:163 UTC]  INFO cfg.Binder: Mapping class: com.dotmarketing.beans.Permission -> permission
[13/06/23 02:23:44:167 UTC]  INFO cfg.Binder: Mapping class: com.dotmarketing.beans.PermissionReference -> permission_reference
[13/06/23 02:23:44:168 UTC]  INFO cfg.Binder: Mapping class: com.dotmarketing.beans.Tree -> tree
[13/06/23 02:23:44:257 UTC]  INFO cfg.Binder: Mapping class: com.dotmarketing.beans.MultiTree -> multi_tree
[13/06/23 02:23:44:275 UTC]  INFO util.ReflectHelper: reflection optimizer disabled for: com.dotmarketing.beans.MultiTree, BulkBeanException: Index 1 out of bounds for length 0 (property setParent1)
[13/06/23 02:23:44:277 UTC]  INFO cfg.Binder: Mapping class: com.dotmarketing.beans.Clickstream -> clickstream
[13/06/23 02:23:44:286 UTC]  INFO cfg.Binder: Mapping class: com.dotmarketing.beans.ClickstreamRequest -> clickstream_request
[13/06/23 02:23:44:287 UTC]  INFO cfg.Binder: Mapping class: com.dotmarketing.beans.Clickstream404 -> clickstream_404
[13/06/23 02:23:44:288 UTC]  INFO cfg.Binder: Mapping class: com.dotmarketing.tag.model.Tag -> tag
[13/06/23 02:23:44:290 UTC]  INFO cfg.Binder: Mapping class: com.dotmarketing.tag.model.TagInode -> tag_inode
[13/06/23 02:23:44:307 UTC]  INFO cfg.Binder: Mapping class: com.dotmarketing.beans.ChallengeQuestion -> challenge_question
[13/06/23 02:23:44:308 UTC]  INFO cfg.Binder: Mapping class: com.dotmarketing.beans.UsersToDelete -> users_to_delete
[13/06/23 02:23:44:309 UTC]  INFO cfg.Binder: Mapping class: com.dotmarketing.plugin.model.Plugin -> plugin
[13/06/23 02:23:44:310 UTC]  INFO cfg.Binder: Mapping class: com.dotmarketing.business.Role -> cms_role
[13/06/23 02:23:44:312 UTC]  INFO cfg.Binder: Mapping class: com.dotmarketing.business.UsersRoles -> users_cms_roles
[13/06/23 02:23:44:313 UTC]  INFO cfg.Binder: Mapping class: com.dotmarketing.business.LayoutsRoles -> layouts_cms_roles
[13/06/23 02:23:44:314 UTC]  INFO cfg.Binder: Mapping class: com.dotmarketing.business.Layout -> cms_layout
[13/06/23 02:23:44:315 UTC]  INFO cfg.Binder: Mapping class: com.dotmarketing.business.PortletsLayouts -> cms_layouts_portlets
[13/06/23 02:23:44:316 UTC]  INFO cfg.Binder: Mapping class: com.dotmarketing.portlets.hostvariable.model.HostVariable -> host_variable
[13/06/23 02:23:44:329 UTC]  INFO cfg.Binder: Mapping class: com.dotmarketing.beans.FixAudit -> fixes_audit
[13/06/23 02:23:44:330 UTC]  INFO cfg.Binder: Mapping class: com.dotmarketing.beans.ContainerStructure -> container_structures
[13/06/23 02:23:44:333 UTC]  INFO cfg.Binder: Mapping class: com.dotmarketing.portlets.templates.model.TemplateVersionInfo -> template_version_info
[13/06/23 02:23:44:334 UTC]  INFO cfg.Binder: Mapping class: com.dotmarketing.portlets.containers.model.ContainerVersionInfo -> container_version_info
[13/06/23 02:23:44:338 UTC]  INFO cfg.Binder: Mapping class: com.dotmarketing.portlets.links.model.LinkVersionInfo -> link_version_info
[13/06/23 02:23:44:339 UTC]  INFO cfg.Configuration: Mapping resource: com/dotmarketing/beans/DotCMSSeq_NOSQLGEN.hbm.xml
[13/06/23 02:23:44:361 UTC]  INFO cfg.Binder: Mapping class: com.dotmarketing.plugin.model.PluginProperty -> plugin_property
[13/06/23 02:23:44:420 UTC]  INFO cfg.Configuration: processing one-to-many association mappings
[13/06/23 02:23:44:423 UTC]  INFO cfg.Binder: Mapping collection: com.dotmarketing.beans.Clickstream.clickstreamRequests -> clickstream_request
[13/06/23 02:23:44:424 UTC]  INFO cfg.Configuration: processing one-to-one association property references
[13/06/23 02:23:44:424 UTC]  INFO cfg.Configuration: processing foreign key constraints
[13/06/23 02:23:44:436 UTC]  INFO dialect.Dialect: Using dialect: com.dotcms.repackage.net.sf.hibernate.dialect.PostgreSQLDialect
[13/06/23 02:23:44:440 UTC]  INFO cfg.SettingsFactory: Use outer join fetching: true
[13/06/23 02:23:44:442 UTC]  WARN connection.UserSuppliedConnectionProvider: No connection properties specified - the user must supply JDBC connections
[13/06/23 02:23:44:447 UTC]  INFO transaction.TransactionManagerLookupFactory: No TransactionManagerLookup configured (in JTA environment, use of process level read-write cache is not recommended)
[13/06/23 02:23:44:448 UTC]  INFO cfg.SettingsFactory: Use scrollable result sets: true
[13/06/23 02:23:44:449 UTC]  INFO cfg.SettingsFactory: Use JDBC3 getGeneratedKeys(): false
[13/06/23 02:23:44:450 UTC]  INFO cfg.SettingsFactory: Optimize cache for minimal puts: false
[13/06/23 02:23:44:452 UTC]  INFO cfg.SettingsFactory: Query language substitutions: {}
[13/06/23 02:23:44:453 UTC]  INFO cfg.SettingsFactory: cache provider: com.dotmarketing.db.NoCacheProvider
[13/06/23 02:23:44:454 UTC]  INFO cfg.Configuration: instantiating and configuring caches
[13/06/23 02:23:44:471 UTC]  INFO impl.SessionFactoryImpl: building session factory
[13/06/23 02:23:44:625 UTC]  INFO util.ReflectHelper: reflection optimizer disabled for: com.dotmarketing.beans.MultiTree, BulkBeanException: Index 1 out of bounds for length 0 (property setTreeOrder)
[13/06/23 02:23:45:166 UTC]  INFO impl.SessionFactoryObjectFactory: Not binding factory to JNDI, no JNDI name configured
[13/06/23 02:23:45:365 UTC]  WARN license.LicenseManager: Cannot upsert License to db (every 120000 millis)
[13/06/23 02:23:45:368 UTC]  INFO servlets.InitServlet: 
[13/06/23 02:23:45:368 UTC]  INFO servlets.InitServlet:  * Copyright (c) 2023 dotCMS Inc. 
[13/06/23 02:23:45:368 UTC]  INFO servlets.InitServlet:  * This software, code and any modifications to the code are licensed under the terms of the dotCMS Enterprise License 
[13/06/23 02:23:45:372 UTC]  INFO servlets.InitServlet:  * which can be found here : https://www.github.com/dotCMS/core/LICENSE 
[13/06/23 02:23:45:372 UTC]  INFO servlets.InitServlet: 
[13/06/23 02:23:45:390 UTC]  INFO h22.H22Cache: Initing H22 cache db:0
[13/06/23 02:23:45:396 UTC]  INFO h22.H22Cache: Building new H22 Cache, db:0
[13/06/23 02:23:45:431 UTC]  INFO h22.H22HikariPool: H22 on disk cache:jdbc:h2:/data/local/dotsecure/h22cache/0/2023-06-13_02-23-45/cache;MVCC=TRUE;DB_CLOSE_ON_EXIT=FALSE
[13/06/23 02:23:45:635 UTC]  INFO h22.H22Cache: Initing H22 cache db:1
[13/06/23 02:23:45:635 UTC]  INFO h22.H22Cache: Building new H22 Cache, db:1
[13/06/23 02:23:45:637 UTC]  INFO h22.H22HikariPool: H22 on disk cache:jdbc:h2:/data/local/dotsecure/h22cache/1/2023-06-13_02-23-45/cache;MVCC=TRUE;DB_CLOSE_ON_EXIT=FALSE
[13/06/23 02:23:45:699 UTC]  INFO timedcache.TimedCacheProvider: ===== Initializing [Timed Cache Provider].
[13/06/23 02:23:45:701 UTC]  INFO timedcache.TimedCacheProvider: ***	 Cache Config Memory : esquerycache: 10000
[13/06/23 02:23:45:703 UTC]  INFO timedcache.TimedCacheProvider: ***	 Cache Config Memory : esquerycountcache: 10000
[13/06/23 02:23:45:703 UTC]  INFO timedcache.TimedCacheProvider: ***	 Cache Config Memory : graphqlquerycache: 5000
[13/06/23 02:23:45:705 UTC]  INFO timedcache.TimedCacheProvider: ***	 Cache Config Memory : default: 1000
[13/06/23 02:23:45:705 UTC]  INFO timedcache.TimedCacheProvider: ***	 Cache Config Memory : adminconfigpool: 100
[13/06/23 02:23:45:706 UTC]  INFO timedcache.TimedCacheProvider: ***	 Cache Config Memory : companypool: 10
[13/06/23 02:23:45:707 UTC]  INFO timedcache.TimedCacheProvider: ***	 Cache Config Memory : contentletcache: 5000
[13/06/23 02:23:45:708 UTC]  INFO timedcache.TimedCacheProvider: ***	 Cache Config Memory : categoryparentscache: 30000
[13/06/23 02:23:45:709 UTC]  INFO timedcache.TimedCacheProvider: ***	 Cache Config Memory : taginodecache: 50000
[13/06/23 02:23:45:710 UTC]  INFO timedcache.TimedCacheProvider: ***	 Cache Config Memory : taginodesbyinodecache: 50000
[13/06/23 02:23:45:711 UTC]  INFO timedcache.TimedCacheProvider: ***	 Cache Config Memory : tagcache: 50000
[13/06/23 02:23:45:712 UTC]  INFO timedcache.TimedCacheProvider: ***	 Cache Config Memory : csscache: 2500
[13/06/23 02:23:45:712 UTC]  INFO timedcache.TimedCacheProvider: ***	 Cache Config Memory : assetmetadatacache: 10000
[13/06/23 02:23:45:714 UTC]  INFO timedcache.TimedCacheProvider: ***	 Cache Config Memory : identifiercache: 50000
[13/06/23 02:23:45:715 UTC]  INFO timedcache.TimedCacheProvider: ***	 Cache Config Memory : identifier404cache: 30000
[13/06/23 02:23:45:716 UTC]  INFO timedcache.TimedCacheProvider: ***	 Cache Config Memory : indiciescache: 8
[13/06/23 02:23:45:716 UTC]  INFO timedcache.TimedCacheProvider: ***	 Cache Config Memory : logmappercache: 10
[13/06/23 02:23:45:717 UTC]  INFO timedcache.TimedCacheProvider: ***	 Cache Config Memory : navcache: 1000
[13/06/23 02:23:45:718 UTC]  INFO timedcache.TimedCacheProvider: ***	 Cache Config Memory : parentpermissionablecache: 10000
[13/06/23 02:23:45:719 UTC]  INFO timedcache.TimedCacheProvider: ***	 Cache Config Memory : permissioncache: 50000
[13/06/23 02:23:45:719 UTC]  INFO timedcache.TimedCacheProvider: ***	 Cache Config Memory : portletpool: 100
[13/06/23 02:23:45:721 UTC]  INFO timedcache.TimedCacheProvider: ***	 Cache Config Memory : publishingendpointcache: 100
[13/06/23 02:23:45:721 UTC]  INFO timedcache.TimedCacheProvider: ***	 Cache Config Memory : pushedassetscache: 5000
[13/06/23 02:23:45:721 UTC]  INFO timedcache.TimedCacheProvider: ***	 Cache Config Memory : templatecache: 500
[13/06/23 02:23:45:721 UTC]  INFO timedcache.TimedCacheProvider: ***	 Cache Config Memory : translatedquerycache: 5000
[13/06/23 02:23:45:721 UTC]  INFO timedcache.TimedCacheProvider: ***	 Cache Config Memory : versioncache: 50000
[13/06/23 02:23:45:722 UTC]  INFO timedcache.TimedCacheProvider: ***	 Cache Config Memory : versioninfocache: 50000
[13/06/23 02:23:45:722 UTC]  INFO timedcache.TimedCacheProvider: ***	 Cache Config Memory : workflowactioncache: 10000
[13/06/23 02:23:45:722 UTC]  INFO timedcache.TimedCacheProvider: ***	 Cache Config Memory : workflowtaskcache: 10000
[13/06/23 02:23:45:722 UTC]  INFO timedcache.TimedCacheProvider: ***	 Cache Config Memory : shortyidcache: 25000
[13/06/23 02:23:45:722 UTC]  INFO timedcache.TimedCacheProvider: ***	 Cache Config Memory : velocitycache: 5000
[13/06/23 02:23:45:722 UTC]  INFO timedcache.TimedCacheProvider: ***	 Cache Config Memory : vanityurldirectcache: 25000
[13/06/23 02:23:45:722 UTC]  INFO timedcache.TimedCacheProvider: ***	 Cache Config Memory : vanityurlsitecache: 5000
[13/06/23 02:23:46:200 UTC]  INFO servlet.VisitorFilter: VisitorLogger Filter Started
[13/06/23 02:23:46:630 UTC]  INFO util.SystemProperties: Loading file:/srv/dotserver/tomcat-9.0.60/webapps/ROOT/WEB-INF/classes/system.properties
[13/06/23 02:23:46:631 UTC]  INFO util.SystemProperties: Loading file:/srv/dotserver/tomcat-9.0.60/webapps/ROOT/WEB-INF/classes/system-ext.properties
[13/06/23 02:23:46:640 UTC]  INFO util.SystemProperties: Loading file:/srv/dotserver/tomcat-9.0.60/webapps/ROOT/WEB-INF/classes/system.properties
[13/06/23 02:23:46:640 UTC]  INFO util.SystemProperties: Loading file:/srv/dotserver/tomcat-9.0.60/webapps/ROOT/WEB-INF/classes/system-ext.properties
[13/06/23 02:23:47:177 UTC]  INFO util.PropsLoader: Loading file:/srv/dotserver/tomcat-9.0.60/webapps/ROOT/WEB-INF/classes/portal.properties
[13/06/23 02:23:47:178 UTC]  INFO util.PropsLoader: Loading file:/srv/dotserver/tomcat-9.0.60/webapps/ROOT/WEB-INF/classes/portal-ext.properties
[13/06/23 02:23:47:186 UTC]  INFO filters.CharsetEncodingFilter: Destroying character encoding filter...
[13/06/23 02:23:47:186 UTC]  INFO servlet.VisitorFilter: VisitorLogger Filter Destroyed
[13/06/23 02:23:47:257 UTC]  INFO listeners.ContextLifecycleListener: Shutdown : Started, executing a clean shutdown.
[13/06/23 02:23:47:466 UTC]  INFO impl.StdSchedulerFactory: Using default implementation for ThreadExecutor
[13/06/23 02:23:47:472 UTC]  INFO simpl.SimpleThreadPool: Job execution threads will use class loader of thread: main
[13/06/23 02:23:47:585 UTC]  INFO core.SchedulerSignalerImpl: Initialized Scheduler Signaller of type: class org.quartz.core.SchedulerSignalerImpl
[13/06/23 02:23:47:598 UTC]  INFO core.QuartzScheduler: Quartz Scheduler v.1.8.6 created.
[13/06/23 02:23:47:605 UTC]  INFO quartz.DotJobStore: Using db table-based data access locking (synchronization).
[13/06/23 02:23:47:619 UTC]  INFO quartz.DotJobStore: JobStoreCMT initialized.
[13/06/23 02:23:47:622 UTC]  INFO core.QuartzScheduler: Scheduler meta-data: Quartz Scheduler (v1.8.6) 'dotCMSQuartz' with instanceId 'NON_CLUSTERED'
  Scheduler class: 'org.quartz.core.QuartzScheduler' - running locally.
  NOT STARTED.
  Currently in standby mode.
  Number of jobs executed: 0
  Using thread pool 'org.quartz.simpl.SimpleThreadPool' - with 10 threads.
  Using job-store 'com.dotmarketing.quartz.DotJobStore' - which supports persistence. and is clustered.

[13/06/23 02:23:47:625 UTC]  INFO impl.StdSchedulerFactory: Quartz scheduler 'dotCMSQuartz' initialized from an externally provided properties instance.
[13/06/23 02:23:47:626 UTC]  INFO impl.StdSchedulerFactory: Quartz scheduler version: 1.8.6
[13/06/23 02:23:47:627 UTC]  INFO core.QuartzScheduler: Scheduler dotCMSQuartz_$_NON_CLUSTERED shutting down.
[13/06/23 02:23:47:630 UTC]  INFO core.QuartzScheduler: Scheduler dotCMSQuartz_$_NON_CLUSTERED paused.
[13/06/23 02:23:47:632 UTC]  INFO core.QuartzScheduler: Scheduler dotCMSQuartz_$_NON_CLUSTERED shutdown complete.
[13/06/23 02:23:47:655 UTC]  WARN listeners.ContextLifecycleListener: Shutdown : ERROR: relation "sitelic" does not exist
  Position: 8{
  "SQL": ["UPDATE sitelic SET serverid=NULL, startup_time=NULL, lastping=? WHERE id=?"],
  "maxRows": [-1],
  "offest": [0],
  "params": [
    "1970-01-01 00:00:00.0",
    "1cfc7c95-9fe0-4dcb-abe7-c31b9f0517fd"
  ]
}
[13/06/23 02:23:47:656 UTC]  INFO h22.H22Cache: Building new H22 Cache, db:0
[13/06/23 02:23:47:657 UTC]  INFO h22.H22HikariPool: H22 on disk cache:jdbc:h2:/data/local/dotsecure/h22cache/0/2023-06-13_02-23-47/cache;MVCC=TRUE;DB_CLOSE_ON_EXIT=FALSE
[13/06/23 02:23:47:765 UTC]  INFO h22.H22Cache: Building new H22 Cache, db:1
[13/06/23 02:23:47:766 UTC]  INFO h22.H22HikariPool: H22 on disk cache:jdbc:h2:/data/local/dotsecure/h22cache/1/2023-06-13_02-23-47/cache;MVCC=TRUE;DB_CLOSE_ON_EXIT=FALSE
[13/06/23 02:23:47:855 UTC]  INFO timedcache.TimedCacheProvider: ===== Calling shutdown [Timed Cache Provider].
[13/06/23 02:23:47:856 UTC]  INFO caffine.CaffineCache: ===== Calling shutdown [Caffine Memory Cache].
