[30/06/23 19:21:05:527 UTC]  INFO loggers.Log4jUtil: Async Logger enabled: true
[30/06/23 19:21:05:540 UTC]  INFO listeners.ContextLifecycleListener: Installing the web socket
[30/06/23 19:21:07:172 UTC]  INFO business.CacheLocator: loading cache administrator: ChainableCacheAdministratorImpl
[30/06/23 19:21:07:876 UTC]  INFO db.DataSourceStrategyProvider: Datasource loaded using custom class com.dotmarketing.db.SystemEnvDataSourceStrategy
[30/06/23 19:21:07:897 UTC]  INFO cfg.Environment: Hibernate 2.1.8
[30/06/23 19:21:07:898 UTC]  INFO cfg.Environment: hibernate.properties not found
[30/06/23 19:21:07:900 UTC]  INFO cfg.Environment: using CGLIB reflection optimizer
[30/06/23 19:21:07:902 UTC]  INFO cfg.Environment: using JDK 1.4 java.sql.Timestamp handling
[30/06/23 19:21:07:907 UTC]  INFO cfg.Configuration: configuring from resource: /hibernate.cfg.xml
[30/06/23 19:21:07:907 UTC]  INFO cfg.Configuration: Configuration resource: /hibernate.cfg.xml
[30/06/23 19:21:08:025 UTC]  INFO cfg.Configuration: Configured SessionFactory: null
[30/06/23 19:21:08:027 UTC]  INFO cfg.Configuration: Mapping resource: META-INF/portal-hbm.xml
[30/06/23 19:21:08:173 UTC]  INFO cfg.Binder: Mapping class: com.liferay.portal.ejb.AddressHBM -> Address
[30/06/23 19:21:08:337 UTC]  INFO cfg.Binder: Mapping class: com.liferay.portal.ejb.CompanyHBM -> Company
[30/06/23 19:21:08:345 UTC]  INFO cfg.Binder: Mapping class: com.liferay.portal.ejb.ImageHBM -> Image
[30/06/23 19:21:08:349 UTC]  INFO cfg.Binder: Mapping class: com.liferay.portal.ejb.PasswordTrackerHBM -> PasswordTracker
[30/06/23 19:21:08:354 UTC]  INFO cfg.Binder: Mapping class: com.liferay.portal.ejb.UserHBM -> User_
[30/06/23 19:21:08:374 UTC]  INFO cfg.Binder: Mapping class: com.liferay.portal.ejb.UserTrackerHBM -> UserTracker
[30/06/23 19:21:08:381 UTC]  INFO cfg.Binder: Mapping class: com.liferay.portal.ejb.UserTrackerPathHBM -> UserTrackerPath
[30/06/23 19:21:08:385 UTC]  INFO cfg.Binder: Mapping class: com.liferay.portlet.admin.ejb.AdminConfigHBM -> AdminConfig
[30/06/23 19:21:08:448 UTC]  INFO cfg.Configuration: Mapping resource: com/dotmarketing/beans/DotCMSSeq.hbm.xml
[30/06/23 19:21:08:514 UTC]  INFO cfg.Binder: Mapping class: com.dotmarketing.beans.Inode -> inode
[30/06/23 19:21:08:573 UTC]  INFO cfg.Binder: Mapping joined-subclass: com.dotmarketing.portlets.containers.model.Container -> dot_containers
[30/06/23 19:21:08:583 UTC]  INFO cfg.Binder: Mapping joined-subclass: com.dotmarketing.portlets.links.model.Link -> links
[30/06/23 19:21:08:591 UTC]  INFO cfg.Binder: Mapping joined-subclass: com.dotmarketing.portlets.structure.model.Field -> field
[30/06/23 19:21:08:596 UTC]  INFO cfg.Binder: Mapping class: com.dotmarketing.portlets.workflows.model.WorkflowTask -> workflow_task
[30/06/23 19:21:08:603 UTC]  INFO cfg.Binder: Mapping class: com.dotmarketing.portlets.workflows.model.WorkflowComment -> workflow_comment
[30/06/23 19:21:08:606 UTC]  INFO cfg.Binder: Mapping class: com.dotmarketing.portlets.workflows.model.WorkflowHistory -> workflow_history
[30/06/23 19:21:08:610 UTC]  INFO cfg.Binder: Mapping class: com.dotmarketing.portlets.workflows.model.WorkFlowTaskFiles -> workflowtask_files
[30/06/23 19:21:08:615 UTC]  INFO cfg.Binder: Mapping class: com.dotmarketing.beans.Permission -> permission
[30/06/23 19:21:08:621 UTC]  INFO cfg.Binder: Mapping class: com.dotmarketing.beans.PermissionReference -> permission_reference
[30/06/23 19:21:08:629 UTC]  INFO cfg.Binder: Mapping class: com.dotmarketing.beans.Tree -> tree
[30/06/23 19:21:08:794 UTC]  INFO cfg.Binder: Mapping class: com.dotmarketing.beans.MultiTree -> multi_tree
[30/06/23 19:21:08:818 UTC]  INFO util.ReflectHelper: reflection optimizer disabled for: com.dotmarketing.beans.MultiTree, BulkBeanException: Index 1 out of bounds for length 0 (property setParent1)
[30/06/23 19:21:08:818 UTC]  INFO cfg.Binder: Mapping class: com.dotmarketing.beans.Clickstream -> clickstream
[30/06/23 19:21:08:836 UTC]  INFO cfg.Binder: Mapping class: com.dotmarketing.beans.ClickstreamRequest -> clickstream_request
[30/06/23 19:21:08:838 UTC]  INFO cfg.Binder: Mapping class: com.dotmarketing.beans.Clickstream404 -> clickstream_404
[30/06/23 19:21:08:840 UTC]  INFO cfg.Binder: Mapping class: com.dotmarketing.tag.model.Tag -> tag
[30/06/23 19:21:08:842 UTC]  INFO cfg.Binder: Mapping class: com.dotmarketing.tag.model.TagInode -> tag_inode
[30/06/23 19:21:08:881 UTC]  INFO cfg.Binder: Mapping class: com.dotmarketing.beans.ChallengeQuestion -> challenge_question
[30/06/23 19:21:08:883 UTC]  INFO cfg.Binder: Mapping class: com.dotmarketing.beans.UsersToDelete -> users_to_delete
[30/06/23 19:21:08:885 UTC]  INFO cfg.Binder: Mapping class: com.dotmarketing.plugin.model.Plugin -> plugin
[30/06/23 19:21:08:887 UTC]  INFO cfg.Binder: Mapping class: com.dotmarketing.business.Role -> cms_role
[30/06/23 19:21:08:889 UTC]  INFO cfg.Binder: Mapping class: com.dotmarketing.business.UsersRoles -> users_cms_roles
[30/06/23 19:21:08:891 UTC]  INFO cfg.Binder: Mapping class: com.dotmarketing.business.LayoutsRoles -> layouts_cms_roles
[30/06/23 19:21:08:893 UTC]  INFO cfg.Binder: Mapping class: com.dotmarketing.business.Layout -> cms_layout
[30/06/23 19:21:08:895 UTC]  INFO cfg.Binder: Mapping class: com.dotmarketing.business.PortletsLayouts -> cms_layouts_portlets
[30/06/23 19:21:08:897 UTC]  INFO cfg.Binder: Mapping class: com.dotmarketing.portlets.hostvariable.model.HostVariable -> host_variable
[30/06/23 19:21:08:900 UTC]  INFO cfg.Binder: Mapping class: com.dotmarketing.beans.FixAudit -> fixes_audit
[30/06/23 19:21:08:902 UTC]  INFO cfg.Binder: Mapping class: com.dotmarketing.beans.ContainerStructure -> container_structures
[30/06/23 19:21:08:905 UTC]  INFO cfg.Binder: Mapping class: com.dotmarketing.portlets.templates.model.TemplateVersionInfo -> template_version_info
[30/06/23 19:21:08:907 UTC]  INFO cfg.Binder: Mapping class: com.dotmarketing.portlets.containers.model.ContainerVersionInfo -> container_version_info
[30/06/23 19:21:08:909 UTC]  INFO cfg.Binder: Mapping class: com.dotmarketing.portlets.links.model.LinkVersionInfo -> link_version_info
[30/06/23 19:21:08:909 UTC]  INFO cfg.Configuration: Mapping resource: com/dotmarketing/beans/DotCMSSeq_NOSQLGEN.hbm.xml
[30/06/23 19:21:08:925 UTC]  INFO cfg.Binder: Mapping class: com.dotmarketing.plugin.model.PluginProperty -> plugin_property
[30/06/23 19:21:08:964 UTC]  INFO cfg.Configuration: processing one-to-many association mappings
[30/06/23 19:21:08:964 UTC]  INFO cfg.Binder: Mapping collection: com.dotmarketing.beans.Clickstream.clickstreamRequests -> clickstream_request
[30/06/23 19:21:08:964 UTC]  INFO cfg.Configuration: processing one-to-one association property references
[30/06/23 19:21:08:964 UTC]  INFO cfg.Configuration: processing foreign key constraints
[30/06/23 19:21:08:983 UTC]  INFO dialect.Dialect: Using dialect: com.dotcms.repackage.net.sf.hibernate.dialect.PostgreSQLDialect
[30/06/23 19:21:08:990 UTC]  INFO cfg.SettingsFactory: Use outer join fetching: true
[30/06/23 19:21:09:005 UTC]  WARN connection.UserSuppliedConnectionProvider: No connection properties specified - the user must supply JDBC connections
[30/06/23 19:21:09:011 UTC]  INFO transaction.TransactionManagerLookupFactory: No TransactionManagerLookup configured (in JTA environment, use of process level read-write cache is not recommended)
[30/06/23 19:21:09:012 UTC]  INFO cfg.SettingsFactory: Use scrollable result sets: true
[30/06/23 19:21:09:012 UTC]  INFO cfg.SettingsFactory: Use JDBC3 getGeneratedKeys(): false
[30/06/23 19:21:09:012 UTC]  INFO cfg.SettingsFactory: Optimize cache for minimal puts: false
[30/06/23 19:21:09:012 UTC]  INFO cfg.SettingsFactory: Query language substitutions: {}
[30/06/23 19:21:09:012 UTC]  INFO cfg.SettingsFactory: cache provider: com.dotmarketing.db.NoCacheProvider
[30/06/23 19:21:09:020 UTC]  INFO cfg.Configuration: instantiating and configuring caches
[30/06/23 19:21:09:038 UTC]  INFO impl.SessionFactoryImpl: building session factory
[30/06/23 19:21:09:183 UTC]  INFO util.ReflectHelper: reflection optimizer disabled for: com.dotmarketing.beans.MultiTree, BulkBeanException: Index 1 out of bounds for length 0 (property setTreeOrder)
[30/06/23 19:21:09:690 UTC]  INFO impl.SessionFactoryObjectFactory: Not binding factory to JNDI, no JNDI name configured
[30/06/23 19:21:10:056 UTC]  WARN lang.System: No Valid License Found : /data/local/dotsecure/license/license.dat
[30/06/23 19:21:10:058 UTC]  INFO enterprise.LicenseUtil: Setting up default license
[30/06/23 19:21:10:939 UTC]  INFO servlet.VisitorFilter: VisitorLogger Filter Started
[30/06/23 19:21:11:274 UTC]  INFO util.SystemProperties: Loading file:/srv/dotserver/tomcat-9.0.60/webapps/ROOT/WEB-INF/classes/system.properties
[30/06/23 19:21:11:276 UTC]  INFO util.SystemProperties: Loading file:/srv/dotserver/tomcat-9.0.60/webapps/ROOT/WEB-INF/classes/system-ext.properties
[30/06/23 19:21:11:283 UTC]  INFO util.SystemProperties: Loading file:/srv/dotserver/tomcat-9.0.60/webapps/ROOT/WEB-INF/classes/system.properties
[30/06/23 19:21:11:284 UTC]  INFO util.SystemProperties: Loading file:/srv/dotserver/tomcat-9.0.60/webapps/ROOT/WEB-INF/classes/system-ext.properties
[30/06/23 19:21:12:341 UTC]  INFO util.PropsLoader: Loading file:/srv/dotserver/tomcat-9.0.60/webapps/ROOT/WEB-INF/classes/portal.properties
[30/06/23 19:21:12:342 UTC]  INFO util.PropsLoader: Loading file:/srv/dotserver/tomcat-9.0.60/webapps/ROOT/WEB-INF/classes/portal-ext.properties
[30/06/23 19:21:17:026 UTC]  INFO tiles.TilesPlugin: Tiles definition factory loaded for module ''.
[30/06/23 19:21:17:034 UTC]  INFO validator.ValidatorPlugIn: Loading validation rules file from '/WEB-INF/validator-rules.xml'
[30/06/23 19:21:17:035 UTC]  INFO validator.ValidatorPlugIn: Loading validation rules file from '/WEB-INF/validation.xml'
[30/06/23 19:21:17:312 UTC]  INFO util.RestHighLevelClientProvider: disabling String.intern() in Jackson
[30/06/23 19:21:17:316 UTC]  WARN util.DotRestHighLevelClientProvider: Elastic RestHighLevelClient will be initialized without certificates
[30/06/23 19:21:17:322 UTC]  INFO util.DotRestHighLevelClientProvider: Initializing Elastic RestHighLevelClient using Basic authentication
[30/06/23 19:21:17:337 UTC]  INFO util.DotRestHighLevelClientProvider: Initializing Elastic RestHighLevelClient using endpoints [
[30/06/23 19:21:17:337 UTC]  INFO util.DotRestHighLevelClientProvider:   - http://elasticsearch:9200
[30/06/23 19:21:17:337 UTC]  INFO util.DotRestHighLevelClientProvider: ]
[30/06/23 19:21:17:337 UTC]  WARN util.DotRestHighLevelClientProvider: Initializing Elastic RestHighLevelClient using an unsecured http connection
[30/06/23 19:21:17:913 UTC]  INFO util.DotRestHighLevelClientProvider: RestHighLevelClientProvider com.dotcms.content.elasticsearch.util.DotRestHighLevelClientProvider loaded successfully
[30/06/23 19:21:18:521 UTC]  INFO startup.StartupTasksExecutor: Running Startup Tasks
[30/06/23 19:21:18:758 UTC]  INFO runalways.Task00001LoadSchema: -------------------------------------------------------------------------------------
[30/06/23 19:21:18:760 UTC]  INFO runalways.Task00001LoadSchema: 
[30/06/23 19:21:18:761 UTC]  INFO runalways.Task00001LoadSchema: Empty dotCMS database found.  Loading initial dotCMS schema for PostgreSQL
[30/06/23 19:21:18:762 UTC]  INFO runalways.Task00001LoadSchema: 
[30/06/23 19:21:18:763 UTC]  INFO runalways.Task00001LoadSchema: -------------------------------------------------------------------------------------
[30/06/23 19:21:18:766 UTC]  INFO startup.StartupTasksExecutor: Running Startup Tasks : Task00001LoadSchema
[30/06/23 19:21:18:766 UTC]  INFO runalways.Task00001LoadSchema: Loading schema
[30/06/23 19:21:19:303 UTC]  INFO runalways.Task00001LoadSchema: Schema created (507 statements executed)
[30/06/23 19:21:19:317 UTC]  INFO timedcache.TimedCacheProvider: ===== Initializing [Timed Cache Provider].
[30/06/23 19:21:19:320 UTC]  INFO timedcache.TimedCacheProvider: ***	 Cache Config Memory : esquerycache: 10000
[30/06/23 19:21:19:321 UTC]  INFO timedcache.TimedCacheProvider: ***	 Cache Config Memory : esquerycountcache: 10000
[30/06/23 19:21:19:322 UTC]  INFO timedcache.TimedCacheProvider: ***	 Cache Config Memory : graphqlquerycache: 5000
[30/06/23 19:21:19:324 UTC]  INFO timedcache.TimedCacheProvider: ***	 Cache Config Memory : default: 1000
[30/06/23 19:21:19:325 UTC]  INFO timedcache.TimedCacheProvider: ***	 Cache Config Memory : adminconfigpool: 100
[30/06/23 19:21:19:326 UTC]  INFO timedcache.TimedCacheProvider: ***	 Cache Config Memory : companypool: 10
[30/06/23 19:21:19:328 UTC]  INFO timedcache.TimedCacheProvider: ***	 Cache Config Memory : contentletcache: 5000
[30/06/23 19:21:19:329 UTC]  INFO timedcache.TimedCacheProvider: ***	 Cache Config Memory : categoryparentscache: 30000
[30/06/23 19:21:19:330 UTC]  INFO timedcache.TimedCacheProvider: ***	 Cache Config Memory : taginodecache: 50000
[30/06/23 19:21:19:331 UTC]  INFO timedcache.TimedCacheProvider: ***	 Cache Config Memory : taginodesbyinodecache: 50000
[30/06/23 19:21:19:332 UTC]  INFO timedcache.TimedCacheProvider: ***	 Cache Config Memory : tagcache: 50000
[30/06/23 19:21:19:332 UTC]  INFO timedcache.TimedCacheProvider: ***	 Cache Config Memory : csscache: 2500
[30/06/23 19:21:19:334 UTC]  INFO timedcache.TimedCacheProvider: ***	 Cache Config Memory : assetmetadatacache: 10000
[30/06/23 19:21:19:335 UTC]  INFO timedcache.TimedCacheProvider: ***	 Cache Config Memory : identifiercache: 50000
[30/06/23 19:21:19:336 UTC]  INFO timedcache.TimedCacheProvider: ***	 Cache Config Memory : identifier404cache: 30000
[30/06/23 19:21:19:338 UTC]  INFO timedcache.TimedCacheProvider: ***	 Cache Config Memory : indiciescache: 8
[30/06/23 19:21:19:339 UTC]  INFO timedcache.TimedCacheProvider: ***	 Cache Config Memory : logmappercache: 10
[30/06/23 19:21:19:340 UTC]  INFO timedcache.TimedCacheProvider: ***	 Cache Config Memory : navcache: 1000
[30/06/23 19:21:19:342 UTC]  INFO timedcache.TimedCacheProvider: ***	 Cache Config Memory : parentpermissionablecache: 10000
[30/06/23 19:21:19:342 UTC]  INFO timedcache.TimedCacheProvider: ***	 Cache Config Memory : permissioncache: 50000
[30/06/23 19:21:19:344 UTC]  INFO timedcache.TimedCacheProvider: ***	 Cache Config Memory : portletpool: 100
[30/06/23 19:21:19:345 UTC]  INFO timedcache.TimedCacheProvider: ***	 Cache Config Memory : publishingendpointcache: 100
[30/06/23 19:21:19:346 UTC]  INFO timedcache.TimedCacheProvider: ***	 Cache Config Memory : pushedassetscache: 5000
[30/06/23 19:21:19:348 UTC]  INFO timedcache.TimedCacheProvider: ***	 Cache Config Memory : templatecache: 500
[30/06/23 19:21:19:350 UTC]  INFO timedcache.TimedCacheProvider: ***	 Cache Config Memory : translatedquerycache: 5000
[30/06/23 19:21:19:353 UTC]  INFO timedcache.TimedCacheProvider: ***	 Cache Config Memory : versioncache: 50000
[30/06/23 19:21:19:355 UTC]  INFO timedcache.TimedCacheProvider: ***	 Cache Config Memory : versioninfocache: 50000
[30/06/23 19:21:19:356 UTC]  INFO timedcache.TimedCacheProvider: ***	 Cache Config Memory : workflowactioncache: 10000
[30/06/23 19:21:19:358 UTC]  INFO timedcache.TimedCacheProvider: ***	 Cache Config Memory : workflowtaskcache: 10000
[30/06/23 19:21:19:360 UTC]  INFO timedcache.TimedCacheProvider: ***	 Cache Config Memory : shortyidcache: 25000
[30/06/23 19:21:19:361 UTC]  INFO timedcache.TimedCacheProvider: ***	 Cache Config Memory : velocitycache: 5000
[30/06/23 19:21:19:361 UTC]  INFO timedcache.TimedCacheProvider: ***	 Cache Config Memory : vanityurldirectcache: 25000
[30/06/23 19:21:19:362 UTC]  INFO timedcache.TimedCacheProvider: ***	 Cache Config Memory : vanityurlsitecache: 5000
[30/06/23 19:21:19:364 UTC]  INFO h22.H22Cache: Start Full Cache Flush in h22
[30/06/23 19:21:19:365 UTC]  INFO h22.H22Cache: Building new H22 Cache, db:0
[30/06/23 19:21:19:384 UTC]  INFO h22.H22HikariPool: H22 on disk cache:jdbc:h2:/data/local/dotsecure/h22cache/0/2023-06-30_19-21-19/cache;MVCC=TRUE;DB_CLOSE_ON_EXIT=FALSE
[30/06/23 19:21:19:617 UTC]  INFO h22.H22Cache: Building new H22 Cache, db:1
[30/06/23 19:21:19:619 UTC]  INFO h22.H22HikariPool: H22 on disk cache:jdbc:h2:/data/local/dotsecure/h22cache/1/2023-06-30_19-21-19/cache;MVCC=TRUE;DB_CLOSE_ON_EXIT=FALSE
[30/06/23 19:21:19:758 UTC]  INFO h22.H22Cache: End Full Cache Flush in h22 : 391ms
[30/06/23 19:21:22:787 UTC]  INFO timedcache.TimedCacheProvider: ===== Initializing [Timed Cache Provider].
[30/06/23 19:21:22:787 UTC]  INFO timedcache.TimedCacheProvider: ***	 Cache Config Memory : esquerycache: 10000
[30/06/23 19:21:22:787 UTC]  INFO timedcache.TimedCacheProvider: ***	 Cache Config Memory : esquerycountcache: 10000
[30/06/23 19:21:22:787 UTC]  INFO timedcache.TimedCacheProvider: ***	 Cache Config Memory : graphqlquerycache: 5000
[30/06/23 19:21:22:787 UTC]  INFO timedcache.TimedCacheProvider: ***	 Cache Config Memory : default: 1000
[30/06/23 19:21:22:787 UTC]  INFO timedcache.TimedCacheProvider: ***	 Cache Config Memory : adminconfigpool: 100
[30/06/23 19:21:22:787 UTC]  INFO timedcache.TimedCacheProvider: ***	 Cache Config Memory : companypool: 10
[30/06/23 19:21:22:787 UTC]  INFO timedcache.TimedCacheProvider: ***	 Cache Config Memory : contentletcache: 5000
[30/06/23 19:21:22:788 UTC]  INFO timedcache.TimedCacheProvider: ***	 Cache Config Memory : categoryparentscache: 30000
[30/06/23 19:21:22:788 UTC]  INFO timedcache.TimedCacheProvider: ***	 Cache Config Memory : taginodecache: 50000
[30/06/23 19:21:22:788 UTC]  INFO timedcache.TimedCacheProvider: ***	 Cache Config Memory : taginodesbyinodecache: 50000
[30/06/23 19:21:22:788 UTC]  INFO timedcache.TimedCacheProvider: ***	 Cache Config Memory : tagcache: 50000
[30/06/23 19:21:22:788 UTC]  INFO timedcache.TimedCacheProvider: ***	 Cache Config Memory : csscache: 2500
[30/06/23 19:21:22:788 UTC]  INFO timedcache.TimedCacheProvider: ***	 Cache Config Memory : assetmetadatacache: 10000
[30/06/23 19:21:22:788 UTC]  INFO timedcache.TimedCacheProvider: ***	 Cache Config Memory : identifiercache: 50000
[30/06/23 19:21:22:788 UTC]  INFO timedcache.TimedCacheProvider: ***	 Cache Config Memory : identifier404cache: 30000
[30/06/23 19:21:22:789 UTC]  INFO timedcache.TimedCacheProvider: ***	 Cache Config Memory : indiciescache: 8
[30/06/23 19:21:22:789 UTC]  INFO timedcache.TimedCacheProvider: ***	 Cache Config Memory : logmappercache: 10
[30/06/23 19:21:22:789 UTC]  INFO timedcache.TimedCacheProvider: ***	 Cache Config Memory : navcache: 1000
[30/06/23 19:21:22:789 UTC]  INFO timedcache.TimedCacheProvider: ***	 Cache Config Memory : parentpermissionablecache: 10000
[30/06/23 19:21:22:789 UTC]  INFO timedcache.TimedCacheProvider: ***	 Cache Config Memory : permissioncache: 50000
[30/06/23 19:21:22:789 UTC]  INFO timedcache.TimedCacheProvider: ***	 Cache Config Memory : portletpool: 100
[30/06/23 19:21:22:789 UTC]  INFO timedcache.TimedCacheProvider: ***	 Cache Config Memory : publishingendpointcache: 100
[30/06/23 19:21:22:789 UTC]  INFO timedcache.TimedCacheProvider: ***	 Cache Config Memory : pushedassetscache: 5000
[30/06/23 19:21:22:789 UTC]  INFO timedcache.TimedCacheProvider: ***	 Cache Config Memory : templatecache: 500
[30/06/23 19:21:22:789 UTC]  INFO timedcache.TimedCacheProvider: ***	 Cache Config Memory : translatedquerycache: 5000
[30/06/23 19:21:22:789 UTC]  INFO timedcache.TimedCacheProvider: ***	 Cache Config Memory : versioncache: 50000
[30/06/23 19:21:22:789 UTC]  INFO timedcache.TimedCacheProvider: ***	 Cache Config Memory : versioninfocache: 50000
[30/06/23 19:21:22:790 UTC]  INFO timedcache.TimedCacheProvider: ***	 Cache Config Memory : workflowactioncache: 10000
[30/06/23 19:21:22:790 UTC]  INFO timedcache.TimedCacheProvider: ***	 Cache Config Memory : workflowtaskcache: 10000
[30/06/23 19:21:22:790 UTC]  INFO timedcache.TimedCacheProvider: ***	 Cache Config Memory : shortyidcache: 25000
[30/06/23 19:21:22:790 UTC]  INFO timedcache.TimedCacheProvider: ***	 Cache Config Memory : velocitycache: 5000
[30/06/23 19:21:22:790 UTC]  INFO timedcache.TimedCacheProvider: ***	 Cache Config Memory : vanityurldirectcache: 25000
[30/06/23 19:21:22:790 UTC]  INFO timedcache.TimedCacheProvider: ***	 Cache Config Memory : vanityurlsitecache: 5000
[30/06/23 19:21:22:790 UTC]  INFO h22.H22Cache: Start Full Cache Flush in h22
[30/06/23 19:21:22:790 UTC]  INFO h22.H22Cache: Building new H22 Cache, db:0
[30/06/23 19:21:22:791 UTC]  INFO h22.H22HikariPool: H22 on disk cache:jdbc:h2:/data/local/dotsecure/h22cache/0/2023-06-30_19-21-22/cache;MVCC=TRUE;DB_CLOSE_ON_EXIT=FALSE
[30/06/23 19:21:22:886 UTC]  INFO h22.H22Cache: Building new H22 Cache, db:1
[30/06/23 19:21:22:888 UTC]  INFO h22.H22HikariPool: H22 on disk cache:jdbc:h2:/data/local/dotsecure/h22cache/1/2023-06-30_19-21-22/cache;MVCC=TRUE;DB_CLOSE_ON_EXIT=FALSE
[30/06/23 19:21:22:969 UTC]  INFO h22.H22Cache: End Full Cache Flush in h22 : 178ms
[30/06/23 19:21:22:977 UTC]  INFO startup.StartupTasksExecutor: Not Running Startup Tasks: Task00002LoadClusterLicenses
[30/06/23 19:21:22:978 UTC]  INFO startup.StartupTasksExecutor: Running Startup Tasks : Task00003CreateSystemRoles
[30/06/23 19:21:22:991 UTC]  INFO startup.StartupTasksExecutor: Running Startup Tasks : Task00004LoadStarter
[30/06/23 19:21:23:016 UTC]  INFO db.DotCMSInitDb: There are no inodes - initializing db with starter site
[30/06/23 19:21:23:075 UTC]  INFO starter.ImportStarterUtil: Found 21 files to import
[30/06/23 19:21:23:077 UTC]  WARN util.FileUtil: /data/local/dotsecure/backup/temp/assets/messages/cms_language_en_US.properties is empty
[30/06/23 19:21:23:080 UTC]  WARN util.FileUtil: /data/local/dotsecure/backup/temp/assets/messages/cms_language_fr_FR.properties is empty
[30/06/23 19:21:23:081 UTC]  WARN util.FileUtil: /data/local/dotsecure/backup/temp/assets/messages/cms_language_zh_CN.properties is empty
[30/06/23 19:21:23:082 UTC]  WARN util.FileUtil: /data/local/dotsecure/backup/temp/assets/messages/cms_language_es_ES.properties is empty
[30/06/23 19:21:23:085 UTC]  INFO starter.ImportStarterUtil: About to delete all records from permission
[30/06/23 19:21:23:086 UTC]  INFO starter.ImportStarterUtil: Deleted all records from permission
[30/06/23 19:21:23:086 UTC]  INFO starter.ImportStarterUtil: About to delete all records from challenge_question
[30/06/23 19:21:23:087 UTC]  INFO starter.ImportStarterUtil: Deleted all records from challenge_question
[30/06/23 19:21:23:087 UTC]  INFO starter.ImportStarterUtil: About to delete all records from workflow_comment
[30/06/23 19:21:23:088 UTC]  INFO starter.ImportStarterUtil: Deleted all records from workflow_comment
[30/06/23 19:21:23:088 UTC]  INFO starter.ImportStarterUtil: About to delete all records from clickstream_404
[30/06/23 19:21:23:089 UTC]  INFO starter.ImportStarterUtil: Deleted all records from clickstream_404
[30/06/23 19:21:23:089 UTC]  INFO starter.ImportStarterUtil: About to delete all records from PasswordTracker
[30/06/23 19:21:23:091 UTC]  INFO starter.ImportStarterUtil: Deleted all records from PasswordTracker
[30/06/23 19:21:23:092 UTC]  INFO starter.ImportStarterUtil: About to delete all records from links
[30/06/23 19:21:23:093 UTC]  INFO starter.ImportStarterUtil: Deleted all records from links
[30/06/23 19:21:23:093 UTC]  INFO starter.ImportStarterUtil: About to delete all records from template_version_info
[30/06/23 19:21:23:095 UTC]  INFO starter.ImportStarterUtil: Deleted all records from template_version_info
[30/06/23 19:21:23:095 UTC]  INFO starter.ImportStarterUtil: About to delete all records from workflowtask_files
[30/06/23 19:21:23:097 UTC]  INFO starter.ImportStarterUtil: Deleted all records from workflowtask_files
[30/06/23 19:21:23:097 UTC]  INFO starter.ImportStarterUtil: About to delete all records from AdminConfig
[30/06/23 19:21:23:097 UTC]  INFO starter.ImportStarterUtil: Deleted all records from AdminConfig
[30/06/23 19:21:23:097 UTC]  INFO starter.ImportStarterUtil: About to delete all records from users_to_delete
[30/06/23 19:21:23:101 UTC]  INFO starter.ImportStarterUtil: Deleted all records from users_to_delete
[30/06/23 19:21:23:101 UTC]  INFO starter.ImportStarterUtil: About to delete all records from workflow_task
[30/06/23 19:21:23:102 UTC]  INFO starter.ImportStarterUtil: Deleted all records from workflow_task
[30/06/23 19:21:23:103 UTC]  INFO starter.ImportStarterUtil: About to delete all records from UserTracker
[30/06/23 19:21:23:105 UTC]  INFO starter.ImportStarterUtil: Deleted all records from UserTracker
[30/06/23 19:21:23:105 UTC]  INFO starter.ImportStarterUtil: About to delete all records from clickstream_request
[30/06/23 19:21:23:107 UTC]  INFO starter.ImportStarterUtil: Deleted all records from clickstream_request
[30/06/23 19:21:23:107 UTC]  INFO starter.ImportStarterUtil: About to delete all records from tag
[30/06/23 19:21:23:109 UTC]  INFO starter.ImportStarterUtil: Deleted all records from tag
[30/06/23 19:21:23:109 UTC]  INFO starter.ImportStarterUtil: About to delete all records from multi_tree
[30/06/23 19:21:23:111 UTC]  INFO starter.ImportStarterUtil: Deleted all records from multi_tree
[30/06/23 19:21:23:111 UTC]  INFO starter.ImportStarterUtil: About to delete all records from link_version_info
[30/06/23 19:21:23:113 UTC]  INFO starter.ImportStarterUtil: Deleted all records from link_version_info
[30/06/23 19:21:23:113 UTC]  INFO starter.ImportStarterUtil: About to delete all records from container_version_info
[30/06/23 19:21:23:114 UTC]  INFO starter.ImportStarterUtil: Deleted all records from container_version_info
[30/06/23 19:21:23:114 UTC]  INFO starter.ImportStarterUtil: About to delete all records from tag_inode
[30/06/23 19:21:23:116 UTC]  INFO starter.ImportStarterUtil: Deleted all records from tag_inode
[30/06/23 19:21:23:116 UTC]  INFO starter.ImportStarterUtil: About to delete all records from dot_containers
[30/06/23 19:21:23:117 UTC]  INFO starter.ImportStarterUtil: Deleted all records from dot_containers
[30/06/23 19:21:23:117 UTC]  INFO starter.ImportStarterUtil: About to delete all records from workflow_history
[30/06/23 19:21:23:119 UTC]  INFO starter.ImportStarterUtil: Deleted all records from workflow_history
[30/06/23 19:21:23:119 UTC]  INFO starter.ImportStarterUtil: About to delete all records from fixes_audit
[30/06/23 19:21:23:120 UTC]  INFO starter.ImportStarterUtil: Deleted all records from fixes_audit
[30/06/23 19:21:23:120 UTC]  INFO starter.ImportStarterUtil: About to delete all records from UserTrackerPath
[30/06/23 19:21:23:122 UTC]  INFO starter.ImportStarterUtil: Deleted all records from UserTrackerPath
[30/06/23 19:21:23:122 UTC]  INFO starter.ImportStarterUtil: About to delete all records from field
[30/06/23 19:21:23:124 UTC]  INFO starter.ImportStarterUtil: Deleted all records from field
[30/06/23 19:21:23:124 UTC]  INFO starter.ImportStarterUtil: About to delete all records from clickstream
[30/06/23 19:21:23:126 UTC]  INFO starter.ImportStarterUtil: Deleted all records from clickstream
[30/06/23 19:21:23:126 UTC]  INFO starter.ImportStarterUtil: About to delete all records from container_structures
[30/06/23 19:21:23:127 UTC]  INFO starter.ImportStarterUtil: Deleted all records from container_structures
[30/06/23 19:21:23:127 UTC]  INFO starter.ImportStarterUtil: About to delete all records from permission_reference
[30/06/23 19:21:23:130 UTC]  INFO starter.ImportStarterUtil: Deleted all records from permission_reference
[30/06/23 19:21:23:130 UTC]  INFO starter.ImportStarterUtil: About to delete all records from tree
[30/06/23 19:21:23:132 UTC]  INFO starter.ImportStarterUtil: Deleted all records from tree
[30/06/23 19:21:23:132 UTC]  INFO starter.ImportStarterUtil: About to delete all records from host_variable
[30/06/23 19:21:23:133 UTC]  INFO starter.ImportStarterUtil: Deleted all records from host_variable
[30/06/23 19:21:23:133 UTC]  INFO starter.ImportStarterUtil: About to delete all records from cms_layouts_portlets
[30/06/23 19:21:23:135 UTC]  INFO starter.ImportStarterUtil: Deleted all records from cms_layouts_portlets
[30/06/23 19:21:23:135 UTC]  INFO starter.ImportStarterUtil: About to delete all records from layouts_cms_roles
[30/06/23 19:21:23:136 UTC]  INFO starter.ImportStarterUtil: Deleted all records from layouts_cms_roles
[30/06/23 19:21:23:136 UTC]  INFO starter.ImportStarterUtil: About to delete all records from users_cms_roles
[30/06/23 19:21:23:138 UTC]  INFO starter.ImportStarterUtil: Deleted all records from users_cms_roles
[30/06/23 19:21:23:138 UTC]  INFO starter.ImportStarterUtil: About to delete all records from cms_role
[30/06/23 19:21:23:143 UTC]  INFO starter.ImportStarterUtil: Deleted all records from cms_role
[30/06/23 19:21:23:143 UTC]  INFO starter.ImportStarterUtil: About to delete all records from cms_layout
[30/06/23 19:21:23:146 UTC]  INFO starter.ImportStarterUtil: Deleted all records from cms_layout
[30/06/23 19:21:23:146 UTC]  INFO starter.ImportStarterUtil: About to delete all records from structure
[30/06/23 19:21:23:149 UTC]  INFO starter.ImportStarterUtil: Deleted all records from structure
[30/06/23 19:21:23:149 UTC]  INFO starter.ImportStarterUtil: About to delete all records from folder
[30/06/23 19:21:23:151 UTC]  INFO starter.ImportStarterUtil: Deleted all records from folder
[30/06/23 19:21:23:151 UTC]  INFO starter.ImportStarterUtil: About to delete all records from identifier
[30/06/23 19:21:23:153 UTC]  INFO starter.ImportStarterUtil: Deleted all records from identifier
[30/06/23 19:21:23:153 UTC]  INFO starter.ImportStarterUtil: About to delete all records from inode
[30/06/23 19:21:23:154 UTC]  INFO starter.ImportStarterUtil: Deleted all records from inode
[30/06/23 19:21:23:155 UTC]  INFO starter.ImportStarterUtil: About to delete all records from user_
[30/06/23 19:21:23:161 UTC]  INFO starter.ImportStarterUtil: Deleted all records from user_
[30/06/23 19:21:23:161 UTC]  INFO starter.ImportStarterUtil: About to delete all records from company
[30/06/23 19:21:23:163 UTC]  INFO starter.ImportStarterUtil: Deleted all records from company
[30/06/23 19:21:23:163 UTC]  INFO starter.ImportStarterUtil: About to delete all records from counter
[30/06/23 19:21:23:164 UTC]  INFO starter.ImportStarterUtil: Deleted all records from counter
[30/06/23 19:21:23:164 UTC]  INFO starter.ImportStarterUtil: About to delete all records from image
[30/06/23 19:21:23:166 UTC]  INFO starter.ImportStarterUtil: Deleted all records from image
[30/06/23 19:21:23:166 UTC]  INFO starter.ImportStarterUtil: About to delete all records from portlet
[30/06/23 19:21:23:167 UTC]  INFO starter.ImportStarterUtil: Deleted all records from portlet
[30/06/23 19:21:23:167 UTC]  INFO starter.ImportStarterUtil: About to delete all records from portletpreferences
[30/06/23 19:21:23:169 UTC]  INFO starter.ImportStarterUtil: Deleted all records from portletpreferences
[30/06/23 19:21:23:169 UTC]  INFO starter.ImportStarterUtil: About to delete all records from address
[30/06/23 19:21:23:170 UTC]  INFO starter.ImportStarterUtil: Deleted all records from address
[30/06/23 19:21:23:170 UTC]  INFO starter.ImportStarterUtil: About to delete all records from plugin_property
[30/06/23 19:21:23:171 UTC]  INFO starter.ImportStarterUtil: Deleted all records from plugin_property
[30/06/23 19:21:23:171 UTC]  INFO starter.ImportStarterUtil: About to delete all records from plugin
[30/06/23 19:21:23:173 UTC]  INFO starter.ImportStarterUtil: Deleted all records from plugin
[30/06/23 19:21:23:218 UTC]  INFO starter.ImportStarterUtil: **** Importing the file: /data/local/dotsecure/backup/temp/com.liferay.portal.model.Company.json *****
[30/06/23 19:21:23:220 UTC]  INFO starter.ImportStarterUtil: Importing:	com.liferay.portal.model.Company
[30/06/23 19:21:23:348 UTC]  INFO starter.ImportStarterUtil: Found :	1 com.liferay.portal.model.Company(s)
[30/06/23 19:21:23:479 UTC]  INFO starter.ImportStarterUtil: **** Importing the file: /data/local/dotsecure/backup/temp/com.dotmarketing.business.Role_0000000000.json *****
[30/06/23 19:21:23:479 UTC]  INFO starter.ImportStarterUtil: Importing:	com.dotmarketing.business.Role
[30/06/23 19:21:23:503 UTC]  INFO starter.ImportStarterUtil: Found :	18 com.dotmarketing.business.Role(s)
[30/06/23 19:21:23:513 UTC]  INFO starter.ImportStarterUtil: roleKey:cms_users = 0
[30/06/23 19:21:23:515 UTC]  INFO starter.ImportStarterUtil: roleKey:System = 0
[30/06/23 19:21:23:517 UTC]  INFO starter.ImportStarterUtil: roleKey:DOTCMS_BACK_END_USER = 0
[30/06/23 19:21:23:520 UTC]  INFO starter.ImportStarterUtil: roleKey:cms_workflow_any_who_can_view = 0
[30/06/23 19:21:23:524 UTC]  INFO starter.ImportStarterUtil: roleKey:Form Editor = 0
[30/06/23 19:21:23:526 UTC]  INFO starter.ImportStarterUtil: roleKey:dotcms.org.default = 0
[30/06/23 19:21:23:528 UTC]  INFO starter.ImportStarterUtil: roleKey:cms_workflow_any_who_can_edit_permissions = 0
[30/06/23 19:21:23:530 UTC]  INFO starter.ImportStarterUtil: roleKey:cms_workflow_any_who_can_edit = 0
[30/06/23 19:21:23:533 UTC]  INFO starter.ImportStarterUtil: roleKey:CMS Anonymous = 0
[30/06/23 19:21:23:535 UTC]  INFO starter.ImportStarterUtil: roleKey:CMS Owner = 0
[30/06/23 19:21:23:536 UTC]  INFO starter.ImportStarterUtil: roleKey:Login As = 0
[30/06/23 19:21:23:538 UTC]  INFO starter.ImportStarterUtil: roleKey:LDAP User = 0
[30/06/23 19:21:23:540 UTC]  INFO starter.ImportStarterUtil: roleKey:CMS Administrator = 0
[30/06/23 19:21:23:543 UTC]  INFO starter.ImportStarterUtil: roleKey:DOTCMS_FRONT_END_USER = 0
[30/06/23 19:21:23:545 UTC]  INFO starter.ImportStarterUtil: roleKey:cms_workflow_any_who_can_publish = 0
[30/06/23 19:21:23:547 UTC]  INFO starter.ImportStarterUtil: roleKey:dotcms.org.1 = 0
[30/06/23 19:21:23:550 UTC]  INFO starter.ImportStarterUtil: roleKey:anonymous = 0
[30/06/23 19:21:23:552 UTC]  INFO starter.ImportStarterUtil: roleKey:Scripting Developer = 0
[30/06/23 19:21:23:554 UTC]  INFO starter.ImportStarterUtil: **** Importing the file: /data/local/dotsecure/backup/temp/com.liferay.portal.model.User.json *****
[30/06/23 19:21:23:556 UTC]  INFO starter.ImportStarterUtil: Importing:	com.liferay.portal.model.User
[30/06/23 19:21:23:600 UTC]  INFO starter.ImportStarterUtil: Found :	4 com.liferay.portal.model.User(s)
[30/06/23 19:21:23:666 UTC]  WARN util.LocaleUtil: null is not a valid language id
[30/06/23 19:21:23:684 UTC]  WARN business.UserHelper: Error loading user with id dotcms.org.1
[30/06/23 19:21:23:790 UTC]  INFO xml.Marshaller: Marshaller called using one of the *static*  marshal(Object, *) methods. This will ignore any  mapping files as specified. Please consider switching to  using Marshaller instances and calling one of the marshal(*) methods.
[30/06/23 19:21:25:295 UTC]  WARN business.UserHelper: Error loading user with id system
[30/06/23 19:21:26:297 UTC]  INFO util.SecurityLogger: class com.dotmarketing.business.RoleAPIImpl : Adding role:'Admin User' to user:dotcms.org.1 email:admin@dotcms.com -- ip:ukn,user:null
[30/06/23 19:21:26:306 UTC]  WARN business.UserHelper: Error loading user with id anonymous
[30/06/23 19:21:27:313 UTC]  INFO util.SecurityLogger: class com.dotmarketing.business.RoleAPIImpl : Adding role:'anonymous user anonymous' to user:anonymous email:anonymous@dotcms.anonymoususer -- ip:ukn,user:null
[30/06/23 19:21:27:316 UTC]  INFO starter.ImportStarterUtil: 
[30/06/23 19:21:27:317 UTC]  INFO starter.ImportStarterUtil: 
[30/06/23 19:21:27:317 UTC]  INFO starter.ImportStarterUtil: **** Importing the file: /data/local/dotsecure/backup/temp/com.dotmarketing.business.UsersRoles_0000000000.json *****
[30/06/23 19:21:27:317 UTC]  INFO starter.ImportStarterUtil: Importing:	com.dotmarketing.business.UsersRoles
[30/06/23 19:21:27:324 UTC]  INFO starter.ImportStarterUtil: Found :	14 com.dotmarketing.business.UsersRoles(s)
[30/06/23 19:21:27:338 UTC]  INFO starter.ImportStarterUtil: **** Importing the file: /data/local/dotsecure/backup/temp/com.dotmarketing.business.Layout_0000000000.json *****
[30/06/23 19:21:27:339 UTC]  INFO starter.ImportStarterUtil: Importing:	com.dotmarketing.business.Layout
[30/06/23 19:21:27:343 UTC]  INFO starter.ImportStarterUtil: Found :	11 com.dotmarketing.business.Layout(s)
[30/06/23 19:21:27:374 UTC]  INFO starter.ImportStarterUtil: **** Importing the file: /data/local/dotsecure/backup/temp/com.dotmarketing.business.PortletsLayouts_0000000000.json *****
[30/06/23 19:21:27:374 UTC]  INFO starter.ImportStarterUtil: Importing:	com.dotmarketing.business.PortletsLayouts
[30/06/23 19:21:27:378 UTC]  INFO starter.ImportStarterUtil: Found :	36 com.dotmarketing.business.PortletsLayouts(s)
[30/06/23 19:21:27:411 UTC]  INFO starter.ImportStarterUtil: **** Importing the file: /data/local/dotsecure/backup/temp/com.dotmarketing.business.LayoutsRoles_0000000000.json *****
[30/06/23 19:21:27:411 UTC]  INFO starter.ImportStarterUtil: Importing:	com.dotmarketing.business.LayoutsRoles
[30/06/23 19:21:27:413 UTC]  INFO starter.ImportStarterUtil: Found :	7 com.dotmarketing.business.LayoutsRoles(s)
[30/06/23 19:21:27:424 UTC]  INFO starter.ImportStarterUtil: **** Importing the file: /data/local/dotsecure/backup/temp/com.dotmarketing.portlets.languagesmanager.model.Language_0000000000.json *****
[30/06/23 19:21:27:425 UTC]  INFO starter.ImportStarterUtil: Importing:	com.dotmarketing.portlets.languagesmanager.model.Language
[30/06/23 19:21:27:429 UTC]  INFO starter.ImportStarterUtil: Found :	1 com.dotmarketing.portlets.languagesmanager.model.Language(s)
[30/06/23 19:21:27:448 UTC]  INFO starter.ImportStarterUtil: Importing folder path /System foldersystem folder
[30/06/23 19:21:27:502 UTC]  INFO starter.ImportStarterUtil: **** Importing the file: /data/local/dotsecure/backup/temp/com.dotmarketing.portlets.folders.model.Folder_0000000000.json *****
[30/06/23 19:21:27:503 UTC]  INFO starter.ImportStarterUtil: Importing:	com.dotmarketing.portlets.folders.model.Folder
[30/06/23 19:21:27:510 UTC]  INFO starter.ImportStarterUtil: Found :	1 com.dotmarketing.portlets.folders.model.Folder(s)
[30/06/23 19:21:28:313 UTC]  INFO business.ContentTypeAPIImpl: Content type not found with given id: c938b15f-bcb6-49ef-8651-14d455a97045. Continuing...
[30/06/23 19:21:28:494 UTC]  INFO util.ActivityLogger: class com.dotmarketing.util.ActivityLogger: system : Save Field Action , User system/system user added field Site/Folder to Persona Structure.
[30/06/23 19:21:28:529 UTC]  INFO util.ActivityLogger: class com.dotmarketing.util.ActivityLogger: system : Save Field Action , User system/system user added field Name to Persona Structure.
[30/06/23 19:21:28:571 UTC]  INFO util.ActivityLogger: class com.dotmarketing.util.ActivityLogger: system : Save Field Action , User system/system user added field Key Tag to Persona Structure.
[30/06/23 19:21:28:633 UTC]  INFO util.ActivityLogger: class com.dotmarketing.util.ActivityLogger: system : Save Field Action , User system/system user added field Photo to Persona Structure.
[30/06/23 19:21:28:703 UTC]  INFO util.ActivityLogger: class com.dotmarketing.util.ActivityLogger: system : Save Field Action , User system/system user added field Other Tags to Persona Structure.
[30/06/23 19:21:28:768 UTC]  INFO util.ActivityLogger: class com.dotmarketing.util.ActivityLogger: system : Save Field Action , User system/system user added field Description to Persona Structure.
[30/06/23 19:21:28:802 UTC]  INFO util.ActivityLogger: class com.dotcms.contenttype.business.ContentTypeAPIImpl: system : Save ContentType Action , User system/system user system user added ContentType Persona to host id:SYSTEM_HOST
[30/06/23 19:21:28:805 UTC]  INFO business.ContentTypeAPIImpl: UserId : system : ContentType : ContentType saved : Persona
[30/06/23 19:21:28:806 UTC]  INFO util.AdminLogger: UserId : system : class com.dotcms.contenttype.business.ContentTypeAPIImpl : ContentType : ContentType saved : Persona
[30/06/23 19:21:28:839 UTC]  INFO business.ContentTypeAPIImpl: Content type not found with given id: f4d7c1b8-2c88-4071-abf1-a5328977b07d. Continuing...
[30/06/23 19:21:28:874 UTC]  INFO util.ActivityLogger: class com.dotmarketing.util.ActivityLogger: system : Save Field Action , User system/system user added field Key to Language Variable Structure.
[30/06/23 19:21:28:892 UTC]  INFO util.ActivityLogger: class com.dotmarketing.util.ActivityLogger: system : Save Field Action , User system/system user added field Value to Language Variable Structure.
[30/06/23 19:21:28:902 UTC]  INFO util.ActivityLogger: class com.dotcms.contenttype.business.ContentTypeAPIImpl: system : Save ContentType Action , User system/system user system user added ContentType Language Variable to host id:SYSTEM_HOST
[30/06/23 19:21:28:903 UTC]  INFO business.ContentTypeAPIImpl: UserId : system : ContentType : ContentType saved : Language Variable
[30/06/23 19:21:28:905 UTC]  INFO util.AdminLogger: UserId : system : class com.dotcms.contenttype.business.ContentTypeAPIImpl : ContentType : ContentType saved : Language Variable
[30/06/23 19:21:28:936 UTC]  INFO business.ContentTypeAPIImpl: Content type not found with given id: 4d21b6d8-1711-4ae6-9419-89e2b1ae5a06. Continuing...
[30/06/23 19:21:28:973 UTC]  INFO util.ActivityLogger: class com.dotmarketing.util.ActivityLogger: system : Save Field Action , User system/system user added field Form ID to Forms Structure.
[30/06/23 19:21:29:010 UTC]  INFO util.ActivityLogger: class com.dotmarketing.util.ActivityLogger: system : Save Field Action , User system/system user added field Widget Title to Forms Structure.
[30/06/23 19:21:29:058 UTC]  INFO util.ActivityLogger: class com.dotmarketing.util.ActivityLogger: system : Save Field Action , User system/system user added field Widget Usage to Forms Structure.
[30/06/23 19:21:29:116 UTC]  INFO util.ActivityLogger: class com.dotmarketing.util.ActivityLogger: system : Save Field Action , User system/system user added field Widget Code to Forms Structure.
[30/06/23 19:21:29:167 UTC]  INFO util.ActivityLogger: class com.dotmarketing.util.ActivityLogger: system : Save Field Action , User system/system user added field Widget Pre-Execute to Forms Structure.
[30/06/23 19:21:29:177 UTC]  INFO util.ActivityLogger: class com.dotcms.contenttype.business.ContentTypeAPIImpl: system : Save ContentType Action , User system/system user system user added ContentType Forms to host id:SYSTEM_HOST
[30/06/23 19:21:29:177 UTC]  INFO business.ContentTypeAPIImpl: UserId : system : ContentType : ContentType saved : Forms
[30/06/23 19:21:29:177 UTC]  INFO util.AdminLogger: UserId : system : class com.dotcms.contenttype.business.ContentTypeAPIImpl : ContentType : ContentType saved : Forms
[30/06/23 19:21:29:195 UTC]  INFO business.ContentTypeAPIImpl: Content type not found with given id: f2d8a1c7-2b77-2081-bcf1-b5348988c08d. Continuing...
[30/06/23 19:21:29:215 UTC]  INFO util.ActivityLogger: class com.dotmarketing.util.ActivityLogger: system : Save Field Action , User system/system user added field Site or Folder to dotAsset Structure.
[30/06/23 19:21:29:233 UTC]  INFO util.ActivityLogger: class com.dotmarketing.util.ActivityLogger: system : Save Field Action , User system/system user added field Asset to dotAsset Structure.
[30/06/23 19:21:29:254 UTC]  INFO util.ActivityLogger: class com.dotmarketing.util.ActivityLogger: system : Save Field Action , User system/system user added field Tags to dotAsset Structure.
[30/06/23 19:21:29:261 UTC]  INFO util.ActivityLogger: class com.dotcms.contenttype.business.ContentTypeAPIImpl: system : Save ContentType Action , User system/system user system user added ContentType dotAsset to host id:SYSTEM_HOST
[30/06/23 19:21:29:262 UTC]  INFO business.ContentTypeAPIImpl: UserId : system : ContentType : ContentType saved : dotAsset
[30/06/23 19:21:29:263 UTC]  INFO util.AdminLogger: UserId : system : class com.dotcms.contenttype.business.ContentTypeAPIImpl : ContentType : ContentType saved : dotAsset
[30/06/23 19:21:29:344 UTC]  INFO business.ContentTypeAPIImpl: Content type not found with given id: 33888b6f-7a8e-4069-b1b6-5c1aa9d0a48d. Continuing...
[30/06/23 19:21:29:362 UTC]  INFO util.ActivityLogger: class com.dotmarketing.util.ActivityLogger: system : Save Field Action , User system/system user added field Host Or Folder to File Asset Structure.
[30/06/23 19:21:29:389 UTC]  INFO util.ActivityLogger: class com.dotmarketing.util.ActivityLogger: system : Save Field Action , User system/system user added field File Name to File Asset Structure.
[30/06/23 19:21:29:434 UTC]  INFO util.ActivityLogger: class com.dotmarketing.util.ActivityLogger: system : Save Field Action , User system/system user added field File Asset to File Asset Structure.
[30/06/23 19:21:29:520 UTC]  INFO util.ActivityLogger: class com.dotmarketing.util.ActivityLogger: system : Save Field Action , User system/system user added field Title to File Asset Structure.
[30/06/23 19:21:29:572 UTC]  INFO util.ActivityLogger: class com.dotmarketing.util.ActivityLogger: system : Save Field Action , User system/system user added field Metadata to File Asset Structure.
[30/06/23 19:21:29:619 UTC]  INFO util.ActivityLogger: class com.dotmarketing.util.ActivityLogger: system : Save Field Action , User system/system user added field Metadata to File Asset Structure.
[30/06/23 19:21:29:656 UTC]  INFO util.ActivityLogger: class com.dotmarketing.util.ActivityLogger: system : Save Field Action , User system/system user added field Show On Menu to File Asset Structure.
[30/06/23 19:21:29:689 UTC]  INFO util.ActivityLogger: class com.dotmarketing.util.ActivityLogger: system : Save Field Action , User system/system user added field Sort Order to File Asset Structure.
[30/06/23 19:21:29:729 UTC]  INFO util.ActivityLogger: class com.dotmarketing.util.ActivityLogger: system : Save Field Action , User system/system user added field Description to File Asset Structure.
[30/06/23 19:21:29:754 UTC]  INFO util.ActivityLogger: class com.dotcms.contenttype.business.ContentTypeAPIImpl: system : Save ContentType Action , User system/system user system user added ContentType File Asset to host id:SYSTEM_HOST
[30/06/23 19:21:29:754 UTC]  INFO business.ContentTypeAPIImpl: UserId : system : ContentType : ContentType saved : File Asset
[30/06/23 19:21:29:754 UTC]  INFO util.AdminLogger: UserId : system : class com.dotcms.contenttype.business.ContentTypeAPIImpl : ContentType : ContentType saved : File Asset
[30/06/23 19:21:29:789 UTC]  INFO business.ContentTypeAPIImpl: Content type not found with given id: 8e850645-bb92-4fda-a765-e67063a59be0. Continuing...
[30/06/23 19:21:29:804 UTC]  INFO util.ActivityLogger: class com.dotmarketing.util.ActivityLogger: system : Save Field Action , User system/system user added field Title to Vanity URL Structure.
[30/06/23 19:21:29:818 UTC]  INFO util.ActivityLogger: class com.dotmarketing.util.ActivityLogger: system : Save Field Action , User system/system user added field Site to Vanity URL Structure.
[30/06/23 19:21:29:845 UTC]  INFO util.ActivityLogger: class com.dotmarketing.util.ActivityLogger: system : Save Field Action , User system/system user added field Uri to Vanity URL Structure.
[30/06/23 19:21:29:884 UTC]  INFO util.ActivityLogger: class com.dotmarketing.util.ActivityLogger: system : Save Field Action , User system/system user added field Action to Vanity URL Structure.
[30/06/23 19:21:29:920 UTC]  INFO util.ActivityLogger: class com.dotmarketing.util.ActivityLogger: system : Save Field Action , User system/system user added field Forward To to Vanity URL Structure.
[30/06/23 19:21:29:958 UTC]  INFO util.ActivityLogger: class com.dotmarketing.util.ActivityLogger: system : Save Field Action , User system/system user added field Order to Vanity URL Structure.
[30/06/23 19:21:29:978 UTC]  INFO util.ActivityLogger: class com.dotcms.contenttype.business.ContentTypeAPIImpl: system : Save ContentType Action , User system/system user system user added ContentType Vanity URL to host id:SYSTEM_HOST
[30/06/23 19:21:29:980 UTC]  INFO business.ContentTypeAPIImpl: UserId : system : ContentType : ContentType saved : Vanity URL
[30/06/23 19:21:29:981 UTC]  INFO util.AdminLogger: UserId : system : class com.dotcms.contenttype.business.ContentTypeAPIImpl : ContentType : ContentType saved : Vanity URL
[30/06/23 19:21:30:001 UTC]  INFO business.ContentTypeAPIImpl: Content type not found with given id: c541abb1-69b3-4bc5-8430-5e09e5239cc8. Continuing...
[30/06/23 19:21:30:028 UTC]  INFO util.ActivityLogger: class com.dotmarketing.util.ActivityLogger: system : Save Field Action , User system/system user added field Title to Page Structure.
[30/06/23 19:21:30:049 UTC]  INFO util.ActivityLogger: class com.dotmarketing.util.ActivityLogger: system : Save Field Action , User system/system user added field Url to Page Structure.
[30/06/23 19:21:30:068 UTC]  INFO util.ActivityLogger: class com.dotmarketing.util.ActivityLogger: system : Save Field Action , User system/system user added field Host or Folder to Page Structure.
[30/06/23 19:21:30:105 UTC]  INFO util.ActivityLogger: class com.dotmarketing.util.ActivityLogger: system : Save Field Action , User system/system user added field Template to Page Structure.
[30/06/23 19:21:30:141 UTC]  INFO util.ActivityLogger: class com.dotmarketing.util.ActivityLogger: system : Save Field Action , User system/system user added field Friendly Name to Page Structure.
[30/06/23 19:21:30:175 UTC]  INFO util.ActivityLogger: class com.dotmarketing.util.ActivityLogger: system : Save Field Action , User system/system user added field Show on Menu to Page Structure.
[30/06/23 19:21:30:209 UTC]  INFO util.ActivityLogger: class com.dotmarketing.util.ActivityLogger: system : Save Field Action , User system/system user added field Sort Order to Page Structure.
[30/06/23 19:21:30:236 UTC]  INFO util.ActivityLogger: class com.dotmarketing.util.ActivityLogger: system : Save Field Action , User system/system user added field Cache TTL to Page Structure.
[30/06/23 19:21:30:270 UTC]  INFO util.ActivityLogger: class com.dotmarketing.util.ActivityLogger: system : Save Field Action , User system/system user added field Advanced Properties to Page Structure.
[30/06/23 19:21:30:304 UTC]  INFO util.ActivityLogger: class com.dotmarketing.util.ActivityLogger: system : Save Field Action , User system/system user added field Redirect Url to Page Structure.
[30/06/23 19:21:30:357 UTC]  INFO util.ActivityLogger: class com.dotmarketing.util.ActivityLogger: system : Save Field Action , User system/system user added field HTTPS Required to Page Structure.
[30/06/23 19:21:30:398 UTC]  INFO util.ActivityLogger: class com.dotmarketing.util.ActivityLogger: system : Save Field Action , User system/system user added field SEO Description to Page Structure.
[30/06/23 19:21:30:442 UTC]  INFO util.ActivityLogger: class com.dotmarketing.util.ActivityLogger: system : Save Field Action , User system/system user added field SEO Keywords to Page Structure.
[30/06/23 19:21:30:486 UTC]  INFO util.ActivityLogger: class com.dotmarketing.util.ActivityLogger: system : Save Field Action , User system/system user added field Page Metadata to Page Structure.
[30/06/23 19:21:30:529 UTC]  INFO util.ActivityLogger: class com.dotmarketing.util.ActivityLogger: system : Save Field Action , User system/system user added field Canonical URL to Page Structure.
[30/06/23 19:21:30:550 UTC]  INFO util.ActivityLogger: class com.dotcms.contenttype.business.ContentTypeAPIImpl: system : Save ContentType Action , User system/system user system user added ContentType Page to host id:SYSTEM_HOST
[30/06/23 19:21:30:550 UTC]  INFO business.ContentTypeAPIImpl: UserId : system : ContentType : ContentType saved : Page
[30/06/23 19:21:30:550 UTC]  INFO util.AdminLogger: UserId : system : class com.dotcms.contenttype.business.ContentTypeAPIImpl : ContentType : ContentType saved : Page
[30/06/23 19:21:30:621 UTC]  INFO business.ContentTypeAPIImpl: Content type not found with given id: 855a2d72-f2f3-4169-8b04-ac5157c4380c. Continuing...
[30/06/23 19:21:30:638 UTC]  INFO util.ActivityLogger: class com.dotmarketing.util.ActivityLogger: system : Save Field Action , User system/system user added field fields-2 to Host Structure.
[30/06/23 19:21:30:652 UTC]  INFO util.ActivityLogger: class com.dotmarketing.util.ActivityLogger: system : Save Field Action , User system/system user added field fields-3 to Host Structure.
[30/06/23 19:21:30:669 UTC]  INFO util.ActivityLogger: class com.dotmarketing.util.ActivityLogger: system : Save Field Action , User system/system user added field Site Key to Host Structure.
[30/06/23 19:21:30:688 UTC]  INFO util.ActivityLogger: class com.dotmarketing.util.ActivityLogger: system : Save Field Action , User system/system user added field Aliases to Host Structure.
[30/06/23 19:21:30:708 UTC]  INFO util.ActivityLogger: class com.dotmarketing.util.ActivityLogger: system : Save Field Action , User system/system user added field Tag Storage to Host Structure.
[30/06/23 19:21:30:733 UTC]  INFO util.ActivityLogger: class com.dotmarketing.util.ActivityLogger: system : Save Field Action , User system/system user added field Is Default to Host Structure.
[30/06/23 19:21:30:761 UTC]  INFO util.ActivityLogger: class com.dotmarketing.util.ActivityLogger: system : Save Field Action , User system/system user added field Is System Host to Host Structure.
[30/06/23 19:21:30:789 UTC]  INFO util.ActivityLogger: class com.dotmarketing.util.ActivityLogger: system : Save Field Action , User system/system user added field Host Thumbnail to Host Structure.
[30/06/23 19:21:30:819 UTC]  INFO util.ActivityLogger: class com.dotmarketing.util.ActivityLogger: system : Save Field Action , User system/system user added field Run Dashboard to Host Structure.
[30/06/23 19:21:30:832 UTC]  INFO util.ActivityLogger: class com.dotcms.contenttype.business.ContentTypeAPIImpl: system : Save ContentType Action , User system/system user system user added ContentType Host to host id:SYSTEM_HOST
[30/06/23 19:21:30:832 UTC]  INFO business.ContentTypeAPIImpl: UserId : system : ContentType : ContentType saved : Host
[30/06/23 19:21:30:832 UTC]  INFO util.AdminLogger: UserId : system : class com.dotcms.contenttype.business.ContentTypeAPIImpl : ContentType : ContentType saved : Host
[30/06/23 19:21:30:836 UTC]  INFO business.ContentTypeAPIImpl: Content type not found with given id: 2c46b6586c38852ac08a824a303ced80. Continuing...
[30/06/23 19:21:30:864 UTC]  INFO util.ActivityLogger: class com.dotmarketing.util.ActivityLogger: system : Save Field Action , User system/system user added field Site or Folder to Image Structure.
[30/06/23 19:21:30:889 UTC]  INFO util.ActivityLogger: class com.dotmarketing.util.ActivityLogger: system : Save Field Action , User system/system user added field Asset to Image Structure.
[30/06/23 19:21:30:914 UTC]  INFO util.ActivityLogger: class com.dotmarketing.util.ActivityLogger: system : Save Field Action , User system/system user added field Tags to Image Structure.
[30/06/23 19:21:30:921 UTC]  INFO util.ActivityLogger: class com.dotcms.contenttype.business.ContentTypeAPIImpl: system : Save ContentType Action , User system/system user system user added ContentType Image to host id:8a7d5e23-da1e-420a-b4f0-471e7da8ea2d
[30/06/23 19:21:30:921 UTC]  INFO business.ContentTypeAPIImpl: UserId : system : ContentType : ContentType saved : Image
[30/06/23 19:21:30:922 UTC]  INFO util.AdminLogger: UserId : system : class com.dotcms.contenttype.business.ContentTypeAPIImpl : ContentType : ContentType saved : Image
[30/06/23 19:21:30:929 UTC]  INFO business.ContentTypeAPIImpl: Content type not found with given id: c77450b834901a20c8193ef9d561ee5b. Continuing...
[30/06/23 19:21:30:952 UTC]  INFO util.ActivityLogger: class com.dotmarketing.util.ActivityLogger: system : Save Field Action , User system/system user added field Site or Folder to Video Structure.
[30/06/23 19:21:30:976 UTC]  INFO util.ActivityLogger: class com.dotmarketing.util.ActivityLogger: system : Save Field Action , User system/system user added field Asset to Video Structure.
[30/06/23 19:21:31:001 UTC]  INFO util.ActivityLogger: class com.dotmarketing.util.ActivityLogger: system : Save Field Action , User system/system user added field Tags to Video Structure.
[30/06/23 19:21:31:007 UTC]  INFO util.ActivityLogger: class com.dotcms.contenttype.business.ContentTypeAPIImpl: system : Save ContentType Action , User system/system user system user added ContentType Video to host id:8a7d5e23-da1e-420a-b4f0-471e7da8ea2d
[30/06/23 19:21:31:008 UTC]  INFO business.ContentTypeAPIImpl: UserId : system : ContentType : ContentType saved : Video
[30/06/23 19:21:31:008 UTC]  INFO util.AdminLogger: UserId : system : class com.dotcms.contenttype.business.ContentTypeAPIImpl : ContentType : ContentType saved : Video
[30/06/23 19:21:31:028 UTC]  INFO business.ContentTypeAPIImpl: Content type not found with given id: 2a3e91e4-fbbf-4876-8c5b-2233c1739b05. Continuing...
[30/06/23 19:21:31:040 UTC]  INFO util.ActivityLogger: class com.dotmarketing.util.ActivityLogger: system : Save Field Action , User system/system user added field Row Field to Content (Generic) Structure.
[30/06/23 19:21:31:052 UTC]  INFO util.ActivityLogger: class com.dotmarketing.util.ActivityLogger: system : Save Field Action , User system/system user added field Column Field to Content (Generic) Structure.
[30/06/23 19:21:31:076 UTC]  INFO util.ActivityLogger: class com.dotmarketing.util.ActivityLogger: system : Save Field Action , User system/system user added field Title to Content (Generic) Structure.
[30/06/23 19:21:31:092 UTC]  INFO util.ActivityLogger: class com.dotmarketing.util.ActivityLogger: system : Save Field Action , User system/system user added field Site to Content (Generic) Structure.
[30/06/23 19:21:31:118 UTC]  INFO util.ActivityLogger: class com.dotmarketing.util.ActivityLogger: system : Save Field Action , User system/system user added field Body to Content (Generic) Structure.
[30/06/23 19:21:31:130 UTC]  INFO util.ActivityLogger: class com.dotcms.contenttype.business.ContentTypeAPIImpl: system : Save ContentType Action , User system/system user system user added ContentType Content (Generic) to host id:SYSTEM_HOST
[30/06/23 19:21:31:130 UTC]  INFO business.ContentTypeAPIImpl: UserId : system : ContentType : ContentType saved : Content (Generic)
[30/06/23 19:21:31:130 UTC]  INFO util.AdminLogger: UserId : system : class com.dotcms.contenttype.business.ContentTypeAPIImpl : ContentType : ContentType saved : Content (Generic)
[30/06/23 19:21:31:140 UTC]  INFO business.ContentTypeAPIImpl: Content type not found with given id: ce930143870e11569f93f8a9fff5da19. Continuing...
[30/06/23 19:21:31:158 UTC]  INFO util.ActivityLogger: class com.dotmarketing.util.ActivityLogger: system : Save Field Action , User system/system user added field Screenshot to Dot Favorite Page Structure.
[30/06/23 19:21:31:176 UTC]  INFO util.ActivityLogger: class com.dotmarketing.util.ActivityLogger: system : Save Field Action , User system/system user added field title to Dot Favorite Page Structure.
[30/06/23 19:21:31:191 UTC]  INFO util.ActivityLogger: class com.dotmarketing.util.ActivityLogger: system : Save Field Action , User system/system user added field url to Dot Favorite Page Structure.
[30/06/23 19:21:31:210 UTC]  INFO util.ActivityLogger: class com.dotmarketing.util.ActivityLogger: system : Save Field Action , User system/system user added field order to Dot Favorite Page Structure.
[30/06/23 19:21:31:221 UTC]  INFO util.ActivityLogger: class com.dotcms.contenttype.business.ContentTypeAPIImpl: system : Save ContentType Action , User system/system user system user added ContentType Dot Favorite Page to host id:SYSTEM_HOST
[30/06/23 19:21:31:221 UTC]  INFO business.ContentTypeAPIImpl: UserId : system : ContentType : ContentType saved : Dot Favorite Page
[30/06/23 19:21:31:221 UTC]  INFO util.AdminLogger: UserId : system : class com.dotcms.contenttype.business.ContentTypeAPIImpl : ContentType : ContentType saved : Dot Favorite Page
[30/06/23 19:21:31:225 UTC]  INFO starter.ImportStarterUtil: **** Importing the file: /data/local/dotsecure/backup/temp/com.dotmarketing.portlets.contentlet.model.Contentlet_0000000000.json *****
[30/06/23 19:21:31:225 UTC]  INFO starter.ImportStarterUtil: Importing:	com.dotmarketing.portlets.contentlet.model.Contentlet
[30/06/23 19:21:31:467 UTC]  INFO starter.ImportStarterUtil: Found :	5 com.dotmarketing.portlets.contentlet.model.Contentlet(s)
[30/06/23 19:21:31:665 UTC]  INFO timedcache.TimedCacheProvider: ***	 Building Cache : esquerycache, size:10000, seconds:3600,Concurrency:32 (every 60000 millis)
[30/06/23 19:21:32:362 UTC]  INFO util.SecurityLogger: class com.dotmarketing.portlets.workflows.business.WorkflowAPIImpl : Workflow Scheme 'System Workflow' [d61a59e1-a49c-46f2-a929-db2b4bfa88b2] has been saved by User ID 'system' -- ip:ukn,user:null
[30/06/23 19:21:32:379 UTC]  INFO util.SecurityLogger: class com.dotmarketing.portlets.workflows.business.WorkflowAPIImpl : Workflow Step 'New' [6cb7e3bd-1710-4eed-8838-d3db60f78f19] has been saved by User ID 'system' -- ip:ukn,user:null
[30/06/23 19:21:32:383 UTC]  INFO util.SecurityLogger: class com.dotmarketing.portlets.workflows.business.WorkflowAPIImpl : Workflow Step 'Draft' [ee24a4cb-2d15-4c98-b1bd-6327126451f3] has been saved by User ID 'system' -- ip:ukn,user:null
[30/06/23 19:21:32:389 UTC]  INFO util.SecurityLogger: class com.dotmarketing.portlets.workflows.business.WorkflowAPIImpl : Workflow Step 'Published' [dc3c9cd0-8467-404b-bf95-cb7df3fbc293] has been saved by User ID 'system' -- ip:ukn,user:null
[30/06/23 19:21:32:395 UTC]  INFO util.SecurityLogger: class com.dotmarketing.portlets.workflows.business.WorkflowAPIImpl : Workflow Step 'Archived' [d6b095b6-b65f-4bdb-bbfd-701d663dfee2] has been saved by User ID 'system' -- ip:ukn,user:null
[30/06/23 19:21:32:402 UTC]  INFO util.SecurityLogger: class com.dotmarketing.portlets.workflows.business.WorkflowAPIImpl : Action id: '4da13a42-5d59-480c-ad8f-94a3adf809fe' has been reordered by user: system -- ip:ukn,user:null
[30/06/23 19:21:32:413 UTC]  INFO util.SecurityLogger: class com.dotmarketing.portlets.workflows.business.WorkflowAPIImpl : Action id: '963f6a04-5320-42e7-ab74-6d876d199946' has been reordered by user: system -- ip:ukn,user:null
[30/06/23 19:21:32:418 UTC]  INFO util.SecurityLogger: class com.dotmarketing.portlets.workflows.business.WorkflowAPIImpl : Action id: '777f1c6b-c877-4a37-ba4b-10627316c2cc' has been reordered by user: system -- ip:ukn,user:null
[30/06/23 19:21:32:422 UTC]  INFO util.SecurityLogger: class com.dotmarketing.portlets.workflows.business.WorkflowAPIImpl : Action id: '1e0f1c6b-b67f-4c99-983d-db2b4bfa88b2' has been reordered by user: system -- ip:ukn,user:null
[30/06/23 19:21:32:427 UTC]  INFO util.SecurityLogger: class com.dotmarketing.portlets.workflows.business.WorkflowAPIImpl : Action id: 'dd4c4b7c-e9d3-4dc0-8fbf-36102f9c6324' has been reordered by user: system -- ip:ukn,user:null
[30/06/23 19:21:32:432 UTC]  INFO util.SecurityLogger: class com.dotmarketing.portlets.workflows.business.WorkflowAPIImpl : Action id: 'b9d89c80-3d88-4311-8365-187323c96436' has been reordered by user: system -- ip:ukn,user:null
[30/06/23 19:21:32:435 UTC]  INFO util.SecurityLogger: class com.dotmarketing.portlets.workflows.business.WorkflowAPIImpl : Action id: 'ceca71a0-deee-4999-bd47-b01baa1bcfc8' has been reordered by user: system -- ip:ukn,user:null
[30/06/23 19:21:32:439 UTC]  INFO util.SecurityLogger: class com.dotmarketing.portlets.workflows.business.WorkflowAPIImpl : Action id: 'c92f9aa1-9503-4567-ac30-d3242b54d02d' has been reordered by user: system -- ip:ukn,user:null
[30/06/23 19:21:32:443 UTC]  INFO util.SecurityLogger: class com.dotmarketing.portlets.workflows.business.WorkflowAPIImpl : Action id: '38efc763-d78f-4e4b-b092-59cd8c579b93' has been reordered by user: system -- ip:ukn,user:null
[30/06/23 19:21:32:475 UTC]  INFO util.SecurityLogger: class com.dotmarketing.portlets.workflows.business.WorkflowAPIImpl : The action id: 'ceca71a0-deee-4999-bd47-b01baa1bcfc8' has been saved by the user: system -- ip:ukn,user:null
[30/06/23 19:21:32:484 UTC]  INFO util.SecurityLogger: class com.dotmarketing.portlets.workflows.business.WorkflowAPIImpl : The action id: 'b9d89c80-3d88-4311-8365-187323c96436' has been saved by the user: system -- ip:ukn,user:null
[30/06/23 19:21:32:490 UTC]  INFO util.SecurityLogger: class com.dotmarketing.portlets.workflows.business.WorkflowAPIImpl : The action id: '777f1c6b-c877-4a37-ba4b-10627316c2cc' has been saved by the user: system -- ip:ukn,user:null
[30/06/23 19:21:32:497 UTC]  INFO util.SecurityLogger: class com.dotmarketing.portlets.workflows.business.WorkflowAPIImpl : The action id: 'ceca71a0-deee-4999-bd47-b01baa1bcfc8' has been saved by the user: system -- ip:ukn,user:null
[30/06/23 19:21:32:503 UTC]  INFO util.SecurityLogger: class com.dotmarketing.portlets.workflows.business.WorkflowAPIImpl : The action id: 'dd4c4b7c-e9d3-4dc0-8fbf-36102f9c6324' has been saved by the user: system -- ip:ukn,user:null
[30/06/23 19:21:32:509 UTC]  INFO util.SecurityLogger: class com.dotmarketing.portlets.workflows.business.WorkflowAPIImpl : The action id: '38efc763-d78f-4e4b-b092-59cd8c579b93' has been saved by the user: system -- ip:ukn,user:null
[30/06/23 19:21:32:520 UTC]  INFO util.SecurityLogger: class com.dotmarketing.portlets.workflows.business.WorkflowAPIImpl : The action id: '963f6a04-5320-42e7-ab74-6d876d199946' has been saved by the user: system -- ip:ukn,user:null
[30/06/23 19:21:32:531 UTC]  INFO util.SecurityLogger: class com.dotmarketing.portlets.workflows.business.WorkflowAPIImpl : The action id: 'b9d89c80-3d88-4311-8365-187323c96436' has been saved by the user: system -- ip:ukn,user:null
[30/06/23 19:21:32:546 UTC]  INFO util.SecurityLogger: class com.dotmarketing.portlets.workflows.business.WorkflowAPIImpl : The action id: '4da13a42-5d59-480c-ad8f-94a3adf809fe' has been saved by the user: system -- ip:ukn,user:null
[30/06/23 19:21:32:558 UTC]  INFO util.SecurityLogger: class com.dotmarketing.portlets.workflows.business.WorkflowAPIImpl : The action id: '963f6a04-5320-42e7-ab74-6d876d199946' has been saved by the user: system -- ip:ukn,user:null
[30/06/23 19:21:32:565 UTC]  INFO util.SecurityLogger: class com.dotmarketing.portlets.workflows.business.WorkflowAPIImpl : The action id: '38efc763-d78f-4e4b-b092-59cd8c579b93' has been saved by the user: system -- ip:ukn,user:null
[30/06/23 19:21:32:570 UTC]  INFO util.SecurityLogger: class com.dotmarketing.portlets.workflows.business.WorkflowAPIImpl : The action id: 'ceca71a0-deee-4999-bd47-b01baa1bcfc8' has been saved by the user: system -- ip:ukn,user:null
[30/06/23 19:21:32:576 UTC]  INFO util.SecurityLogger: class com.dotmarketing.portlets.workflows.business.WorkflowAPIImpl : The action id: '4da13a42-5d59-480c-ad8f-94a3adf809fe' has been saved by the user: system -- ip:ukn,user:null
[30/06/23 19:21:32:584 UTC]  INFO util.SecurityLogger: class com.dotmarketing.portlets.workflows.business.WorkflowAPIImpl : The action id: 'b9d89c80-3d88-4311-8365-187323c96436' has been saved by the user: system -- ip:ukn,user:null
[30/06/23 19:21:32:590 UTC]  INFO util.SecurityLogger: class com.dotmarketing.portlets.workflows.business.WorkflowAPIImpl : The action id: 'dd4c4b7c-e9d3-4dc0-8fbf-36102f9c6324' has been saved by the user: system -- ip:ukn,user:null
[30/06/23 19:21:32:603 UTC]  INFO util.SecurityLogger: class com.dotmarketing.portlets.workflows.business.WorkflowAPIImpl : The action id: 'c92f9aa1-9503-4567-ac30-d3242b54d02d' has been saved by the user: system -- ip:ukn,user:null
[30/06/23 19:21:32:608 UTC]  INFO util.SecurityLogger: class com.dotmarketing.portlets.workflows.business.WorkflowAPIImpl : The action id: '777f1c6b-c877-4a37-ba4b-10627316c2cc' has been saved by the user: system -- ip:ukn,user:null
[30/06/23 19:21:32:613 UTC]  INFO util.SecurityLogger: class com.dotmarketing.portlets.workflows.business.WorkflowAPIImpl : The action id: '1e0f1c6b-b67f-4c99-983d-db2b4bfa88b2' has been saved by the user: system -- ip:ukn,user:null
[30/06/23 19:21:32:753 UTC]  INFO util.SecurityLogger: class com.dotmarketing.portlets.workflows.business.WorkflowAPIImpl : Saving class parameters by the user: system -- ip:ukn,user:null
[30/06/23 19:21:32:764 UTC]  INFO starter.ImportStarterUtil: **** Importing the file: /data/local/dotsecure/backup/temp/com.dotmarketing.beans.Permission_0000000000.json *****
[30/06/23 19:21:32:764 UTC]  INFO starter.ImportStarterUtil: Importing:	com.dotmarketing.beans.Permission
[30/06/23 19:21:32:779 UTC]  INFO starter.ImportStarterUtil: Found :	20 com.dotmarketing.beans.Permission(s)
[30/06/23 19:21:32:800 UTC]  INFO starter.ImportStarterUtil: **** Importing the file: /data/local/dotsecure/backup/temp/com.dotmarketing.portlets.contentlet.model.ContentletVersionInfo_0000000000.json *****
[30/06/23 19:21:32:800 UTC]  INFO starter.ImportStarterUtil: Importing:	com.dotmarketing.portlets.contentlet.model.ContentletVersionInfo
[30/06/23 19:21:32:803 UTC]  INFO starter.ImportStarterUtil: Found :	3 com.dotmarketing.portlets.contentlet.model.ContentletVersionInfo(s)
[30/06/23 19:21:32:878 UTC]  INFO starter.ImportStarterUtil: **** Importing the file: /data/local/dotsecure/backup/temp/com.dotmarketing.portlets.workflows.model.WorkflowTask_0000000000.json *****
[30/06/23 19:21:32:878 UTC]  INFO starter.ImportStarterUtil: Importing:	com.dotmarketing.portlets.workflows.model.WorkflowTask
[30/06/23 19:21:32:882 UTC]  INFO starter.ImportStarterUtil: Found :	1 com.dotmarketing.portlets.workflows.model.WorkflowTask(s)
[30/06/23 19:21:32:891 UTC]  INFO starter.ImportStarterUtil: **** Importing the file: /data/local/dotsecure/backup/temp/Image.json *****
[30/06/23 19:21:32:891 UTC]  INFO starter.ImportStarterUtil: Importing:	Image
[30/06/23 19:21:38:546 UTC]  INFO starter.ImportStarterUtil: Found :	1 Image(s)
[30/06/23 19:21:38:550 UTC]  WARN impl.SessionImpl: finalizing unclosed session with closed connection
[30/06/23 19:21:38:552 UTC]  INFO starter.ImportStarterUtil: **** Importing the file: /data/local/dotsecure/backup/temp/Portlet.json *****
[30/06/23 19:21:38:553 UTC]  INFO starter.ImportStarterUtil: Importing:	Portlet
[30/06/23 19:21:38:554 UTC]  INFO starter.ImportStarterUtil: Found :	3 Portlet(s)
[30/06/23 19:21:38:571 UTC]  INFO starter.ImportStarterUtil: Done Importing
[30/06/23 19:21:38:578 UTC]  INFO runonce.Task210321RemoveOldMetadataFiles:  executing metadata clean up under path /data/shared/assets
[30/06/23 19:21:38:597 UTC]  INFO db.DotCMSInitDb:  `1` old metadata entries removed and `0` old content files from the starter.
[30/06/23 19:21:38:600 UTC]  INFO timedcache.TimedCacheProvider: ===== Initializing [Timed Cache Provider].
[30/06/23 19:21:38:600 UTC]  INFO timedcache.TimedCacheProvider: ***	 Cache Config Memory : esquerycache: 10000
[30/06/23 19:21:38:600 UTC]  INFO timedcache.TimedCacheProvider: ***	 Cache Config Memory : esquerycountcache: 10000
[30/06/23 19:21:38:600 UTC]  INFO timedcache.TimedCacheProvider: ***	 Cache Config Memory : graphqlquerycache: 5000
[30/06/23 19:21:38:600 UTC]  INFO timedcache.TimedCacheProvider: ***	 Cache Config Memory : default: 1000
[30/06/23 19:21:38:600 UTC]  INFO timedcache.TimedCacheProvider: ***	 Cache Config Memory : adminconfigpool: 100
[30/06/23 19:21:38:600 UTC]  INFO timedcache.TimedCacheProvider: ***	 Cache Config Memory : companypool: 10
[30/06/23 19:21:38:600 UTC]  INFO timedcache.TimedCacheProvider: ***	 Cache Config Memory : contentletcache: 5000
[30/06/23 19:21:38:600 UTC]  INFO timedcache.TimedCacheProvider: ***	 Cache Config Memory : categoryparentscache: 30000
[30/06/23 19:21:38:600 UTC]  INFO timedcache.TimedCacheProvider: ***	 Cache Config Memory : taginodecache: 50000
[30/06/23 19:21:38:600 UTC]  INFO timedcache.TimedCacheProvider: ***	 Cache Config Memory : taginodesbyinodecache: 50000
[30/06/23 19:21:38:600 UTC]  INFO timedcache.TimedCacheProvider: ***	 Cache Config Memory : tagcache: 50000
[30/06/23 19:21:38:601 UTC]  INFO timedcache.TimedCacheProvider: ***	 Cache Config Memory : csscache: 2500
[30/06/23 19:21:38:601 UTC]  INFO timedcache.TimedCacheProvider: ***	 Cache Config Memory : assetmetadatacache: 10000
[30/06/23 19:21:38:601 UTC]  INFO timedcache.TimedCacheProvider: ***	 Cache Config Memory : identifiercache: 50000
[30/06/23 19:21:38:601 UTC]  INFO timedcache.TimedCacheProvider: ***	 Cache Config Memory : identifier404cache: 30000
[30/06/23 19:21:38:601 UTC]  INFO timedcache.TimedCacheProvider: ***	 Cache Config Memory : indiciescache: 8
[30/06/23 19:21:38:601 UTC]  INFO timedcache.TimedCacheProvider: ***	 Cache Config Memory : logmappercache: 10
[30/06/23 19:21:38:601 UTC]  INFO timedcache.TimedCacheProvider: ***	 Cache Config Memory : navcache: 1000
[30/06/23 19:21:38:601 UTC]  INFO timedcache.TimedCacheProvider: ***	 Cache Config Memory : parentpermissionablecache: 10000
[30/06/23 19:21:38:601 UTC]  INFO timedcache.TimedCacheProvider: ***	 Cache Config Memory : permissioncache: 50000
[30/06/23 19:21:38:601 UTC]  INFO timedcache.TimedCacheProvider: ***	 Cache Config Memory : portletpool: 100
[30/06/23 19:21:38:601 UTC]  INFO timedcache.TimedCacheProvider: ***	 Cache Config Memory : publishingendpointcache: 100
[30/06/23 19:21:38:601 UTC]  INFO timedcache.TimedCacheProvider: ***	 Cache Config Memory : pushedassetscache: 5000
[30/06/23 19:21:38:601 UTC]  INFO timedcache.TimedCacheProvider: ***	 Cache Config Memory : templatecache: 500
[30/06/23 19:21:38:601 UTC]  INFO timedcache.TimedCacheProvider: ***	 Cache Config Memory : translatedquerycache: 5000
[30/06/23 19:21:38:601 UTC]  INFO timedcache.TimedCacheProvider: ***	 Cache Config Memory : versioncache: 50000
[30/06/23 19:21:38:601 UTC]  INFO timedcache.TimedCacheProvider: ***	 Cache Config Memory : versioninfocache: 50000
[30/06/23 19:21:38:601 UTC]  INFO timedcache.TimedCacheProvider: ***	 Cache Config Memory : workflowactioncache: 10000
[30/06/23 19:21:38:601 UTC]  INFO timedcache.TimedCacheProvider: ***	 Cache Config Memory : workflowtaskcache: 10000
[30/06/23 19:21:38:601 UTC]  INFO timedcache.TimedCacheProvider: ***	 Cache Config Memory : shortyidcache: 25000
[30/06/23 19:21:38:601 UTC]  INFO timedcache.TimedCacheProvider: ***	 Cache Config Memory : velocitycache: 5000
[30/06/23 19:21:38:601 UTC]  INFO timedcache.TimedCacheProvider: ***	 Cache Config Memory : vanityurldirectcache: 25000
[30/06/23 19:21:38:601 UTC]  INFO timedcache.TimedCacheProvider: ***	 Cache Config Memory : vanityurlsitecache: 5000
[30/06/23 19:21:38:601 UTC]  INFO h22.H22Cache: Start Full Cache Flush in h22
[30/06/23 19:21:38:601 UTC]  INFO h22.H22Cache: Building new H22 Cache, db:0
[30/06/23 19:21:38:602 UTC]  INFO h22.H22HikariPool: H22 on disk cache:jdbc:h2:/data/local/dotsecure/h22cache/0/2023-06-30_19-21-38/cache;MVCC=TRUE;DB_CLOSE_ON_EXIT=FALSE
[30/06/23 19:21:38:755 UTC]  INFO h22.H22Cache: Building new H22 Cache, db:1
[30/06/23 19:21:38:761 UTC]  INFO h22.H22HikariPool: H22 on disk cache:jdbc:h2:/data/local/dotsecure/h22cache/1/2023-06-30_19-21-38/cache;MVCC=TRUE;DB_CLOSE_ON_EXIT=FALSE
[30/06/23 19:21:38:836 UTC]  INFO h22.H22Cache: End Full Cache Flush in h22 : 234ms
[30/06/23 19:21:38:882 UTC]  INFO reindex.ReindexThread: --- Recreating ReindexThread from stopped
[30/06/23 19:21:38:884 UTC]  INFO framework.OSGISystem: Starting: OSGi System Framework
[30/06/23 19:21:38:885 UTC]  INFO framework.OSGISystem: Felix System base dir: /srv/dotserver/tomcat-9.0.60/webapps/ROOT/WEB-INF/felix-system
[30/06/23 19:21:38:896 UTC]  INFO framework.OSGIUtil: Loading Factory org.apache.felix.framework.FrameworkFactory
[30/06/23 19:21:39:520 UTC]  INFO init.SamlInitializer: SAML Init STARTED...
[30/06/23 19:21:40:607 UTC]  INFO init.SamlInitializer: Doing instance of Java Crypto validator
[30/06/23 19:21:40:607 UTC]  INFO init.SamlInitializer: Getting the Security Providers
[30/06/23 19:21:40:607 UTC]  INFO init.SamlInitializer: - SUN (DSA key/parameter generation; DSA signing; SHA-1, MD5 digests; SecureRandom; X.509 certificates; PKCS12, JKS & DKS keystores; PKIX CertPathValidator; PKIX CertPathBuilder; LDAP, Collection CertStores, JavaPolicy Policy; JavaLoginConfig Configuration)
[30/06/23 19:21:40:608 UTC]  INFO init.SamlInitializer: - Sun RSA signature provider
[30/06/23 19:21:40:608 UTC]  INFO init.SamlInitializer: - Sun Elliptic Curve provider (EC, ECDSA, ECDH)
[30/06/23 19:21:40:608 UTC]  INFO init.SamlInitializer: - Sun JSSE provider(PKCS12, SunX509/PKIX key/trust factories, SSLv3/TLSv1/TLSv1.1/TLSv1.2/TLSv1.3/DTLSv1.0/DTLSv1.2)
[30/06/23 19:21:40:608 UTC]  INFO init.SamlInitializer: - SunJCE Provider (implements RSA, DES, Triple DES, AES, Blowfish, ARCFOUR, RC2, PBE, Diffie-Hellman, HMAC, ChaCha20)
[30/06/23 19:21:40:608 UTC]  INFO init.SamlInitializer: - Sun (Kerberos v5, SPNEGO)
[30/06/23 19:21:40:609 UTC]  INFO init.SamlInitializer: - Sun SASL provider(implements client mechanisms for: DIGEST-MD5, EXTERNAL, PLAIN, CRAM-MD5, NTLM; server mechanisms for: DIGEST-MD5, CRAM-MD5, NTLM)
[30/06/23 19:21:40:609 UTC]  INFO init.SamlInitializer: - JdkLDAP Provider (implements LDAP CertStore)
[30/06/23 19:21:40:609 UTC]  INFO init.SamlInitializer: Doing Init of SignatureValidationProvider
[30/06/23 19:21:40:613 UTC]  INFO init.SamlInitializer: SAML Init DONE
[30/06/23 19:21:40:614 UTC]  INFO init.SamlInitializer: Setting basic parser pool
[30/06/23 19:21:40:619 UTC]  INFO osgi.Activator: Adding the SAML Web Filter
[30/06/23 19:21:40:863 UTC]  INFO osgi.Activator: Adding the SAML Web Service: com.dotcms.auth.providers.saml.v1.DotSamlResource
[30/06/23 19:21:41:601 UTC]  INFO osgi.Activator: Subscribing to  AppSecretSavedEvent events
[30/06/23 19:21:42:094 UTC]  INFO framework.OSGISystem: Started : OSGi System Framework
[30/06/23 19:21:42:095 UTC]  INFO reindex.ReindexThread: --- ReindexThread Running (every 60000 millis)
[30/06/23 19:21:42:098 UTC]  INFO db.DotCMSInitDb: Building Initial Index
[30/06/23 19:21:42:105 UTC]  INFO reindex.ReindexThread: ---  ReindexThread is starting, background indexing will begin
[30/06/23 19:21:42:189 UTC]  INFO business.ESIndexAPI: createIndex : Trying to create index: cluster_775b32db1a.working_20230630192142 with shards: 0
[30/06/23 19:21:42:191 UTC]  INFO util.AdminLogger: class com.dotcms.content.elasticsearch.business.ESIndexAPI : createIndex : Trying to create index: cluster_775b32db1a.working_20230630192142 with shards: 0
[30/06/23 19:21:42:192 UTC]  WARN business.ESIndexAPI: Unable to parse shards from config
[30/06/23 19:21:42:193 UTC]  WARN business.ESIndexAPI: null
[30/06/23 19:21:42:194 UTC]  WARN business.ESIndexAPI: java.base/java.lang.Integer.parseInt(Integer.java:614)
[30/06/23 19:21:42:585 UTC]  INFO business.ESIndexAPI: createIndex : Index created: cluster_775b32db1a.working_20230630192142 with shards: 1
[30/06/23 19:21:42:589 UTC]  INFO util.AdminLogger: class com.dotcms.content.elasticsearch.business.ESIndexAPI : createIndex : Index created: cluster_775b32db1a.working_20230630192142 with shards: 1
[30/06/23 19:21:42:691 UTC]  INFO business.ESIndexAPI: createIndex : Trying to create index: cluster_775b32db1a.live_20230630192142 with shards: 0
[30/06/23 19:21:42:691 UTC]  INFO util.AdminLogger: class com.dotcms.content.elasticsearch.business.ESIndexAPI : createIndex : Trying to create index: cluster_775b32db1a.live_20230630192142 with shards: 0
[30/06/23 19:21:42:692 UTC]  WARN business.ESIndexAPI: Unable to parse shards from config
[30/06/23 19:21:42:692 UTC]  WARN business.ESIndexAPI: null
[30/06/23 19:21:42:692 UTC]  WARN business.ESIndexAPI: java.base/java.lang.Integer.parseInt(Integer.java:614)
[30/06/23 19:21:42:845 UTC]  INFO business.ESIndexAPI: createIndex : Index created: cluster_775b32db1a.live_20230630192142 with shards: 1
[30/06/23 19:21:42:845 UTC]  INFO util.AdminLogger: class com.dotcms.content.elasticsearch.business.ESIndexAPI : createIndex : Index created: cluster_775b32db1a.live_20230630192142 with shards: 1
[30/06/23 19:21:42:930 UTC]  WARN util.FileUtil:  Fail to remove destination dir [/data/local/dotsecure/trash/h22/20230630192142928/2023-06-30_19-21-19]
[30/06/23 19:21:42:980 UTC]  WARN util.FileUtil:  Fail to remove destination dir [/data/local/dotsecure/trash/h22/20230630192142979/2023-06-30_19-21-19]
[30/06/23 19:21:42:998 UTC]  INFO servlets.InitServlet: 
[30/06/23 19:21:42:999 UTC]  INFO servlets.InitServlet:  * Copyright (c) 2023 dotCMS Inc. 
[30/06/23 19:21:43:000 UTC]  INFO servlets.InitServlet:  * This software, code and any modifications to the code are licensed under the terms of the dotCMS Enterprise License 
[30/06/23 19:21:43:001 UTC]  INFO servlets.InitServlet:  * which can be found here : https://www.github.com/dotCMS/core/LICENSE 
[30/06/23 19:21:43:001 UTC]  INFO servlets.InitServlet: 
