[20/06/23 21:00:34:296 UTC]  INFO loggers.Log4jUtil: Async Logger enabled: true
[20/06/23 21:00:34:301 UTC]  INFO listeners.ContextLifecycleListener: Installing the web socket
[20/06/23 21:00:35:446 UTC]  INFO business.CacheLocator: loading cache administrator: ChainableCacheAdministratorImpl
[20/06/23 21:00:36:188 UTC]  INFO db.DataSourceStrategyProvider: Datasource loaded using custom class com.dotmarketing.db.SystemEnvDataSourceStrategy
[20/06/23 21:00:36:217 UTC]  INFO cfg.Environment: Hibernate 2.1.8
[20/06/23 21:00:36:221 UTC]  INFO cfg.Environment: hibernate.properties not found
[20/06/23 21:00:36:224 UTC]  INFO cfg.Environment: using CGLIB reflection optimizer
[20/06/23 21:00:36:227 UTC]  INFO cfg.Environment: using JDK 1.4 java.sql.Timestamp handling
[20/06/23 21:00:36:230 UTC]  INFO cfg.Configuration: configuring from resource: /hibernate.cfg.xml
[20/06/23 21:00:36:230 UTC]  INFO cfg.Configuration: Configuration resource: /hibernate.cfg.xml
[20/06/23 21:00:36:333 UTC]  INFO cfg.Configuration: Configured SessionFactory: null
[20/06/23 21:00:36:333 UTC]  INFO cfg.Configuration: Mapping resource: META-INF/portal-hbm.xml
[20/06/23 21:00:36:437 UTC]  INFO cfg.Binder: Mapping class: com.liferay.portal.ejb.AddressHBM -> Address
[20/06/23 21:00:36:526 UTC]  INFO cfg.Binder: Mapping class: com.liferay.portal.ejb.CompanyHBM -> Company
[20/06/23 21:00:36:534 UTC]  INFO cfg.Binder: Mapping class: com.liferay.portal.ejb.ImageHBM -> Image
[20/06/23 21:00:36:537 UTC]  INFO cfg.Binder: Mapping class: com.liferay.portal.ejb.PasswordTrackerHBM -> PasswordTracker
[20/06/23 21:00:36:540 UTC]  INFO cfg.Binder: Mapping class: com.liferay.portal.ejb.UserHBM -> User_
[20/06/23 21:00:36:553 UTC]  INFO cfg.Binder: Mapping class: com.liferay.portal.ejb.UserTrackerHBM -> UserTracker
[20/06/23 21:00:36:559 UTC]  INFO cfg.Binder: Mapping class: com.liferay.portal.ejb.UserTrackerPathHBM -> UserTrackerPath
[20/06/23 21:00:36:563 UTC]  INFO cfg.Binder: Mapping class: com.liferay.portlet.admin.ejb.AdminConfigHBM -> AdminConfig
[20/06/23 21:00:36:565 UTC]  INFO cfg.Configuration: Mapping resource: com/dotmarketing/beans/DotCMSSeq.hbm.xml
[20/06/23 21:00:36:625 UTC]  INFO cfg.Binder: Mapping class: com.dotmarketing.beans.Inode -> inode
[20/06/23 21:00:36:648 UTC]  INFO cfg.Binder: Mapping joined-subclass: com.dotmarketing.portlets.containers.model.Container -> dot_containers
[20/06/23 21:00:36:654 UTC]  INFO cfg.Binder: Mapping joined-subclass: com.dotmarketing.portlets.links.model.Link -> links
[20/06/23 21:00:36:663 UTC]  INFO cfg.Binder: Mapping joined-subclass: com.dotmarketing.portlets.structure.model.Field -> field
[20/06/23 21:00:36:670 UTC]  INFO cfg.Binder: Mapping class: com.dotmarketing.portlets.workflows.model.WorkflowTask -> workflow_task
[20/06/23 21:00:36:681 UTC]  INFO cfg.Binder: Mapping class: com.dotmarketing.portlets.workflows.model.WorkflowComment -> workflow_comment
[20/06/23 21:00:36:685 UTC]  INFO cfg.Binder: Mapping class: com.dotmarketing.portlets.workflows.model.WorkflowHistory -> workflow_history
[20/06/23 21:00:36:689 UTC]  INFO cfg.Binder: Mapping class: com.dotmarketing.portlets.workflows.model.WorkFlowTaskFiles -> workflowtask_files
[20/06/23 21:00:36:700 UTC]  INFO cfg.Binder: Mapping class: com.dotmarketing.beans.Permission -> permission
[20/06/23 21:00:36:703 UTC]  INFO cfg.Binder: Mapping class: com.dotmarketing.beans.PermissionReference -> permission_reference
[20/06/23 21:00:36:709 UTC]  INFO cfg.Binder: Mapping class: com.dotmarketing.beans.Tree -> tree
[20/06/23 21:00:36:910 UTC]  INFO cfg.Binder: Mapping class: com.dotmarketing.beans.MultiTree -> multi_tree
[20/06/23 21:00:36:956 UTC]  INFO util.ReflectHelper: reflection optimizer disabled for: com.dotmarketing.beans.MultiTree, BulkBeanException: Index 1 out of bounds for length 0 (property setParent1)
[20/06/23 21:00:36:963 UTC]  INFO cfg.Binder: Mapping class: com.dotmarketing.beans.Clickstream -> clickstream
[20/06/23 21:00:36:990 UTC]  INFO cfg.Binder: Mapping class: com.dotmarketing.beans.ClickstreamRequest -> clickstream_request
[20/06/23 21:00:36:994 UTC]  INFO cfg.Binder: Mapping class: com.dotmarketing.beans.Clickstream404 -> clickstream_404
[20/06/23 21:00:36:997 UTC]  INFO cfg.Binder: Mapping class: com.dotmarketing.tag.model.Tag -> tag
[20/06/23 21:00:37:000 UTC]  INFO cfg.Binder: Mapping class: com.dotmarketing.tag.model.TagInode -> tag_inode
[20/06/23 21:00:37:049 UTC]  INFO cfg.Binder: Mapping class: com.dotmarketing.beans.ChallengeQuestion -> challenge_question
[20/06/23 21:00:37:051 UTC]  INFO cfg.Binder: Mapping class: com.dotmarketing.beans.UsersToDelete -> users_to_delete
[20/06/23 21:00:37:052 UTC]  INFO cfg.Binder: Mapping class: com.dotmarketing.plugin.model.Plugin -> plugin
[20/06/23 21:00:37:057 UTC]  INFO cfg.Binder: Mapping class: com.dotmarketing.business.Role -> cms_role
[20/06/23 21:00:37:060 UTC]  INFO cfg.Binder: Mapping class: com.dotmarketing.business.UsersRoles -> users_cms_roles
[20/06/23 21:00:37:061 UTC]  INFO cfg.Binder: Mapping class: com.dotmarketing.business.LayoutsRoles -> layouts_cms_roles
[20/06/23 21:00:37:065 UTC]  INFO cfg.Binder: Mapping class: com.dotmarketing.business.Layout -> cms_layout
[20/06/23 21:00:37:066 UTC]  INFO cfg.Binder: Mapping class: com.dotmarketing.business.PortletsLayouts -> cms_layouts_portlets
[20/06/23 21:00:37:069 UTC]  INFO cfg.Binder: Mapping class: com.dotmarketing.portlets.hostvariable.model.HostVariable -> host_variable
[20/06/23 21:00:37:071 UTC]  INFO cfg.Binder: Mapping class: com.dotmarketing.beans.FixAudit -> fixes_audit
[20/06/23 21:00:37:074 UTC]  INFO cfg.Binder: Mapping class: com.dotmarketing.beans.ContainerStructure -> container_structures
[20/06/23 21:00:37:078 UTC]  INFO cfg.Binder: Mapping class: com.dotmarketing.portlets.templates.model.TemplateVersionInfo -> template_version_info
[20/06/23 21:00:37:080 UTC]  INFO cfg.Binder: Mapping class: com.dotmarketing.portlets.containers.model.ContainerVersionInfo -> container_version_info
[20/06/23 21:00:37:081 UTC]  INFO cfg.Binder: Mapping class: com.dotmarketing.portlets.links.model.LinkVersionInfo -> link_version_info
[20/06/23 21:00:37:082 UTC]  INFO cfg.Configuration: Mapping resource: com/dotmarketing/beans/DotCMSSeq_NOSQLGEN.hbm.xml
[20/06/23 21:00:37:096 UTC]  INFO cfg.Binder: Mapping class: com.dotmarketing.plugin.model.PluginProperty -> plugin_property
[20/06/23 21:00:37:144 UTC]  INFO cfg.Configuration: processing one-to-many association mappings
[20/06/23 21:00:37:144 UTC]  INFO cfg.Binder: Mapping collection: com.dotmarketing.beans.Clickstream.clickstreamRequests -> clickstream_request
[20/06/23 21:00:37:144 UTC]  INFO cfg.Configuration: processing one-to-one association property references
[20/06/23 21:00:37:144 UTC]  INFO cfg.Configuration: processing foreign key constraints
[20/06/23 21:00:37:159 UTC]  INFO dialect.Dialect: Using dialect: com.dotcms.repackage.net.sf.hibernate.dialect.PostgreSQLDialect
[20/06/23 21:00:37:162 UTC]  INFO cfg.SettingsFactory: Use outer join fetching: true
[20/06/23 21:00:37:165 UTC]  WARN connection.UserSuppliedConnectionProvider: No connection properties specified - the user must supply JDBC connections
[20/06/23 21:00:37:168 UTC]  INFO transaction.TransactionManagerLookupFactory: No TransactionManagerLookup configured (in JTA environment, use of process level read-write cache is not recommended)
[20/06/23 21:00:37:168 UTC]  INFO cfg.SettingsFactory: Use scrollable result sets: true
[20/06/23 21:00:37:168 UTC]  INFO cfg.SettingsFactory: Use JDBC3 getGeneratedKeys(): false
[20/06/23 21:00:37:168 UTC]  INFO cfg.SettingsFactory: Optimize cache for minimal puts: false
[20/06/23 21:00:37:168 UTC]  INFO cfg.SettingsFactory: Query language substitutions: {}
[20/06/23 21:00:37:168 UTC]  INFO cfg.SettingsFactory: cache provider: com.dotmarketing.db.NoCacheProvider
[20/06/23 21:00:37:174 UTC]  INFO cfg.Configuration: instantiating and configuring caches
[20/06/23 21:00:37:188 UTC]  INFO impl.SessionFactoryImpl: building session factory
[20/06/23 21:00:37:368 UTC]  INFO util.ReflectHelper: reflection optimizer disabled for: com.dotmarketing.beans.MultiTree, BulkBeanException: Index 1 out of bounds for length 0 (property setTreeOrder)
[20/06/23 21:00:37:689 UTC]  INFO impl.SessionFactoryObjectFactory: Not binding factory to JNDI, no JNDI name configured
[20/06/23 21:00:37:912 UTC]  WARN license.LicenseManager: Cannot upsert License to db (every 120000 millis)
[20/06/23 21:00:37:916 UTC]  INFO servlets.InitServlet: 
[20/06/23 21:00:37:918 UTC]  INFO servlets.InitServlet:  * Copyright (c) 2023 dotCMS Inc. 
[20/06/23 21:00:37:919 UTC]  INFO servlets.InitServlet:  * This software, code and any modifications to the code are licensed under the terms of the dotCMS Enterprise License 
[20/06/23 21:00:37:920 UTC]  INFO servlets.InitServlet:  * which can be found here : https://www.github.com/dotCMS/core/LICENSE 
[20/06/23 21:00:37:921 UTC]  INFO servlets.InitServlet: 
[20/06/23 21:00:37:930 UTC]  INFO h22.H22Cache: Initing H22 cache db:0
[20/06/23 21:00:37:935 UTC]  INFO h22.H22Cache: Building new H22 Cache, db:0
[20/06/23 21:00:37:952 UTC]  INFO h22.H22HikariPool: H22 on disk cache:jdbc:h2:/data/local/dotsecure/h22cache/0/2023-06-20_21-00-37/cache;MVCC=TRUE;DB_CLOSE_ON_EXIT=FALSE
[20/06/23 21:00:38:294 UTC]  INFO h22.H22Cache: Initing H22 cache db:1
[20/06/23 21:00:38:295 UTC]  INFO h22.H22Cache: Building new H22 Cache, db:1
[20/06/23 21:00:38:297 UTC]  INFO h22.H22HikariPool: H22 on disk cache:jdbc:h2:/data/local/dotsecure/h22cache/1/2023-06-20_21-00-38/cache;MVCC=TRUE;DB_CLOSE_ON_EXIT=FALSE
[20/06/23 21:00:38:362 UTC]  INFO timedcache.TimedCacheProvider: ===== Initializing [Timed Cache Provider].
[20/06/23 21:00:38:366 UTC]  INFO timedcache.TimedCacheProvider: ***	 Cache Config Memory : esquerycache: 10000
[20/06/23 21:00:38:367 UTC]  INFO timedcache.TimedCacheProvider: ***	 Cache Config Memory : esquerycountcache: 10000
[20/06/23 21:00:38:369 UTC]  INFO timedcache.TimedCacheProvider: ***	 Cache Config Memory : graphqlquerycache: 5000
[20/06/23 21:00:38:370 UTC]  INFO timedcache.TimedCacheProvider: ***	 Cache Config Memory : default: 1000
[20/06/23 21:00:38:372 UTC]  INFO timedcache.TimedCacheProvider: ***	 Cache Config Memory : adminconfigpool: 100
[20/06/23 21:00:38:372 UTC]  INFO timedcache.TimedCacheProvider: ***	 Cache Config Memory : companypool: 10
[20/06/23 21:00:38:372 UTC]  INFO timedcache.TimedCacheProvider: ***	 Cache Config Memory : contentletcache: 5000
[20/06/23 21:00:38:372 UTC]  INFO timedcache.TimedCacheProvider: ***	 Cache Config Memory : categoryparentscache: 30000
[20/06/23 21:00:38:372 UTC]  INFO timedcache.TimedCacheProvider: ***	 Cache Config Memory : taginodecache: 50000
[20/06/23 21:00:38:372 UTC]  INFO timedcache.TimedCacheProvider: ***	 Cache Config Memory : taginodesbyinodecache: 50000
[20/06/23 21:00:38:372 UTC]  INFO timedcache.TimedCacheProvider: ***	 Cache Config Memory : tagcache: 50000
[20/06/23 21:00:38:372 UTC]  INFO timedcache.TimedCacheProvider: ***	 Cache Config Memory : csscache: 2500
[20/06/23 21:00:38:372 UTC]  INFO timedcache.TimedCacheProvider: ***	 Cache Config Memory : assetmetadatacache: 10000
[20/06/23 21:00:38:375 UTC]  INFO timedcache.TimedCacheProvider: ***	 Cache Config Memory : identifiercache: 50000
[20/06/23 21:00:38:375 UTC]  INFO timedcache.TimedCacheProvider: ***	 Cache Config Memory : identifier404cache: 30000
[20/06/23 21:00:38:375 UTC]  INFO timedcache.TimedCacheProvider: ***	 Cache Config Memory : indiciescache: 8
[20/06/23 21:00:38:377 UTC]  INFO timedcache.TimedCacheProvider: ***	 Cache Config Memory : logmappercache: 10
[20/06/23 21:00:38:377 UTC]  INFO timedcache.TimedCacheProvider: ***	 Cache Config Memory : navcache: 1000
[20/06/23 21:00:38:377 UTC]  INFO timedcache.TimedCacheProvider: ***	 Cache Config Memory : parentpermissionablecache: 10000
[20/06/23 21:00:38:377 UTC]  INFO timedcache.TimedCacheProvider: ***	 Cache Config Memory : permissioncache: 50000
[20/06/23 21:00:38:377 UTC]  INFO timedcache.TimedCacheProvider: ***	 Cache Config Memory : portletpool: 100
[20/06/23 21:00:38:377 UTC]  INFO timedcache.TimedCacheProvider: ***	 Cache Config Memory : publishingendpointcache: 100
[20/06/23 21:00:38:377 UTC]  INFO timedcache.TimedCacheProvider: ***	 Cache Config Memory : pushedassetscache: 5000
[20/06/23 21:00:38:377 UTC]  INFO timedcache.TimedCacheProvider: ***	 Cache Config Memory : templatecache: 500
[20/06/23 21:00:38:378 UTC]  INFO timedcache.TimedCacheProvider: ***	 Cache Config Memory : translatedquerycache: 5000
[20/06/23 21:00:38:378 UTC]  INFO timedcache.TimedCacheProvider: ***	 Cache Config Memory : versioncache: 50000
[20/06/23 21:00:38:378 UTC]  INFO timedcache.TimedCacheProvider: ***	 Cache Config Memory : versioninfocache: 50000
[20/06/23 21:00:38:378 UTC]  INFO timedcache.TimedCacheProvider: ***	 Cache Config Memory : workflowactioncache: 10000
[20/06/23 21:00:38:378 UTC]  INFO timedcache.TimedCacheProvider: ***	 Cache Config Memory : workflowtaskcache: 10000
[20/06/23 21:00:38:378 UTC]  INFO timedcache.TimedCacheProvider: ***	 Cache Config Memory : shortyidcache: 25000
[20/06/23 21:00:38:378 UTC]  INFO timedcache.TimedCacheProvider: ***	 Cache Config Memory : velocitycache: 5000
[20/06/23 21:00:38:378 UTC]  INFO timedcache.TimedCacheProvider: ***	 Cache Config Memory : vanityurldirectcache: 25000
[20/06/23 21:00:38:378 UTC]  INFO timedcache.TimedCacheProvider: ***	 Cache Config Memory : vanityurlsitecache: 5000
[20/06/23 21:00:39:270 UTC]  INFO servlet.VisitorFilter: VisitorLogger Filter Started
[20/06/23 21:00:39:581 UTC]  INFO util.SystemProperties: Loading file:/srv/dotserver/tomcat-9.0.60/webapps/ROOT/WEB-INF/classes/system.properties
[20/06/23 21:00:39:584 UTC]  INFO util.SystemProperties: Loading file:/srv/dotserver/tomcat-9.0.60/webapps/ROOT/WEB-INF/classes/system-ext.properties
[20/06/23 21:00:39:591 UTC]  INFO util.SystemProperties: Loading file:/srv/dotserver/tomcat-9.0.60/webapps/ROOT/WEB-INF/classes/system.properties
[20/06/23 21:00:39:591 UTC]  INFO util.SystemProperties: Loading file:/srv/dotserver/tomcat-9.0.60/webapps/ROOT/WEB-INF/classes/system-ext.properties
[20/06/23 21:00:40:272 UTC]  INFO util.PropsLoader: Loading file:/srv/dotserver/tomcat-9.0.60/webapps/ROOT/WEB-INF/classes/portal.properties
[20/06/23 21:00:40:280 UTC]  INFO util.PropsLoader: Loading file:/srv/dotserver/tomcat-9.0.60/webapps/ROOT/WEB-INF/classes/portal-ext.properties
[20/06/23 21:00:44:368 UTC]  INFO tiles.TilesPlugin: Tiles definition factory loaded for module ''.
[20/06/23 21:00:44:374 UTC]  INFO validator.ValidatorPlugIn: Loading validation rules file from '/WEB-INF/validator-rules.xml'
[20/06/23 21:00:44:376 UTC]  INFO validator.ValidatorPlugIn: Loading validation rules file from '/WEB-INF/validation.xml'
[20/06/23 21:00:44:608 UTC]  INFO util.RestHighLevelClientProvider: disabling String.intern() in Jackson
[20/06/23 21:00:44:611 UTC]  WARN util.DotRestHighLevelClientProvider: Elastic RestHighLevelClient will be initialized without certificates
[20/06/23 21:00:44:617 UTC]  INFO util.DotRestHighLevelClientProvider: Initializing Elastic RestHighLevelClient using Basic authentication
[20/06/23 21:00:44:627 UTC]  INFO util.DotRestHighLevelClientProvider: Initializing Elastic RestHighLevelClient using endpoints [
[20/06/23 21:00:44:629 UTC]  INFO util.DotRestHighLevelClientProvider:   - http://elasticsearch:9200
[20/06/23 21:00:44:630 UTC]  INFO util.DotRestHighLevelClientProvider: ]
[20/06/23 21:00:44:631 UTC]  WARN util.DotRestHighLevelClientProvider: Initializing Elastic RestHighLevelClient using an unsecured http connection
[20/06/23 21:00:45:265 UTC]  INFO util.DotRestHighLevelClientProvider: RestHighLevelClientProvider com.dotcms.content.elasticsearch.util.DotRestHighLevelClientProvider loaded successfully
[20/06/23 21:00:45:650 UTC]  INFO startup.StartupTasksExecutor: Running Startup Tasks
[20/06/23 21:00:45:876 UTC]  INFO runalways.Task00001LoadSchema: -------------------------------------------------------------------------------------
[20/06/23 21:00:45:876 UTC]  INFO runalways.Task00001LoadSchema: 
[20/06/23 21:00:45:877 UTC]  INFO runalways.Task00001LoadSchema: Empty dotCMS database found.  Loading initial dotCMS schema for PostgreSQL
[20/06/23 21:00:45:877 UTC]  INFO runalways.Task00001LoadSchema: 
[20/06/23 21:00:45:877 UTC]  INFO runalways.Task00001LoadSchema: -------------------------------------------------------------------------------------
[20/06/23 21:00:45:880 UTC]  INFO startup.StartupTasksExecutor: Running Startup Tasks : Task00001LoadSchema
[20/06/23 21:00:45:880 UTC]  INFO runalways.Task00001LoadSchema: Loading schema
[20/06/23 21:00:45:909 UTC]  INFO timedcache.TimedCacheProvider: ===== Initializing [Timed Cache Provider].
[20/06/23 21:00:45:909 UTC]  INFO timedcache.TimedCacheProvider: ***	 Cache Config Memory : esquerycache: 10000
[20/06/23 21:00:45:912 UTC]  INFO timedcache.TimedCacheProvider: ***	 Cache Config Memory : esquerycountcache: 10000
[20/06/23 21:00:45:912 UTC]  INFO timedcache.TimedCacheProvider: ***	 Cache Config Memory : graphqlquerycache: 5000
[20/06/23 21:00:45:913 UTC]  INFO timedcache.TimedCacheProvider: ***	 Cache Config Memory : default: 1000
[20/06/23 21:00:45:914 UTC]  INFO timedcache.TimedCacheProvider: ***	 Cache Config Memory : adminconfigpool: 100
[20/06/23 21:00:45:915 UTC]  INFO timedcache.TimedCacheProvider: ***	 Cache Config Memory : companypool: 10
[20/06/23 21:00:45:916 UTC]  INFO timedcache.TimedCacheProvider: ***	 Cache Config Memory : contentletcache: 5000
[20/06/23 21:00:45:917 UTC]  INFO timedcache.TimedCacheProvider: ***	 Cache Config Memory : categoryparentscache: 30000
[20/06/23 21:00:45:919 UTC]  INFO timedcache.TimedCacheProvider: ***	 Cache Config Memory : taginodecache: 50000
[20/06/23 21:00:45:919 UTC]  INFO timedcache.TimedCacheProvider: ***	 Cache Config Memory : taginodesbyinodecache: 50000
[20/06/23 21:00:45:920 UTC]  INFO timedcache.TimedCacheProvider: ***	 Cache Config Memory : tagcache: 50000
[20/06/23 21:00:45:922 UTC]  INFO timedcache.TimedCacheProvider: ***	 Cache Config Memory : csscache: 2500
[20/06/23 21:00:45:923 UTC]  INFO timedcache.TimedCacheProvider: ***	 Cache Config Memory : assetmetadatacache: 10000
[20/06/23 21:00:45:924 UTC]  INFO timedcache.TimedCacheProvider: ***	 Cache Config Memory : identifiercache: 50000
[20/06/23 21:00:45:925 UTC]  INFO timedcache.TimedCacheProvider: ***	 Cache Config Memory : identifier404cache: 30000
[20/06/23 21:00:45:928 UTC]  INFO timedcache.TimedCacheProvider: ***	 Cache Config Memory : indiciescache: 8
[20/06/23 21:00:45:930 UTC]  INFO timedcache.TimedCacheProvider: ***	 Cache Config Memory : logmappercache: 10
[20/06/23 21:00:45:932 UTC]  INFO timedcache.TimedCacheProvider: ***	 Cache Config Memory : navcache: 1000
[20/06/23 21:00:45:934 UTC]  INFO timedcache.TimedCacheProvider: ***	 Cache Config Memory : parentpermissionablecache: 10000
[20/06/23 21:00:45:936 UTC]  INFO timedcache.TimedCacheProvider: ***	 Cache Config Memory : permissioncache: 50000
[20/06/23 21:00:45:936 UTC]  INFO timedcache.TimedCacheProvider: ***	 Cache Config Memory : portletpool: 100
[20/06/23 21:00:45:937 UTC]  INFO timedcache.TimedCacheProvider: ***	 Cache Config Memory : publishingendpointcache: 100
[20/06/23 21:00:45:938 UTC]  INFO timedcache.TimedCacheProvider: ***	 Cache Config Memory : pushedassetscache: 5000
[20/06/23 21:00:45:939 UTC]  INFO timedcache.TimedCacheProvider: ***	 Cache Config Memory : templatecache: 500
[20/06/23 21:00:45:939 UTC]  INFO timedcache.TimedCacheProvider: ***	 Cache Config Memory : translatedquerycache: 5000
[20/06/23 21:00:45:940 UTC]  INFO timedcache.TimedCacheProvider: ***	 Cache Config Memory : versioncache: 50000
[20/06/23 21:00:45:941 UTC]  INFO timedcache.TimedCacheProvider: ***	 Cache Config Memory : versioninfocache: 50000
[20/06/23 21:00:45:942 UTC]  INFO timedcache.TimedCacheProvider: ***	 Cache Config Memory : workflowactioncache: 10000
[20/06/23 21:00:45:944 UTC]  INFO timedcache.TimedCacheProvider: ***	 Cache Config Memory : workflowtaskcache: 10000
[20/06/23 21:00:45:944 UTC]  INFO timedcache.TimedCacheProvider: ***	 Cache Config Memory : shortyidcache: 25000
[20/06/23 21:00:45:945 UTC]  INFO timedcache.TimedCacheProvider: ***	 Cache Config Memory : velocitycache: 5000
[20/06/23 21:00:45:946 UTC]  INFO timedcache.TimedCacheProvider: ***	 Cache Config Memory : vanityurldirectcache: 25000
[20/06/23 21:00:45:951 UTC]  INFO timedcache.TimedCacheProvider: ***	 Cache Config Memory : vanityurlsitecache: 5000
[20/06/23 21:00:45:952 UTC]  INFO h22.H22Cache: Start Full Cache Flush in h22
[20/06/23 21:00:45:952 UTC]  INFO h22.H22Cache: Building new H22 Cache, db:0
[20/06/23 21:00:45:952 UTC]  INFO h22.H22HikariPool: H22 on disk cache:jdbc:h2:/data/local/dotsecure/h22cache/0/2023-06-20_21-00-45/cache;MVCC=TRUE;DB_CLOSE_ON_EXIT=FALSE
[20/06/23 21:00:46:050 UTC]  INFO h22.H22Cache: Building new H22 Cache, db:1
[20/06/23 21:00:46:052 UTC]  INFO h22.H22HikariPool: H22 on disk cache:jdbc:h2:/data/local/dotsecure/h22cache/1/2023-06-20_21-00-46/cache;MVCC=TRUE;DB_CLOSE_ON_EXIT=FALSE
[20/06/23 21:00:46:138 UTC]  INFO h22.H22Cache: End Full Cache Flush in h22 : 186ms
[20/06/23 21:00:46:710 UTC]  INFO runalways.Task00001LoadSchema: Schema created (507 statements executed)
[20/06/23 21:00:46:719 UTC]  INFO timedcache.TimedCacheProvider: ===== Initializing [Timed Cache Provider].
[20/06/23 21:00:46:719 UTC]  INFO timedcache.TimedCacheProvider: ***	 Cache Config Memory : esquerycache: 10000
[20/06/23 21:00:46:719 UTC]  INFO timedcache.TimedCacheProvider: ***	 Cache Config Memory : esquerycountcache: 10000
[20/06/23 21:00:46:719 UTC]  INFO timedcache.TimedCacheProvider: ***	 Cache Config Memory : graphqlquerycache: 5000
[20/06/23 21:00:46:719 UTC]  INFO timedcache.TimedCacheProvider: ***	 Cache Config Memory : default: 1000
[20/06/23 21:00:46:719 UTC]  INFO timedcache.TimedCacheProvider: ***	 Cache Config Memory : adminconfigpool: 100
[20/06/23 21:00:46:720 UTC]  INFO timedcache.TimedCacheProvider: ***	 Cache Config Memory : companypool: 10
[20/06/23 21:00:46:720 UTC]  INFO timedcache.TimedCacheProvider: ***	 Cache Config Memory : contentletcache: 5000
[20/06/23 21:00:46:720 UTC]  INFO timedcache.TimedCacheProvider: ***	 Cache Config Memory : categoryparentscache: 30000
[20/06/23 21:00:46:722 UTC]  INFO timedcache.TimedCacheProvider: ***	 Cache Config Memory : taginodecache: 50000
[20/06/23 21:00:46:722 UTC]  INFO timedcache.TimedCacheProvider: ***	 Cache Config Memory : taginodesbyinodecache: 50000
[20/06/23 21:00:46:728 UTC]  INFO timedcache.TimedCacheProvider: ***	 Cache Config Memory : tagcache: 50000
[20/06/23 21:00:46:728 UTC]  INFO timedcache.TimedCacheProvider: ***	 Cache Config Memory : csscache: 2500
[20/06/23 21:00:46:728 UTC]  INFO timedcache.TimedCacheProvider: ***	 Cache Config Memory : assetmetadatacache: 10000
[20/06/23 21:00:46:730 UTC]  INFO timedcache.TimedCacheProvider: ***	 Cache Config Memory : identifiercache: 50000
[20/06/23 21:00:46:730 UTC]  INFO timedcache.TimedCacheProvider: ***	 Cache Config Memory : identifier404cache: 30000
[20/06/23 21:00:46:730 UTC]  INFO timedcache.TimedCacheProvider: ***	 Cache Config Memory : indiciescache: 8
[20/06/23 21:00:46:731 UTC]  INFO timedcache.TimedCacheProvider: ***	 Cache Config Memory : logmappercache: 10
[20/06/23 21:00:46:731 UTC]  INFO timedcache.TimedCacheProvider: ***	 Cache Config Memory : navcache: 1000
[20/06/23 21:00:46:731 UTC]  INFO timedcache.TimedCacheProvider: ***	 Cache Config Memory : parentpermissionablecache: 10000
[20/06/23 21:00:46:731 UTC]  INFO timedcache.TimedCacheProvider: ***	 Cache Config Memory : permissioncache: 50000
[20/06/23 21:00:46:732 UTC]  INFO timedcache.TimedCacheProvider: ***	 Cache Config Memory : portletpool: 100
[20/06/23 21:00:46:733 UTC]  INFO timedcache.TimedCacheProvider: ***	 Cache Config Memory : publishingendpointcache: 100
[20/06/23 21:00:46:733 UTC]  INFO timedcache.TimedCacheProvider: ***	 Cache Config Memory : pushedassetscache: 5000
[20/06/23 21:00:46:734 UTC]  INFO timedcache.TimedCacheProvider: ***	 Cache Config Memory : templatecache: 500
[20/06/23 21:00:46:734 UTC]  INFO timedcache.TimedCacheProvider: ***	 Cache Config Memory : translatedquerycache: 5000
[20/06/23 21:00:46:734 UTC]  INFO timedcache.TimedCacheProvider: ***	 Cache Config Memory : versioncache: 50000
[20/06/23 21:00:46:738 UTC]  INFO timedcache.TimedCacheProvider: ***	 Cache Config Memory : versioninfocache: 50000
[20/06/23 21:00:46:738 UTC]  INFO timedcache.TimedCacheProvider: ***	 Cache Config Memory : workflowactioncache: 10000
[20/06/23 21:00:46:738 UTC]  INFO timedcache.TimedCacheProvider: ***	 Cache Config Memory : workflowtaskcache: 10000
[20/06/23 21:00:46:738 UTC]  INFO timedcache.TimedCacheProvider: ***	 Cache Config Memory : shortyidcache: 25000
[20/06/23 21:00:46:738 UTC]  INFO timedcache.TimedCacheProvider: ***	 Cache Config Memory : velocitycache: 5000
[20/06/23 21:00:46:738 UTC]  INFO timedcache.TimedCacheProvider: ***	 Cache Config Memory : vanityurldirectcache: 25000
[20/06/23 21:00:46:738 UTC]  INFO timedcache.TimedCacheProvider: ***	 Cache Config Memory : vanityurlsitecache: 5000
[20/06/23 21:00:46:738 UTC]  INFO h22.H22Cache: Start Full Cache Flush in h22
[20/06/23 21:00:46:738 UTC]  INFO h22.H22Cache: Building new H22 Cache, db:0
[20/06/23 21:00:46:748 UTC]  INFO h22.H22HikariPool: H22 on disk cache:jdbc:h2:/data/local/dotsecure/h22cache/0/2023-06-20_21-00-46/cache;MVCC=TRUE;DB_CLOSE_ON_EXIT=FALSE
[20/06/23 21:00:46:823 UTC]  INFO h22.H22Cache: Building new H22 Cache, db:1
[20/06/23 21:00:46:823 UTC]  INFO h22.H22HikariPool: H22 on disk cache:jdbc:h2:/data/local/dotsecure/h22cache/1/2023-06-20_21-00-46/cache;MVCC=TRUE;DB_CLOSE_ON_EXIT=FALSE
[20/06/23 21:00:46:837 UTC]  INFO h22.H22Cache: End Full Cache Flush in h22 : 99ms
[20/06/23 21:00:49:842 UTC]  INFO timedcache.TimedCacheProvider: ===== Initializing [Timed Cache Provider].
[20/06/23 21:00:49:842 UTC]  INFO timedcache.TimedCacheProvider: ***	 Cache Config Memory : esquerycache: 10000
[20/06/23 21:00:49:843 UTC]  INFO timedcache.TimedCacheProvider: ***	 Cache Config Memory : esquerycountcache: 10000
[20/06/23 21:00:49:843 UTC]  INFO timedcache.TimedCacheProvider: ***	 Cache Config Memory : graphqlquerycache: 5000
[20/06/23 21:00:49:843 UTC]  INFO timedcache.TimedCacheProvider: ***	 Cache Config Memory : default: 1000
[20/06/23 21:00:49:845 UTC]  INFO timedcache.TimedCacheProvider: ***	 Cache Config Memory : adminconfigpool: 100
[20/06/23 21:00:49:845 UTC]  INFO timedcache.TimedCacheProvider: ***	 Cache Config Memory : companypool: 10
[20/06/23 21:00:49:846 UTC]  INFO timedcache.TimedCacheProvider: ***	 Cache Config Memory : contentletcache: 5000
[20/06/23 21:00:49:846 UTC]  INFO timedcache.TimedCacheProvider: ***	 Cache Config Memory : categoryparentscache: 30000
[20/06/23 21:00:49:846 UTC]  INFO timedcache.TimedCacheProvider: ***	 Cache Config Memory : taginodecache: 50000
[20/06/23 21:00:49:846 UTC]  INFO timedcache.TimedCacheProvider: ***	 Cache Config Memory : taginodesbyinodecache: 50000
[20/06/23 21:00:49:848 UTC]  INFO timedcache.TimedCacheProvider: ***	 Cache Config Memory : tagcache: 50000
[20/06/23 21:00:49:848 UTC]  INFO timedcache.TimedCacheProvider: ***	 Cache Config Memory : csscache: 2500
[20/06/23 21:00:49:848 UTC]  INFO timedcache.TimedCacheProvider: ***	 Cache Config Memory : assetmetadatacache: 10000
[20/06/23 21:00:49:848 UTC]  INFO timedcache.TimedCacheProvider: ***	 Cache Config Memory : identifiercache: 50000
[20/06/23 21:00:49:848 UTC]  INFO timedcache.TimedCacheProvider: ***	 Cache Config Memory : identifier404cache: 30000
[20/06/23 21:00:49:848 UTC]  INFO timedcache.TimedCacheProvider: ***	 Cache Config Memory : indiciescache: 8
[20/06/23 21:00:49:848 UTC]  INFO timedcache.TimedCacheProvider: ***	 Cache Config Memory : logmappercache: 10
[20/06/23 21:00:49:848 UTC]  INFO timedcache.TimedCacheProvider: ***	 Cache Config Memory : navcache: 1000
[20/06/23 21:00:49:848 UTC]  INFO timedcache.TimedCacheProvider: ***	 Cache Config Memory : parentpermissionablecache: 10000
[20/06/23 21:00:49:848 UTC]  INFO timedcache.TimedCacheProvider: ***	 Cache Config Memory : permissioncache: 50000
[20/06/23 21:00:49:848 UTC]  INFO timedcache.TimedCacheProvider: ***	 Cache Config Memory : portletpool: 100
[20/06/23 21:00:49:849 UTC]  INFO timedcache.TimedCacheProvider: ***	 Cache Config Memory : publishingendpointcache: 100
[20/06/23 21:00:49:849 UTC]  INFO timedcache.TimedCacheProvider: ***	 Cache Config Memory : pushedassetscache: 5000
[20/06/23 21:00:49:849 UTC]  INFO timedcache.TimedCacheProvider: ***	 Cache Config Memory : templatecache: 500
[20/06/23 21:00:49:849 UTC]  INFO timedcache.TimedCacheProvider: ***	 Cache Config Memory : translatedquerycache: 5000
[20/06/23 21:00:49:849 UTC]  INFO timedcache.TimedCacheProvider: ***	 Cache Config Memory : versioncache: 50000
[20/06/23 21:00:49:849 UTC]  INFO timedcache.TimedCacheProvider: ***	 Cache Config Memory : versioninfocache: 50000
[20/06/23 21:00:49:850 UTC]  INFO timedcache.TimedCacheProvider: ***	 Cache Config Memory : workflowactioncache: 10000
[20/06/23 21:00:49:850 UTC]  INFO timedcache.TimedCacheProvider: ***	 Cache Config Memory : workflowtaskcache: 10000
[20/06/23 21:00:49:850 UTC]  INFO timedcache.TimedCacheProvider: ***	 Cache Config Memory : shortyidcache: 25000
[20/06/23 21:00:49:850 UTC]  INFO timedcache.TimedCacheProvider: ***	 Cache Config Memory : velocitycache: 5000
[20/06/23 21:00:49:850 UTC]  INFO timedcache.TimedCacheProvider: ***	 Cache Config Memory : vanityurldirectcache: 25000
[20/06/23 21:00:49:850 UTC]  INFO timedcache.TimedCacheProvider: ***	 Cache Config Memory : vanityurlsitecache: 5000
[20/06/23 21:00:49:850 UTC]  INFO h22.H22Cache: Start Full Cache Flush in h22
[20/06/23 21:00:49:851 UTC]  INFO h22.H22Cache: Building new H22 Cache, db:0
[20/06/23 21:00:49:851 UTC]  INFO h22.H22HikariPool: H22 on disk cache:jdbc:h2:/data/local/dotsecure/h22cache/0/2023-06-20_21-00-49/cache;MVCC=TRUE;DB_CLOSE_ON_EXIT=FALSE
[20/06/23 21:00:49:919 UTC]  INFO h22.H22Cache: Building new H22 Cache, db:1
[20/06/23 21:00:49:920 UTC]  INFO h22.H22HikariPool: H22 on disk cache:jdbc:h2:/data/local/dotsecure/h22cache/1/2023-06-20_21-00-49/cache;MVCC=TRUE;DB_CLOSE_ON_EXIT=FALSE
[20/06/23 21:00:49:996 UTC]  INFO h22.H22Cache: End Full Cache Flush in h22 : 145ms
[20/06/23 21:00:49:999 UTC]  INFO startup.StartupTasksExecutor: Not Running Startup Tasks: Task00002LoadClusterLicenses
[20/06/23 21:00:50:001 UTC]  INFO startup.StartupTasksExecutor: Running Startup Tasks : Task00003CreateSystemRoles
[20/06/23 21:00:50:016 UTC]  INFO startup.StartupTasksExecutor: Running Startup Tasks : Task00004LoadStarter
[20/06/23 21:00:50:040 UTC]  INFO db.DotCMSInitDb: There are no inodes - initializing db with starter site
[20/06/23 21:00:50:088 UTC]  INFO starter.ImportStarterUtil: Found 21 files to import
[20/06/23 21:00:50:091 UTC]  WARN util.FileUtil: /data/local/dotsecure/backup/temp/assets/messages/cms_language_zh_CN.properties is empty
[20/06/23 21:00:50:091 UTC]  WARN util.FileUtil: /data/local/dotsecure/backup/temp/assets/messages/cms_language_es_ES.properties is empty
[20/06/23 21:00:50:092 UTC]  WARN util.FileUtil: /data/local/dotsecure/backup/temp/assets/messages/cms_language_en_US.properties is empty
[20/06/23 21:00:50:093 UTC]  WARN util.FileUtil: /data/local/dotsecure/backup/temp/assets/messages/cms_language_fr_FR.properties is empty
[20/06/23 21:00:50:094 UTC]  INFO starter.ImportStarterUtil: About to delete all records from clickstream
[20/06/23 21:00:50:096 UTC]  INFO starter.ImportStarterUtil: Deleted all records from clickstream
[20/06/23 21:00:50:096 UTC]  INFO starter.ImportStarterUtil: About to delete all records from clickstream_request
[20/06/23 21:00:50:097 UTC]  INFO starter.ImportStarterUtil: Deleted all records from clickstream_request
[20/06/23 21:00:50:097 UTC]  INFO starter.ImportStarterUtil: About to delete all records from container_version_info
[20/06/23 21:00:50:099 UTC]  INFO starter.ImportStarterUtil: Deleted all records from container_version_info
[20/06/23 21:00:50:099 UTC]  INFO starter.ImportStarterUtil: About to delete all records from AdminConfig
[20/06/23 21:00:50:100 UTC]  INFO starter.ImportStarterUtil: Deleted all records from AdminConfig
[20/06/23 21:00:50:100 UTC]  INFO starter.ImportStarterUtil: About to delete all records from workflow_comment
[20/06/23 21:00:50:101 UTC]  INFO starter.ImportStarterUtil: Deleted all records from workflow_comment
[20/06/23 21:00:50:101 UTC]  INFO starter.ImportStarterUtil: About to delete all records from UserTracker
[20/06/23 21:00:50:102 UTC]  INFO starter.ImportStarterUtil: Deleted all records from UserTracker
[20/06/23 21:00:50:102 UTC]  INFO starter.ImportStarterUtil: About to delete all records from workflowtask_files
[20/06/23 21:00:50:104 UTC]  INFO starter.ImportStarterUtil: Deleted all records from workflowtask_files
[20/06/23 21:00:50:104 UTC]  INFO starter.ImportStarterUtil: About to delete all records from template_version_info
[20/06/23 21:00:50:105 UTC]  INFO starter.ImportStarterUtil: Deleted all records from template_version_info
[20/06/23 21:00:50:105 UTC]  INFO starter.ImportStarterUtil: About to delete all records from users_to_delete
[20/06/23 21:00:50:106 UTC]  INFO starter.ImportStarterUtil: Deleted all records from users_to_delete
[20/06/23 21:00:50:106 UTC]  INFO starter.ImportStarterUtil: About to delete all records from workflow_history
[20/06/23 21:00:50:107 UTC]  INFO starter.ImportStarterUtil: Deleted all records from workflow_history
[20/06/23 21:00:50:107 UTC]  INFO starter.ImportStarterUtil: About to delete all records from tag_inode
[20/06/23 21:00:50:109 UTC]  INFO starter.ImportStarterUtil: Deleted all records from tag_inode
[20/06/23 21:00:50:109 UTC]  INFO starter.ImportStarterUtil: About to delete all records from workflow_task
[20/06/23 21:00:50:110 UTC]  INFO starter.ImportStarterUtil: Deleted all records from workflow_task
[20/06/23 21:00:50:110 UTC]  INFO starter.ImportStarterUtil: About to delete all records from PasswordTracker
[20/06/23 21:00:50:111 UTC]  INFO starter.ImportStarterUtil: Deleted all records from PasswordTracker
[20/06/23 21:00:50:111 UTC]  INFO starter.ImportStarterUtil: About to delete all records from permission_reference
[20/06/23 21:00:50:113 UTC]  INFO starter.ImportStarterUtil: Deleted all records from permission_reference
[20/06/23 21:00:50:113 UTC]  INFO starter.ImportStarterUtil: About to delete all records from multi_tree
[20/06/23 21:00:50:114 UTC]  INFO starter.ImportStarterUtil: Deleted all records from multi_tree
[20/06/23 21:00:50:114 UTC]  INFO starter.ImportStarterUtil: About to delete all records from fixes_audit
[20/06/23 21:00:50:115 UTC]  INFO starter.ImportStarterUtil: Deleted all records from fixes_audit
[20/06/23 21:00:50:115 UTC]  INFO starter.ImportStarterUtil: About to delete all records from tag
[20/06/23 21:00:50:116 UTC]  INFO starter.ImportStarterUtil: Deleted all records from tag
[20/06/23 21:00:50:117 UTC]  INFO starter.ImportStarterUtil: About to delete all records from tree
[20/06/23 21:00:50:118 UTC]  INFO starter.ImportStarterUtil: Deleted all records from tree
[20/06/23 21:00:50:118 UTC]  INFO starter.ImportStarterUtil: About to delete all records from field
[20/06/23 21:00:50:119 UTC]  INFO starter.ImportStarterUtil: Deleted all records from field
[20/06/23 21:00:50:119 UTC]  INFO starter.ImportStarterUtil: About to delete all records from clickstream_404
[20/06/23 21:00:50:121 UTC]  INFO starter.ImportStarterUtil: Deleted all records from clickstream_404
[20/06/23 21:00:50:121 UTC]  INFO starter.ImportStarterUtil: About to delete all records from link_version_info
[20/06/23 21:00:50:122 UTC]  INFO starter.ImportStarterUtil: Deleted all records from link_version_info
[20/06/23 21:00:50:122 UTC]  INFO starter.ImportStarterUtil: About to delete all records from dot_containers
[20/06/23 21:00:50:123 UTC]  INFO starter.ImportStarterUtil: Deleted all records from dot_containers
[20/06/23 21:00:50:123 UTC]  INFO starter.ImportStarterUtil: About to delete all records from container_structures
[20/06/23 21:00:50:125 UTC]  INFO starter.ImportStarterUtil: Deleted all records from container_structures
[20/06/23 21:00:50:125 UTC]  INFO starter.ImportStarterUtil: About to delete all records from permission
[20/06/23 21:00:50:126 UTC]  INFO starter.ImportStarterUtil: Deleted all records from permission
[20/06/23 21:00:50:126 UTC]  INFO starter.ImportStarterUtil: About to delete all records from challenge_question
[20/06/23 21:00:50:127 UTC]  INFO starter.ImportStarterUtil: Deleted all records from challenge_question
[20/06/23 21:00:50:127 UTC]  INFO starter.ImportStarterUtil: About to delete all records from links
[20/06/23 21:00:50:128 UTC]  INFO starter.ImportStarterUtil: Deleted all records from links
[20/06/23 21:00:50:128 UTC]  INFO starter.ImportStarterUtil: About to delete all records from host_variable
[20/06/23 21:00:50:130 UTC]  INFO starter.ImportStarterUtil: Deleted all records from host_variable
[20/06/23 21:00:50:130 UTC]  INFO starter.ImportStarterUtil: About to delete all records from UserTrackerPath
[20/06/23 21:00:50:131 UTC]  INFO starter.ImportStarterUtil: Deleted all records from UserTrackerPath
[20/06/23 21:00:50:131 UTC]  INFO starter.ImportStarterUtil: About to delete all records from cms_layouts_portlets
[20/06/23 21:00:50:132 UTC]  INFO starter.ImportStarterUtil: Deleted all records from cms_layouts_portlets
[20/06/23 21:00:50:132 UTC]  INFO starter.ImportStarterUtil: About to delete all records from layouts_cms_roles
[20/06/23 21:00:50:133 UTC]  INFO starter.ImportStarterUtil: Deleted all records from layouts_cms_roles
[20/06/23 21:00:50:133 UTC]  INFO starter.ImportStarterUtil: About to delete all records from users_cms_roles
[20/06/23 21:00:50:134 UTC]  INFO starter.ImportStarterUtil: Deleted all records from users_cms_roles
[20/06/23 21:00:50:135 UTC]  INFO starter.ImportStarterUtil: About to delete all records from cms_role
[20/06/23 21:00:50:139 UTC]  INFO starter.ImportStarterUtil: Deleted all records from cms_role
[20/06/23 21:00:50:139 UTC]  INFO starter.ImportStarterUtil: About to delete all records from cms_layout
[20/06/23 21:00:50:140 UTC]  INFO starter.ImportStarterUtil: Deleted all records from cms_layout
[20/06/23 21:00:50:140 UTC]  INFO starter.ImportStarterUtil: About to delete all records from structure
[20/06/23 21:00:50:142 UTC]  INFO starter.ImportStarterUtil: Deleted all records from structure
[20/06/23 21:00:50:142 UTC]  INFO starter.ImportStarterUtil: About to delete all records from folder
[20/06/23 21:00:50:143 UTC]  INFO starter.ImportStarterUtil: Deleted all records from folder
[20/06/23 21:00:50:143 UTC]  INFO starter.ImportStarterUtil: About to delete all records from identifier
[20/06/23 21:00:50:145 UTC]  INFO starter.ImportStarterUtil: Deleted all records from identifier
[20/06/23 21:00:50:145 UTC]  INFO starter.ImportStarterUtil: About to delete all records from inode
[20/06/23 21:00:50:146 UTC]  INFO starter.ImportStarterUtil: Deleted all records from inode
[20/06/23 21:00:50:146 UTC]  INFO starter.ImportStarterUtil: About to delete all records from user_
[20/06/23 21:00:50:157 UTC]  INFO starter.ImportStarterUtil: Deleted all records from user_
[20/06/23 21:00:50:157 UTC]  INFO starter.ImportStarterUtil: About to delete all records from company
[20/06/23 21:00:50:166 UTC]  INFO starter.ImportStarterUtil: Deleted all records from company
[20/06/23 21:00:50:166 UTC]  INFO starter.ImportStarterUtil: About to delete all records from counter
[20/06/23 21:00:50:167 UTC]  INFO starter.ImportStarterUtil: Deleted all records from counter
[20/06/23 21:00:50:167 UTC]  INFO starter.ImportStarterUtil: About to delete all records from image
[20/06/23 21:00:50:167 UTC]  INFO starter.ImportStarterUtil: Deleted all records from image
[20/06/23 21:00:50:167 UTC]  INFO starter.ImportStarterUtil: About to delete all records from portlet
[20/06/23 21:00:50:168 UTC]  INFO starter.ImportStarterUtil: Deleted all records from portlet
[20/06/23 21:00:50:168 UTC]  INFO starter.ImportStarterUtil: About to delete all records from portletpreferences
[20/06/23 21:00:50:169 UTC]  INFO starter.ImportStarterUtil: Deleted all records from portletpreferences
[20/06/23 21:00:50:169 UTC]  INFO starter.ImportStarterUtil: About to delete all records from address
[20/06/23 21:00:50:170 UTC]  INFO starter.ImportStarterUtil: Deleted all records from address
[20/06/23 21:00:50:170 UTC]  INFO starter.ImportStarterUtil: About to delete all records from plugin_property
[20/06/23 21:00:50:172 UTC]  INFO starter.ImportStarterUtil: Deleted all records from plugin_property
[20/06/23 21:00:50:172 UTC]  INFO starter.ImportStarterUtil: About to delete all records from plugin
[20/06/23 21:00:50:172 UTC]  INFO starter.ImportStarterUtil: Deleted all records from plugin
[20/06/23 21:00:50:208 UTC]  INFO starter.ImportStarterUtil: **** Importing the file: /data/local/dotsecure/backup/temp/com.liferay.portal.model.Company.json *****
[20/06/23 21:00:50:209 UTC]  INFO starter.ImportStarterUtil: Importing:	com.liferay.portal.model.Company
[20/06/23 21:00:50:299 UTC]  INFO starter.ImportStarterUtil: Found :	1 com.liferay.portal.model.Company(s)
[20/06/23 21:00:50:407 UTC]  INFO starter.ImportStarterUtil: **** Importing the file: /data/local/dotsecure/backup/temp/com.dotmarketing.business.Role_0000000000.json *****
[20/06/23 21:00:50:416 UTC]  INFO starter.ImportStarterUtil: Importing:	com.dotmarketing.business.Role
[20/06/23 21:00:50:434 UTC]  INFO starter.ImportStarterUtil: Found :	18 com.dotmarketing.business.Role(s)
[20/06/23 21:00:50:441 UTC]  INFO starter.ImportStarterUtil: roleKey:cms_users = 0
[20/06/23 21:00:50:445 UTC]  INFO starter.ImportStarterUtil: roleKey:System = 0
[20/06/23 21:00:50:448 UTC]  INFO starter.ImportStarterUtil: roleKey:DOTCMS_BACK_END_USER = 0
[20/06/23 21:00:50:450 UTC]  INFO starter.ImportStarterUtil: roleKey:cms_workflow_any_who_can_view = 0
[20/06/23 21:00:50:454 UTC]  INFO starter.ImportStarterUtil: roleKey:Form Editor = 0
[20/06/23 21:00:50:456 UTC]  INFO starter.ImportStarterUtil: roleKey:dotcms.org.default = 0
[20/06/23 21:00:50:459 UTC]  INFO starter.ImportStarterUtil: roleKey:cms_workflow_any_who_can_edit_permissions = 0
[20/06/23 21:00:50:462 UTC]  INFO starter.ImportStarterUtil: roleKey:cms_workflow_any_who_can_edit = 0
[20/06/23 21:00:50:465 UTC]  INFO starter.ImportStarterUtil: roleKey:CMS Anonymous = 0
[20/06/23 21:00:50:468 UTC]  INFO starter.ImportStarterUtil: roleKey:CMS Owner = 0
[20/06/23 21:00:50:470 UTC]  INFO starter.ImportStarterUtil: roleKey:Login As = 0
[20/06/23 21:00:50:474 UTC]  INFO starter.ImportStarterUtil: roleKey:LDAP User = 0
[20/06/23 21:00:50:475 UTC]  INFO starter.ImportStarterUtil: roleKey:CMS Administrator = 0
[20/06/23 21:00:50:477 UTC]  INFO starter.ImportStarterUtil: roleKey:DOTCMS_FRONT_END_USER = 0
[20/06/23 21:00:50:480 UTC]  INFO starter.ImportStarterUtil: roleKey:cms_workflow_any_who_can_publish = 0
[20/06/23 21:00:50:481 UTC]  INFO starter.ImportStarterUtil: roleKey:dotcms.org.1 = 0
[20/06/23 21:00:50:486 UTC]  INFO starter.ImportStarterUtil: roleKey:anonymous = 0
[20/06/23 21:00:50:487 UTC]  INFO starter.ImportStarterUtil: roleKey:Scripting Developer = 0
[20/06/23 21:00:50:488 UTC]  INFO starter.ImportStarterUtil: **** Importing the file: /data/local/dotsecure/backup/temp/com.liferay.portal.model.User.json *****
[20/06/23 21:00:50:490 UTC]  INFO starter.ImportStarterUtil: Importing:	com.liferay.portal.model.User
[20/06/23 21:00:50:515 UTC]  INFO starter.ImportStarterUtil: Found :	4 com.liferay.portal.model.User(s)
[20/06/23 21:00:50:563 UTC]  WARN util.LocaleUtil: null is not a valid language id
[20/06/23 21:00:50:573 UTC]  WARN business.UserHelper: Error loading user with id dotcms.org.1
[20/06/23 21:00:50:656 UTC]  INFO xml.Marshaller: Marshaller called using one of the *static*  marshal(Object, *) methods. This will ignore any  mapping files as specified. Please consider switching to  using Marshaller instances and calling one of the marshal(*) methods.
[20/06/23 21:00:52:301 UTC]  WARN business.UserHelper: Error loading user with id system
[20/06/23 21:00:53:273 UTC]  INFO util.SecurityLogger: class com.dotmarketing.business.RoleAPIImpl : Adding role:'Admin User' to user:dotcms.org.1 email:admin@dotcms.com -- ip:ukn,user:null
[20/06/23 21:00:53:282 UTC]  WARN business.UserHelper: Error loading user with id anonymous
[20/06/23 21:00:54:236 UTC]  INFO util.SecurityLogger: class com.dotmarketing.business.RoleAPIImpl : Adding role:'anonymous user anonymous' to user:anonymous email:anonymous@dotcms.anonymoususer -- ip:ukn,user:null
[20/06/23 21:00:54:238 UTC]  INFO starter.ImportStarterUtil: 
[20/06/23 21:00:54:238 UTC]  INFO starter.ImportStarterUtil: 
[20/06/23 21:00:54:239 UTC]  INFO starter.ImportStarterUtil: **** Importing the file: /data/local/dotsecure/backup/temp/com.dotmarketing.business.UsersRoles_0000000000.json *****
[20/06/23 21:00:54:239 UTC]  INFO starter.ImportStarterUtil: Importing:	com.dotmarketing.business.UsersRoles
[20/06/23 21:00:54:241 UTC]  INFO starter.ImportStarterUtil: Found :	14 com.dotmarketing.business.UsersRoles(s)
[20/06/23 21:00:54:250 UTC]  INFO starter.ImportStarterUtil: **** Importing the file: /data/local/dotsecure/backup/temp/com.dotmarketing.business.Layout_0000000000.json *****
[20/06/23 21:00:54:251 UTC]  INFO starter.ImportStarterUtil: Importing:	com.dotmarketing.business.Layout
[20/06/23 21:00:54:253 UTC]  INFO starter.ImportStarterUtil: Found :	11 com.dotmarketing.business.Layout(s)
[20/06/23 21:00:54:264 UTC]  INFO starter.ImportStarterUtil: **** Importing the file: /data/local/dotsecure/backup/temp/com.dotmarketing.business.PortletsLayouts_0000000000.json *****
[20/06/23 21:00:54:264 UTC]  INFO starter.ImportStarterUtil: Importing:	com.dotmarketing.business.PortletsLayouts
[20/06/23 21:00:54:267 UTC]  INFO starter.ImportStarterUtil: Found :	36 com.dotmarketing.business.PortletsLayouts(s)
[20/06/23 21:00:54:294 UTC]  INFO starter.ImportStarterUtil: **** Importing the file: /data/local/dotsecure/backup/temp/com.dotmarketing.business.LayoutsRoles_0000000000.json *****
[20/06/23 21:00:54:294 UTC]  INFO starter.ImportStarterUtil: Importing:	com.dotmarketing.business.LayoutsRoles
[20/06/23 21:00:54:296 UTC]  INFO starter.ImportStarterUtil: Found :	7 com.dotmarketing.business.LayoutsRoles(s)
[20/06/23 21:00:54:306 UTC]  INFO starter.ImportStarterUtil: **** Importing the file: /data/local/dotsecure/backup/temp/com.dotmarketing.portlets.languagesmanager.model.Language_0000000000.json *****
[20/06/23 21:00:54:307 UTC]  INFO starter.ImportStarterUtil: Importing:	com.dotmarketing.portlets.languagesmanager.model.Language
[20/06/23 21:00:54:310 UTC]  INFO starter.ImportStarterUtil: Found :	1 com.dotmarketing.portlets.languagesmanager.model.Language(s)
[20/06/23 21:00:54:326 UTC]  INFO starter.ImportStarterUtil: Importing folder path /System foldersystem folder
[20/06/23 21:00:54:362 UTC]  INFO starter.ImportStarterUtil: **** Importing the file: /data/local/dotsecure/backup/temp/com.dotmarketing.portlets.folders.model.Folder_0000000000.json *****
[20/06/23 21:00:54:363 UTC]  INFO starter.ImportStarterUtil: Importing:	com.dotmarketing.portlets.folders.model.Folder
[20/06/23 21:00:54:369 UTC]  INFO starter.ImportStarterUtil: Found :	1 com.dotmarketing.portlets.folders.model.Folder(s)
[20/06/23 21:00:54:810 UTC]  INFO business.ContentTypeAPIImpl: Content type not found with given id: c938b15f-bcb6-49ef-8651-14d455a97045. Continuing...
[20/06/23 21:00:54:976 UTC]  INFO util.ActivityLogger: class com.dotmarketing.util.ActivityLogger: system : Save Field Action , User system/system user added field Site/Folder to Persona Structure.
[20/06/23 21:00:55:036 UTC]  INFO util.ActivityLogger: class com.dotmarketing.util.ActivityLogger: system : Save Field Action , User system/system user added field Name to Persona Structure.
[20/06/23 21:00:55:073 UTC]  INFO util.ActivityLogger: class com.dotmarketing.util.ActivityLogger: system : Save Field Action , User system/system user added field Key Tag to Persona Structure.
[20/06/23 21:00:55:141 UTC]  INFO util.ActivityLogger: class com.dotmarketing.util.ActivityLogger: system : Save Field Action , User system/system user added field Photo to Persona Structure.
[20/06/23 21:00:55:190 UTC]  INFO util.ActivityLogger: class com.dotmarketing.util.ActivityLogger: system : Save Field Action , User system/system user added field Other Tags to Persona Structure.
[20/06/23 21:00:55:245 UTC]  INFO util.ActivityLogger: class com.dotmarketing.util.ActivityLogger: system : Save Field Action , User system/system user added field Description to Persona Structure.
[20/06/23 21:00:55:281 UTC]  INFO util.ActivityLogger: class com.dotcms.contenttype.business.ContentTypeAPIImpl: system : Save ContentType Action , User system/system user system user added ContentType Persona to host id:SYSTEM_HOST
[20/06/23 21:00:55:282 UTC]  INFO business.ContentTypeAPIImpl: UserId : system : ContentType : ContentType saved : Persona
[20/06/23 21:00:55:283 UTC]  INFO util.AdminLogger: UserId : system : class com.dotcms.contenttype.business.ContentTypeAPIImpl : ContentType : ContentType saved : Persona
[20/06/23 21:00:55:312 UTC]  INFO business.ContentTypeAPIImpl: Content type not found with given id: f4d7c1b8-2c88-4071-abf1-a5328977b07d. Continuing...
[20/06/23 21:00:55:343 UTC]  INFO util.ActivityLogger: class com.dotmarketing.util.ActivityLogger: system : Save Field Action , User system/system user added field Key to Language Variable Structure.
[20/06/23 21:00:55:370 UTC]  INFO util.ActivityLogger: class com.dotmarketing.util.ActivityLogger: system : Save Field Action , User system/system user added field Value to Language Variable Structure.
[20/06/23 21:00:55:382 UTC]  INFO util.ActivityLogger: class com.dotcms.contenttype.business.ContentTypeAPIImpl: system : Save ContentType Action , User system/system user system user added ContentType Language Variable to host id:SYSTEM_HOST
[20/06/23 21:00:55:382 UTC]  INFO business.ContentTypeAPIImpl: UserId : system : ContentType : ContentType saved : Language Variable
[20/06/23 21:00:55:382 UTC]  INFO util.AdminLogger: UserId : system : class com.dotcms.contenttype.business.ContentTypeAPIImpl : ContentType : ContentType saved : Language Variable
[20/06/23 21:00:55:435 UTC]  INFO business.ContentTypeAPIImpl: Content type not found with given id: 4d21b6d8-1711-4ae6-9419-89e2b1ae5a06. Continuing...
[20/06/23 21:00:55:460 UTC]  INFO util.ActivityLogger: class com.dotmarketing.util.ActivityLogger: system : Save Field Action , User system/system user added field Form ID to Forms Structure.
[20/06/23 21:00:55:486 UTC]  INFO util.ActivityLogger: class com.dotmarketing.util.ActivityLogger: system : Save Field Action , User system/system user added field Widget Title to Forms Structure.
[20/06/23 21:00:55:520 UTC]  INFO util.ActivityLogger: class com.dotmarketing.util.ActivityLogger: system : Save Field Action , User system/system user added field Widget Usage to Forms Structure.
[20/06/23 21:00:55:560 UTC]  INFO util.ActivityLogger: class com.dotmarketing.util.ActivityLogger: system : Save Field Action , User system/system user added field Widget Code to Forms Structure.
[20/06/23 21:00:55:605 UTC]  INFO util.ActivityLogger: class com.dotmarketing.util.ActivityLogger: system : Save Field Action , User system/system user added field Widget Pre-Execute to Forms Structure.
[20/06/23 21:00:55:622 UTC]  INFO util.ActivityLogger: class com.dotcms.contenttype.business.ContentTypeAPIImpl: system : Save ContentType Action , User system/system user system user added ContentType Forms to host id:SYSTEM_HOST
[20/06/23 21:00:55:622 UTC]  INFO business.ContentTypeAPIImpl: UserId : system : ContentType : ContentType saved : Forms
[20/06/23 21:00:55:622 UTC]  INFO util.AdminLogger: UserId : system : class com.dotcms.contenttype.business.ContentTypeAPIImpl : ContentType : ContentType saved : Forms
[20/06/23 21:00:55:654 UTC]  INFO business.ContentTypeAPIImpl: Content type not found with given id: f2d8a1c7-2b77-2081-bcf1-b5348988c08d. Continuing...
[20/06/23 21:00:55:680 UTC]  INFO util.ActivityLogger: class com.dotmarketing.util.ActivityLogger: system : Save Field Action , User system/system user added field Site or Folder to dotAsset Structure.
[20/06/23 21:00:55:705 UTC]  INFO util.ActivityLogger: class com.dotmarketing.util.ActivityLogger: system : Save Field Action , User system/system user added field Asset to dotAsset Structure.
[20/06/23 21:00:55:733 UTC]  INFO util.ActivityLogger: class com.dotmarketing.util.ActivityLogger: system : Save Field Action , User system/system user added field Tags to dotAsset Structure.
[20/06/23 21:00:55:747 UTC]  INFO util.ActivityLogger: class com.dotcms.contenttype.business.ContentTypeAPIImpl: system : Save ContentType Action , User system/system user system user added ContentType dotAsset to host id:SYSTEM_HOST
[20/06/23 21:00:55:748 UTC]  INFO business.ContentTypeAPIImpl: UserId : system : ContentType : ContentType saved : dotAsset
[20/06/23 21:00:55:749 UTC]  INFO util.AdminLogger: UserId : system : class com.dotcms.contenttype.business.ContentTypeAPIImpl : ContentType : ContentType saved : dotAsset
[20/06/23 21:00:55:798 UTC]  INFO business.ContentTypeAPIImpl: Content type not found with given id: 33888b6f-7a8e-4069-b1b6-5c1aa9d0a48d. Continuing...
[20/06/23 21:00:55:812 UTC]  INFO util.ActivityLogger: class com.dotmarketing.util.ActivityLogger: system : Save Field Action , User system/system user added field Host Or Folder to File Asset Structure.
[20/06/23 21:00:55:826 UTC]  INFO util.ActivityLogger: class com.dotmarketing.util.ActivityLogger: system : Save Field Action , User system/system user added field File Name to File Asset Structure.
[20/06/23 21:00:55:841 UTC]  INFO util.ActivityLogger: class com.dotmarketing.util.ActivityLogger: system : Save Field Action , User system/system user added field File Asset to File Asset Structure.
[20/06/23 21:00:55:859 UTC]  INFO util.ActivityLogger: class com.dotmarketing.util.ActivityLogger: system : Save Field Action , User system/system user added field Title to File Asset Structure.
[20/06/23 21:00:55:879 UTC]  INFO util.ActivityLogger: class com.dotmarketing.util.ActivityLogger: system : Save Field Action , User system/system user added field Metadata to File Asset Structure.
[20/06/23 21:00:55:921 UTC]  INFO util.ActivityLogger: class com.dotmarketing.util.ActivityLogger: system : Save Field Action , User system/system user added field Metadata to File Asset Structure.
[20/06/23 21:00:55:951 UTC]  INFO util.ActivityLogger: class com.dotmarketing.util.ActivityLogger: system : Save Field Action , User system/system user added field Show On Menu to File Asset Structure.
[20/06/23 21:00:55:978 UTC]  INFO util.ActivityLogger: class com.dotmarketing.util.ActivityLogger: system : Save Field Action , User system/system user added field Sort Order to File Asset Structure.
[20/06/23 21:00:56:008 UTC]  INFO util.ActivityLogger: class com.dotmarketing.util.ActivityLogger: system : Save Field Action , User system/system user added field Description to File Asset Structure.
[20/06/23 21:00:56:021 UTC]  INFO util.ActivityLogger: class com.dotcms.contenttype.business.ContentTypeAPIImpl: system : Save ContentType Action , User system/system user system user added ContentType File Asset to host id:SYSTEM_HOST
[20/06/23 21:00:56:021 UTC]  INFO business.ContentTypeAPIImpl: UserId : system : ContentType : ContentType saved : File Asset
[20/06/23 21:00:56:021 UTC]  INFO util.AdminLogger: UserId : system : class com.dotcms.contenttype.business.ContentTypeAPIImpl : ContentType : ContentType saved : File Asset
[20/06/23 21:00:56:051 UTC]  INFO business.ContentTypeAPIImpl: Content type not found with given id: 8e850645-bb92-4fda-a765-e67063a59be0. Continuing...
[20/06/23 21:00:56:064 UTC]  INFO util.ActivityLogger: class com.dotmarketing.util.ActivityLogger: system : Save Field Action , User system/system user added field Title to Vanity URL Structure.
[20/06/23 21:00:56:079 UTC]  INFO util.ActivityLogger: class com.dotmarketing.util.ActivityLogger: system : Save Field Action , User system/system user added field Site to Vanity URL Structure.
[20/06/23 21:00:56:095 UTC]  INFO util.ActivityLogger: class com.dotmarketing.util.ActivityLogger: system : Save Field Action , User system/system user added field Uri to Vanity URL Structure.
[20/06/23 21:00:56:113 UTC]  INFO util.ActivityLogger: class com.dotmarketing.util.ActivityLogger: system : Save Field Action , User system/system user added field Action to Vanity URL Structure.
[20/06/23 21:00:56:133 UTC]  INFO util.ActivityLogger: class com.dotmarketing.util.ActivityLogger: system : Save Field Action , User system/system user added field Forward To to Vanity URL Structure.
[20/06/23 21:00:56:157 UTC]  INFO util.ActivityLogger: class com.dotmarketing.util.ActivityLogger: system : Save Field Action , User system/system user added field Order to Vanity URL Structure.
[20/06/23 21:00:56:167 UTC]  INFO util.ActivityLogger: class com.dotcms.contenttype.business.ContentTypeAPIImpl: system : Save ContentType Action , User system/system user system user added ContentType Vanity URL to host id:SYSTEM_HOST
[20/06/23 21:00:56:168 UTC]  INFO business.ContentTypeAPIImpl: UserId : system : ContentType : ContentType saved : Vanity URL
[20/06/23 21:00:56:169 UTC]  INFO util.AdminLogger: UserId : system : class com.dotcms.contenttype.business.ContentTypeAPIImpl : ContentType : ContentType saved : Vanity URL
[20/06/23 21:00:56:186 UTC]  INFO business.ContentTypeAPIImpl: Content type not found with given id: c541abb1-69b3-4bc5-8430-5e09e5239cc8. Continuing...
[20/06/23 21:00:56:199 UTC]  INFO util.ActivityLogger: class com.dotmarketing.util.ActivityLogger: system : Save Field Action , User system/system user added field Title to Page Structure.
[20/06/23 21:00:56:212 UTC]  INFO util.ActivityLogger: class com.dotmarketing.util.ActivityLogger: system : Save Field Action , User system/system user added field Url to Page Structure.
[20/06/23 21:00:56:234 UTC]  INFO util.ActivityLogger: class com.dotmarketing.util.ActivityLogger: system : Save Field Action , User system/system user added field Host or Folder to Page Structure.
[20/06/23 21:00:56:256 UTC]  INFO util.ActivityLogger: class com.dotmarketing.util.ActivityLogger: system : Save Field Action , User system/system user added field Template to Page Structure.
[20/06/23 21:00:56:279 UTC]  INFO util.ActivityLogger: class com.dotmarketing.util.ActivityLogger: system : Save Field Action , User system/system user added field Friendly Name to Page Structure.
[20/06/23 21:00:56:309 UTC]  INFO util.ActivityLogger: class com.dotmarketing.util.ActivityLogger: system : Save Field Action , User system/system user added field Show on Menu to Page Structure.
[20/06/23 21:00:56:344 UTC]  INFO util.ActivityLogger: class com.dotmarketing.util.ActivityLogger: system : Save Field Action , User system/system user added field Sort Order to Page Structure.
[20/06/23 21:00:56:373 UTC]  INFO util.ActivityLogger: class com.dotmarketing.util.ActivityLogger: system : Save Field Action , User system/system user added field Cache TTL to Page Structure.
[20/06/23 21:00:56:402 UTC]  INFO util.ActivityLogger: class com.dotmarketing.util.ActivityLogger: system : Save Field Action , User system/system user added field Advanced Properties to Page Structure.
[20/06/23 21:00:56:431 UTC]  INFO util.ActivityLogger: class com.dotmarketing.util.ActivityLogger: system : Save Field Action , User system/system user added field Redirect Url to Page Structure.
[20/06/23 21:00:56:465 UTC]  INFO util.ActivityLogger: class com.dotmarketing.util.ActivityLogger: system : Save Field Action , User system/system user added field HTTPS Required to Page Structure.
[20/06/23 21:00:56:509 UTC]  INFO util.ActivityLogger: class com.dotmarketing.util.ActivityLogger: system : Save Field Action , User system/system user added field SEO Description to Page Structure.
[20/06/23 21:00:56:552 UTC]  INFO util.ActivityLogger: class com.dotmarketing.util.ActivityLogger: system : Save Field Action , User system/system user added field SEO Keywords to Page Structure.
[20/06/23 21:00:56:588 UTC]  INFO util.ActivityLogger: class com.dotmarketing.util.ActivityLogger: system : Save Field Action , User system/system user added field Page Metadata to Page Structure.
[20/06/23 21:00:56:626 UTC]  INFO util.ActivityLogger: class com.dotmarketing.util.ActivityLogger: system : Save Field Action , User system/system user added field Canonical URL to Page Structure.
[20/06/23 21:00:56:645 UTC]  INFO util.ActivityLogger: class com.dotcms.contenttype.business.ContentTypeAPIImpl: system : Save ContentType Action , User system/system user system user added ContentType Page to host id:SYSTEM_HOST
[20/06/23 21:00:56:646 UTC]  INFO business.ContentTypeAPIImpl: UserId : system : ContentType : ContentType saved : Page
[20/06/23 21:00:56:647 UTC]  INFO util.AdminLogger: UserId : system : class com.dotcms.contenttype.business.ContentTypeAPIImpl : ContentType : ContentType saved : Page
[20/06/23 21:00:56:710 UTC]  INFO business.ContentTypeAPIImpl: Content type not found with given id: 855a2d72-f2f3-4169-8b04-ac5157c4380c. Continuing...
[20/06/23 21:00:56:736 UTC]  INFO util.ActivityLogger: class com.dotmarketing.util.ActivityLogger: system : Save Field Action , User system/system user added field fields-2 to Host Structure.
[20/06/23 21:00:56:747 UTC]  INFO util.ActivityLogger: class com.dotmarketing.util.ActivityLogger: system : Save Field Action , User system/system user added field fields-3 to Host Structure.
[20/06/23 21:00:56:761 UTC]  INFO util.ActivityLogger: class com.dotmarketing.util.ActivityLogger: system : Save Field Action , User system/system user added field Site Key to Host Structure.
[20/06/23 21:00:56:786 UTC]  INFO util.ActivityLogger: class com.dotmarketing.util.ActivityLogger: system : Save Field Action , User system/system user added field Aliases to Host Structure.
[20/06/23 21:00:56:813 UTC]  INFO util.ActivityLogger: class com.dotmarketing.util.ActivityLogger: system : Save Field Action , User system/system user added field Tag Storage to Host Structure.
[20/06/23 21:00:56:852 UTC]  INFO util.ActivityLogger: class com.dotmarketing.util.ActivityLogger: system : Save Field Action , User system/system user added field Is Default to Host Structure.
[20/06/23 21:00:56:884 UTC]  INFO util.ActivityLogger: class com.dotmarketing.util.ActivityLogger: system : Save Field Action , User system/system user added field Is System Host to Host Structure.
[20/06/23 21:00:56:908 UTC]  INFO util.ActivityLogger: class com.dotmarketing.util.ActivityLogger: system : Save Field Action , User system/system user added field Host Thumbnail to Host Structure.
[20/06/23 21:00:56:934 UTC]  INFO util.ActivityLogger: class com.dotmarketing.util.ActivityLogger: system : Save Field Action , User system/system user added field Run Dashboard to Host Structure.
[20/06/23 21:00:56:946 UTC]  INFO util.ActivityLogger: class com.dotcms.contenttype.business.ContentTypeAPIImpl: system : Save ContentType Action , User system/system user system user added ContentType Host to host id:SYSTEM_HOST
[20/06/23 21:00:56:948 UTC]  INFO business.ContentTypeAPIImpl: UserId : system : ContentType : ContentType saved : Host
[20/06/23 21:00:56:949 UTC]  INFO util.AdminLogger: UserId : system : class com.dotcms.contenttype.business.ContentTypeAPIImpl : ContentType : ContentType saved : Host
[20/06/23 21:00:56:953 UTC]  INFO business.ContentTypeAPIImpl: Content type not found with given id: 2c46b6586c38852ac08a824a303ced80. Continuing...
[20/06/23 21:00:56:975 UTC]  INFO util.ActivityLogger: class com.dotmarketing.util.ActivityLogger: system : Save Field Action , User system/system user added field Site or Folder to Image Structure.
[20/06/23 21:00:56:997 UTC]  INFO util.ActivityLogger: class com.dotmarketing.util.ActivityLogger: system : Save Field Action , User system/system user added field Asset to Image Structure.
[20/06/23 21:00:57:021 UTC]  INFO util.ActivityLogger: class com.dotmarketing.util.ActivityLogger: system : Save Field Action , User system/system user added field Tags to Image Structure.
[20/06/23 21:00:57:029 UTC]  INFO util.ActivityLogger: class com.dotcms.contenttype.business.ContentTypeAPIImpl: system : Save ContentType Action , User system/system user system user added ContentType Image to host id:8a7d5e23-da1e-420a-b4f0-471e7da8ea2d
[20/06/23 21:00:57:030 UTC]  INFO business.ContentTypeAPIImpl: UserId : system : ContentType : ContentType saved : Image
[20/06/23 21:00:57:031 UTC]  INFO util.AdminLogger: UserId : system : class com.dotcms.contenttype.business.ContentTypeAPIImpl : ContentType : ContentType saved : Image
[20/06/23 21:00:57:038 UTC]  INFO business.ContentTypeAPIImpl: Content type not found with given id: c77450b834901a20c8193ef9d561ee5b. Continuing...
[20/06/23 21:00:57:059 UTC]  INFO util.ActivityLogger: class com.dotmarketing.util.ActivityLogger: system : Save Field Action , User system/system user added field Site or Folder to Video Structure.
[20/06/23 21:00:57:082 UTC]  INFO util.ActivityLogger: class com.dotmarketing.util.ActivityLogger: system : Save Field Action , User system/system user added field Asset to Video Structure.
[20/06/23 21:00:57:113 UTC]  INFO util.ActivityLogger: class com.dotmarketing.util.ActivityLogger: system : Save Field Action , User system/system user added field Tags to Video Structure.
[20/06/23 21:00:57:121 UTC]  INFO util.ActivityLogger: class com.dotcms.contenttype.business.ContentTypeAPIImpl: system : Save ContentType Action , User system/system user system user added ContentType Video to host id:8a7d5e23-da1e-420a-b4f0-471e7da8ea2d
[20/06/23 21:00:57:123 UTC]  INFO business.ContentTypeAPIImpl: UserId : system : ContentType : ContentType saved : Video
[20/06/23 21:00:57:124 UTC]  INFO util.AdminLogger: UserId : system : class com.dotcms.contenttype.business.ContentTypeAPIImpl : ContentType : ContentType saved : Video
[20/06/23 21:00:57:153 UTC]  INFO business.ContentTypeAPIImpl: Content type not found with given id: 2a3e91e4-fbbf-4876-8c5b-2233c1739b05. Continuing...
[20/06/23 21:00:57:163 UTC]  INFO util.ActivityLogger: class com.dotmarketing.util.ActivityLogger: system : Save Field Action , User system/system user added field Row Field to Content (Generic) Structure.
[20/06/23 21:00:57:175 UTC]  INFO util.ActivityLogger: class com.dotmarketing.util.ActivityLogger: system : Save Field Action , User system/system user added field Column Field to Content (Generic) Structure.
[20/06/23 21:00:57:188 UTC]  INFO util.ActivityLogger: class com.dotmarketing.util.ActivityLogger: system : Save Field Action , User system/system user added field Title to Content (Generic) Structure.
[20/06/23 21:00:57:203 UTC]  INFO util.ActivityLogger: class com.dotmarketing.util.ActivityLogger: system : Save Field Action , User system/system user added field Site to Content (Generic) Structure.
[20/06/23 21:00:57:220 UTC]  INFO util.ActivityLogger: class com.dotmarketing.util.ActivityLogger: system : Save Field Action , User system/system user added field Body to Content (Generic) Structure.
[20/06/23 21:00:57:229 UTC]  INFO util.ActivityLogger: class com.dotcms.contenttype.business.ContentTypeAPIImpl: system : Save ContentType Action , User system/system user system user added ContentType Content (Generic) to host id:SYSTEM_HOST
[20/06/23 21:00:57:230 UTC]  INFO business.ContentTypeAPIImpl: UserId : system : ContentType : ContentType saved : Content (Generic)
[20/06/23 21:00:57:231 UTC]  INFO util.AdminLogger: UserId : system : class com.dotcms.contenttype.business.ContentTypeAPIImpl : ContentType : ContentType saved : Content (Generic)
[20/06/23 21:00:57:234 UTC]  INFO business.ContentTypeAPIImpl: Content type not found with given id: ce930143870e11569f93f8a9fff5da19. Continuing...
[20/06/23 21:00:57:245 UTC]  INFO util.ActivityLogger: class com.dotmarketing.util.ActivityLogger: system : Save Field Action , User system/system user added field Screenshot to Dot Favorite Page Structure.
[20/06/23 21:00:57:256 UTC]  INFO util.ActivityLogger: class com.dotmarketing.util.ActivityLogger: system : Save Field Action , User system/system user added field title to Dot Favorite Page Structure.
[20/06/23 21:00:57:268 UTC]  INFO util.ActivityLogger: class com.dotmarketing.util.ActivityLogger: system : Save Field Action , User system/system user added field url to Dot Favorite Page Structure.
[20/06/23 21:00:57:283 UTC]  INFO util.ActivityLogger: class com.dotmarketing.util.ActivityLogger: system : Save Field Action , User system/system user added field order to Dot Favorite Page Structure.
[20/06/23 21:00:57:291 UTC]  INFO util.ActivityLogger: class com.dotcms.contenttype.business.ContentTypeAPIImpl: system : Save ContentType Action , User system/system user system user added ContentType Dot Favorite Page to host id:SYSTEM_HOST
[20/06/23 21:00:57:293 UTC]  INFO business.ContentTypeAPIImpl: UserId : system : ContentType : ContentType saved : Dot Favorite Page
[20/06/23 21:00:57:294 UTC]  INFO util.AdminLogger: UserId : system : class com.dotcms.contenttype.business.ContentTypeAPIImpl : ContentType : ContentType saved : Dot Favorite Page
[20/06/23 21:00:57:296 UTC]  INFO starter.ImportStarterUtil: **** Importing the file: /data/local/dotsecure/backup/temp/com.dotmarketing.portlets.contentlet.model.Contentlet_0000000000.json *****
[20/06/23 21:00:57:297 UTC]  INFO starter.ImportStarterUtil: Importing:	com.dotmarketing.portlets.contentlet.model.Contentlet
[20/06/23 21:00:57:514 UTC]  INFO starter.ImportStarterUtil: Found :	5 com.dotmarketing.portlets.contentlet.model.Contentlet(s)
[20/06/23 21:00:57:671 UTC]  INFO timedcache.TimedCacheProvider: ***	 Building Cache : esquerycache, size:10000, seconds:3600,Concurrency:32 (every 60000 millis)
[20/06/23 21:00:58:240 UTC]  INFO util.SecurityLogger: class com.dotmarketing.portlets.workflows.business.WorkflowAPIImpl : Workflow Scheme 'System Workflow' [d61a59e1-a49c-46f2-a929-db2b4bfa88b2] has been saved by User ID 'system' -- ip:ukn,user:null
[20/06/23 21:00:58:249 UTC]  INFO util.SecurityLogger: class com.dotmarketing.portlets.workflows.business.WorkflowAPIImpl : Workflow Step 'New' [6cb7e3bd-1710-4eed-8838-d3db60f78f19] has been saved by User ID 'system' -- ip:ukn,user:null
[20/06/23 21:00:58:254 UTC]  INFO util.SecurityLogger: class com.dotmarketing.portlets.workflows.business.WorkflowAPIImpl : Workflow Step 'Draft' [ee24a4cb-2d15-4c98-b1bd-6327126451f3] has been saved by User ID 'system' -- ip:ukn,user:null
[20/06/23 21:00:58:260 UTC]  INFO util.SecurityLogger: class com.dotmarketing.portlets.workflows.business.WorkflowAPIImpl : Workflow Step 'Published' [dc3c9cd0-8467-404b-bf95-cb7df3fbc293] has been saved by User ID 'system' -- ip:ukn,user:null
[20/06/23 21:00:58:265 UTC]  INFO util.SecurityLogger: class com.dotmarketing.portlets.workflows.business.WorkflowAPIImpl : Workflow Step 'Archived' [d6b095b6-b65f-4bdb-bbfd-701d663dfee2] has been saved by User ID 'system' -- ip:ukn,user:null
[20/06/23 21:00:58:272 UTC]  INFO util.SecurityLogger: class com.dotmarketing.portlets.workflows.business.WorkflowAPIImpl : Action id: '4da13a42-5d59-480c-ad8f-94a3adf809fe' has been reordered by user: system -- ip:ukn,user:null
[20/06/23 21:00:58:283 UTC]  INFO util.SecurityLogger: class com.dotmarketing.portlets.workflows.business.WorkflowAPIImpl : Action id: '963f6a04-5320-42e7-ab74-6d876d199946' has been reordered by user: system -- ip:ukn,user:null
[20/06/23 21:00:58:293 UTC]  INFO util.SecurityLogger: class com.dotmarketing.portlets.workflows.business.WorkflowAPIImpl : Action id: '777f1c6b-c877-4a37-ba4b-10627316c2cc' has been reordered by user: system -- ip:ukn,user:null
[20/06/23 21:00:58:297 UTC]  INFO util.SecurityLogger: class com.dotmarketing.portlets.workflows.business.WorkflowAPIImpl : Action id: '1e0f1c6b-b67f-4c99-983d-db2b4bfa88b2' has been reordered by user: system -- ip:ukn,user:null
[20/06/23 21:00:58:304 UTC]  INFO util.SecurityLogger: class com.dotmarketing.portlets.workflows.business.WorkflowAPIImpl : Action id: 'dd4c4b7c-e9d3-4dc0-8fbf-36102f9c6324' has been reordered by user: system -- ip:ukn,user:null
[20/06/23 21:00:58:309 UTC]  INFO util.SecurityLogger: class com.dotmarketing.portlets.workflows.business.WorkflowAPIImpl : Action id: 'b9d89c80-3d88-4311-8365-187323c96436' has been reordered by user: system -- ip:ukn,user:null
[20/06/23 21:00:58:314 UTC]  INFO util.SecurityLogger: class com.dotmarketing.portlets.workflows.business.WorkflowAPIImpl : Action id: 'ceca71a0-deee-4999-bd47-b01baa1bcfc8' has been reordered by user: system -- ip:ukn,user:null
[20/06/23 21:00:58:318 UTC]  INFO util.SecurityLogger: class com.dotmarketing.portlets.workflows.business.WorkflowAPIImpl : Action id: 'c92f9aa1-9503-4567-ac30-d3242b54d02d' has been reordered by user: system -- ip:ukn,user:null
[20/06/23 21:00:58:322 UTC]  INFO util.SecurityLogger: class com.dotmarketing.portlets.workflows.business.WorkflowAPIImpl : Action id: '38efc763-d78f-4e4b-b092-59cd8c579b93' has been reordered by user: system -- ip:ukn,user:null
[20/06/23 21:00:58:351 UTC]  INFO util.SecurityLogger: class com.dotmarketing.portlets.workflows.business.WorkflowAPIImpl : The action id: 'ceca71a0-deee-4999-bd47-b01baa1bcfc8' has been saved by the user: system -- ip:ukn,user:null
[20/06/23 21:00:58:359 UTC]  INFO util.SecurityLogger: class com.dotmarketing.portlets.workflows.business.WorkflowAPIImpl : The action id: 'b9d89c80-3d88-4311-8365-187323c96436' has been saved by the user: system -- ip:ukn,user:null
[20/06/23 21:00:58:365 UTC]  INFO util.SecurityLogger: class com.dotmarketing.portlets.workflows.business.WorkflowAPIImpl : The action id: '777f1c6b-c877-4a37-ba4b-10627316c2cc' has been saved by the user: system -- ip:ukn,user:null
[20/06/23 21:00:58:372 UTC]  INFO util.SecurityLogger: class com.dotmarketing.portlets.workflows.business.WorkflowAPIImpl : The action id: 'ceca71a0-deee-4999-bd47-b01baa1bcfc8' has been saved by the user: system -- ip:ukn,user:null
[20/06/23 21:00:58:379 UTC]  INFO util.SecurityLogger: class com.dotmarketing.portlets.workflows.business.WorkflowAPIImpl : The action id: 'dd4c4b7c-e9d3-4dc0-8fbf-36102f9c6324' has been saved by the user: system -- ip:ukn,user:null
[20/06/23 21:00:58:386 UTC]  INFO util.SecurityLogger: class com.dotmarketing.portlets.workflows.business.WorkflowAPIImpl : The action id: '38efc763-d78f-4e4b-b092-59cd8c579b93' has been saved by the user: system -- ip:ukn,user:null
[20/06/23 21:00:58:394 UTC]  INFO util.SecurityLogger: class com.dotmarketing.portlets.workflows.business.WorkflowAPIImpl : The action id: '963f6a04-5320-42e7-ab74-6d876d199946' has been saved by the user: system -- ip:ukn,user:null
[20/06/23 21:00:58:405 UTC]  INFO util.SecurityLogger: class com.dotmarketing.portlets.workflows.business.WorkflowAPIImpl : The action id: 'b9d89c80-3d88-4311-8365-187323c96436' has been saved by the user: system -- ip:ukn,user:null
[20/06/23 21:00:58:418 UTC]  INFO util.SecurityLogger: class com.dotmarketing.portlets.workflows.business.WorkflowAPIImpl : The action id: '4da13a42-5d59-480c-ad8f-94a3adf809fe' has been saved by the user: system -- ip:ukn,user:null
[20/06/23 21:00:58:424 UTC]  INFO util.SecurityLogger: class com.dotmarketing.portlets.workflows.business.WorkflowAPIImpl : The action id: '963f6a04-5320-42e7-ab74-6d876d199946' has been saved by the user: system -- ip:ukn,user:null
[20/06/23 21:00:58:429 UTC]  INFO util.SecurityLogger: class com.dotmarketing.portlets.workflows.business.WorkflowAPIImpl : The action id: '38efc763-d78f-4e4b-b092-59cd8c579b93' has been saved by the user: system -- ip:ukn,user:null
[20/06/23 21:00:58:434 UTC]  INFO util.SecurityLogger: class com.dotmarketing.portlets.workflows.business.WorkflowAPIImpl : The action id: 'ceca71a0-deee-4999-bd47-b01baa1bcfc8' has been saved by the user: system -- ip:ukn,user:null
[20/06/23 21:00:58:439 UTC]  INFO util.SecurityLogger: class com.dotmarketing.portlets.workflows.business.WorkflowAPIImpl : The action id: '4da13a42-5d59-480c-ad8f-94a3adf809fe' has been saved by the user: system -- ip:ukn,user:null
[20/06/23 21:00:58:443 UTC]  INFO util.SecurityLogger: class com.dotmarketing.portlets.workflows.business.WorkflowAPIImpl : The action id: 'b9d89c80-3d88-4311-8365-187323c96436' has been saved by the user: system -- ip:ukn,user:null
[20/06/23 21:00:58:448 UTC]  INFO util.SecurityLogger: class com.dotmarketing.portlets.workflows.business.WorkflowAPIImpl : The action id: 'dd4c4b7c-e9d3-4dc0-8fbf-36102f9c6324' has been saved by the user: system -- ip:ukn,user:null
[20/06/23 21:00:58:459 UTC]  INFO util.SecurityLogger: class com.dotmarketing.portlets.workflows.business.WorkflowAPIImpl : The action id: 'c92f9aa1-9503-4567-ac30-d3242b54d02d' has been saved by the user: system -- ip:ukn,user:null
[20/06/23 21:00:58:464 UTC]  INFO util.SecurityLogger: class com.dotmarketing.portlets.workflows.business.WorkflowAPIImpl : The action id: '777f1c6b-c877-4a37-ba4b-10627316c2cc' has been saved by the user: system -- ip:ukn,user:null
[20/06/23 21:00:58:469 UTC]  INFO util.SecurityLogger: class com.dotmarketing.portlets.workflows.business.WorkflowAPIImpl : The action id: '1e0f1c6b-b67f-4c99-983d-db2b4bfa88b2' has been saved by the user: system -- ip:ukn,user:null
[20/06/23 21:00:58:550 UTC]  INFO util.SecurityLogger: class com.dotmarketing.portlets.workflows.business.WorkflowAPIImpl : Saving class parameters by the user: system -- ip:ukn,user:null
[20/06/23 21:00:58:561 UTC]  INFO starter.ImportStarterUtil: **** Importing the file: /data/local/dotsecure/backup/temp/com.dotmarketing.beans.Permission_0000000000.json *****
[20/06/23 21:00:58:563 UTC]  INFO starter.ImportStarterUtil: Importing:	com.dotmarketing.beans.Permission
[20/06/23 21:00:58:568 UTC]  INFO starter.ImportStarterUtil: Found :	20 com.dotmarketing.beans.Permission(s)
[20/06/23 21:00:58:588 UTC]  INFO starter.ImportStarterUtil: **** Importing the file: /data/local/dotsecure/backup/temp/com.dotmarketing.portlets.contentlet.model.ContentletVersionInfo_0000000000.json *****
[20/06/23 21:00:58:589 UTC]  INFO starter.ImportStarterUtil: Importing:	com.dotmarketing.portlets.contentlet.model.ContentletVersionInfo
[20/06/23 21:00:58:592 UTC]  INFO starter.ImportStarterUtil: Found :	3 com.dotmarketing.portlets.contentlet.model.ContentletVersionInfo(s)
[20/06/23 21:00:58:659 UTC]  INFO starter.ImportStarterUtil: **** Importing the file: /data/local/dotsecure/backup/temp/com.dotmarketing.portlets.workflows.model.WorkflowTask_0000000000.json *****
[20/06/23 21:00:58:661 UTC]  INFO starter.ImportStarterUtil: Importing:	com.dotmarketing.portlets.workflows.model.WorkflowTask
[20/06/23 21:00:58:664 UTC]  INFO starter.ImportStarterUtil: Found :	1 com.dotmarketing.portlets.workflows.model.WorkflowTask(s)
[20/06/23 21:00:58:671 UTC]  INFO starter.ImportStarterUtil: **** Importing the file: /data/local/dotsecure/backup/temp/Image.json *****
[20/06/23 21:00:58:672 UTC]  INFO starter.ImportStarterUtil: Importing:	Image
[20/06/23 21:01:05:418 UTC]  INFO starter.ImportStarterUtil: Found :	1 Image(s)
[20/06/23 21:01:05:421 UTC]  INFO starter.ImportStarterUtil: **** Importing the file: /data/local/dotsecure/backup/temp/Portlet.json *****
[20/06/23 21:01:05:421 UTC]  INFO starter.ImportStarterUtil: Importing:	Portlet
[20/06/23 21:01:05:423 UTC]  INFO starter.ImportStarterUtil: Found :	3 Portlet(s)
[20/06/23 21:01:05:430 UTC]  INFO starter.ImportStarterUtil: Done Importing
[20/06/23 21:01:05:436 UTC]  INFO runonce.Task210321RemoveOldMetadataFiles:  executing metadata clean up under path /data/shared/assets
[20/06/23 21:01:05:443 UTC]  INFO db.DotCMSInitDb:  `1` old metadata entries removed and `0` old content files from the starter.
[20/06/23 21:01:05:445 UTC]  INFO timedcache.TimedCacheProvider: ===== Initializing [Timed Cache Provider].
[20/06/23 21:01:05:446 UTC]  INFO timedcache.TimedCacheProvider: ***	 Cache Config Memory : esquerycache: 10000
[20/06/23 21:01:05:446 UTC]  INFO timedcache.TimedCacheProvider: ***	 Cache Config Memory : esquerycountcache: 10000
[20/06/23 21:01:05:446 UTC]  INFO timedcache.TimedCacheProvider: ***	 Cache Config Memory : graphqlquerycache: 5000
[20/06/23 21:01:05:446 UTC]  INFO timedcache.TimedCacheProvider: ***	 Cache Config Memory : default: 1000
[20/06/23 21:01:05:446 UTC]  INFO timedcache.TimedCacheProvider: ***	 Cache Config Memory : adminconfigpool: 100
[20/06/23 21:01:05:446 UTC]  INFO timedcache.TimedCacheProvider: ***	 Cache Config Memory : companypool: 10
[20/06/23 21:01:05:446 UTC]  INFO timedcache.TimedCacheProvider: ***	 Cache Config Memory : contentletcache: 5000
[20/06/23 21:01:05:446 UTC]  INFO timedcache.TimedCacheProvider: ***	 Cache Config Memory : categoryparentscache: 30000
[20/06/23 21:01:05:446 UTC]  INFO timedcache.TimedCacheProvider: ***	 Cache Config Memory : taginodecache: 50000
[20/06/23 21:01:05:446 UTC]  INFO timedcache.TimedCacheProvider: ***	 Cache Config Memory : taginodesbyinodecache: 50000
[20/06/23 21:01:05:446 UTC]  INFO timedcache.TimedCacheProvider: ***	 Cache Config Memory : tagcache: 50000
[20/06/23 21:01:05:446 UTC]  INFO timedcache.TimedCacheProvider: ***	 Cache Config Memory : csscache: 2500
[20/06/23 21:01:05:446 UTC]  INFO timedcache.TimedCacheProvider: ***	 Cache Config Memory : assetmetadatacache: 10000
[20/06/23 21:01:05:446 UTC]  INFO timedcache.TimedCacheProvider: ***	 Cache Config Memory : identifiercache: 50000
[20/06/23 21:01:05:446 UTC]  INFO timedcache.TimedCacheProvider: ***	 Cache Config Memory : identifier404cache: 30000
[20/06/23 21:01:05:446 UTC]  INFO timedcache.TimedCacheProvider: ***	 Cache Config Memory : indiciescache: 8
[20/06/23 21:01:05:450 UTC]  INFO timedcache.TimedCacheProvider: ***	 Cache Config Memory : logmappercache: 10
[20/06/23 21:01:05:450 UTC]  INFO timedcache.TimedCacheProvider: ***	 Cache Config Memory : navcache: 1000
[20/06/23 21:01:05:450 UTC]  INFO timedcache.TimedCacheProvider: ***	 Cache Config Memory : parentpermissionablecache: 10000
[20/06/23 21:01:05:450 UTC]  INFO timedcache.TimedCacheProvider: ***	 Cache Config Memory : permissioncache: 50000
[20/06/23 21:01:05:450 UTC]  INFO timedcache.TimedCacheProvider: ***	 Cache Config Memory : portletpool: 100
[20/06/23 21:01:05:452 UTC]  INFO timedcache.TimedCacheProvider: ***	 Cache Config Memory : publishingendpointcache: 100
[20/06/23 21:01:05:452 UTC]  INFO timedcache.TimedCacheProvider: ***	 Cache Config Memory : pushedassetscache: 5000
[20/06/23 21:01:05:452 UTC]  INFO timedcache.TimedCacheProvider: ***	 Cache Config Memory : templatecache: 500
[20/06/23 21:01:05:452 UTC]  INFO timedcache.TimedCacheProvider: ***	 Cache Config Memory : translatedquerycache: 5000
[20/06/23 21:01:05:452 UTC]  INFO timedcache.TimedCacheProvider: ***	 Cache Config Memory : versioncache: 50000
[20/06/23 21:01:05:452 UTC]  INFO timedcache.TimedCacheProvider: ***	 Cache Config Memory : versioninfocache: 50000
[20/06/23 21:01:05:452 UTC]  INFO timedcache.TimedCacheProvider: ***	 Cache Config Memory : workflowactioncache: 10000
[20/06/23 21:01:05:452 UTC]  INFO timedcache.TimedCacheProvider: ***	 Cache Config Memory : workflowtaskcache: 10000
[20/06/23 21:01:05:452 UTC]  INFO timedcache.TimedCacheProvider: ***	 Cache Config Memory : shortyidcache: 25000
[20/06/23 21:01:05:452 UTC]  INFO timedcache.TimedCacheProvider: ***	 Cache Config Memory : velocitycache: 5000
[20/06/23 21:01:05:452 UTC]  INFO timedcache.TimedCacheProvider: ***	 Cache Config Memory : vanityurldirectcache: 25000
[20/06/23 21:01:05:452 UTC]  INFO timedcache.TimedCacheProvider: ***	 Cache Config Memory : vanityurlsitecache: 5000
[20/06/23 21:01:05:453 UTC]  INFO h22.H22Cache: Start Full Cache Flush in h22
[20/06/23 21:01:05:457 UTC]  INFO h22.H22Cache: Building new H22 Cache, db:0
[20/06/23 21:01:05:458 UTC]  INFO h22.H22HikariPool: H22 on disk cache:jdbc:h2:/data/local/dotsecure/h22cache/0/2023-06-20_21-01-05/cache;MVCC=TRUE;DB_CLOSE_ON_EXIT=FALSE
[20/06/23 21:01:05:531 UTC]  INFO h22.H22Cache: Building new H22 Cache, db:1
[20/06/23 21:01:05:532 UTC]  INFO h22.H22HikariPool: H22 on disk cache:jdbc:h2:/data/local/dotsecure/h22cache/1/2023-06-20_21-01-05/cache;MVCC=TRUE;DB_CLOSE_ON_EXIT=FALSE
[20/06/23 21:01:05:596 UTC]  INFO h22.H22Cache: End Full Cache Flush in h22 : 143ms
[20/06/23 21:01:05:666 UTC]  INFO reindex.ReindexThread: --- Recreating ReindexThread from stopped
[20/06/23 21:01:05:669 UTC]  INFO framework.OSGISystem: Starting: OSGi System Framework
[20/06/23 21:01:05:670 UTC]  INFO framework.OSGISystem: Felix System base dir: /srv/dotserver/tomcat-9.0.60/webapps/ROOT/WEB-INF/felix-system
[20/06/23 21:01:05:698 UTC]  INFO framework.OSGIUtil: Loading Factory org.apache.felix.framework.FrameworkFactory
[20/06/23 21:01:06:170 UTC]  INFO init.SamlInitializer: SAML Init STARTED...
[20/06/23 21:01:07:221 UTC]  INFO init.SamlInitializer: Doing instance of Java Crypto validator
[20/06/23 21:01:07:221 UTC]  INFO init.SamlInitializer: Getting the Security Providers
[20/06/23 21:01:07:221 UTC]  INFO init.SamlInitializer: - SUN (DSA key/parameter generation; DSA signing; SHA-1, MD5 digests; SecureRandom; X.509 certificates; PKCS12, JKS & DKS keystores; PKIX CertPathValidator; PKIX CertPathBuilder; LDAP, Collection CertStores, JavaPolicy Policy; JavaLoginConfig Configuration)
[20/06/23 21:01:07:221 UTC]  INFO init.SamlInitializer: - Sun RSA signature provider
[20/06/23 21:01:07:221 UTC]  INFO init.SamlInitializer: - Sun Elliptic Curve provider (EC, ECDSA, ECDH)
[20/06/23 21:01:07:221 UTC]  INFO init.SamlInitializer: - Sun JSSE provider(PKCS12, SunX509/PKIX key/trust factories, SSLv3/TLSv1/TLSv1.1/TLSv1.2/TLSv1.3/DTLSv1.0/DTLSv1.2)
[20/06/23 21:01:07:221 UTC]  INFO init.SamlInitializer: - SunJCE Provider (implements RSA, DES, Triple DES, AES, Blowfish, ARCFOUR, RC2, PBE, Diffie-Hellman, HMAC, ChaCha20)
[20/06/23 21:01:07:221 UTC]  INFO init.SamlInitializer: - Sun (Kerberos v5, SPNEGO)
[20/06/23 21:01:07:221 UTC]  INFO init.SamlInitializer: - Sun SASL provider(implements client mechanisms for: DIGEST-MD5, EXTERNAL, PLAIN, CRAM-MD5, NTLM; server mechanisms for: DIGEST-MD5, CRAM-MD5, NTLM)
[20/06/23 21:01:07:221 UTC]  INFO init.SamlInitializer: - JdkLDAP Provider (implements LDAP CertStore)
[20/06/23 21:01:07:221 UTC]  INFO init.SamlInitializer: Doing Init of SignatureValidationProvider
[20/06/23 21:01:07:237 UTC]  INFO init.SamlInitializer: SAML Init DONE
[20/06/23 21:01:07:237 UTC]  INFO init.SamlInitializer: Setting basic parser pool
[20/06/23 21:01:07:244 UTC]  INFO osgi.Activator: Adding the SAML Web Filter
[20/06/23 21:01:07:308 UTC]  INFO osgi.Activator: Adding the SAML Web Service: com.dotcms.auth.providers.saml.v1.DotSamlResource
[20/06/23 21:01:07:862 UTC]  INFO osgi.Activator: Subscribing to  AppSecretSavedEvent events
[20/06/23 21:01:08:796 UTC]  INFO framework.OSGISystem: Started : OSGi System Framework
[20/06/23 21:01:08:796 UTC]  INFO reindex.ReindexThread: --- ReindexThread Running (every 60000 millis)
[20/06/23 21:01:08:799 UTC]  INFO db.DotCMSInitDb: Building Initial Index
[20/06/23 21:01:08:799 UTC]  INFO reindex.ReindexThread: ---  ReindexThread is starting, background indexing will begin
[20/06/23 21:01:08:893 UTC]  INFO business.ESIndexAPI: createIndex : Trying to create index: cluster_9523d41c75.working_20230620210108 with shards: 0
[20/06/23 21:01:08:894 UTC]  INFO util.AdminLogger: class com.dotcms.content.elasticsearch.business.ESIndexAPI : createIndex : Trying to create index: cluster_9523d41c75.working_20230620210108 with shards: 0
[20/06/23 21:01:08:895 UTC]  WARN business.ESIndexAPI: Unable to parse shards from config
[20/06/23 21:01:08:898 UTC]  WARN business.ESIndexAPI: null
[20/06/23 21:01:08:898 UTC]  WARN business.ESIndexAPI: java.base/java.lang.Integer.parseInt(Integer.java:614)
[20/06/23 21:01:09:286 UTC]  INFO business.ESIndexAPI: createIndex : Index created: cluster_9523d41c75.working_20230620210108 with shards: 1
[20/06/23 21:01:09:289 UTC]  INFO util.AdminLogger: class com.dotcms.content.elasticsearch.business.ESIndexAPI : createIndex : Index created: cluster_9523d41c75.working_20230620210108 with shards: 1
[20/06/23 21:01:09:432 UTC]  INFO business.ESIndexAPI: createIndex : Trying to create index: cluster_9523d41c75.live_20230620210108 with shards: 0
[20/06/23 21:01:09:432 UTC]  INFO util.AdminLogger: class com.dotcms.content.elasticsearch.business.ESIndexAPI : createIndex : Trying to create index: cluster_9523d41c75.live_20230620210108 with shards: 0
[20/06/23 21:01:09:432 UTC]  WARN business.ESIndexAPI: Unable to parse shards from config
[20/06/23 21:01:09:432 UTC]  WARN business.ESIndexAPI: null
[20/06/23 21:01:09:432 UTC]  WARN business.ESIndexAPI: java.base/java.lang.Integer.parseInt(Integer.java:614)
[20/06/23 21:01:09:581 UTC]  INFO business.ESIndexAPI: createIndex : Index created: cluster_9523d41c75.live_20230620210108 with shards: 1
[20/06/23 21:01:09:581 UTC]  INFO util.AdminLogger: class com.dotcms.content.elasticsearch.business.ESIndexAPI : createIndex : Index created: cluster_9523d41c75.live_20230620210108 with shards: 1
[20/06/23 21:01:14:278 UTC]  INFO reindex.ReindexThread: --- Unpausing reindex thread 
[20/06/23 21:01:15:236 UTC]  INFO reindex.BulkProcessorListener: -----------
[20/06/23 21:01:15:236 UTC]  INFO reindex.BulkProcessorListener: Reindexing Server #  : 1 of 1
[20/06/23 21:01:15:237 UTC]  INFO reindex.BulkProcessorListener: Total Indexed        : 0
[20/06/23 21:01:15:237 UTC]  INFO reindex.BulkProcessorListener: ReindexEntries found : 3
[20/06/23 21:01:15:238 UTC]  INFO reindex.BulkProcessorListener: BulkRequests created : 6
[20/06/23 21:01:15:238 UTC]  INFO reindex.BulkProcessorListener: -----------
